2025-11-29T18:04:24.8007757Z Current runner version: '2.329.0'
2025-11-29T18:04:24.8041654Z ##[group]Runner Image Provisioner
2025-11-29T18:04:24.8042992Z Hosted Compute Agent
2025-11-29T18:04:24.8043935Z Version: 20251016.436
2025-11-29T18:04:24.8044942Z Commit: 8ab8ac8bfd662a3739dab9fe09456aba92132568
2025-11-29T18:04:24.8046421Z Build Date: 2025-10-15T20:44:12Z
2025-11-29T18:04:24.8047447Z ##[endgroup]
2025-11-29T18:04:24.8048270Z ##[group]Operating System
2025-11-29T18:04:24.8049279Z Ubuntu
2025-11-29T18:04:24.8050074Z 24.04.3
2025-11-29T18:04:24.8050966Z LTS
2025-11-29T18:04:24.8051737Z ##[endgroup]
2025-11-29T18:04:24.8052597Z ##[group]Runner Image
2025-11-29T18:04:24.8053625Z Image: ubuntu-24.04
2025-11-29T18:04:24.8054473Z Version: 20251112.124.1
2025-11-29T18:04:24.8056497Z Included Software: https://github.com/actions/runner-images/blob/ubuntu24/20251112.124/images/ubuntu/Ubuntu2404-Readme.md
2025-11-29T18:04:24.8059504Z Image Release: https://github.com/actions/runner-images/releases/tag/ubuntu24%2F20251112.124
2025-11-29T18:04:24.8061343Z ##[endgroup]
2025-11-29T18:04:24.8063179Z ##[group]GITHUB_TOKEN Permissions
2025-11-29T18:04:24.8066176Z Contents: read
2025-11-29T18:04:24.8067047Z Metadata: read
2025-11-29T18:04:24.8067875Z Packages: read
2025-11-29T18:04:24.8069448Z ##[endgroup]
2025-11-29T18:04:24.8072999Z Secret source: Actions
2025-11-29T18:04:24.8074616Z Prepare workflow directory
2025-11-29T18:04:24.8825897Z Prepare all required actions
2025-11-29T18:04:24.8902769Z Getting action download info
2025-11-29T18:04:25.2980229Z Download action repository 'actions/checkout@v3' (SHA:f43a0e5ff2bd294095638e18286ca9a3d1956744)
2025-11-29T18:04:25.7739296Z Download action repository 'actions/setup-node@v4' (SHA:49933ea5288caeca8642d1e84afbd3f7d6820020)
2025-11-29T18:04:25.9235606Z Download action repository 'Azure/static-web-apps-deploy@v1' (SHA:4d27395796ac319302594769cfe812bd207490b1)
2025-11-29T18:04:26.2524333Z Complete job name: Build and Deploy Job
2025-11-29T18:04:26.3004627Z ##[group]Build container for action use: '/home/runner/work/_actions/Azure/static-web-apps-deploy/v1/Dockerfile'.
2025-11-29T18:04:26.3062837Z ##[command]/usr/bin/docker build -t 2be8d0:aa9fac61102b42feb83f7c5da4dd4452 -f "/home/runner/work/_actions/Azure/static-web-apps-deploy/v1/Dockerfile" "/home/runner/work/_actions/Azure/static-web-apps-deploy/v1"
2025-11-29T18:04:29.9186398Z #0 building with "default" instance using docker driver
2025-11-29T18:04:29.9187483Z 
2025-11-29T18:04:29.9191932Z #1 [internal] load build definition from Dockerfile
2025-11-29T18:04:29.9192595Z #1 transferring dockerfile: 160B done
2025-11-29T18:04:29.9193138Z #1 DONE 0.0s
2025-11-29T18:04:29.9193409Z 
2025-11-29T18:04:29.9193853Z #2 [internal] load metadata for mcr.microsoft.com/appsvc/staticappsclient:stable
2025-11-29T18:04:29.9194605Z #2 DONE 0.1s
2025-11-29T18:04:30.0511664Z 
2025-11-29T18:04:30.0516971Z #3 [internal] load .dockerignore
2025-11-29T18:04:30.0517805Z #3 transferring context: 2B done
2025-11-29T18:04:30.0523144Z #3 DONE 0.0s
2025-11-29T18:04:30.0523419Z 
2025-11-29T18:04:30.0523647Z #4 [internal] load build context
2025-11-29T18:04:30.0529572Z #4 transferring context: 107B done
2025-11-29T18:04:30.0533554Z #4 DONE 0.0s
2025-11-29T18:04:30.0533876Z 
2025-11-29T18:04:30.0534546Z #5 [1/2] FROM mcr.microsoft.com/appsvc/staticappsclient:stable@sha256:3178a283e885dc45a0c7b4c6e9f728f0331ae7fb93de75db4181fa38651170f2
2025-11-29T18:04:30.0536307Z #5 resolve mcr.microsoft.com/appsvc/staticappsclient:stable@sha256:3178a283e885dc45a0c7b4c6e9f728f0331ae7fb93de75db4181fa38651170f2 done
2025-11-29T18:04:30.0539247Z #5 sha256:2377065f3b700cf1b5e391d26c572c8b91892dd44acd75deebdab5e403b23175 6.29MB / 15.56MB 0.1s
2025-11-29T18:04:30.0540430Z #5 sha256:1df8e0748f30e89b0c0477edfc706fc39242e1d6008433c0494113de267e7ca8 15.34kB / 15.34kB done
2025-11-29T18:04:30.0541564Z #5 sha256:5ee26b7a209f9a26720207792b237af3e19c0efeed8695e1e630fcd0feef9230 5.98MB / 54.75MB 0.1s
2025-11-29T18:04:30.0542756Z #5 sha256:5d6e107a26c2ffb6e234f04132358dea70a691a64c1152f984d2f2ba0e218c58 16.46MB / 53.74MB 0.1s
2025-11-29T18:04:30.0544458Z #5 sha256:3178a283e885dc45a0c7b4c6e9f728f0331ae7fb93de75db4181fa38651170f2 2.88kB / 2.88kB done
2025-11-29T18:04:30.1527329Z #5 sha256:2377065f3b700cf1b5e391d26c572c8b91892dd44acd75deebdab5e403b23175 15.56MB / 15.56MB 0.2s done
2025-11-29T18:04:30.1539029Z #5 sha256:5ee26b7a209f9a26720207792b237af3e19c0efeed8695e1e630fcd0feef9230 26.21MB / 54.75MB 0.2s
2025-11-29T18:04:30.1540369Z #5 sha256:5d6e107a26c2ffb6e234f04132358dea70a691a64c1152f984d2f2ba0e218c58 39.85MB / 53.74MB 0.2s
2025-11-29T18:04:30.1541524Z #5 sha256:41c7cd6fb37363fd1ec16dad3463ecc5820eda12c418a82b4849604252d29b88 0B / 197.07MB 0.2s
2025-11-29T18:04:30.3181390Z #5 sha256:5ee26b7a209f9a26720207792b237af3e19c0efeed8695e1e630fcd0feef9230 45.09MB / 54.75MB 0.3s
2025-11-29T18:04:30.3182896Z #5 sha256:5d6e107a26c2ffb6e234f04132358dea70a691a64c1152f984d2f2ba0e218c58 53.74MB / 53.74MB 0.3s
2025-11-29T18:04:30.3197497Z #5 sha256:41c7cd6fb37363fd1ec16dad3463ecc5820eda12c418a82b4849604252d29b88 11.53MB / 197.07MB 0.3s
2025-11-29T18:04:30.3198615Z #5 extracting sha256:5d6e107a26c2ffb6e234f04132358dea70a691a64c1152f984d2f2ba0e218c58
2025-11-29T18:04:30.4486917Z #5 sha256:5ee26b7a209f9a26720207792b237af3e19c0efeed8695e1e630fcd0feef9230 54.75MB / 54.75MB 0.5s
2025-11-29T18:04:30.4489854Z #5 sha256:5d6e107a26c2ffb6e234f04132358dea70a691a64c1152f984d2f2ba0e218c58 53.74MB / 53.74MB 0.3s done
2025-11-29T18:04:30.4491716Z #5 sha256:41c7cd6fb37363fd1ec16dad3463ecc5820eda12c418a82b4849604252d29b88 59.77MB / 197.07MB 0.5s
2025-11-29T18:04:30.4492832Z #5 sha256:4f4fb700ef54461cfa02571ae0db9a0dc1e0cdb5577484a6d75e68dc38e8acc1 32B / 32B 0.4s done
2025-11-29T18:04:30.5521117Z #5 sha256:5ee26b7a209f9a26720207792b237af3e19c0efeed8695e1e630fcd0feef9230 54.75MB / 54.75MB 0.6s done
2025-11-29T18:04:30.5527265Z #5 sha256:41c7cd6fb37363fd1ec16dad3463ecc5820eda12c418a82b4849604252d29b88 79.69MB / 197.07MB 0.6s
2025-11-29T18:04:30.5529269Z #5 sha256:aede74d79976f9d1be608a1286cdb2ca61aad25185440263691db6a0880adadd 2.10MB / 24.46MB 0.6s
2025-11-29T18:04:30.5530891Z #5 sha256:c279a6399750ee20e802fb2c47da034ccee5eb4f3b89087f32618f10e8af074a 1.56MB / 1.56MB 0.6s
2025-11-29T18:04:30.7498137Z #5 sha256:41c7cd6fb37363fd1ec16dad3463ecc5820eda12c418a82b4849604252d29b88 118.49MB / 197.07MB 0.8s
2025-11-29T18:04:30.7499978Z #5 sha256:aede74d79976f9d1be608a1286cdb2ca61aad25185440263691db6a0880adadd 24.46MB / 24.46MB 0.7s done
2025-11-29T18:04:30.7504566Z #5 sha256:c279a6399750ee20e802fb2c47da034ccee5eb4f3b89087f32618f10e8af074a 1.56MB / 1.56MB 0.6s done
2025-11-29T18:04:30.7509942Z #5 sha256:ec0af1da0a0576de654092a28624c0565c6d854216944f18159460338af43293 23.07MB / 72.99MB 0.8s
2025-11-29T18:04:30.7511106Z #5 sha256:351447e6e3829fac25a761f87d07dc5bfc289f38908901d05fa53aaab54dbdcd 115.52kB / 115.52kB 0.8s done
2025-11-29T18:04:30.8810707Z #5 sha256:41c7cd6fb37363fd1ec16dad3463ecc5820eda12c418a82b4849604252d29b88 137.28MB / 197.07MB 0.9s
2025-11-29T18:04:30.8811992Z #5 sha256:ec0af1da0a0576de654092a28624c0565c6d854216944f18159460338af43293 38.80MB / 72.99MB 0.9s
2025-11-29T18:04:30.8827413Z #5 sha256:cddc70a1cccef26d55fcf9242759c41404c305acea0b4c3a30961c99846a0a55 637.94kB / 637.94kB 0.9s done
2025-11-29T18:04:30.8830438Z #5 sha256:eec8099d3f58ba87e25216a07db18b5a0de40b6921ee61ea8ab9b4c29b53a12f 1.16MB / 1.16MB 0.9s done
2025-11-29T18:04:31.0102468Z #5 sha256:41c7cd6fb37363fd1ec16dad3463ecc5820eda12c418a82b4849604252d29b88 156.24MB / 197.07MB 1.0s
2025-11-29T18:04:31.0106115Z #5 sha256:ec0af1da0a0576de654092a28624c0565c6d854216944f18159460338af43293 55.57MB / 72.99MB 1.0s
2025-11-29T18:04:31.0111166Z #5 sha256:36312d7930e0666f8cfc7940823ac101235e873b7cbb8b20d9481fd404095767 6.64MB / 35.20MB 1.0s
2025-11-29T18:04:31.1321415Z #5 sha256:41c7cd6fb37363fd1ec16dad3463ecc5820eda12c418a82b4849604252d29b88 172.53MB / 197.07MB 1.1s
2025-11-29T18:04:31.1346194Z #5 sha256:ec0af1da0a0576de654092a28624c0565c6d854216944f18159460338af43293 69.33MB / 72.99MB 1.1s
2025-11-29T18:04:31.1347926Z #5 sha256:36312d7930e0666f8cfc7940823ac101235e873b7cbb8b20d9481fd404095767 22.02MB / 35.20MB 1.1s
2025-11-29T18:04:31.2490328Z #5 sha256:41c7cd6fb37363fd1ec16dad3463ecc5820eda12c418a82b4849604252d29b88 197.07MB / 197.07MB 1.3s
2025-11-29T18:04:31.2494018Z #5 sha256:ec0af1da0a0576de654092a28624c0565c6d854216944f18159460338af43293 72.99MB / 72.99MB 1.3s
2025-11-29T18:04:31.2497717Z #5 sha256:36312d7930e0666f8cfc7940823ac101235e873b7cbb8b20d9481fd404095767 35.20MB / 35.20MB 1.3s
2025-11-29T18:04:32.4118063Z #5 sha256:41c7cd6fb37363fd1ec16dad3463ecc5820eda12c418a82b4849604252d29b88 197.07MB / 197.07MB 2.3s done
2025-11-29T18:04:32.4136245Z #5 sha256:ec0af1da0a0576de654092a28624c0565c6d854216944f18159460338af43293 72.99MB / 72.99MB 2.3s done
2025-11-29T18:04:32.4137552Z #5 sha256:36312d7930e0666f8cfc7940823ac101235e873b7cbb8b20d9481fd404095767 35.20MB / 35.20MB 2.3s done
2025-11-29T18:04:32.4138663Z #5 sha256:8023cb51985fccd3faa4be6340cdc75b72240277850569aa974767dda5176159 168B / 168B 2.4s done
2025-11-29T18:04:32.4139847Z #5 sha256:4836a863d60df9ca0cedad0eb5e729c4a7f755449fbfbd6d4ea6443e64c990e0 2.10MB / 118.65MB 2.4s
2025-11-29T18:04:32.4140949Z #5 sha256:4a1fde1690fe113870084a3224c66554fc9cbd2310abb9593b0244ec21f4b76d 168B / 168B 2.4s done
2025-11-29T18:04:32.5115653Z #5 sha256:4836a863d60df9ca0cedad0eb5e729c4a7f755449fbfbd6d4ea6443e64c990e0 27.41MB / 118.65MB 2.5s
2025-11-29T18:04:32.6247346Z #5 sha256:4836a863d60df9ca0cedad0eb5e729c4a7f755449fbfbd6d4ea6443e64c990e0 55.38MB / 118.65MB 2.6s
2025-11-29T18:04:32.7398193Z #5 sha256:4836a863d60df9ca0cedad0eb5e729c4a7f755449fbfbd6d4ea6443e64c990e0 82.89MB / 118.65MB 2.7s
2025-11-29T18:04:32.8491954Z #5 sha256:4836a863d60df9ca0cedad0eb5e729c4a7f755449fbfbd6d4ea6443e64c990e0 118.65MB / 118.65MB 2.9s
2025-11-29T18:04:33.0483255Z #5 sha256:4836a863d60df9ca0cedad0eb5e729c4a7f755449fbfbd6d4ea6443e64c990e0 118.65MB / 118.65MB 3.1s done
2025-11-29T18:04:34.4254502Z #5 extracting sha256:5d6e107a26c2ffb6e234f04132358dea70a691a64c1152f984d2f2ba0e218c58 4.1s done
2025-11-29T18:04:34.5661510Z #5 extracting sha256:2377065f3b700cf1b5e391d26c572c8b91892dd44acd75deebdab5e403b23175 0.1s
2025-11-29T18:04:35.0446729Z #5 extracting sha256:2377065f3b700cf1b5e391d26c572c8b91892dd44acd75deebdab5e403b23175 0.4s done
2025-11-29T18:04:35.6533054Z #5 extracting sha256:5ee26b7a209f9a26720207792b237af3e19c0efeed8695e1e630fcd0feef9230
2025-11-29T18:04:37.9043781Z #5 extracting sha256:5ee26b7a209f9a26720207792b237af3e19c0efeed8695e1e630fcd0feef9230 2.1s done
2025-11-29T18:04:38.4454927Z #5 extracting sha256:41c7cd6fb37363fd1ec16dad3463ecc5820eda12c418a82b4849604252d29b88
2025-11-29T18:04:43.5713461Z #5 extracting sha256:41c7cd6fb37363fd1ec16dad3463ecc5820eda12c418a82b4849604252d29b88 5.1s
2025-11-29T18:04:43.7438684Z #5 extracting sha256:41c7cd6fb37363fd1ec16dad3463ecc5820eda12c418a82b4849604252d29b88 5.3s done
2025-11-29T18:04:46.2365135Z #5 extracting sha256:4f4fb700ef54461cfa02571ae0db9a0dc1e0cdb5577484a6d75e68dc38e8acc1
2025-11-29T18:04:46.4224013Z #5 extracting sha256:4f4fb700ef54461cfa02571ae0db9a0dc1e0cdb5577484a6d75e68dc38e8acc1 done
2025-11-29T18:04:46.4228582Z #5 extracting sha256:aede74d79976f9d1be608a1286cdb2ca61aad25185440263691db6a0880adadd 0.1s
2025-11-29T18:04:47.1870893Z #5 extracting sha256:aede74d79976f9d1be608a1286cdb2ca61aad25185440263691db6a0880adadd 0.8s done
2025-11-29T18:04:47.1872007Z #5 extracting sha256:c279a6399750ee20e802fb2c47da034ccee5eb4f3b89087f32618f10e8af074a
2025-11-29T18:04:47.4487051Z #5 extracting sha256:c279a6399750ee20e802fb2c47da034ccee5eb4f3b89087f32618f10e8af074a 0.1s done
2025-11-29T18:04:47.4488208Z #5 extracting sha256:ec0af1da0a0576de654092a28624c0565c6d854216944f18159460338af43293 0.1s
2025-11-29T18:04:48.6122724Z #5 extracting sha256:ec0af1da0a0576de654092a28624c0565c6d854216944f18159460338af43293 1.1s done
2025-11-29T18:04:49.1252522Z #5 extracting sha256:351447e6e3829fac25a761f87d07dc5bfc289f38908901d05fa53aaab54dbdcd
2025-11-29T18:04:49.2552667Z #5 extracting sha256:351447e6e3829fac25a761f87d07dc5bfc289f38908901d05fa53aaab54dbdcd done
2025-11-29T18:04:49.2553920Z #5 extracting sha256:eec8099d3f58ba87e25216a07db18b5a0de40b6921ee61ea8ab9b4c29b53a12f 0.1s done
2025-11-29T18:04:49.2559712Z #5 extracting sha256:cddc70a1cccef26d55fcf9242759c41404c305acea0b4c3a30961c99846a0a55 0.0s done
2025-11-29T18:04:49.3772824Z #5 extracting sha256:36312d7930e0666f8cfc7940823ac101235e873b7cbb8b20d9481fd404095767 0.1s
2025-11-29T18:04:49.8810505Z #5 extracting sha256:36312d7930e0666f8cfc7940823ac101235e873b7cbb8b20d9481fd404095767 0.5s done
2025-11-29T18:04:49.8811648Z #5 extracting sha256:4a1fde1690fe113870084a3224c66554fc9cbd2310abb9593b0244ec21f4b76d
2025-11-29T18:04:50.0748622Z #5 extracting sha256:4a1fde1690fe113870084a3224c66554fc9cbd2310abb9593b0244ec21f4b76d done
2025-11-29T18:04:50.0750014Z #5 extracting sha256:8023cb51985fccd3faa4be6340cdc75b72240277850569aa974767dda5176159 done
2025-11-29T18:04:50.0751012Z #5 extracting sha256:4836a863d60df9ca0cedad0eb5e729c4a7f755449fbfbd6d4ea6443e64c990e0 0.1s
2025-11-29T18:04:53.8152150Z #5 extracting sha256:4836a863d60df9ca0cedad0eb5e729c4a7f755449fbfbd6d4ea6443e64c990e0 3.7s done
2025-11-29T18:04:55.1343535Z #5 DONE 25.2s
2025-11-29T18:04:55.3071591Z 
2025-11-29T18:04:55.3072239Z #6 [2/2] COPY entrypoint.sh /entrypoint.sh
2025-11-29T18:04:55.3072754Z #6 DONE 0.0s
2025-11-29T18:04:55.3072979Z 
2025-11-29T18:04:55.3073115Z #7 exporting to image
2025-11-29T18:04:55.3073445Z #7 exporting layers
2025-11-29T18:04:56.4858958Z #7 exporting layers 1.3s done
2025-11-29T18:04:56.4863585Z #7 writing image sha256:bb68e6a2db2d292a66d5560ec4bc62e17d1c9e24d42152344a5771d85e46b216
2025-11-29T18:04:56.5098669Z #7 writing image sha256:bb68e6a2db2d292a66d5560ec4bc62e17d1c9e24d42152344a5771d85e46b216 done
2025-11-29T18:04:56.5104779Z #7 naming to docker.io/library/2be8d0:aa9fac61102b42feb83f7c5da4dd4452 done
2025-11-29T18:04:56.5106112Z #7 DONE 1.3s
2025-11-29T18:04:56.5175209Z ##[endgroup]
2025-11-29T18:04:56.5424684Z ##[group]Run actions/checkout@v3
2025-11-29T18:04:56.5425235Z with:
2025-11-29T18:04:56.5425588Z   submodules: false
2025-11-29T18:04:56.5425796Z   lfs: false
2025-11-29T18:04:56.5426135Z   sparse-checkout: *
!Vitrine-De-Craques-App/
!Vitrine-De-Craques-App-iOS/
!docs/

2025-11-29T18:04:56.5426580Z   sparse-checkout-cone-mode: false
2025-11-29T18:04:56.5426883Z   repository: aspepper/vitrine-de-craques-web-site
2025-11-29T18:04:56.5427370Z   token: ***
2025-11-29T18:04:56.5427563Z   ssh-strict: true
2025-11-29T18:04:56.5427773Z   persist-credentials: true
2025-11-29T18:04:56.5427997Z   clean: true
2025-11-29T18:04:56.5428178Z   fetch-depth: 1
2025-11-29T18:04:56.5428368Z   fetch-tags: false
2025-11-29T18:04:56.5428559Z   set-safe-directory: true
2025-11-29T18:04:56.5428988Z env:
2025-11-29T18:04:56.5429708Z   DATABASE_URL: ***
2025-11-29T18:04:56.5430296Z   NEXTAUTH_URL: ***
2025-11-29T18:04:56.5430727Z   NEXTAUTH_SECRET: ***
2025-11-29T18:04:56.5431002Z   AUTH_TRUST_HOST: true
2025-11-29T18:04:56.5431235Z ##[endgroup]
2025-11-29T18:04:56.6412355Z Syncing repository: aspepper/vitrine-de-craques-web-site
2025-11-29T18:04:56.6414476Z ##[group]Getting Git version info
2025-11-29T18:04:56.6415332Z Working directory is '/home/runner/work/vitrine-de-craques-web-site/vitrine-de-craques-web-site'
2025-11-29T18:04:56.6416968Z [command]/usr/bin/git version
2025-11-29T18:04:56.6423644Z git version 2.51.2
2025-11-29T18:04:56.6456986Z ##[endgroup]
2025-11-29T18:04:56.6472871Z Temporarily overriding HOME='/home/runner/work/_temp/92fb526e-bdf2-42f7-b791-313519b2a5f4' before making global git config changes
2025-11-29T18:04:56.6475209Z Adding repository directory to the temporary git global config as a safe directory
2025-11-29T18:04:56.6479876Z [command]/usr/bin/git config --global --add safe.directory /home/runner/work/vitrine-de-craques-web-site/vitrine-de-craques-web-site
2025-11-29T18:04:56.6581598Z Deleting the contents of '/home/runner/work/vitrine-de-craques-web-site/vitrine-de-craques-web-site'
2025-11-29T18:04:56.6587048Z ##[group]Initializing the repository
2025-11-29T18:04:56.6591733Z [command]/usr/bin/git init /home/runner/work/vitrine-de-craques-web-site/vitrine-de-craques-web-site
2025-11-29T18:04:56.7147328Z hint: Using 'master' as the name for the initial branch. This default branch name
2025-11-29T18:04:56.7151139Z hint: is subject to change. To configure the initial branch name to use in all
2025-11-29T18:04:56.7151715Z hint: of your new repositories, which will suppress this warning, call:
2025-11-29T18:04:56.7152095Z hint:
2025-11-29T18:04:56.7152409Z hint: 	git config --global init.defaultBranch <name>
2025-11-29T18:04:56.7152738Z hint:
2025-11-29T18:04:56.7153052Z hint: Names commonly chosen instead of 'master' are 'main', 'trunk' and
2025-11-29T18:04:56.7153576Z hint: 'development'. The just-created branch can be renamed via this command:
2025-11-29T18:04:56.7153988Z hint:
2025-11-29T18:04:56.7154199Z hint: 	git branch -m <name>
2025-11-29T18:04:56.7154441Z hint:
2025-11-29T18:04:56.7154798Z hint: Disable this message with "git config set advice.defaultBranchName false"
2025-11-29T18:04:56.7189071Z Initialized empty Git repository in /home/runner/work/vitrine-de-craques-web-site/vitrine-de-craques-web-site/.git/
2025-11-29T18:04:56.7203512Z [command]/usr/bin/git remote add origin https://github.com/aspepper/vitrine-de-craques-web-site
2025-11-29T18:04:56.7288994Z ##[endgroup]
2025-11-29T18:04:56.7289657Z ##[group]Disabling automatic garbage collection
2025-11-29T18:04:56.7294166Z [command]/usr/bin/git config --local gc.auto 0
2025-11-29T18:04:56.7329739Z ##[endgroup]
2025-11-29T18:04:56.7330344Z ##[group]Setting up auth
2025-11-29T18:04:56.7336714Z [command]/usr/bin/git config --local --name-only --get-regexp core\.sshCommand
2025-11-29T18:04:56.7370318Z [command]/usr/bin/git submodule foreach --recursive sh -c "git config --local --name-only --get-regexp 'core\.sshCommand' && git config --local --unset-all 'core.sshCommand' || :"
2025-11-29T18:04:56.9177429Z [command]/usr/bin/git config --local --name-only --get-regexp http\.https\:\/\/github\.com\/\.extraheader
2025-11-29T18:04:56.9208431Z [command]/usr/bin/git submodule foreach --recursive sh -c "git config --local --name-only --get-regexp 'http\.https\:\/\/github\.com\/\.extraheader' && git config --local --unset-all 'http.https://github.com/.extraheader' || :"
2025-11-29T18:04:56.9562101Z [command]/usr/bin/git config --local http.https://github.com/.extraheader AUTHORIZATION: basic ***
2025-11-29T18:04:56.9614460Z ##[endgroup]
2025-11-29T18:04:56.9619744Z ##[group]Fetching the repository
2025-11-29T18:04:56.9633573Z [command]/usr/bin/git -c protocol.version=2 fetch --no-tags --prune --progress --no-recurse-submodules --filter=blob:none --depth=1 origin +f3f8f5501fa3fb54372bea2a87d5ea6f9c362981:refs/remotes/origin/main
2025-11-29T18:04:57.2425730Z remote: Enumerating objects: 200, done.        
2025-11-29T18:04:57.2430953Z remote: Counting objects:   0% (1/200)        
2025-11-29T18:04:57.2433825Z remote: Counting objects:   1% (2/200)        
2025-11-29T18:04:57.2434628Z remote: Counting objects:   2% (4/200)        
2025-11-29T18:04:57.2435368Z remote: Counting objects:   3% (6/200)        
2025-11-29T18:04:57.2436236Z remote: Counting objects:   4% (8/200)        
2025-11-29T18:04:57.2438827Z remote: Counting objects:   5% (10/200)        
2025-11-29T18:04:57.2442342Z remote: Counting objects:   6% (12/200)        
2025-11-29T18:04:57.2442974Z remote: Counting objects:   7% (14/200)        
2025-11-29T18:04:57.2443381Z remote: Counting objects:   8% (16/200)        
2025-11-29T18:04:57.2443689Z remote: Counting objects:   9% (18/200)        
2025-11-29T18:04:57.2443977Z remote: Counting objects:  10% (20/200)        
2025-11-29T18:04:57.2444295Z remote: Counting objects:  11% (22/200)        
2025-11-29T18:04:57.2444581Z remote: Counting objects:  12% (24/200)        
2025-11-29T18:04:57.2444860Z remote: Counting objects:  13% (26/200)        
2025-11-29T18:04:57.2445136Z remote: Counting objects:  14% (28/200)        
2025-11-29T18:04:57.2445687Z remote: Counting objects:  15% (30/200)        
2025-11-29T18:04:57.2446085Z remote: Counting objects:  16% (32/200)        
2025-11-29T18:04:57.2446379Z remote: Counting objects:  17% (34/200)        
2025-11-29T18:04:57.2446672Z remote: Counting objects:  18% (36/200)        
2025-11-29T18:04:57.2447270Z remote: Counting objects:  19% (38/200)        
2025-11-29T18:04:57.2447721Z remote: Counting objects:  20% (40/200)        
2025-11-29T18:04:57.2448194Z remote: Counting objects:  21% (42/200)        
2025-11-29T18:04:57.2448655Z remote: Counting objects:  22% (44/200)        
2025-11-29T18:04:57.2449118Z remote: Counting objects:  23% (46/200)        
2025-11-29T18:04:57.2449586Z remote: Counting objects:  24% (48/200)        
2025-11-29T18:04:57.2450021Z remote: Counting objects:  25% (50/200)        
2025-11-29T18:04:57.2450548Z remote: Counting objects:  26% (52/200)        
2025-11-29T18:04:57.2451033Z remote: Counting objects:  27% (54/200)        
2025-11-29T18:04:57.2451564Z remote: Counting objects:  28% (56/200)        
2025-11-29T18:04:57.2452057Z remote: Counting objects:  29% (58/200)        
2025-11-29T18:04:57.2452546Z remote: Counting objects:  30% (60/200)        
2025-11-29T18:04:57.2453034Z remote: Counting objects:  31% (62/200)        
2025-11-29T18:04:57.2453528Z remote: Counting objects:  32% (64/200)        
2025-11-29T18:04:57.2454022Z remote: Counting objects:  33% (66/200)        
2025-11-29T18:04:57.2454523Z remote: Counting objects:  34% (68/200)        
2025-11-29T18:04:57.2454996Z remote: Counting objects:  35% (70/200)        
2025-11-29T18:04:57.2455795Z remote: Counting objects:  36% (72/200)        
2025-11-29T18:04:57.2456320Z remote: Counting objects:  37% (74/200)        
2025-11-29T18:04:57.2456835Z remote: Counting objects:  38% (76/200)        
2025-11-29T18:04:57.2457353Z remote: Counting objects:  39% (78/200)        
2025-11-29T18:04:57.2457854Z remote: Counting objects:  40% (80/200)        
2025-11-29T18:04:57.2458681Z remote: Counting objects:  41% (82/200)        
2025-11-29T18:04:57.2459267Z remote: Counting objects:  42% (84/200)        
2025-11-29T18:04:57.2459765Z remote: Counting objects:  43% (86/200)        
2025-11-29T18:04:57.2460271Z remote: Counting objects:  44% (88/200)        
2025-11-29T18:04:57.2460784Z remote: Counting objects:  45% (90/200)        
2025-11-29T18:04:57.2461301Z remote: Counting objects:  46% (92/200)        
2025-11-29T18:04:57.2461812Z remote: Counting objects:  47% (94/200)        
2025-11-29T18:04:57.2462333Z remote: Counting objects:  48% (96/200)        
2025-11-29T18:04:57.2462844Z remote: Counting objects:  49% (98/200)        
2025-11-29T18:04:57.2463359Z remote: Counting objects:  50% (100/200)        
2025-11-29T18:04:57.2463887Z remote: Counting objects:  51% (102/200)        
2025-11-29T18:04:57.2464411Z remote: Counting objects:  52% (104/200)        
2025-11-29T18:04:57.2465042Z remote: Counting objects:  53% (106/200)        
2025-11-29T18:04:57.2465778Z remote: Counting objects:  54% (108/200)        
2025-11-29T18:04:57.2466311Z remote: Counting objects:  55% (110/200)        
2025-11-29T18:04:57.2466925Z remote: Counting objects:  56% (112/200)        
2025-11-29T18:04:57.2467455Z remote: Counting objects:  57% (114/200)        
2025-11-29T18:04:57.2467988Z remote: Counting objects:  58% (116/200)        
2025-11-29T18:04:57.2468496Z remote: Counting objects:  59% (118/200)        
2025-11-29T18:04:57.2468995Z remote: Counting objects:  60% (120/200)        
2025-11-29T18:04:57.2469473Z remote: Counting objects:  61% (122/200)        
2025-11-29T18:04:57.2469957Z remote: Counting objects:  62% (124/200)        
2025-11-29T18:04:57.2470473Z remote: Counting objects:  63% (126/200)        
2025-11-29T18:04:57.2471016Z remote: Counting objects:  64% (128/200)        
2025-11-29T18:04:57.2476954Z remote: Counting objects:  65% (130/200)        
2025-11-29T18:04:57.2477514Z remote: Counting objects:  66% (132/200)        
2025-11-29T18:04:57.2478638Z remote: Counting objects:  67% (134/200)        
2025-11-29T18:04:57.2479198Z remote: Counting objects:  68% (136/200)        
2025-11-29T18:04:57.2572162Z remote: Counting objects:  69% (138/200)        
2025-11-29T18:04:57.2572719Z remote: Counting objects:  70% (140/200)        
2025-11-29T18:04:57.2573228Z remote: Counting objects:  71% (142/200)        
2025-11-29T18:04:57.2574072Z remote: Counting objects:  72% (144/200)        
2025-11-29T18:04:57.2574508Z remote: Counting objects:  73% (146/200)        
2025-11-29T18:04:57.2574937Z remote: Counting objects:  74% (148/200)        
2025-11-29T18:04:57.2575385Z remote: Counting objects:  75% (150/200)        
2025-11-29T18:04:57.2577253Z remote: Counting objects:  76% (152/200)        
2025-11-29T18:04:57.2577855Z remote: Counting objects:  77% (154/200)        
2025-11-29T18:04:57.2578305Z remote: Counting objects:  78% (156/200)        
2025-11-29T18:04:57.2578737Z remote: Counting objects:  79% (158/200)        
2025-11-29T18:04:57.2579175Z remote: Counting objects:  80% (160/200)        
2025-11-29T18:04:57.2579638Z remote: Counting objects:  81% (162/200)        
2025-11-29T18:04:57.2580104Z remote: Counting objects:  82% (164/200)        
2025-11-29T18:04:57.2580569Z remote: Counting objects:  83% (166/200)        
2025-11-29T18:04:57.2581042Z remote: Counting objects:  84% (168/200)        
2025-11-29T18:04:57.2581517Z remote: Counting objects:  85% (170/200)        
2025-11-29T18:04:57.2582065Z remote: Counting objects:  86% (172/200)        
2025-11-29T18:04:57.2582737Z remote: Counting objects:  87% (174/200)        
2025-11-29T18:04:57.2583344Z remote: Counting objects:  88% (176/200)        
2025-11-29T18:04:57.2583811Z remote: Counting objects:  89% (178/200)        
2025-11-29T18:04:57.2584272Z remote: Counting objects:  90% (180/200)        
2025-11-29T18:04:57.2584754Z remote: Counting objects:  91% (182/200)        
2025-11-29T18:04:57.2585238Z remote: Counting objects:  92% (184/200)        
2025-11-29T18:04:57.2586123Z remote: Counting objects:  93% (186/200)        
2025-11-29T18:04:57.2586893Z remote: Counting objects:  94% (188/200)        
2025-11-29T18:04:57.2587444Z remote: Counting objects:  95% (190/200)        
2025-11-29T18:04:57.2587943Z remote: Counting objects:  96% (192/200)        
2025-11-29T18:04:57.2588418Z remote: Counting objects:  97% (194/200)        
2025-11-29T18:04:57.2588939Z remote: Counting objects:  98% (196/200)        
2025-11-29T18:04:57.2589463Z remote: Counting objects:  99% (198/200)        
2025-11-29T18:04:57.2589970Z remote: Counting objects: 100% (200/200)        
2025-11-29T18:04:57.2590518Z remote: Counting objects: 100% (200/200), done.        
2025-11-29T18:04:57.2591084Z remote: Compressing objects:   0% (1/108)        
2025-11-29T18:04:57.2591616Z remote: Compressing objects:   1% (2/108)        
2025-11-29T18:04:57.2592135Z remote: Compressing objects:   2% (3/108)        
2025-11-29T18:04:57.2592661Z remote: Compressing objects:   3% (4/108)        
2025-11-29T18:04:57.2593182Z remote: Compressing objects:   4% (5/108)        
2025-11-29T18:04:57.2593701Z remote: Compressing objects:   5% (6/108)        
2025-11-29T18:04:57.2594205Z remote: Compressing objects:   6% (7/108)        
2025-11-29T18:04:57.2594723Z remote: Compressing objects:   7% (8/108)        
2025-11-29T18:04:57.2595240Z remote: Compressing objects:   8% (9/108)        
2025-11-29T18:04:57.2596125Z remote: Compressing objects:   9% (10/108)        
2025-11-29T18:04:57.2596661Z remote: Compressing objects:  10% (11/108)        
2025-11-29T18:04:57.2597189Z remote: Compressing objects:  11% (12/108)        
2025-11-29T18:04:57.2597764Z remote: Compressing objects:  12% (13/108)        
2025-11-29T18:04:57.2598291Z remote: Compressing objects:  13% (15/108)        
2025-11-29T18:04:57.2598766Z remote: Compressing objects:  14% (16/108)        
2025-11-29T18:04:57.2599265Z remote: Compressing objects:  15% (17/108)        
2025-11-29T18:04:57.2599769Z remote: Compressing objects:  16% (18/108)        
2025-11-29T18:04:57.2600311Z remote: Compressing objects:  17% (19/108)        
2025-11-29T18:04:57.2600810Z remote: Compressing objects:  18% (20/108)        
2025-11-29T18:04:57.2601203Z remote: Compressing objects:  19% (21/108)        
2025-11-29T18:04:57.2601521Z remote: Compressing objects:  20% (22/108)        
2025-11-29T18:04:57.2601820Z remote: Compressing objects:  21% (23/108)        
2025-11-29T18:04:57.2602304Z remote: Compressing objects:  22% (24/108)        
2025-11-29T18:04:57.2602593Z remote: Compressing objects:  23% (25/108)        
2025-11-29T18:04:57.2602932Z remote: Compressing objects:  24% (26/108)        
2025-11-29T18:04:57.2603427Z remote: Compressing objects:  25% (27/108)        
2025-11-29T18:04:57.2603925Z remote: Compressing objects:  26% (29/108)        
2025-11-29T18:04:57.2604401Z remote: Compressing objects:  27% (30/108)        
2025-11-29T18:04:57.2604699Z remote: Compressing objects:  28% (31/108)        
2025-11-29T18:04:57.2604978Z remote: Compressing objects:  29% (32/108)        
2025-11-29T18:04:57.2605264Z remote: Compressing objects:  30% (33/108)        
2025-11-29T18:04:57.2605829Z remote: Compressing objects:  31% (34/108)        
2025-11-29T18:04:57.2606130Z remote: Compressing objects:  32% (35/108)        
2025-11-29T18:04:57.2606415Z remote: Compressing objects:  33% (36/108)        
2025-11-29T18:04:57.2606700Z remote: Compressing objects:  34% (37/108)        
2025-11-29T18:04:57.2606993Z remote: Compressing objects:  35% (38/108)        
2025-11-29T18:04:57.2607277Z remote: Compressing objects:  36% (39/108)        
2025-11-29T18:04:57.2607564Z remote: Compressing objects:  37% (40/108)        
2025-11-29T18:04:57.2607845Z remote: Compressing objects:  38% (42/108)        
2025-11-29T18:04:57.2608132Z remote: Compressing objects:  39% (43/108)        
2025-11-29T18:04:57.2608409Z remote: Compressing objects:  40% (44/108)        
2025-11-29T18:04:57.2608695Z remote: Compressing objects:  41% (45/108)        
2025-11-29T18:04:57.2608982Z remote: Compressing objects:  42% (46/108)        
2025-11-29T18:04:57.2609582Z remote: Compressing objects:  43% (47/108)        
2025-11-29T18:04:57.2609902Z remote: Compressing objects:  44% (48/108)        
2025-11-29T18:04:57.2610193Z remote: Compressing objects:  45% (49/108)        
2025-11-29T18:04:57.2610475Z remote: Compressing objects:  46% (50/108)        
2025-11-29T18:04:57.2610763Z remote: Compressing objects:  47% (51/108)        
2025-11-29T18:04:57.2611044Z remote: Compressing objects:  48% (52/108)        
2025-11-29T18:04:57.2611329Z remote: Compressing objects:  49% (53/108)        
2025-11-29T18:04:57.2611613Z remote: Compressing objects:  50% (54/108)        
2025-11-29T18:04:57.2611894Z remote: Compressing objects:  51% (56/108)        
2025-11-29T18:04:57.2612183Z remote: Compressing objects:  52% (57/108)        
2025-11-29T18:04:57.2612468Z remote: Compressing objects:  53% (58/108)        
2025-11-29T18:04:57.2612755Z remote: Compressing objects:  54% (59/108)        
2025-11-29T18:04:57.2613040Z remote: Compressing objects:  55% (60/108)        
2025-11-29T18:04:57.2613327Z remote: Compressing objects:  56% (61/108)        
2025-11-29T18:04:57.2613614Z remote: Compressing objects:  57% (62/108)        
2025-11-29T18:04:57.2613900Z remote: Compressing objects:  58% (63/108)        
2025-11-29T18:04:57.2614185Z remote: Compressing objects:  59% (64/108)        
2025-11-29T18:04:57.2614474Z remote: Compressing objects:  60% (65/108)        
2025-11-29T18:04:57.2614762Z remote: Compressing objects:  61% (66/108)        
2025-11-29T18:04:57.2615045Z remote: Compressing objects:  62% (67/108)        
2025-11-29T18:04:57.2615333Z remote: Compressing objects:  63% (69/108)        
2025-11-29T18:04:57.2615928Z remote: Compressing objects:  64% (70/108)        
2025-11-29T18:04:57.2616227Z remote: Compressing objects:  65% (71/108)        
2025-11-29T18:04:57.2622907Z remote: Compressing objects:  66% (72/108)        
2025-11-29T18:04:57.2624613Z remote: Compressing objects:  67% (73/108)        
2025-11-29T18:04:57.2626437Z remote: Compressing objects:  68% (74/108)        
2025-11-29T18:04:57.2627003Z remote: Compressing objects:  69% (75/108)        
2025-11-29T18:04:57.2627323Z remote: Compressing objects:  70% (76/108)        
2025-11-29T18:04:57.2627625Z remote: Compressing objects:  71% (77/108)        
2025-11-29T18:04:57.2627913Z remote: Compressing objects:  72% (78/108)        
2025-11-29T18:04:57.2628380Z remote: Compressing objects:  73% (79/108)        
2025-11-29T18:04:57.2628670Z remote: Compressing objects:  74% (80/108)        
2025-11-29T18:04:57.2628961Z remote: Compressing objects:  75% (81/108)        
2025-11-29T18:04:57.2629280Z remote: Compressing objects:  76% (83/108)        
2025-11-29T18:04:57.2629578Z remote: Compressing objects:  77% (84/108)        
2025-11-29T18:04:57.2629870Z remote: Compressing objects:  78% (85/108)        
2025-11-29T18:04:57.2630160Z remote: Compressing objects:  79% (86/108)        
2025-11-29T18:04:57.2630456Z remote: Compressing objects:  80% (87/108)        
2025-11-29T18:04:57.2630749Z remote: Compressing objects:  81% (88/108)        
2025-11-29T18:04:57.2631046Z remote: Compressing objects:  82% (89/108)        
2025-11-29T18:04:57.2631335Z remote: Compressing objects:  83% (90/108)        
2025-11-29T18:04:57.2631618Z remote: Compressing objects:  84% (91/108)        
2025-11-29T18:04:57.2631905Z remote: Compressing objects:  85% (92/108)        
2025-11-29T18:04:57.2632205Z remote: Compressing objects:  86% (93/108)        
2025-11-29T18:04:57.2632498Z remote: Compressing objects:  87% (94/108)        
2025-11-29T18:04:57.2632792Z remote: Compressing objects:  88% (96/108)        
2025-11-29T18:04:57.2633080Z remote: Compressing objects:  89% (97/108)        
2025-11-29T18:04:57.2633370Z remote: Compressing objects:  90% (98/108)        
2025-11-29T18:04:57.2633658Z remote: Compressing objects:  91% (99/108)        
2025-11-29T18:04:57.2633953Z remote: Compressing objects:  92% (100/108)        
2025-11-29T18:04:57.2634256Z remote: Compressing objects:  93% (101/108)        
2025-11-29T18:04:57.2634552Z remote: Compressing objects:  94% (102/108)        
2025-11-29T18:04:57.2634979Z remote: Compressing objects:  95% (103/108)        
2025-11-29T18:04:57.2635659Z remote: Compressing objects:  96% (104/108)        
2025-11-29T18:04:57.2635994Z remote: Compressing objects:  97% (105/108)        
2025-11-29T18:04:57.2636297Z remote: Compressing objects:  98% (106/108)        
2025-11-29T18:04:57.2636590Z remote: Compressing objects:  99% (107/108)        
2025-11-29T18:04:57.2636879Z remote: Compressing objects: 100% (108/108)        
2025-11-29T18:04:57.2637202Z remote: Compressing objects: 100% (108/108), done.        
2025-11-29T18:04:57.2637628Z remote: Total 200 (delta 0), reused 144 (delta 0), pack-reused 0 (from 0)        
2025-11-29T18:04:57.2708086Z Receiving objects:   0% (1/200)
2025-11-29T18:04:57.2708784Z Receiving objects:   1% (2/200)
2025-11-29T18:04:57.2709417Z Receiving objects:   2% (4/200)
2025-11-29T18:04:57.2710012Z Receiving objects:   3% (6/200)
2025-11-29T18:04:57.2710575Z Receiving objects:   4% (8/200)
2025-11-29T18:04:57.2711146Z Receiving objects:   5% (10/200)
2025-11-29T18:04:57.2711731Z Receiving objects:   6% (12/200)
2025-11-29T18:04:57.2712314Z Receiving objects:   7% (14/200)
2025-11-29T18:04:57.2712865Z Receiving objects:   8% (16/200)
2025-11-29T18:04:57.2713412Z Receiving objects:   9% (18/200)
2025-11-29T18:04:57.2713981Z Receiving objects:  10% (20/200)
2025-11-29T18:04:57.2714487Z Receiving objects:  11% (22/200)
2025-11-29T18:04:57.2715056Z Receiving objects:  12% (24/200)
2025-11-29T18:04:57.2715896Z Receiving objects:  13% (26/200)
2025-11-29T18:04:57.2725303Z Receiving objects:  14% (28/200)
2025-11-29T18:04:57.2727244Z Receiving objects:  15% (30/200)
2025-11-29T18:04:57.2729103Z Receiving objects:  16% (32/200)
2025-11-29T18:04:57.2729899Z Receiving objects:  17% (34/200)
2025-11-29T18:04:57.2732389Z Receiving objects:  18% (36/200)
2025-11-29T18:04:57.2732832Z Receiving objects:  19% (38/200)
2025-11-29T18:04:57.2735025Z Receiving objects:  20% (40/200)
2025-11-29T18:04:57.2736020Z Receiving objects:  21% (42/200)
2025-11-29T18:04:57.2736455Z Receiving objects:  22% (44/200)
2025-11-29T18:04:57.2736838Z Receiving objects:  23% (46/200)
2025-11-29T18:04:57.2737212Z Receiving objects:  24% (48/200)
2025-11-29T18:04:57.2737594Z Receiving objects:  25% (50/200)
2025-11-29T18:04:57.2738232Z Receiving objects:  26% (52/200)
2025-11-29T18:04:57.2738620Z Receiving objects:  27% (54/200)
2025-11-29T18:04:57.2739011Z Receiving objects:  28% (56/200)
2025-11-29T18:04:57.2739420Z Receiving objects:  29% (58/200)
2025-11-29T18:04:57.2739813Z Receiving objects:  30% (60/200)
2025-11-29T18:04:57.2740207Z Receiving objects:  31% (62/200)
2025-11-29T18:04:57.2740594Z Receiving objects:  32% (64/200)
2025-11-29T18:04:57.2740971Z Receiving objects:  33% (66/200)
2025-11-29T18:04:57.2741379Z Receiving objects:  34% (68/200)
2025-11-29T18:04:57.2741799Z Receiving objects:  35% (70/200)
2025-11-29T18:04:57.2742212Z Receiving objects:  36% (72/200)
2025-11-29T18:04:57.2742453Z Receiving objects:  37% (74/200)
2025-11-29T18:04:57.2742914Z Receiving objects:  38% (76/200)
2025-11-29T18:04:57.2743221Z Receiving objects:  39% (78/200)
2025-11-29T18:04:57.2743446Z Receiving objects:  40% (80/200)
2025-11-29T18:04:57.2743679Z Receiving objects:  41% (82/200)
2025-11-29T18:04:57.2744103Z Receiving objects:  42% (84/200)
2025-11-29T18:04:57.2744560Z Receiving objects:  43% (86/200)
2025-11-29T18:04:57.2744953Z Receiving objects:  44% (88/200)
2025-11-29T18:04:57.2745188Z Receiving objects:  45% (90/200)
2025-11-29T18:04:57.2745598Z Receiving objects:  46% (92/200)
2025-11-29T18:04:57.2745863Z Receiving objects:  47% (94/200)
2025-11-29T18:04:57.2746094Z Receiving objects:  48% (96/200)
2025-11-29T18:04:57.2746311Z Receiving objects:  49% (98/200)
2025-11-29T18:04:57.2746817Z Receiving objects:  50% (100/200)
2025-11-29T18:04:57.2747205Z Receiving objects:  51% (102/200)
2025-11-29T18:04:57.2747439Z Receiving objects:  52% (104/200)
2025-11-29T18:04:57.2747678Z Receiving objects:  53% (106/200)
2025-11-29T18:04:57.2748063Z Receiving objects:  54% (108/200)
2025-11-29T18:04:57.2748564Z Receiving objects:  55% (110/200)
2025-11-29T18:04:57.2749063Z Receiving objects:  56% (112/200)
2025-11-29T18:04:57.2749489Z Receiving objects:  57% (114/200)
2025-11-29T18:04:57.2749902Z Receiving objects:  58% (116/200)
2025-11-29T18:04:57.2750317Z Receiving objects:  59% (118/200)
2025-11-29T18:04:57.2750719Z Receiving objects:  60% (120/200)
2025-11-29T18:04:57.2751131Z Receiving objects:  61% (122/200)
2025-11-29T18:04:57.2751545Z Receiving objects:  62% (124/200)
2025-11-29T18:04:57.2751958Z Receiving objects:  63% (126/200)
2025-11-29T18:04:57.2752337Z Receiving objects:  64% (128/200)
2025-11-29T18:04:57.2752726Z Receiving objects:  65% (130/200)
2025-11-29T18:04:57.2753112Z Receiving objects:  66% (132/200)
2025-11-29T18:04:57.2753498Z Receiving objects:  67% (134/200)
2025-11-29T18:04:57.2753880Z Receiving objects:  68% (136/200)
2025-11-29T18:04:57.2754265Z Receiving objects:  69% (138/200)
2025-11-29T18:04:57.2754636Z Receiving objects:  70% (140/200)
2025-11-29T18:04:57.2755043Z Receiving objects:  71% (142/200)
2025-11-29T18:04:57.2755660Z Receiving objects:  72% (144/200)
2025-11-29T18:04:57.2756069Z Receiving objects:  73% (146/200)
2025-11-29T18:04:57.2756452Z Receiving objects:  74% (148/200)
2025-11-29T18:04:57.2756860Z Receiving objects:  75% (150/200)
2025-11-29T18:04:57.2757299Z Receiving objects:  76% (152/200)
2025-11-29T18:04:57.2757719Z Receiving objects:  77% (154/200)
2025-11-29T18:04:57.2758016Z Receiving objects:  78% (156/200)
2025-11-29T18:04:57.2758246Z Receiving objects:  79% (158/200)
2025-11-29T18:04:57.2758475Z Receiving objects:  80% (160/200)
2025-11-29T18:04:57.2758971Z Receiving objects:  81% (162/200)
2025-11-29T18:04:57.2759219Z Receiving objects:  82% (164/200)
2025-11-29T18:04:57.2759444Z Receiving objects:  83% (166/200)
2025-11-29T18:04:57.2759679Z Receiving objects:  84% (168/200)
2025-11-29T18:04:57.2759906Z Receiving objects:  85% (170/200)
2025-11-29T18:04:57.2760131Z Receiving objects:  86% (172/200)
2025-11-29T18:04:57.2760356Z Receiving objects:  87% (174/200)
2025-11-29T18:04:57.2760588Z Receiving objects:  88% (176/200)
2025-11-29T18:04:57.2760815Z Receiving objects:  89% (178/200)
2025-11-29T18:04:57.2761042Z Receiving objects:  90% (180/200)
2025-11-29T18:04:57.2761270Z Receiving objects:  91% (182/200)
2025-11-29T18:04:57.2761710Z Receiving objects:  92% (184/200)
2025-11-29T18:04:57.2761949Z Receiving objects:  93% (186/200)
2025-11-29T18:04:57.2762182Z Receiving objects:  94% (188/200)
2025-11-29T18:04:57.2762413Z Receiving objects:  95% (190/200)
2025-11-29T18:04:57.2762641Z Receiving objects:  96% (192/200)
2025-11-29T18:04:57.2762865Z Receiving objects:  97% (194/200)
2025-11-29T18:04:57.2763092Z Receiving objects:  98% (196/200)
2025-11-29T18:04:57.2763320Z Receiving objects:  99% (198/200)
2025-11-29T18:04:57.2763545Z Receiving objects: 100% (200/200)
2025-11-29T18:04:57.2763847Z Receiving objects: 100% (200/200), 31.55 KiB | 2.87 MiB/s, done.
2025-11-29T18:04:57.2797072Z From https://github.com/aspepper/vitrine-de-craques-web-site
2025-11-29T18:04:57.2798755Z  * [new ref]         f3f8f5501fa3fb54372bea2a87d5ea6f9c362981 -> origin/main
2025-11-29T18:04:57.2874391Z ##[endgroup]
2025-11-29T18:04:57.2875251Z ##[group]Determining the checkout info
2025-11-29T18:04:57.2878685Z ##[endgroup]
2025-11-29T18:04:57.2884091Z ##[group]Setting up sparse checkout
2025-11-29T18:04:57.2884716Z [command]/usr/bin/git config core.sparseCheckout true
2025-11-29T18:04:57.2920573Z [command]/usr/bin/git rev-parse --git-path info/sparse-checkout
2025-11-29T18:04:57.2941031Z .git/info/sparse-checkout
2025-11-29T18:04:57.2953044Z ##[endgroup]
2025-11-29T18:04:57.2954631Z ##[group]Checking out the ref
2025-11-29T18:04:57.2958558Z [command]/usr/bin/git checkout --progress --force -B main refs/remotes/origin/main
2025-11-29T18:05:07.3940706Z Updating files:   0% (1/665)
2025-11-29T18:05:07.3946029Z Updating files:   1% (7/665)
2025-11-29T18:05:07.3953534Z Updating files:   2% (14/665)
2025-11-29T18:05:07.3959178Z Updating files:   3% (20/665)
2025-11-29T18:05:07.3965985Z Updating files:   4% (27/665)
2025-11-29T18:05:07.3973810Z Updating files:   5% (34/665)
2025-11-29T18:05:07.3979403Z Updating files:   6% (40/665)
2025-11-29T18:05:07.3982957Z Updating files:   7% (47/665)
2025-11-29T18:05:07.3986180Z Updating files:   8% (54/665)
2025-11-29T18:05:07.3990313Z Updating files:   9% (60/665)
2025-11-29T18:05:07.3993868Z Updating files:  10% (67/665)
2025-11-29T18:05:07.3997344Z Updating files:  11% (74/665)
2025-11-29T18:05:07.4025119Z Updating files:  12% (80/665)
2025-11-29T18:05:07.4031140Z Updating files:  13% (87/665)
2025-11-29T18:05:07.4038317Z Updating files:  14% (94/665)
2025-11-29T18:05:07.4044122Z Updating files:  15% (100/665)
2025-11-29T18:05:07.4051466Z Updating files:  16% (107/665)
2025-11-29T18:05:07.4058796Z Updating files:  17% (114/665)
2025-11-29T18:05:07.4066135Z Updating files:  18% (120/665)
2025-11-29T18:05:07.4071883Z Updating files:  19% (127/665)
2025-11-29T18:05:07.4079253Z Updating files:  20% (133/665)
2025-11-29T18:05:07.4084995Z Updating files:  21% (140/665)
2025-11-29T18:05:07.4089871Z Updating files:  22% (147/665)
2025-11-29T18:05:07.4097240Z Updating files:  23% (153/665)
2025-11-29T18:05:07.4103668Z Updating files:  24% (160/665)
2025-11-29T18:05:07.4110555Z Updating files:  25% (167/665)
2025-11-29T18:05:07.4119550Z Updating files:  26% (173/665)
2025-11-29T18:05:07.4126287Z Updating files:  27% (180/665)
2025-11-29T18:05:07.4132120Z Updating files:  28% (187/665)
2025-11-29T18:05:07.4139596Z Updating files:  29% (193/665)
2025-11-29T18:05:07.4149561Z Updating files:  30% (200/665)
2025-11-29T18:05:07.4155088Z Updating files:  31% (207/665)
2025-11-29T18:05:07.4160144Z Updating files:  32% (213/665)
2025-11-29T18:05:07.4166713Z Updating files:  33% (220/665)
2025-11-29T18:05:07.4171948Z Updating files:  34% (227/665)
2025-11-29T18:05:07.4178415Z Updating files:  35% (233/665)
2025-11-29T18:05:07.4185118Z Updating files:  36% (240/665)
2025-11-29T18:05:07.4188665Z Updating files:  37% (247/665)
2025-11-29T18:05:07.4298509Z Updating files:  38% (253/665)
2025-11-29T18:05:07.4532452Z Updating files:  39% (260/665)
2025-11-29T18:05:07.4594614Z Updating files:  40% (266/665)
2025-11-29T18:05:07.6029518Z Updating files:  41% (273/665)
2025-11-29T18:05:07.6187193Z Updating files:  42% (280/665)
2025-11-29T18:05:07.6326668Z Updating files:  43% (286/665)
2025-11-29T18:05:07.6665897Z Updating files:  44% (293/665)
2025-11-29T18:05:07.6942814Z Updating files:  45% (300/665)
2025-11-29T18:05:07.7184312Z Updating files:  46% (306/665)
2025-11-29T18:05:07.7280248Z Updating files:  47% (313/665)
2025-11-29T18:05:07.7341779Z Updating files:  48% (320/665)
2025-11-29T18:05:07.7386968Z Updating files:  49% (326/665)
2025-11-29T18:05:07.7493681Z Updating files:  50% (333/665)
2025-11-29T18:05:07.7639168Z Updating files:  51% (340/665)
2025-11-29T18:05:07.7663224Z Updating files:  52% (346/665)
2025-11-29T18:05:07.7674173Z Updating files:  53% (353/665)
2025-11-29T18:05:07.8152871Z Updating files:  54% (360/665)
2025-11-29T18:05:07.9325008Z Updating files:  55% (366/665)
2025-11-29T18:05:07.9471691Z Updating files:  56% (373/665)
2025-11-29T18:05:07.9573325Z Updating files:  57% (380/665)
2025-11-29T18:05:07.9979759Z Updating files:  58% (386/665)
2025-11-29T18:05:08.0046821Z Updating files:  59% (393/665)
2025-11-29T18:05:08.0050417Z Updating files:  60% (399/665)
2025-11-29T18:05:08.0086113Z Updating files:  61% (406/665)
2025-11-29T18:05:08.0268523Z Updating files:  62% (413/665)
2025-11-29T18:05:08.0302391Z Updating files:  63% (419/665)
2025-11-29T18:05:08.0587803Z Updating files:  64% (426/665)
2025-11-29T18:05:08.0592276Z Updating files:  65% (433/665)
2025-11-29T18:05:08.0637413Z Updating files:  66% (439/665)
2025-11-29T18:05:08.0767965Z Updating files:  67% (446/665)
2025-11-29T18:05:08.0770676Z Updating files:  68% (453/665)
2025-11-29T18:05:08.0774178Z Updating files:  69% (459/665)
2025-11-29T18:05:08.0792189Z Updating files:  70% (466/665)
2025-11-29T18:05:08.0819794Z Updating files:  71% (473/665)
2025-11-29T18:05:08.0943917Z Updating files:  72% (479/665)
2025-11-29T18:05:08.1017804Z Updating files:  73% (486/665)
2025-11-29T18:05:08.1193992Z Updating files:  74% (493/665)
2025-11-29T18:05:08.1230199Z Updating files:  75% (499/665)
2025-11-29T18:05:08.1253573Z Updating files:  76% (506/665)
2025-11-29T18:05:08.1271922Z Updating files:  77% (513/665)
2025-11-29T18:05:08.1288761Z Updating files:  78% (519/665)
2025-11-29T18:05:08.1319986Z Updating files:  79% (526/665)
2025-11-29T18:05:08.1350633Z Updating files:  80% (532/665)
2025-11-29T18:05:08.1354718Z Updating files:  81% (539/665)
2025-11-29T18:05:08.1360152Z Updating files:  82% (546/665)
2025-11-29T18:05:08.1364700Z Updating files:  83% (552/665)
2025-11-29T18:05:08.1377256Z Updating files:  84% (559/665)
2025-11-29T18:05:08.1393619Z Updating files:  85% (566/665)
2025-11-29T18:05:08.1399952Z Updating files:  86% (572/665)
2025-11-29T18:05:08.1406176Z Updating files:  87% (579/665)
2025-11-29T18:05:08.1411457Z Updating files:  88% (586/665)
2025-11-29T18:05:08.1416212Z Updating files:  89% (592/665)
2025-11-29T18:05:08.1420005Z Updating files:  90% (599/665)
2025-11-29T18:05:08.1422875Z Updating files:  91% (606/665)
2025-11-29T18:05:08.1426886Z Updating files:  92% (612/665)
2025-11-29T18:05:08.1430504Z Updating files:  93% (619/665)
2025-11-29T18:05:08.1434001Z Updating files:  94% (626/665)
2025-11-29T18:05:08.1437552Z Updating files:  95% (632/665)
2025-11-29T18:05:08.2298330Z Updating files:  96% (639/665)
2025-11-29T18:05:08.2302386Z Updating files:  97% (646/665)
2025-11-29T18:05:08.2305138Z Updating files:  98% (652/665)
2025-11-29T18:05:08.2308959Z Updating files:  99% (659/665)
2025-11-29T18:05:08.2309662Z Updating files: 100% (665/665)
2025-11-29T18:05:08.2312197Z Updating files: 100% (665/665), done.
2025-11-29T18:05:08.2338863Z Switched to a new branch 'main'
2025-11-29T18:05:08.2339589Z branch 'main' set up to track 'origin/main'.
2025-11-29T18:05:08.2435309Z ##[endgroup]
2025-11-29T18:05:08.2481866Z [command]/usr/bin/git log -1 --format='%H'
2025-11-29T18:05:08.2505083Z 'f3f8f5501fa3fb54372bea2a87d5ea6f9c362981'
2025-11-29T18:05:08.2706605Z ##[group]Run actions/setup-node@v4
2025-11-29T18:05:08.2706887Z with:
2025-11-29T18:05:08.2707070Z   node-version: 20
2025-11-29T18:05:08.2707266Z   cache: npm
2025-11-29T18:05:08.2707449Z   always-auth: false
2025-11-29T18:05:08.2707881Z   check-latest: false
2025-11-29T18:05:08.2708248Z   token: ***
2025-11-29T18:05:08.2708428Z env:
2025-11-29T18:05:08.2709080Z   DATABASE_URL: ***
2025-11-29T18:05:08.2709398Z   NEXTAUTH_URL: ***
2025-11-29T18:05:08.2709688Z   NEXTAUTH_SECRET: ***
2025-11-29T18:05:08.2709895Z   AUTH_TRUST_HOST: true
2025-11-29T18:05:08.2710098Z ##[endgroup]
2025-11-29T18:05:08.5006426Z Found in cache @ /opt/hostedtoolcache/node/20.19.5/x64
2025-11-29T18:05:08.5017774Z ##[group]Environment details
2025-11-29T18:05:10.6916536Z node: v20.19.5
2025-11-29T18:05:10.6917936Z npm: 10.8.2
2025-11-29T18:05:10.6918542Z yarn: 1.22.22
2025-11-29T18:05:10.6920224Z ##[endgroup]
2025-11-29T18:05:10.6944869Z [command]/opt/hostedtoolcache/node/20.19.5/x64/bin/npm config get cache
2025-11-29T18:05:10.9594714Z /home/runner/.npm
2025-11-29T18:05:11.1472708Z Cache hit for: node-cache-Linux-x64-npm-6574f81d381dd57c6cba17200816d822ae309cedcb08a1b37f655a2f539a3200
2025-11-29T18:05:12.2006894Z Received 159383552 of 257897609 (61.8%), 150.9 MBs/sec
2025-11-29T18:05:12.6208089Z Received 257897609 of 257897609 (100.0%), 171.5 MBs/sec
2025-11-29T18:05:12.6208757Z Cache Size: ~246 MB (257897609 B)
2025-11-29T18:05:12.6402169Z [command]/usr/bin/tar -xf /home/runner/work/_temp/34fb4e91-8646-41f4-bbd1-33a669fe2f03/cache.tzst -P -C /home/runner/work/vitrine-de-craques-web-site/vitrine-de-craques-web-site --use-compress-program unzstd
2025-11-29T18:05:13.4994971Z Cache restored successfully
2025-11-29T18:05:13.5498741Z Cache restored from key: node-cache-Linux-x64-npm-6574f81d381dd57c6cba17200816d822ae309cedcb08a1b37f655a2f539a3200
2025-11-29T18:05:13.5668157Z ##[group]Run npm ci
2025-11-29T18:05:13.5668443Z [36;1mnpm ci[0m
2025-11-29T18:05:13.5711372Z shell: /usr/bin/bash -e {0}
2025-11-29T18:05:13.5711632Z env:
2025-11-29T18:05:13.5712571Z   DATABASE_URL: ***
2025-11-29T18:05:13.5712904Z   NEXTAUTH_URL: ***
2025-11-29T18:05:13.5713213Z   NEXTAUTH_SECRET: ***
2025-11-29T18:05:13.5713436Z   AUTH_TRUST_HOST: true
2025-11-29T18:05:13.5713668Z ##[endgroup]
2025-11-29T18:05:22.0747386Z npm warn deprecated inflight@1.0.6: This module is not supported, and leaks memory. Do not use it. Check out lru-cache if you want a good and tested way to coalesce async requests by a key value, which is much more comprehensive and powerful.
2025-11-29T18:05:22.3587249Z npm warn deprecated @humanwhocodes/config-array@0.13.0: Use @eslint/config-array instead
2025-11-29T18:05:22.3907360Z npm warn deprecated rimraf@3.0.2: Rimraf versions prior to v4 are no longer supported
2025-11-29T18:05:22.6144209Z npm warn deprecated @humanwhocodes/object-schema@2.0.3: Use @eslint/object-schema instead
2025-11-29T18:05:22.6243788Z npm warn deprecated glob@7.2.3: Glob versions prior to v9 are no longer supported
2025-11-29T18:05:28.4427392Z npm warn deprecated eslint@8.57.1: This version is no longer supported. Please see https://eslint.org/version-support for other options.
2025-11-29T18:05:33.6579988Z npm warn deprecated fluent-ffmpeg@2.1.3: Package no longer supported. Contact Support at https://www.npmjs.com/support for more info.
2025-11-29T18:05:44.3341168Z 
2025-11-29T18:05:44.3342582Z > vitrine-de-craques-web-site@0.1.0 postinstall
2025-11-29T18:05:44.3343669Z > npx prisma generate
2025-11-29T18:05:44.3345294Z 
2025-11-29T18:05:45.7433747Z Prisma schema loaded from prisma/schema.prisma
2025-11-29T18:05:46.6942509Z ┌─────────────────────────────────────────────────────────┐
2025-11-29T18:05:46.6943531Z │  Update available 6.16.2 -> 7.0.1                       │
2025-11-29T18:05:46.6944457Z │                                                         │
2025-11-29T18:05:46.6945361Z │  This is a major update - please follow the guide at    │
2025-11-29T18:05:46.6946520Z │  https://pris.ly/d/major-version-upgrade                │
2025-11-29T18:05:46.6947306Z │                                                         │
2025-11-29T18:05:46.6948103Z │  Run the following to update                            │
2025-11-29T18:05:46.6949029Z │    npm i --save-dev prisma@latest                       │
2025-11-29T18:05:46.6950225Z │    npm i @prisma/client@latest                          │
2025-11-29T18:05:46.6951049Z └─────────────────────────────────────────────────────────┘
2025-11-29T18:05:46.6951444Z 
2025-11-29T18:05:46.6952175Z ✔ Generated Prisma Client (v6.16.2) to ./node_modules/@prisma/client in 415ms
2025-11-29T18:05:46.7004924Z 
2025-11-29T18:05:46.7005923Z Start by importing your Prisma Client (See: https://pris.ly/d/importing-client)
2025-11-29T18:05:46.7006493Z 
2025-11-29T18:05:46.7007342Z Tip: Need your database queries to be 1000x faster? Accelerate offers you that and more: https://pris.ly/tip-2-accelerate
2025-11-29T18:05:46.7008065Z 
2025-11-29T18:05:46.7272803Z 
2025-11-29T18:05:46.7289091Z > vitrine-de-craques-web-site@0.1.0 prepare
2025-11-29T18:05:46.7291099Z > husky install
2025-11-29T18:05:46.7292751Z 
2025-11-29T18:05:46.7884528Z husky - Git hooks installed
2025-11-29T18:05:46.8084667Z 
2025-11-29T18:05:46.8089135Z added 873 packages, and audited 874 packages in 33s
2025-11-29T18:05:46.8089875Z 
2025-11-29T18:05:46.8090282Z 195 packages are looking for funding
2025-11-29T18:05:46.8090958Z   run `npm fund` for details
2025-11-29T18:05:46.8677247Z 
2025-11-29T18:05:46.8678167Z 6 vulnerabilities (3 low, 3 high)
2025-11-29T18:05:46.8678738Z 
2025-11-29T18:05:46.8679409Z To address issues that do not require attention, run:
2025-11-29T18:05:46.8680148Z   npm audit fix
2025-11-29T18:05:46.8680600Z 
2025-11-29T18:05:46.8681224Z To address all issues (including breaking changes), run:
2025-11-29T18:05:46.8681992Z   npm audit fix --force
2025-11-29T18:05:46.8682365Z 
2025-11-29T18:05:46.8683333Z Run `npm audit` for details.
2025-11-29T18:05:46.9728805Z ##[group]Run npm run build
2025-11-29T18:05:46.9729107Z [36;1mnpm run build[0m
2025-11-29T18:05:46.9762722Z shell: /usr/bin/bash -e {0}
2025-11-29T18:05:46.9762971Z env:
2025-11-29T18:05:46.9763771Z   DATABASE_URL: ***
2025-11-29T18:05:46.9764125Z   NEXTAUTH_URL: ***
2025-11-29T18:05:46.9764440Z   NEXTAUTH_SECRET: ***
2025-11-29T18:05:46.9764681Z   AUTH_TRUST_HOST: true
2025-11-29T18:05:46.9764891Z ##[endgroup]
2025-11-29T18:05:47.0930590Z 
2025-11-29T18:05:47.0933170Z > vitrine-de-craques-web-site@0.1.0 build
2025-11-29T18:05:47.0935934Z > npx prisma generate && next build
2025-11-29T18:05:47.0938117Z 
2025-11-29T18:05:48.4602505Z Prisma schema loaded from prisma/schema.prisma
2025-11-29T18:05:49.4682404Z 
2025-11-29T18:05:49.4684108Z ✔ Generated Prisma Client (v6.16.2) to ./node_modules/@prisma/client in 426ms
2025-11-29T18:05:49.4684693Z 
2025-11-29T18:05:49.4685316Z Start by importing your Prisma Client (See: https://pris.ly/d/importing-client)
2025-11-29T18:05:49.4686103Z 
2025-11-29T18:05:49.4686626Z Tip: Want to turn off tips and other hints? https://pris.ly/tip-4-nohints
2025-11-29T18:05:49.4687045Z 
2025-11-29T18:05:50.0378008Z ⚠ No build cache found. Please configure build caching for faster rebuilds. Read more: https://nextjs.org/docs/messages/no-cache
2025-11-29T18:05:50.0514966Z Attention: Next.js now collects completely anonymous telemetry regarding usage.
2025-11-29T18:05:50.0516386Z This information is used to shape Next.js' roadmap and prioritize features.
2025-11-29T18:05:50.0517904Z You can learn more, including how to opt-out if you'd not like to participate in this anonymous program, by visiting the following URL:
2025-11-29T18:05:50.0518976Z https://nextjs.org/telemetry
2025-11-29T18:05:50.0519292Z 
2025-11-29T18:05:50.1133762Z   ▲ Next.js 14.2.33
2025-11-29T18:05:50.1134072Z 
2025-11-29T18:05:50.1764154Z    Creating an optimized production build ...
2025-11-29T18:06:34.2118729Z  ⚠ Compiled with warnings
2025-11-29T18:06:34.2119039Z 
2025-11-29T18:06:34.2119414Z ./node_modules/@ffmpeg-installer/ffmpeg/index.js
2025-11-29T18:06:34.2122229Z Critical dependency: the request of a dependency is an expression
2025-11-29T18:06:34.2122666Z 
2025-11-29T18:06:34.2122899Z Import trace for requested module:
2025-11-29T18:06:34.2123461Z ./node_modules/@ffmpeg-installer/ffmpeg/index.js
2025-11-29T18:06:34.2123943Z ./app/api/videos/route.ts
2025-11-29T18:06:34.2124576Z 
2025-11-29T18:06:34.2124870Z ./node_modules/fluent-ffmpeg/lib/options/misc.js
2025-11-29T18:06:34.2147092Z Critical dependency: the request of a dependency is an expression
2025-11-29T18:06:34.2147594Z 
2025-11-29T18:06:34.2147875Z Import trace for requested module:
2025-11-29T18:06:34.2148470Z ./node_modules/fluent-ffmpeg/lib/options/misc.js
2025-11-29T18:06:34.2149124Z ./node_modules/fluent-ffmpeg/lib/fluent-ffmpeg.js
2025-11-29T18:06:34.2149696Z ./node_modules/fluent-ffmpeg/index.js
2025-11-29T18:06:34.2150156Z ./app/api/videos/route.ts
2025-11-29T18:06:34.2150393Z 
2025-11-29T18:06:49.7402455Z  ✓ Compiled successfully
2025-11-29T18:06:49.7410231Z    Linting and checking validity of types ...
2025-11-29T18:07:09.6747955Z    Collecting page data ...
2025-11-29T18:07:10.2939376Z [Telemetry] Application Insights desabilitado: nenhuma connection string encontrada nas variáveis de ambiente
2025-11-29T18:07:10.6871158Z FFmpeg installer package not available. Falling back to system ffmpeg binary. O pacote opcional @ffmpeg-installer/ffmpeg não foi instalado para esta plataforma. Certifique-se de ter o FFmpeg disponível no sistema ou defina a variável FFMPEG_PATH.
2025-11-29T18:07:12.9506551Z    Generating static pages (0/58) ...
2025-11-29T18:07:14.1160559Z    Generating static pages (14/58) 
2025-11-29T18:07:17.1116887Z    Generating static pages (28/58) 
2025-11-29T18:07:17.8406322Z    Generating static pages (43/58) 
2025-11-29T18:07:18.9319393Z  ✓ Generating static pages (58/58)
2025-11-29T18:07:19.9565814Z    Finalizing page optimization ...
2025-11-29T18:07:19.9570299Z    Collecting build traces ...
2025-11-29T18:07:40.4228097Z 
2025-11-29T18:07:40.4331062Z Route (app)                                      Size     First Load JS
2025-11-29T18:07:40.4333610Z ┌ ƒ /                                            1.83 kB         110 kB
2025-11-29T18:07:40.4334522Z ├ ƒ /_not-found                                  876 B          88.2 kB
2025-11-29T18:07:40.4335288Z ├ ƒ /administrator                               155 B          87.5 kB
2025-11-29T18:07:40.4336369Z ├ ƒ /administrator/clubes                        6.46 kB         117 kB
2025-11-29T18:07:40.4337367Z ├ ƒ /administrator/users                         5.68 kB         111 kB
2025-11-29T18:07:40.4338491Z ├ ƒ /administrator/videos                        5.24 kB         111 kB
2025-11-29T18:07:40.4339447Z ├ ƒ /agentes                                     2.7 kB         98.7 kB
2025-11-29T18:07:40.4340345Z ├ ƒ /agentes/[id]                                1.84 kB         117 kB
2025-11-29T18:07:40.4341328Z ├ ƒ /api/admin/clubes                            0 B                0 B
2025-11-29T18:07:40.4342335Z ├ ƒ /api/admin/clubes/[id]                       0 B                0 B
2025-11-29T18:07:40.4343304Z ├ ƒ /api/admin/summary                           0 B                0 B
2025-11-29T18:07:40.4344137Z ├ ƒ /api/admin/users                             0 B                0 B
2025-11-29T18:07:40.4345011Z ├ ƒ /api/admin/users/[userId]/block              0 B                0 B
2025-11-29T18:07:40.4346157Z ├ ƒ /api/admin/videos                            0 B                0 B
2025-11-29T18:07:40.4347082Z ├ ƒ /api/admin/videos/[videoId]/appeal-response  0 B                0 B
2025-11-29T18:07:40.4348020Z ├ ƒ /api/admin/videos/[videoId]/block            0 B                0 B
2025-11-29T18:07:40.4348892Z ├ ƒ /api/agentes                                 0 B                0 B
2025-11-29T18:07:40.4349730Z ├ ƒ /api/agentes/[id]                            0 B                0 B
2025-11-29T18:07:40.4350601Z ├ ƒ /api/atletas                                 0 B                0 B
2025-11-29T18:07:40.4351426Z ├ ƒ /api/atletas/[id]                            0 B                0 B
2025-11-29T18:07:40.4352198Z ├ ƒ /api/auth/[...nextauth]                      0 B                0 B
2025-11-29T18:07:40.4352995Z ├ ƒ /api/blocks/[targetUserId]                   0 B                0 B
2025-11-29T18:07:40.4353762Z ├ ƒ /api/clubes                                  0 B                0 B
2025-11-29T18:07:40.4354822Z ├ ƒ /api/clubes/[slug]                           0 B                0 B
2025-11-29T18:07:40.4355787Z ├ ƒ /api/confederacoes                           0 B                0 B
2025-11-29T18:07:40.4356612Z ├ ƒ /api/confederacoes/[slug]                    0 B                0 B
2025-11-29T18:07:40.4357390Z ├ ƒ /api/db-check                                0 B                0 B
2025-11-29T18:07:40.4358101Z ├ ƒ /api/env                                     0 B                0 B
2025-11-29T18:07:40.4358802Z ├ ƒ /api/errors                                  0 B                0 B
2025-11-29T18:07:40.4359580Z ├ ƒ /api/follows/[targetUserId]                  0 B                0 B
2025-11-29T18:07:40.4360343Z ├ ƒ /api/games                                   0 B                0 B
2025-11-29T18:07:40.4361066Z ├ ƒ /api/games/[slug]                            0 B                0 B
2025-11-29T18:07:40.4361888Z ├ ƒ /api/games/[slug]/comments                   0 B                0 B
2025-11-29T18:07:40.4362827Z ├ ƒ /api/games/[slug]/engagement                 0 B                0 B
2025-11-29T18:07:40.4363649Z ├ ƒ /api/health                                  0 B                0 B
2025-11-29T18:07:40.4364490Z ├ ƒ /api/messages                                0 B                0 B
2025-11-29T18:07:40.4365357Z ├ ƒ /api/messages/unread-count                   0 B                0 B
2025-11-29T18:07:40.4366516Z ├ ƒ /api/news                                    0 B                0 B
2025-11-29T18:07:40.4367252Z ├ ƒ /api/news/[id]                               0 B                0 B
2025-11-29T18:07:40.4368280Z ├ ƒ /api/news/cover                              0 B                0 B
2025-11-29T18:07:40.4369065Z ├ ƒ /api/noticias                                0 B                0 B
2025-11-29T18:07:40.4369901Z ├ ƒ /api/noticias/[slug]                         0 B                0 B
2025-11-29T18:07:40.4370725Z ├ ƒ /api/noticias/[slug]/comments                0 B                0 B
2025-11-29T18:07:40.4371541Z ├ ƒ /api/noticias/[slug]/engagement              0 B                0 B
2025-11-29T18:07:40.4372330Z ├ ƒ /api/pg-check                                0 B                0 B
2025-11-29T18:07:40.4373100Z ├ ƒ /api/profile                                 0 B                0 B
2025-11-29T18:07:40.4373892Z ├ ƒ /api/profile/avatar                          0 B                0 B
2025-11-29T18:07:40.4374710Z ├ ƒ /api/profile/personal-info                   0 B                0 B
2025-11-29T18:07:40.4375682Z ├ ƒ /api/register                                0 B                0 B
2025-11-29T18:07:40.4376606Z ├ ƒ /api/register/atleta-18                      0 B                0 B
2025-11-29T18:07:40.4377408Z ├ ƒ /api/register/clube                          0 B                0 B
2025-11-29T18:07:40.4378239Z ├ ƒ /api/register/de-agentes-licenciados         0 B                0 B
2025-11-29T18:07:40.4379204Z ├ ƒ /api/register/imprensa-jornalistablogueiro   0 B                0 B
2025-11-29T18:07:40.4380038Z ├ ƒ /api/register/responsavel                    0 B                0 B
2025-11-29T18:07:40.4380830Z ├ ƒ /api/register/responsavel/documents          0 B                0 B
2025-11-29T18:07:40.4381734Z ├ ƒ /api/register/torcedor                       0 B                0 B
2025-11-29T18:07:40.4382570Z ├ ○ /api/times                                   0 B                0 B
2025-11-29T18:07:40.4383352Z ├ ƒ /api/videos                                  0 B                0 B
2025-11-29T18:07:40.4384140Z ├ ƒ /api/videos/[id]                             0 B                0 B
2025-11-29T18:07:40.4384996Z ├ ƒ /api/videos/[id]/appeal                      0 B                0 B
2025-11-29T18:07:40.4386038Z ├ ƒ /api/videos/[id]/comments                    0 B                0 B
2025-11-29T18:07:40.4386945Z ├ ƒ /api/videos/proxy                            0 B                0 B
2025-11-29T18:07:40.4387791Z ├ ƒ /arquibancada                                4.49 kB        98.6 kB
2025-11-29T18:07:40.4388838Z ├ ƒ /atletas                                     4.5 kB          107 kB
2025-11-29T18:07:40.4389618Z ├ ƒ /atletas/[id]                                5.24 kB         138 kB
2025-11-29T18:07:40.4390407Z ├ ƒ /cadastro                                    2.21 kB         129 kB
2025-11-29T18:07:40.4391206Z ├ ƒ /cadastro/[slug]                             2.92 kB         121 kB
2025-11-29T18:07:40.4392044Z ├ ƒ /cadastro/atleta-18                          3.91 kB         137 kB
2025-11-29T18:07:40.4392877Z ├ ƒ /cadastro/clube                              4.04 kB         137 kB
2025-11-29T18:07:40.4393783Z ├ ƒ /cadastro/de-agentes-licenciados             4.04 kB         137 kB
2025-11-29T18:07:40.4394751Z ├ ƒ /cadastro/imprensa-jornalistablogueiro       4.19 kB         137 kB
2025-11-29T18:07:40.4395801Z ├ ƒ /cadastro/responsavel                        4.23 kB         137 kB
2025-11-29T18:07:40.4396683Z ├ ƒ /cadastro/responsavel/uploads                3.69 kB         137 kB
2025-11-29T18:07:40.4397547Z ├ ƒ /cadastro/sucesso                            155 B          87.5 kB
2025-11-29T18:07:40.4398402Z ├ ƒ /cadastro/torcedor                           5.13 kB         147 kB
2025-11-29T18:07:40.4399165Z ├ ƒ /clubes                                      3.35 kB         111 kB
2025-11-29T18:07:40.4399878Z ├ ƒ /clubes/[slug]                               807 B           109 kB
2025-11-29T18:07:40.4400659Z ├ ƒ /confederacoes                               807 B           109 kB
2025-11-29T18:07:40.4401464Z ├ ƒ /confederacoes/[slug]                        807 B           109 kB
2025-11-29T18:07:40.4402434Z ├ ƒ /feed                                        12.2 kB         145 kB
2025-11-29T18:07:40.4403143Z ├ ƒ /games                                       197 B           121 kB
2025-11-29T18:07:40.4403890Z ├ ƒ /games/[slug]                                211 B           128 kB
2025-11-29T18:07:40.4404644Z ├ ○ /icon                                        0 B                0 B
2025-11-29T18:07:40.4405356Z ├ ƒ /login                                       3.73 kB         145 kB
2025-11-29T18:07:40.4406319Z ├ ƒ /noticias                                    203 B           121 kB
2025-11-29T18:07:40.4407066Z ├ ƒ /noticias/[slug]                             614 B           129 kB
2025-11-29T18:07:40.4407793Z ├ ƒ /perfil                                      27.3 kB         171 kB
2025-11-29T18:07:40.4408494Z ├ ƒ /perfis/[id]                                 1.84 kB         117 kB
2025-11-29T18:07:40.4409200Z ├ ƒ /player/[id]                                 9.15 kB         127 kB
2025-11-29T18:07:40.4409925Z ├ ƒ /privacidade                                 188 B          96.2 kB
2025-11-29T18:07:40.4410771Z ├ ƒ /registrar-escolha-perfil                    188 B          96.2 kB
2025-11-29T18:07:40.4411565Z ├ ƒ /sobre                                       188 B          96.2 kB
2025-11-29T18:07:40.4412292Z ├ ƒ /torcida                                     155 B          87.5 kB
2025-11-29T18:07:40.4413073Z └ ƒ /upload                                      10.4 kB         119 kB
2025-11-29T18:07:40.4413746Z + First Load JS shared by all                    87.3 kB
2025-11-29T18:07:40.4414474Z   ├ chunks/2117-8600b608bfb46d0e.js              31.7 kB
2025-11-29T18:07:40.4415156Z   ├ chunks/fd9d1056-55796e42a8a57fc6.js          53.6 kB
2025-11-29T18:07:40.4415966Z   └ other shared chunks (total)                  1.97 kB
2025-11-29T18:07:40.4416320Z 
2025-11-29T18:07:40.4416329Z 
2025-11-29T18:07:40.4416718Z ƒ Middleware                                     48.3 kB
2025-11-29T18:07:40.4417053Z 
2025-11-29T18:07:40.4417385Z ○  (Static)   prerendered as static content
2025-11-29T18:07:40.4418012Z ƒ  (Dynamic)  server-rendered on demand
2025-11-29T18:07:40.4418317Z 
2025-11-29T18:07:40.4750804Z 
2025-11-29T18:07:40.4752189Z > vitrine-de-craques-web-site@0.1.0 postbuild
2025-11-29T18:07:40.4753808Z > node scripts/copy-prisma-artifacts.js
2025-11-29T18:07:40.4754172Z 
2025-11-29T18:07:40.5965942Z [copy-prisma-artifacts] Copied Prisma artifacts to /home/runner/work/vitrine-de-craques-web-site/vitrine-de-craques-web-site/.next/standalone/node_modules/.prisma/client
2025-11-29T18:07:40.5974538Z [copy-prisma-artifacts] Linked Prisma artifacts to /home/runner/work/vitrine-de-craques-web-site/vitrine-de-craques-web-site/.next/server/.prisma/client
2025-11-29T18:07:40.5977403Z [copy-prisma-artifacts] Linked Prisma artifacts to /home/runner/work/vitrine-de-craques-web-site/vitrine-de-craques-web-site/.next/server/chunks/.prisma/client
2025-11-29T18:07:40.7418684Z [copy-prisma-artifacts] Copied Prisma artifacts to /home/runner/work/vitrine-de-craques-web-site/vitrine-de-craques-web-site/.next/standalone/node_modules/@prisma/client
2025-11-29T18:07:40.7422332Z [copy-prisma-artifacts] Linked Prisma artifacts to /home/runner/work/vitrine-de-craques-web-site/vitrine-de-craques-web-site/.next/server/@prisma/client
2025-11-29T18:07:40.7424609Z [copy-prisma-artifacts] Linked Prisma artifacts to /home/runner/work/vitrine-de-craques-web-site/vitrine-de-craques-web-site/.next/server/chunks/@prisma/client
2025-11-29T18:07:40.7553603Z ##[group]Run node -v
2025-11-29T18:07:40.7554044Z [36;1mnode -v[0m
2025-11-29T18:07:40.7554390Z [36;1mnpx prisma -v[0m
2025-11-29T18:07:40.7602883Z shell: /usr/bin/bash -e {0}
2025-11-29T18:07:40.7603302Z env:
2025-11-29T18:07:40.7604544Z   DATABASE_URL: ***
2025-11-29T18:07:40.7605171Z   NEXTAUTH_URL: ***
2025-11-29T18:07:40.7605992Z   NEXTAUTH_SECRET: ***
2025-11-29T18:07:40.7606393Z   AUTH_TRUST_HOST: true
2025-11-29T18:07:40.7606773Z ##[endgroup]
2025-11-29T18:07:40.7726096Z v20.19.5
2025-11-29T18:07:42.5548292Z Prisma schema loaded from prisma/schema.prisma
2025-11-29T18:07:42.5584666Z prisma                  : 6.16.2
2025-11-29T18:07:42.5586355Z @prisma/client          : 6.16.2
2025-11-29T18:07:42.5587284Z Computed binaryTarget   : debian-openssl-3.0.x
2025-11-29T18:07:42.5587898Z Operating System        : linux
2025-11-29T18:07:42.5588378Z Architecture            : x64
2025-11-29T18:07:42.5588864Z Node.js                 : v20.19.5
2025-11-29T18:07:42.5589461Z TypeScript              : 5.9.3
2025-11-29T18:07:42.5590920Z Query Engine (Node-API) : libquery-engine 1c57fdcd7e44b29b9313256c76699e91c3ac3c43 (at node_modules/@prisma/engines/libquery_engine-debian-openssl-3.0.x.so.node)
2025-11-29T18:07:42.5592557Z PSL                     : @prisma/prisma-schema-wasm 6.16.0-7.1c57fdcd7e44b29b9313256c76699e91c3ac3c43
2025-11-29T18:07:42.5594203Z Schema Engine           : schema-engine-cli 1c57fdcd7e44b29b9313256c76699e91c3ac3c43 (at node_modules/@prisma/engines/schema-engine-debian-openssl-3.0.x)
2025-11-29T18:07:42.5595855Z Default Engines Hash    : 1c57fdcd7e44b29b9313256c76699e91c3ac3c43
2025-11-29T18:07:42.5596460Z Studio                  : 0.511.0
2025-11-29T18:07:42.5893962Z ##[group]Run echo "SWA_RUNTIME_LOGGING__LOGGING__LOG_LEVEL=debug" >> $GITHUB_ENV
2025-11-29T18:07:42.5894929Z [36;1mecho "SWA_RUNTIME_LOGGING__LOGGING__LOG_LEVEL=debug" >> $GITHUB_ENV[0m
2025-11-29T18:07:42.5895948Z [36;1mecho "SWA_RUNTIME_LOGGING__APP__DEBUG=true" >> $GITHUB_ENV[0m
2025-11-29T18:07:42.5896755Z [36;1mecho "SWA_RUNTIME_LOGGING__HOSTING__DEBUG=true" >> $GITHUB_ENV[0m
2025-11-29T18:07:42.5931616Z shell: /usr/bin/bash -e {0}
2025-11-29T18:07:42.5931863Z env:
2025-11-29T18:07:42.5933108Z   DATABASE_URL: ***
2025-11-29T18:07:42.5933560Z   NEXTAUTH_URL: ***
2025-11-29T18:07:42.5933881Z   NEXTAUTH_SECRET: ***
2025-11-29T18:07:42.5934098Z   AUTH_TRUST_HOST: true
2025-11-29T18:07:42.5934305Z ##[endgroup]
2025-11-29T18:07:42.6061611Z ##[group]Run Azure/static-web-apps-deploy@v1
2025-11-29T18:07:42.6061912Z with:
2025-11-29T18:07:42.6062552Z   azure_static_web_apps_api_token: ***
2025-11-29T18:07:42.6062930Z   repo_token: ***
2025-11-29T18:07:42.6063132Z   action: upload
2025-11-29T18:07:42.6063327Z   app_location: /
2025-11-29T18:07:42.6063517Z env:
2025-11-29T18:07:42.6064142Z   DATABASE_URL: ***
2025-11-29T18:07:42.6064458Z   NEXTAUTH_URL: ***
2025-11-29T18:07:42.6064754Z   NEXTAUTH_SECRET: ***
2025-11-29T18:07:42.6064962Z   AUTH_TRUST_HOST: true
2025-11-29T18:07:42.6065664Z   SWA_RUNTIME_LOGGING__LOGGING__LOG_LEVEL: debug
2025-11-29T18:07:42.6066047Z   SWA_RUNTIME_LOGGING__APP__DEBUG: true
2025-11-29T18:07:42.6066317Z   SWA_RUNTIME_LOGGING__HOSTING__DEBUG: true
2025-11-29T18:07:42.6066575Z ##[endgroup]
2025-11-29T18:07:42.6161927Z ##[command]/usr/bin/docker run --name be8d0aa9fac61102b42feb83f7c5da4dd4452_c55c70 --label 2be8d0 --workdir /github/workspace --rm -e "DATABASE_URL" -e "NEXTAUTH_URL" -e "NEXTAUTH_SECRET" -e "AUTH_TRUST_HOST" -e "SWA_RUNTIME_LOGGING__LOGGING__LOG_LEVEL" -e "SWA_RUNTIME_LOGGING__APP__DEBUG" -e "SWA_RUNTIME_LOGGING__HOSTING__DEBUG" -e "INPUT_AZURE_STATIC_WEB_APPS_API_TOKEN" -e "INPUT_REPO_TOKEN" -e "INPUT_ACTION" -e "INPUT_APP_LOCATION" -e "INPUT_API_LOCATION" -e "INPUT_OUTPUT_LOCATION" -e "INPUT_API_BUILD_COMMAND" -e "INPUT_APP_ARTIFACT_LOCATION" -e "INPUT_APP_BUILD_COMMAND" -e "INPUT_ROUTES_LOCATION" -e "INPUT_SKIP_APP_BUILD" -e "INPUT_CONFIG_FILE_LOCATION" -e "INPUT_SKIP_API_BUILD" -e "INPUT_PRODUCTION_BRANCH" -e "INPUT_DEPLOYMENT_ENVIRONMENT" -e "INPUT_IS_STATIC_EXPORT" -e "INPUT_DATA_API_LOCATION" -e "INPUT_GITHUB_ID_TOKEN" -e "HOME" -e "GITHUB_JOB" -e "GITHUB_REF" -e "GITHUB_SHA" -e "GITHUB_REPOSITORY" -e "GITHUB_REPOSITORY_OWNER" -e "GITHUB_REPOSITORY_OWNER_ID" -e "GITHUB_RUN_ID" -e "GITHUB_RUN_NUMBER" -e "GITHUB_RETENTION_DAYS" -e "GITHUB_RUN_ATTEMPT" -e "GITHUB_ACTOR_ID" -e "GITHUB_ACTOR" -e "GITHUB_WORKFLOW" -e "GITHUB_HEAD_REF" -e "GITHUB_BASE_REF" -e "GITHUB_EVENT_NAME" -e "GITHUB_SERVER_URL" -e "GITHUB_API_URL" -e "GITHUB_GRAPHQL_URL" -e "GITHUB_REF_NAME" -e "GITHUB_REF_PROTECTED" -e "GITHUB_REF_TYPE" -e "GITHUB_WORKFLOW_REF" -e "GITHUB_WORKFLOW_SHA" -e "GITHUB_REPOSITORY_ID" -e "GITHUB_TRIGGERING_ACTOR" -e "GITHUB_WORKSPACE" -e "GITHUB_ACTION" -e "GITHUB_EVENT_PATH" -e "GITHUB_ACTION_REPOSITORY" -e "GITHUB_ACTION_REF" -e "GITHUB_PATH" -e "GITHUB_ENV" -e "GITHUB_STEP_SUMMARY" -e "GITHUB_STATE" -e "GITHUB_OUTPUT" -e "RUNNER_OS" -e "RUNNER_ARCH" -e "RUNNER_NAME" -e "RUNNER_ENVIRONMENT" -e "RUNNER_TOOL_CACHE" -e "RUNNER_TEMP" -e "RUNNER_WORKSPACE" -e "ACTIONS_RUNTIME_URL" -e "ACTIONS_RUNTIME_TOKEN" -e "ACTIONS_CACHE_URL" -e "ACTIONS_RESULTS_URL" -e GITHUB_ACTIONS=true -e CI=true -v "/var/run/docker.sock":"/var/run/docker.sock" -v "/home/runner/work/_temp":"/github/runner_temp" -v "/home/runner/work/_temp/_github_home":"/github/home" -v "/home/runner/work/_temp/_github_workflow":"/github/workflow" -v "/home/runner/work/_temp/_runner_file_commands":"/github/file_commands" -v "/home/runner/work/vitrine-de-craques-web-site/vitrine-de-craques-web-site":"/github/workspace" 2be8d0:aa9fac61102b42feb83f7c5da4dd4452
2025-11-29T18:07:43.3146271Z DeploymentId: ad518736-cf12-404d-814e-b6fcce582486
2025-11-29T18:07:43.3162569Z 
2025-11-29T18:07:43.4480655Z [37mTry to validate location at: '/github/workspace'.[0m
2025-11-29T18:07:43.4500188Z [37mApp Directory Location: '/' was found.[0m
2025-11-29T18:07:43.4501683Z [37mTry to validate location at: '/github/workspace/swa-db-connections'.[0m
2025-11-29T18:07:43.4503331Z [37mLooking for event info[0m
2025-11-29T18:07:44.0055838Z [37mStarting to build app with Oryx[0m
2025-11-29T18:07:44.0063509Z [33mAzure Static Web Apps utilizes Oryx to build both static applications and Azure Functions. You can find more details on Oryx here: https://github.com/microsoft/Oryx[0m
2025-11-29T18:07:44.0065293Z [37m---Oryx build logs---[0m
2025-11-29T18:07:44.0066134Z [37m[0m
2025-11-29T18:07:44.0066755Z [37m[0m
2025-11-29T18:07:44.3583281Z [37mOperation performed by Microsoft Oryx, https://github.com/Microsoft/Oryx[0m
2025-11-29T18:07:44.3607899Z [37mYou can report issues at https://github.com/Microsoft/Oryx/issues[0m
2025-11-29T18:07:44.3609590Z [37m[0m
2025-11-29T18:07:44.3611653Z [37mOryx Version: 0.2.20250107.1+ef3fb2f9c490a4fbb1f76b5746cd4ba2ff0409f4, Commit: ef3fb2f9c490a4fbb1f76b5746cd4ba2ff0409f4, ReleaseTagName: 20250107.1[0m
2025-11-29T18:07:44.3613784Z [37m[0m
2025-11-29T18:07:44.3614863Z [37mBuild Operation ID: 71a466d63c085ace[0m
2025-11-29T18:07:44.3617444Z [37mOS Type           : bullseye[0m
2025-11-29T18:07:44.3620531Z [37mImage Type        : githubactions[0m
2025-11-29T18:07:44.3622925Z [37m[0m
2025-11-29T18:07:44.3758691Z [37mDetecting platforms...[0m
2025-11-29T18:07:46.7974638Z [37mDetected following platforms:[0m
2025-11-29T18:07:46.7990085Z [37m  nodejs: 20.19.5[0m
2025-11-29T18:07:46.7996171Z [37m  python: 3.11.14[0m
2025-11-29T18:07:46.8001608Z [37m  php: 8.0.30[0m
2025-11-29T18:07:46.8027100Z [37mVersion '20.19.5' of platform 'nodejs' is not installed. Generating script to install it...[0m
2025-11-29T18:07:46.8046700Z [37mVersion '3.11.14' of platform 'python' is not installed. Generating script to install it...[0m
2025-11-29T18:07:46.8057005Z [37mVersion '8.0.30' of platform 'php' is not installed. Generating script to install it...[0m
2025-11-29T18:07:46.8548940Z [37mDetected the following frameworks: Typescript,Next.js[0m
2025-11-29T18:07:46.9373715Z [37m[0m
2025-11-29T18:07:46.9451137Z [37m[0m
2025-11-29T18:07:46.9458780Z [37mSource directory     : /github/workspace[0m
2025-11-29T18:07:46.9460072Z [37mDestination directory: /bin/staticsites/ad518736-cf12-404d-814e-b6fcce582486-swa-oryx/app[0m
2025-11-29T18:07:46.9462340Z [37m[0m
2025-11-29T18:07:46.9482813Z [37m[0m
2025-11-29T18:07:46.9484257Z [37mDownloading and extracting 'nodejs' version '20.19.5' to '/tmp/oryx/platforms/nodejs/20.19.5'...[0m
2025-11-29T18:07:46.9543750Z [37mDetected image debian flavor: bullseye.[0m
2025-11-29T18:07:47.2494614Z [37mDownloaded in 1 sec(s).[0m
2025-11-29T18:07:47.2541295Z [37mVerifying checksum...[0m
2025-11-29T18:07:47.2638299Z [37mExtracting contents...[0m
2025-11-29T18:07:48.7127146Z [37mperforming sha512 checksum for: nodejs...[0m
2025-11-29T18:07:48.8607762Z [37mDone in 2 sec(s).[0m
2025-11-29T18:07:48.8609037Z [37m[0m
2025-11-29T18:07:48.8644567Z [37m[0m
2025-11-29T18:07:48.8646034Z [37mDownloading and extracting 'python' version '3.11.14' to '/tmp/oryx/platforms/python/3.11.14'...[0m
2025-11-29T18:07:48.8706174Z [37mDetected image debian flavor: bullseye.[0m
2025-11-29T18:07:50.6209765Z [37mDownloaded in 2 sec(s).[0m
2025-11-29T18:07:50.6211573Z [37mVerifying checksum...[0m
2025-11-29T18:07:50.6293286Z [37mExtracting contents...[0m
2025-11-29T18:07:53.4183443Z [37mperforming sha512 checksum for: python...[0m
2025-11-29T18:07:53.8642376Z [37mDone in 5 sec(s).[0m
2025-11-29T18:07:53.8653505Z [37m[0m
2025-11-29T18:07:53.8891324Z [37mimage detector file exists, platform is python..[0m
2025-11-29T18:07:53.8892226Z [37mOS detector file exists, OS is bullseye..[0m
2025-11-29T18:07:53.8916797Z [37m[0m
2025-11-29T18:07:53.8934693Z [37mDownloading and extracting 'php' version '8.0.30' to '/tmp/oryx/platforms/php/8.0.30'...[0m
2025-11-29T18:07:53.8984020Z [37mDetected image debian flavor: bullseye.[0m
2025-11-29T18:07:54.1097553Z [37mDownloaded in 1 sec(s).[0m
2025-11-29T18:07:54.1101826Z [37mVerifying checksum...[0m
2025-11-29T18:07:54.1159055Z [37mExtracting contents...[0m
2025-11-29T18:07:54.4885612Z [37mperforming sha512 checksum for: php...[0m
2025-11-29T18:07:54.5466335Z [37mDone in 1 sec(s).[0m
2025-11-29T18:07:54.5479450Z [37m[0m
2025-11-29T18:07:54.5513727Z [37m[0m
2025-11-29T18:07:54.5517046Z [37mDownloading and extracting 'php-composer' version '2.6.2' to '/tmp/oryx/platforms/php-composer/2.6.2'...[0m
2025-11-29T18:07:54.5549845Z [37mDetected image debian flavor: bullseye.[0m
2025-11-29T18:07:54.8083325Z [37mDownloaded in 0 sec(s).[0m
2025-11-29T18:07:54.8087687Z [37mVerifying checksum...[0m
2025-11-29T18:07:54.8171724Z [37mExtracting contents...[0m
2025-11-29T18:07:54.8364959Z [37mperforming sha512 checksum for: php-composer...[0m
2025-11-29T18:07:54.8449935Z [37mDone in 0 sec(s).[0m
2025-11-29T18:07:54.8450439Z [37m[0m
2025-11-29T18:07:54.9443134Z [37mRemoving existing manifest file[0m
2025-11-29T18:07:54.9447996Z [37mCreating directory for command manifest file if it does not exist[0m
2025-11-29T18:07:54.9481383Z [37mCreating a manifest file...[0m
2025-11-29T18:07:54.9488565Z [37mNode Build Command Manifest file created.[0m
2025-11-29T18:07:54.9501483Z [37m[0m
2025-11-29T18:07:54.9503229Z [37mFound npm version spec to follow in package.json: '>=9'[0m
2025-11-29T18:07:54.9505645Z [37mUpdating version of npm installed to meet the above version spec.[0m
2025-11-29T18:07:58.8800392Z [37m[0m
2025-11-29T18:07:58.8806350Z [37mremoved 45 packages, and changed 107 packages in 4s[0m
2025-11-29T18:07:58.8817060Z [37m[0m
2025-11-29T18:07:58.8817617Z [37m16 packages are looking for funding[0m
2025-11-29T18:07:58.8818251Z [37m  run `npm fund` for details[0m
2025-11-29T18:07:58.9148267Z [37m[0m
2025-11-29T18:07:58.9148900Z [37m[0m
2025-11-29T18:07:58.9150287Z [37mUsing Node version:[0m
2025-11-29T18:07:58.9186622Z [37mv20.19.5[0m
2025-11-29T18:07:58.9194566Z [37m[0m
2025-11-29T18:07:58.9203093Z [37mUsing Npm version:[0m
2025-11-29T18:07:59.0638079Z [37m11.6.4[0m
2025-11-29T18:07:59.9920078Z [37m[0m
2025-11-29T18:07:59.9925699Z [37mRunning 'npm install'...[0m
2025-11-29T18:07:59.9977088Z [37m[0m
2025-11-29T18:08:08.3640476Z [37m[0m
2025-11-29T18:08:08.3641291Z [37m> vitrine-de-craques-web-site@0.1.0 postinstall[0m
2025-11-29T18:08:08.3642011Z [37m> npx prisma generate[0m
2025-11-29T18:08:08.3654059Z [37m[0m
2025-11-29T18:08:11.3107991Z [37mPrisma schema loaded from prisma/schema.prisma[0m
2025-11-29T18:08:12.1025604Z [37m[0m
2025-11-29T18:08:12.1029802Z [37m✔ Generated Prisma Client (v6.16.2) to ./node_modules/@prisma/client in 426ms[0m
2025-11-29T18:08:12.1034384Z [37m[0m
2025-11-29T18:08:12.1046311Z [37mStart by importing your Prisma Client (See: https://pris.ly/d/importing-client)[0m
2025-11-29T18:08:12.1047099Z [37m[0m
2025-11-29T18:08:12.1048299Z [37mTip: Need your database queries to be 1000x faster? Accelerate offers you that and more: https://pris.ly/tip-2-accelerate[0m
2025-11-29T18:08:12.1049212Z [37m[0m
2025-11-29T18:08:12.1357923Z [37m[0m
2025-11-29T18:08:12.1358644Z [37m> vitrine-de-craques-web-site@0.1.0 prepare[0m
2025-11-29T18:08:12.1359313Z [37m> husky install[0m
2025-11-29T18:08:12.1359730Z [37m[0m
2025-11-29T18:08:12.1742191Z [37mhusky - Git hooks installed[0m
2025-11-29T18:08:12.1851681Z [37m[0m
2025-11-29T18:08:12.1854213Z [37mremoved 7 packages, and audited 867 packages in 12s[0m
2025-11-29T18:08:12.1855241Z [37m[0m
2025-11-29T18:08:12.1879975Z [37m192 packages are looking for funding[0m
2025-11-29T18:08:12.1880706Z [37m  run `npm fund` for details[0m
2025-11-29T18:08:12.2502454Z [37m[0m
2025-11-29T18:08:12.2507209Z [37m3 high severity vulnerabilities[0m
2025-11-29T18:08:12.2511398Z [37m[0m
2025-11-29T18:08:12.2512969Z [37mTo address all issues (including breaking changes), run:[0m
2025-11-29T18:08:12.2514172Z [37m  npm audit fix --force[0m
2025-11-29T18:08:12.2515122Z [37m[0m
2025-11-29T18:08:12.2515915Z [37mRun `npm audit` for details.[0m
2025-11-29T18:08:12.2727667Z [37m[0m
2025-11-29T18:08:12.2729646Z [37mRunning 'npm run build'...[0m
2025-11-29T18:08:12.2746390Z [37m[0m
2025-11-29T18:08:12.3967175Z [37m[0m
2025-11-29T18:08:12.3968619Z [37m> vitrine-de-craques-web-site@0.1.0 build[0m
2025-11-29T18:08:12.3970511Z [37m> npx prisma generate && next build[0m
2025-11-29T18:08:12.3971017Z [37m[0m
2025-11-29T18:08:13.7571295Z [37mPrisma schema loaded from prisma/schema.prisma[0m
2025-11-29T18:08:14.6221890Z [31m┌─────────────────────────────────────────────────────────┐[0m
2025-11-29T18:08:14.6223615Z [31m│  Update available 6.16.2 -> 7.0.1                       │[0m
2025-11-29T18:08:14.6225097Z [31m│                                                         │[0m
2025-11-29T18:08:14.6226269Z [31m│  This is a major update - please follow the guide at    │[0m
2025-11-29T18:08:14.6227224Z [31m│  https://pris.ly/d/major-version-upgrade                │[0m
2025-11-29T18:08:14.6228067Z [31m│                                                         │[0m
2025-11-29T18:08:14.6228868Z [31m│  Run the following to update                            │[0m
2025-11-29T18:08:14.6229728Z [31m│    npm i --save-dev prisma@latest                       │[0m
2025-11-29T18:08:14.6230900Z [31m│    npm i @prisma/client@latest                          │[0m
2025-11-29T18:08:14.6231786Z [31m└─────────────────────────────────────────────────────────┘[0m
2025-11-29T18:08:14.6241244Z [37m[0m
2025-11-29T18:08:14.6242171Z [37m✔ Generated Prisma Client (v6.16.2) to ./node_modules/@prisma/client in 478ms[0m
2025-11-29T18:08:14.6244967Z [37m[0m
2025-11-29T18:08:14.6247305Z [37mStart by importing your Prisma Client (See: https://pris.ly/d/importing-client)[0m
2025-11-29T18:08:14.6248490Z [37m[0m
2025-11-29T18:08:14.6249723Z [37mTip: Want to turn off tips and other hints? https://pris.ly/tip-4-nohints[0m
2025-11-29T18:08:14.6251221Z [37m[0m
2025-11-29T18:08:15.2256573Z [37m  ▲ Next.js 14.2.33[0m
2025-11-29T18:08:15.2260954Z [37m[0m
2025-11-29T18:08:15.6941514Z [37m   Creating an optimized production build ...[0m
2025-11-29T18:08:54.4573164Z [31m ⚠ Compiled with warnings[0m
2025-11-29T18:08:54.4573743Z [31m[0m
2025-11-29T18:08:54.4574334Z [31m./node_modules/@ffmpeg-installer/ffmpeg/index.js[0m
2025-11-29T18:08:54.4575209Z [31mCritical dependency: the request of a dependency is an expression[0m
2025-11-29T18:08:54.4576085Z [31m[0m
2025-11-29T18:08:54.4576581Z [31mImport trace for requested module:[0m
2025-11-29T18:08:54.4577341Z [31m./node_modules/@ffmpeg-installer/ffmpeg/index.js[0m
2025-11-29T18:08:54.4577982Z [31m./app/api/videos/route.ts[0m
2025-11-29T18:08:54.4589194Z [31m[0m
2025-11-29T18:08:54.4591734Z [31m./node_modules/fluent-ffmpeg/lib/options/misc.js[0m
2025-11-29T18:08:54.4594298Z [31mCritical dependency: the request of a dependency is an expression[0m
2025-11-29T18:08:54.4596715Z [31m[0m
2025-11-29T18:08:54.4598738Z [31mImport trace for requested module:[0m
2025-11-29T18:08:54.4601040Z [31m./node_modules/fluent-ffmpeg/lib/options/misc.js[0m
2025-11-29T18:08:54.4602535Z [31m./node_modules/fluent-ffmpeg/lib/fluent-ffmpeg.js[0m
2025-11-29T18:08:54.4604381Z [31m./node_modules/fluent-ffmpeg/index.js[0m
2025-11-29T18:08:54.4605004Z [31m./app/api/videos/route.ts[0m
2025-11-29T18:08:54.4605601Z [31m[0m
2025-11-29T18:09:09.7829068Z [37m ✓ Compiled successfully[0m
2025-11-29T18:09:09.7859360Z [37m   Linting and checking validity of types ...[0m
2025-11-29T18:09:31.0382895Z [37m   Collecting page data ...[0m
2025-11-29T18:09:31.6176944Z [31m[Telemetry] Application Insights desabilitado: nenhuma connection string encontrada nas variáveis de ambiente[0m
2025-11-29T18:09:32.0129933Z [31mFFmpeg installer package not available. Falling back to system ffmpeg binary. O pacote opcional @ffmpeg-installer/ffmpeg não foi instalado para esta plataforma. Certifique-se de ter o FFmpeg disponível no sistema ou defina a variável FFMPEG_PATH.[0m
2025-11-29T18:09:34.2805365Z [37m   Generating static pages (0/58) ...[0m
2025-11-29T18:09:35.4608293Z [37m   Generating static pages (14/58) [0m
2025-11-29T18:09:37.6098209Z [37m   Generating static pages (28/58) [0m
2025-11-29T18:09:38.7874739Z [37m   Generating static pages (43/58) [0m
2025-11-29T18:09:39.6994478Z [37m ✓ Generating static pages (58/58)[0m
2025-11-29T18:09:40.6284610Z [37m   Finalizing page optimization ...[0m
2025-11-29T18:09:40.6299105Z [37m   Collecting build traces ...[0m
2025-11-29T18:10:03.5438618Z [37m[0m
2025-11-29T18:10:03.5567760Z [37mRoute (app)                                      Size     First Load JS[0m
2025-11-29T18:10:03.5569191Z [37m┌ ƒ /                                            1.83 kB         110 kB[0m
2025-11-29T18:10:03.5575157Z [37m├ ƒ /_not-found                                  876 B          88.2 kB[0m
2025-11-29T18:10:03.5576434Z [37m├ ƒ /administrator                               155 B          87.5 kB[0m
2025-11-29T18:10:03.5577529Z [37m├ ƒ /administrator/clubes                        6.46 kB         117 kB[0m
2025-11-29T18:10:03.5578620Z [37m├ ƒ /administrator/users                         5.68 kB         111 kB[0m
2025-11-29T18:10:03.5579656Z [37m├ ƒ /administrator/videos                        5.24 kB         111 kB[0m
2025-11-29T18:10:03.5580976Z [37m├ ƒ /agentes                                     2.7 kB         98.7 kB[0m
2025-11-29T18:10:03.5581844Z [37m├ ƒ /agentes/[id]                                1.84 kB         117 kB[0m
2025-11-29T18:10:03.5582783Z [37m├ ƒ /api/admin/clubes                            0 B                0 B[0m
2025-11-29T18:10:03.5583779Z [37m├ ƒ /api/admin/clubes/[id]                       0 B                0 B[0m
2025-11-29T18:10:03.5584750Z [37m├ ƒ /api/admin/summary                           0 B                0 B[0m
2025-11-29T18:10:03.5594112Z [37m├ ƒ /api/admin/users                             0 B                0 B[0m
2025-11-29T18:10:03.5595199Z [37m├ ƒ /api/admin/users/[userId]/block              0 B                0 B[0m
2025-11-29T18:10:03.5596482Z [37m├ ƒ /api/admin/videos                            0 B                0 B[0m
2025-11-29T18:10:03.5597483Z [37m├ ƒ /api/admin/videos/[videoId]/appeal-response  0 B                0 B[0m
2025-11-29T18:10:03.5598526Z [37m├ ƒ /api/admin/videos/[videoId]/block            0 B                0 B[0m
2025-11-29T18:10:03.5599450Z [37m├ ƒ /api/agentes                                 0 B                0 B[0m
2025-11-29T18:10:03.5600339Z [37m├ ƒ /api/agentes/[id]                            0 B                0 B[0m
2025-11-29T18:10:03.5601175Z [37m├ ƒ /api/atletas                                 0 B                0 B[0m
2025-11-29T18:10:03.5602036Z [37m├ ƒ /api/atletas/[id]                            0 B                0 B[0m
2025-11-29T18:10:03.5602853Z [37m├ ƒ /api/auth/[...nextauth]                      0 B                0 B[0m
2025-11-29T18:10:03.5603721Z [37m├ ƒ /api/blocks/[targetUserId]                   0 B                0 B[0m
2025-11-29T18:10:03.5604587Z [37m├ ƒ /api/clubes                                  0 B                0 B[0m
2025-11-29T18:10:03.5605616Z [37m├ ƒ /api/clubes/[slug]                           0 B                0 B[0m
2025-11-29T18:10:03.5606499Z [37m├ ƒ /api/confederacoes                           0 B                0 B[0m
2025-11-29T18:10:03.5607464Z [37m├ ƒ /api/confederacoes/[slug]                    0 B                0 B[0m
2025-11-29T18:10:03.5608323Z [37m├ ƒ /api/db-check                                0 B                0 B[0m
2025-11-29T18:10:03.5609094Z [37m├ ƒ /api/env                                     0 B                0 B[0m
2025-11-29T18:10:03.5610361Z [37m├ ƒ /api/errors                                  0 B                0 B[0m
2025-11-29T18:10:03.5611221Z [37m├ ƒ /api/follows/[targetUserId]                  0 B                0 B[0m
2025-11-29T18:10:03.5612028Z [37m├ ƒ /api/games                                   0 B                0 B[0m
2025-11-29T18:10:03.5612886Z [37m├ ƒ /api/games/[slug]                            0 B                0 B[0m
2025-11-29T18:10:03.5613797Z [37m├ ƒ /api/games/[slug]/comments                   0 B                0 B[0m
2025-11-29T18:10:03.5614758Z [37m├ ƒ /api/games/[slug]/engagement                 0 B                0 B[0m
2025-11-29T18:10:03.5615872Z [37m├ ƒ /api/health                                  0 B                0 B[0m
2025-11-29T18:10:03.5616801Z [37m├ ƒ /api/messages                                0 B                0 B[0m
2025-11-29T18:10:03.5617768Z [37m├ ƒ /api/messages/unread-count                   0 B                0 B[0m
2025-11-29T18:10:03.5618915Z [37m├ ƒ /api/news                                    0 B                0 B[0m
2025-11-29T18:10:03.5619836Z [37m├ ƒ /api/news/[id]                               0 B                0 B[0m
2025-11-29T18:10:03.5620721Z [37m├ ƒ /api/news/cover                              0 B                0 B[0m
2025-11-29T18:10:03.5621633Z [37m├ ƒ /api/noticias                                0 B                0 B[0m
2025-11-29T18:10:03.5622548Z [37m├ ƒ /api/noticias/[slug]                         0 B                0 B[0m
2025-11-29T18:10:03.5623541Z [37m├ ƒ /api/noticias/[slug]/comments                0 B                0 B[0m
2025-11-29T18:10:03.5624774Z [37m├ ƒ /api/noticias/[slug]/engagement              0 B                0 B[0m
2025-11-29T18:10:03.5626001Z [37m├ ƒ /api/pg-check                                0 B                0 B[0m
2025-11-29T18:10:03.5626963Z [37m├ ƒ /api/profile                                 0 B                0 B[0m
2025-11-29T18:10:03.5627871Z [37m├ ƒ /api/profile/avatar                          0 B                0 B[0m
2025-11-29T18:10:03.5628822Z [37m├ ƒ /api/profile/personal-info                   0 B                0 B[0m
2025-11-29T18:10:03.5629750Z [37m├ ƒ /api/register                                0 B                0 B[0m
2025-11-29T18:10:03.5630617Z [37m├ ƒ /api/register/atleta-18                      0 B                0 B[0m
2025-11-29T18:10:03.5631518Z [37m├ ƒ /api/register/clube                          0 B                0 B[0m
2025-11-29T18:10:03.5632451Z [37m├ ƒ /api/register/de-agentes-licenciados         0 B                0 B[0m
2025-11-29T18:10:03.5633467Z [37m├ ƒ /api/register/imprensa-jornalistablogueiro   0 B                0 B[0m
2025-11-29T18:10:03.5634471Z [37m├ ƒ /api/register/responsavel                    0 B                0 B[0m
2025-11-29T18:10:03.5636045Z [37m├ ƒ /api/register/responsavel/documents          0 B                0 B[0m
2025-11-29T18:10:03.5637076Z [37m├ ƒ /api/register/torcedor                       0 B                0 B[0m
2025-11-29T18:10:03.5637967Z [37m├ ○ /api/times                                   0 B                0 B[0m
2025-11-29T18:10:03.5638796Z [37m├ ƒ /api/videos                                  0 B                0 B[0m
2025-11-29T18:10:03.5639642Z [37m├ ƒ /api/videos/[id]                             0 B                0 B[0m
2025-11-29T18:10:03.5640518Z [37m├ ƒ /api/videos/[id]/appeal                      0 B                0 B[0m
2025-11-29T18:10:03.5641411Z [37m├ ƒ /api/videos/[id]/comments                    0 B                0 B[0m
2025-11-29T18:10:03.5642322Z [37m├ ƒ /api/videos/proxy                            0 B                0 B[0m
2025-11-29T18:10:03.5643211Z [37m├ ƒ /arquibancada                                4.49 kB        98.6 kB[0m
2025-11-29T18:10:03.5644105Z [37m├ ƒ /atletas                                     4.5 kB          107 kB[0m
2025-11-29T18:10:03.5644970Z [37m├ ƒ /atletas/[id]                                5.24 kB         138 kB[0m
2025-11-29T18:10:03.5646192Z [37m├ ƒ /cadastro                                    2.21 kB         129 kB[0m
2025-11-29T18:10:03.5647107Z [37m├ ƒ /cadastro/[slug]                             2.92 kB         121 kB[0m
2025-11-29T18:10:03.5648046Z [37m├ ƒ /cadastro/atleta-18                          3.91 kB         137 kB[0m
2025-11-29T18:10:03.5648991Z [37m├ ƒ /cadastro/clube                              4.03 kB         137 kB[0m
2025-11-29T18:10:03.5649981Z [37m├ ƒ /cadastro/de-agentes-licenciados             4.04 kB         137 kB[0m
2025-11-29T18:10:03.5651067Z [37m├ ƒ /cadastro/imprensa-jornalistablogueiro       4.19 kB         137 kB[0m
2025-11-29T18:10:03.5652325Z [37m├ ƒ /cadastro/responsavel                        4.23 kB         137 kB[0m
2025-11-29T18:10:03.5653360Z [37m├ ƒ /cadastro/responsavel/uploads                3.69 kB         137 kB[0m
2025-11-29T18:10:03.5654374Z [37m├ ƒ /cadastro/sucesso                            155 B          87.5 kB[0m
2025-11-29T18:10:03.5655641Z [37m├ ƒ /cadastro/torcedor                           5.13 kB         147 kB[0m
2025-11-29T18:10:03.5656587Z [37m├ ƒ /clubes                                      3.35 kB         111 kB[0m
2025-11-29T18:10:03.5657451Z [37m├ ƒ /clubes/[slug]                               807 B           109 kB[0m
2025-11-29T18:10:03.5658368Z [37m├ ƒ /confederacoes                               807 B           109 kB[0m
2025-11-29T18:10:03.5659314Z [37m├ ƒ /confederacoes/[slug]                        807 B           109 kB[0m
2025-11-29T18:10:03.5660205Z [37m├ ƒ /feed                                        12.2 kB         145 kB[0m
2025-11-29T18:10:03.5661010Z [37m├ ƒ /games                                       197 B           121 kB[0m
2025-11-29T18:10:03.5661807Z [37m├ ƒ /games/[slug]                                211 B           128 kB[0m
2025-11-29T18:10:03.5662600Z [37m├ ○ /icon                                        0 B                0 B[0m
2025-11-29T18:10:03.5663399Z [37m├ ƒ /login                                       3.73 kB         145 kB[0m
2025-11-29T18:10:03.5664198Z [37m├ ƒ /noticias                                    204 B           121 kB[0m
2025-11-29T18:10:03.5665026Z [37m├ ƒ /noticias/[slug]                             614 B           129 kB[0m
2025-11-29T18:10:03.5665993Z [37m├ ƒ /perfil                                      27.3 kB         171 kB[0m
2025-11-29T18:10:03.5666820Z [37m├ ƒ /perfis/[id]                                 1.84 kB         117 kB[0m
2025-11-29T18:10:03.5667616Z [37m├ ƒ /player/[id]                                 9.15 kB         127 kB[0m
2025-11-29T18:10:03.5668469Z [37m├ ƒ /privacidade                                 189 B          96.2 kB[0m
2025-11-29T18:10:03.5669393Z [37m├ ƒ /registrar-escolha-perfil                    189 B          96.2 kB[0m
2025-11-29T18:10:03.5670296Z [37m├ ƒ /sobre                                       189 B          96.2 kB[0m
2025-11-29T18:10:03.5671093Z [37m├ ƒ /torcida                                     155 B          87.5 kB[0m
2025-11-29T18:10:03.5671926Z [37m└ ƒ /upload                                      10.4 kB         119 kB[0m
2025-11-29T18:10:03.5672721Z [37m+ First Load JS shared by all                    87.3 kB[0m
2025-11-29T18:10:03.5673524Z [37m  ├ chunks/2117-8600b608bfb46d0e.js              31.7 kB[0m
2025-11-29T18:10:03.5674333Z [37m  ├ chunks/fd9d1056-55796e42a8a57fc6.js          53.6 kB[0m
2025-11-29T18:10:03.5675130Z [37m  └ other shared chunks (total)                  1.97 kB[0m
2025-11-29T18:10:03.5675786Z [37m[0m
2025-11-29T18:10:03.5676095Z [37m[0m
2025-11-29T18:10:03.5676675Z [37mƒ Middleware                                     48.3 kB[0m
2025-11-29T18:10:03.5677196Z [37m[0m
2025-11-29T18:10:03.5677711Z [37m○  (Static)   prerendered as static content[0m
2025-11-29T18:10:03.5678373Z [37mƒ  (Dynamic)  server-rendered on demand[0m
2025-11-29T18:10:03.5678843Z [37m[0m
2025-11-29T18:10:03.6010189Z [37m[0m
2025-11-29T18:10:03.6011936Z [37m> vitrine-de-craques-web-site@0.1.0 postbuild[0m
2025-11-29T18:10:03.6012760Z [37m> node scripts/copy-prisma-artifacts.js[0m
2025-11-29T18:10:03.6013309Z [37m[0m
2025-11-29T18:10:03.7275770Z [37m[copy-prisma-artifacts] Copied Prisma artifacts to /github/workspace/.next/standalone/node_modules/.prisma/client[0m
2025-11-29T18:10:03.7285668Z [37m[copy-prisma-artifacts] Linked Prisma artifacts to /github/workspace/.next/server/.prisma/client[0m
2025-11-29T18:10:03.7291699Z [37m[copy-prisma-artifacts] Linked Prisma artifacts to /github/workspace/.next/server/chunks/.prisma/client[0m
2025-11-29T18:10:03.9735175Z [37m[copy-prisma-artifacts] Copied Prisma artifacts to /github/workspace/.next/standalone/node_modules/@prisma/client[0m
2025-11-29T18:10:03.9737604Z [37m[copy-prisma-artifacts] Linked Prisma artifacts to /github/workspace/.next/server/@prisma/client[0m
2025-11-29T18:10:03.9739332Z [37m[copy-prisma-artifacts] Linked Prisma artifacts to /github/workspace/.next/server/chunks/@prisma/client[0m
2025-11-29T18:10:03.9866945Z [37mPreparing output...[0m
2025-11-29T18:10:03.9868003Z [37m[0m
2025-11-29T18:10:03.9869486Z [37mCopying files to destination directory '/bin/staticsites/ad518736-cf12-404d-814e-b6fcce582486-swa-oryx/app'...[0m
2025-11-29T18:10:26.1407823Z [37mDone in 23 sec(s).[0m
2025-11-29T18:10:26.1828322Z [37m[0m
2025-11-29T18:10:26.1838656Z [37mRemoving existing manifest file[0m
2025-11-29T18:10:26.1846839Z [37mCreating a manifest file...[0m
2025-11-29T18:10:26.1854157Z [37mManifest file created.[0m
2025-11-29T18:10:26.1857197Z [37mCopying .ostype to manifest output directory.[0m
2025-11-29T18:10:26.2319900Z [37m[0m
2025-11-29T18:10:26.2321888Z [37mDone in 160 sec(s).[0m
2025-11-29T18:10:26.2753271Z [37m[0m
2025-11-29T18:10:26.2754827Z [37m[0m
2025-11-29T18:10:26.2755329Z [37m---End of Oryx build logs---[0m
2025-11-29T18:10:26.2783851Z [37mTry to validate location at: '/bin/staticsites/ad518736-cf12-404d-814e-b6fcce582486-swa-oryx/app/.next'.[0m
2025-11-29T18:10:26.2789551Z [37mOryx has determined that the app build artifacts are in the '.next' directory. If this is incorrect please specify the app artifact location.[0m
2025-11-29T18:10:26.2790872Z [37mFinished building app with Oryx[0m
2025-11-29T18:10:26.4935139Z [37mUsing 'staticwebapp.config.json' file for configuration information, 'routes.json' will be ignored.[0m
2025-11-29T18:10:26.6262138Z [33m[WARNING] For Next.js apps, staticwebapp.config.json features are not fully supported yet![0m
2025-11-29T18:10:26.6282436Z [37mDetected standalone folder, so using it for deployment.[0m
2025-11-29T18:10:26.6685022Z [37mRepackaged Next.js app to deploy on the backend.[0m
2025-11-29T18:10:26.6692365Z [37mSkipping step to build /bin/staticsites/ad518736-cf12-404d-814e-b6fcce582486-swa-oryx/app/.next/standalone with Oryx[0m
2025-11-29T18:10:26.6693856Z [33mWeb App Runtime Information. OS: linux, node version: 20[0m
2025-11-29T18:10:28.8099446Z [37mZipping Api Artifacts[0m
2025-11-29T18:10:56.8585926Z [37mDone Zipping Api Artifacts[0m
2025-11-29T18:10:57.6837405Z [37mZipping App Artifacts[0m
2025-11-29T18:10:58.6041713Z [37mDone Zipping App Artifacts[0m
2025-11-29T18:10:58.6043150Z [37mUploading build artifacts.[0m
2025-11-29T18:11:01.6779684Z [32mFinished Upload. Polling on deployment.[0m
2025-11-29T18:11:01.8323644Z [37mStatus: InProgress. Time: 0.1537956(s)[0m
2025-11-29T18:11:17.3138545Z [37mStatus: Failed. Time: 15.635675(s)[0m
2025-11-29T18:11:17.3140061Z [31mDeployment Failed :([0m
2025-11-29T18:11:17.3142083Z [31mDeployment Failure Reason: Failed to deploy the Azure Functions.[0m
2025-11-29T18:11:17.3530181Z [37m[0m
2025-11-29T18:11:17.3531792Z [33mFor further information, please visit the Azure Static Web Apps documentation at https://docs.microsoft.com/en-us/azure/static-web-apps/[0m
2025-11-29T18:11:17.3533815Z [33mIf you believe this behavior is unexpected, please raise a GitHub issue at https://github.com/azure/static-web-apps/issues/[0m
2025-11-29T18:11:17.3537843Z [33mExiting[0m
2025-11-29T18:11:19.9463487Z Post job cleanup.
2025-11-29T18:11:20.0355791Z [command]/usr/bin/git version
2025-11-29T18:11:20.0420731Z git version 2.51.2
2025-11-29T18:11:20.0484521Z Temporarily overriding HOME='/home/runner/work/_temp/a4ba1ac7-61ec-4b55-a478-c36b13388515' before making global git config changes
2025-11-29T18:11:20.0486674Z Adding repository directory to the temporary git global config as a safe directory
2025-11-29T18:11:20.0506859Z [command]/usr/bin/git config --global --add safe.directory /home/runner/work/vitrine-de-craques-web-site/vitrine-de-craques-web-site
2025-11-29T18:11:20.0541255Z [command]/usr/bin/git config --local --name-only --get-regexp core\.sshCommand
2025-11-29T18:11:20.0590791Z [command]/usr/bin/git submodule foreach --recursive sh -c "git config --local --name-only --get-regexp 'core\.sshCommand' && git config --local --unset-all 'core.sshCommand' || :"
2025-11-29T18:11:20.0949682Z fatal: No url found for submodule path 'Vitrine-De-Craques-App-iOS/Vitrine-De-Craques-App-iOS' in .gitmodules
2025-11-29T18:11:20.1024807Z ##[warning]The process '/usr/bin/git' failed with exit code 128
2025-11-29T18:11:20.1129289Z Cleaning up orphan processes
