2025-11-23T22:58:45.8478054Z Current runner version: '2.329.0'
2025-11-23T22:58:45.8554098Z ##[group]Runner Image Provisioner
2025-11-23T22:58:45.8555393Z Hosted Compute Agent
2025-11-23T22:58:45.8556420Z Version: 20251016.436
2025-11-23T22:58:45.8557467Z Commit: 8ab8ac8bfd662a3739dab9fe09456aba92132568
2025-11-23T22:58:45.8558887Z Build Date: 2025-10-15T20:44:12Z
2025-11-23T22:58:45.8559918Z ##[endgroup]
2025-11-23T22:58:45.8560829Z ##[group]Operating System
2025-11-23T22:58:45.8561821Z Ubuntu
2025-11-23T22:58:45.8562705Z 24.04.3
2025-11-23T22:58:45.8563530Z LTS
2025-11-23T22:58:45.8564295Z ##[endgroup]
2025-11-23T22:58:45.8565263Z ##[group]Runner Image
2025-11-23T22:58:45.8566282Z Image: ubuntu-24.04
2025-11-23T22:58:45.8567240Z Version: 20251112.124.1
2025-11-23T22:58:45.8589577Z Included Software: https://github.com/actions/runner-images/blob/ubuntu24/20251112.124/images/ubuntu/Ubuntu2404-Readme.md
2025-11-23T22:58:45.8592484Z Image Release: https://github.com/actions/runner-images/releases/tag/ubuntu24%2F20251112.124
2025-11-23T22:58:45.8594240Z ##[endgroup]
2025-11-23T22:58:45.8596229Z ##[group]GITHUB_TOKEN Permissions
2025-11-23T22:58:45.8599183Z Contents: read
2025-11-23T22:58:45.8600712Z Metadata: read
2025-11-23T22:58:45.8601621Z Packages: read
2025-11-23T22:58:45.8602596Z ##[endgroup]
2025-11-23T22:58:45.8606165Z Secret source: Actions
2025-11-23T22:58:45.8607752Z Prepare workflow directory
2025-11-23T22:58:45.9923080Z Prepare all required actions
2025-11-23T22:58:45.9979544Z Getting action download info
2025-11-23T22:58:46.3077134Z Download action repository 'actions/checkout@v3' (SHA:f43a0e5ff2bd294095638e18286ca9a3d1956744)
2025-11-23T22:58:46.4761627Z Download action repository 'actions/setup-node@v4' (SHA:49933ea5288caeca8642d1e84afbd3f7d6820020)
2025-11-23T22:58:46.6278199Z Download action repository 'Azure/static-web-apps-deploy@v1' (SHA:4d27395796ac319302594769cfe812bd207490b1)
2025-11-23T22:58:46.9487109Z Complete job name: Build and Deploy Job
2025-11-23T22:58:46.9871193Z ##[group]Build container for action use: '/home/runner/work/_actions/Azure/static-web-apps-deploy/v1/Dockerfile'.
2025-11-23T22:58:46.9922289Z ##[command]/usr/bin/docker build -t 00cfe7:285c030a7d7f4fc89a3dbb17e0119cbd -f "/home/runner/work/_actions/Azure/static-web-apps-deploy/v1/Dockerfile" "/home/runner/work/_actions/Azure/static-web-apps-deploy/v1"
2025-11-23T22:58:50.3492878Z #0 building with "default" instance using docker driver
2025-11-23T22:58:50.3494179Z 
2025-11-23T22:58:50.3494975Z #1 [internal] load build definition from Dockerfile
2025-11-23T22:58:50.3496570Z #1 transferring dockerfile: 160B done
2025-11-23T22:58:50.3510533Z #1 DONE 0.0s
2025-11-23T22:58:50.3512183Z 
2025-11-23T22:58:50.3513615Z #2 [internal] load metadata for mcr.microsoft.com/appsvc/staticappsclient:stable
2025-11-23T22:58:50.3585148Z #2 DONE 0.2s
2025-11-23T22:58:50.4860272Z 
2025-11-23T22:58:50.4862955Z #3 [internal] load .dockerignore
2025-11-23T22:58:50.4869322Z #3 transferring context: 2B done
2025-11-23T22:58:50.4870644Z #3 DONE 0.0s
2025-11-23T22:58:50.4871233Z 
2025-11-23T22:58:50.4871744Z #4 [internal] load build context
2025-11-23T22:58:50.4873081Z #4 transferring context: 107B done
2025-11-23T22:58:50.4874401Z #4 DONE 0.0s
2025-11-23T22:58:50.4874979Z 
2025-11-23T22:58:50.4876924Z #5 [1/2] FROM mcr.microsoft.com/appsvc/staticappsclient:stable@sha256:3178a283e885dc45a0c7b4c6e9f728f0331ae7fb93de75db4181fa38651170f2
2025-11-23T22:58:50.4891498Z #5 resolve mcr.microsoft.com/appsvc/staticappsclient:stable@sha256:3178a283e885dc45a0c7b4c6e9f728f0331ae7fb93de75db4181fa38651170f2 done
2025-11-23T22:58:50.4895813Z #5 sha256:3178a283e885dc45a0c7b4c6e9f728f0331ae7fb93de75db4181fa38651170f2 2.88kB / 2.88kB done
2025-11-23T22:58:50.4899627Z #5 sha256:2377065f3b700cf1b5e391d26c572c8b91892dd44acd75deebdab5e403b23175 4.13MB / 15.56MB 0.1s
2025-11-23T22:58:50.4903633Z #5 sha256:5d6e107a26c2ffb6e234f04132358dea70a691a64c1152f984d2f2ba0e218c58 17.65MB / 53.74MB 0.1s
2025-11-23T22:58:50.4907646Z #5 sha256:1df8e0748f30e89b0c0477edfc706fc39242e1d6008433c0494113de267e7ca8 15.34kB / 15.34kB done
2025-11-23T22:58:50.4928087Z #5 sha256:5ee26b7a209f9a26720207792b237af3e19c0efeed8695e1e630fcd0feef9230 3.15MB / 54.75MB 0.1s
2025-11-23T22:58:50.5905681Z #5 sha256:2377065f3b700cf1b5e391d26c572c8b91892dd44acd75deebdab5e403b23175 15.56MB / 15.56MB 0.2s done
2025-11-23T22:58:50.5914307Z #5 sha256:5d6e107a26c2ffb6e234f04132358dea70a691a64c1152f984d2f2ba0e218c58 34.71MB / 53.74MB 0.2s
2025-11-23T22:58:50.5919181Z #5 sha256:5ee26b7a209f9a26720207792b237af3e19c0efeed8695e1e630fcd0feef9230 27.26MB / 54.75MB 0.2s
2025-11-23T22:58:50.5923832Z #5 sha256:41c7cd6fb37363fd1ec16dad3463ecc5820eda12c418a82b4849604252d29b88 0B / 197.07MB 0.2s
2025-11-23T22:58:50.7828263Z #5 sha256:5d6e107a26c2ffb6e234f04132358dea70a691a64c1152f984d2f2ba0e218c58 53.74MB / 53.74MB 0.4s
2025-11-23T22:58:50.7833910Z #5 sha256:5ee26b7a209f9a26720207792b237af3e19c0efeed8695e1e630fcd0feef9230 54.75MB / 54.75MB 0.4s
2025-11-23T22:58:50.7836730Z #5 sha256:41c7cd6fb37363fd1ec16dad3463ecc5820eda12c418a82b4849604252d29b88 40.89MB / 197.07MB 0.4s
2025-11-23T22:58:51.0875631Z #5 sha256:5d6e107a26c2ffb6e234f04132358dea70a691a64c1152f984d2f2ba0e218c58 53.74MB / 53.74MB 0.5s done
2025-11-23T22:58:51.0894565Z #5 sha256:5ee26b7a209f9a26720207792b237af3e19c0efeed8695e1e630fcd0feef9230 54.75MB / 54.75MB 0.6s done
2025-11-23T22:58:51.0897135Z #5 sha256:41c7cd6fb37363fd1ec16dad3463ecc5820eda12c418a82b4849604252d29b88 87.40MB / 197.07MB 0.7s
2025-11-23T22:58:51.0900101Z #5 extracting sha256:5d6e107a26c2ffb6e234f04132358dea70a691a64c1152f984d2f2ba0e218c58
2025-11-23T22:58:51.0904571Z #5 sha256:aede74d79976f9d1be608a1286cdb2ca61aad25185440263691db6a0880adadd 13.63MB / 24.46MB 0.7s
2025-11-23T22:58:51.0905812Z #5 sha256:4f4fb700ef54461cfa02571ae0db9a0dc1e0cdb5577484a6d75e68dc38e8acc1 32B / 32B 0.6s done
2025-11-23T22:58:51.0907067Z #5 sha256:c279a6399750ee20e802fb2c47da034ccee5eb4f3b89087f32618f10e8af074a 1.56MB / 1.56MB 0.7s done
2025-11-23T22:58:51.0930562Z #5 sha256:ec0af1da0a0576de654092a28624c0565c6d854216944f18159460338af43293 0B / 72.99MB 0.7s
2025-11-23T22:58:51.2885813Z #5 sha256:41c7cd6fb37363fd1ec16dad3463ecc5820eda12c418a82b4849604252d29b88 121.63MB / 197.07MB 0.9s
2025-11-23T22:58:51.2888700Z #5 sha256:aede74d79976f9d1be608a1286cdb2ca61aad25185440263691db6a0880adadd 24.46MB / 24.46MB 0.8s done
2025-11-23T22:58:51.2889894Z #5 sha256:ec0af1da0a0576de654092a28624c0565c6d854216944f18159460338af43293 42.23MB / 72.99MB 0.9s
2025-11-23T22:58:51.2891035Z #5 sha256:351447e6e3829fac25a761f87d07dc5bfc289f38908901d05fa53aaab54dbdcd 115.52kB / 115.52kB 0.8s done
2025-11-23T22:58:51.2892127Z #5 sha256:cddc70a1cccef26d55fcf9242759c41404c305acea0b4c3a30961c99846a0a55 0B / 637.94kB 0.9s
2025-11-23T22:58:51.2893230Z #5 sha256:eec8099d3f58ba87e25216a07db18b5a0de40b6921ee61ea8ab9b4c29b53a12f 1.16MB / 1.16MB 0.9s done
2025-11-23T22:58:51.4407068Z #5 sha256:41c7cd6fb37363fd1ec16dad3463ecc5820eda12c418a82b4849604252d29b88 137.36MB / 197.07MB 1.0s
2025-11-23T22:58:51.4424101Z #5 sha256:ec0af1da0a0576de654092a28624c0565c6d854216944f18159460338af43293 62.82MB / 72.99MB 1.0s
2025-11-23T22:58:51.4426645Z #5 sha256:cddc70a1cccef26d55fcf9242759c41404c305acea0b4c3a30961c99846a0a55 637.94kB / 637.94kB 0.9s done
2025-11-23T22:58:51.4429045Z #5 sha256:36312d7930e0666f8cfc7940823ac101235e873b7cbb8b20d9481fd404095767 1.13MB / 35.20MB 1.0s
2025-11-23T22:58:51.5520687Z #5 sha256:41c7cd6fb37363fd1ec16dad3463ecc5820eda12c418a82b4849604252d29b88 149.13MB / 197.07MB 1.1s
2025-11-23T22:58:51.5523180Z #5 sha256:ec0af1da0a0576de654092a28624c0565c6d854216944f18159460338af43293 72.99MB / 72.99MB 1.1s
2025-11-23T22:58:51.5524242Z #5 sha256:36312d7930e0666f8cfc7940823ac101235e873b7cbb8b20d9481fd404095767 17.24MB / 35.20MB 1.1s
2025-11-23T22:58:51.6817932Z #5 sha256:41c7cd6fb37363fd1ec16dad3463ecc5820eda12c418a82b4849604252d29b88 165.63MB / 197.07MB 1.2s
2025-11-23T22:58:51.6821874Z #5 sha256:ec0af1da0a0576de654092a28624c0565c6d854216944f18159460338af43293 72.99MB / 72.99MB 1.1s done
2025-11-23T22:58:51.6844251Z #5 sha256:36312d7930e0666f8cfc7940823ac101235e873b7cbb8b20d9481fd404095767 35.20MB / 35.20MB 1.2s
2025-11-23T22:58:51.6862318Z #5 sha256:4a1fde1690fe113870084a3224c66554fc9cbd2310abb9593b0244ec21f4b76d 168B / 168B 1.2s done
2025-11-23T22:58:51.7829108Z #5 sha256:41c7cd6fb37363fd1ec16dad3463ecc5820eda12c418a82b4849604252d29b88 197.07MB / 197.07MB 1.4s
2025-11-23T22:58:51.7830647Z #5 sha256:36312d7930e0666f8cfc7940823ac101235e873b7cbb8b20d9481fd404095767 35.20MB / 35.20MB 1.3s done
2025-11-23T22:58:51.7832981Z #5 sha256:8023cb51985fccd3faa4be6340cdc75b72240277850569aa974767dda5176159 168B / 168B 1.4s
2025-11-23T22:58:52.7146526Z #5 sha256:41c7cd6fb37363fd1ec16dad3463ecc5820eda12c418a82b4849604252d29b88 197.07MB / 197.07MB 2.2s done
2025-11-23T22:58:52.7152027Z #5 sha256:8023cb51985fccd3faa4be6340cdc75b72240277850569aa974767dda5176159 168B / 168B 2.2s done
2025-11-23T22:58:52.7167526Z #5 sha256:4836a863d60df9ca0cedad0eb5e729c4a7f755449fbfbd6d4ea6443e64c990e0 15.73MB / 118.65MB 2.3s
2025-11-23T22:58:52.8231884Z #5 sha256:4836a863d60df9ca0cedad0eb5e729c4a7f755449fbfbd6d4ea6443e64c990e0 44.04MB / 118.65MB 2.4s
2025-11-23T22:58:52.9334310Z #5 sha256:4836a863d60df9ca0cedad0eb5e729c4a7f755449fbfbd6d4ea6443e64c990e0 74.45MB / 118.65MB 2.5s
2025-11-23T22:58:53.0363883Z #5 sha256:4836a863d60df9ca0cedad0eb5e729c4a7f755449fbfbd6d4ea6443e64c990e0 102.76MB / 118.65MB 2.6s
2025-11-23T22:58:53.1664037Z #5 sha256:4836a863d60df9ca0cedad0eb5e729c4a7f755449fbfbd6d4ea6443e64c990e0 118.65MB / 118.65MB 2.7s
2025-11-23T22:58:53.3822995Z #5 sha256:4836a863d60df9ca0cedad0eb5e729c4a7f755449fbfbd6d4ea6443e64c990e0 118.65MB / 118.65MB 2.9s done
2025-11-23T22:58:54.7186107Z #5 extracting sha256:5d6e107a26c2ffb6e234f04132358dea70a691a64c1152f984d2f2ba0e218c58 3.7s done
2025-11-23T22:58:54.8526457Z #5 extracting sha256:2377065f3b700cf1b5e391d26c572c8b91892dd44acd75deebdab5e403b23175 0.1s
2025-11-23T22:58:55.3096744Z #5 extracting sha256:2377065f3b700cf1b5e391d26c572c8b91892dd44acd75deebdab5e403b23175 0.4s done
2025-11-23T22:58:55.9399591Z #5 extracting sha256:5ee26b7a209f9a26720207792b237af3e19c0efeed8695e1e630fcd0feef9230
2025-11-23T22:58:58.1560962Z #5 extracting sha256:5ee26b7a209f9a26720207792b237af3e19c0efeed8695e1e630fcd0feef9230 2.1s done
2025-11-23T22:58:58.6671956Z #5 extracting sha256:41c7cd6fb37363fd1ec16dad3463ecc5820eda12c418a82b4849604252d29b88
2025-11-23T22:59:03.7734305Z #5 extracting sha256:41c7cd6fb37363fd1ec16dad3463ecc5820eda12c418a82b4849604252d29b88 5.1s
2025-11-23T22:59:03.9468215Z #5 extracting sha256:41c7cd6fb37363fd1ec16dad3463ecc5820eda12c418a82b4849604252d29b88 5.3s done
2025-11-23T22:59:06.4188872Z #5 extracting sha256:4f4fb700ef54461cfa02571ae0db9a0dc1e0cdb5577484a6d75e68dc38e8acc1
2025-11-23T22:59:06.6011387Z #5 extracting sha256:4f4fb700ef54461cfa02571ae0db9a0dc1e0cdb5577484a6d75e68dc38e8acc1 done
2025-11-23T22:59:06.6012573Z #5 extracting sha256:aede74d79976f9d1be608a1286cdb2ca61aad25185440263691db6a0880adadd 0.1s
2025-11-23T22:59:07.3628815Z #5 extracting sha256:aede74d79976f9d1be608a1286cdb2ca61aad25185440263691db6a0880adadd 0.8s done
2025-11-23T22:59:07.3630312Z #5 extracting sha256:c279a6399750ee20e802fb2c47da034ccee5eb4f3b89087f32618f10e8af074a
2025-11-23T22:59:07.6172157Z #5 extracting sha256:c279a6399750ee20e802fb2c47da034ccee5eb4f3b89087f32618f10e8af074a 0.1s done
2025-11-23T22:59:07.6173431Z #5 extracting sha256:ec0af1da0a0576de654092a28624c0565c6d854216944f18159460338af43293 0.1s
2025-11-23T22:59:08.7728004Z #5 extracting sha256:ec0af1da0a0576de654092a28624c0565c6d854216944f18159460338af43293 1.1s done
2025-11-23T22:59:09.3141034Z #5 extracting sha256:351447e6e3829fac25a761f87d07dc5bfc289f38908901d05fa53aaab54dbdcd
2025-11-23T22:59:09.4369985Z #5 extracting sha256:351447e6e3829fac25a761f87d07dc5bfc289f38908901d05fa53aaab54dbdcd done
2025-11-23T22:59:09.4373951Z #5 extracting sha256:eec8099d3f58ba87e25216a07db18b5a0de40b6921ee61ea8ab9b4c29b53a12f 0.1s done
2025-11-23T22:59:09.4377107Z #5 extracting sha256:cddc70a1cccef26d55fcf9242759c41404c305acea0b4c3a30961c99846a0a55 0.0s done
2025-11-23T22:59:09.5592887Z #5 extracting sha256:36312d7930e0666f8cfc7940823ac101235e873b7cbb8b20d9481fd404095767 0.1s
2025-11-23T22:59:10.0084918Z #5 extracting sha256:36312d7930e0666f8cfc7940823ac101235e873b7cbb8b20d9481fd404095767 0.5s done
2025-11-23T22:59:10.0091592Z #5 extracting sha256:4a1fde1690fe113870084a3224c66554fc9cbd2310abb9593b0244ec21f4b76d
2025-11-23T22:59:10.2115722Z #5 extracting sha256:4a1fde1690fe113870084a3224c66554fc9cbd2310abb9593b0244ec21f4b76d done
2025-11-23T22:59:10.2122664Z #5 extracting sha256:8023cb51985fccd3faa4be6340cdc75b72240277850569aa974767dda5176159 done
2025-11-23T22:59:10.2124669Z #5 extracting sha256:4836a863d60df9ca0cedad0eb5e729c4a7f755449fbfbd6d4ea6443e64c990e0 0.1s
2025-11-23T22:59:13.8395208Z #5 extracting sha256:4836a863d60df9ca0cedad0eb5e729c4a7f755449fbfbd6d4ea6443e64c990e0 3.6s done
2025-11-23T22:59:15.1640863Z #5 DONE 24.8s
2025-11-23T22:59:15.3334129Z 
2025-11-23T22:59:15.3335100Z #6 [2/2] COPY entrypoint.sh /entrypoint.sh
2025-11-23T22:59:15.3335937Z #6 DONE 0.0s
2025-11-23T22:59:15.3336357Z 
2025-11-23T22:59:15.3336710Z #7 exporting to image
2025-11-23T22:59:15.3337256Z #7 exporting layers
2025-11-23T22:59:16.4884598Z #7 exporting layers 1.3s done
2025-11-23T22:59:16.5084100Z #7 writing image sha256:bf304b037c66aa8fc354e6158913f2a5ffd18ea3a5596d5de42a354c9a9d1a75 done
2025-11-23T22:59:16.5085741Z #7 naming to docker.io/library/00cfe7:285c030a7d7f4fc89a3dbb17e0119cbd done
2025-11-23T22:59:16.5087114Z #7 DONE 1.3s
2025-11-23T22:59:16.5143915Z ##[endgroup]
2025-11-23T22:59:16.5370467Z ##[group]Run actions/checkout@v3
2025-11-23T22:59:16.5371002Z with:
2025-11-23T22:59:16.5371186Z   submodules: false
2025-11-23T22:59:16.5371385Z   lfs: false
2025-11-23T22:59:16.5371725Z   sparse-checkout: *
!Vitrine-De-Craques-App/
!Vitrine-De-Craques-App-iOS/
!docs/

2025-11-23T22:59:16.5372126Z   sparse-checkout-cone-mode: false
2025-11-23T22:59:16.5372428Z   repository: aspepper/vitrine-de-craques-web-site
2025-11-23T22:59:16.5372867Z   token: ***
2025-11-23T22:59:16.5373057Z   ssh-strict: true
2025-11-23T22:59:16.5373264Z   persist-credentials: true
2025-11-23T22:59:16.5373482Z   clean: true
2025-11-23T22:59:16.5373674Z   fetch-depth: 1
2025-11-23T22:59:16.5373854Z   fetch-tags: false
2025-11-23T22:59:16.5374041Z   set-safe-directory: true
2025-11-23T22:59:16.5374422Z env:
2025-11-23T22:59:16.5375122Z   DATABASE_URL: ***
2025-11-23T22:59:16.5375450Z   NEXTAUTH_URL: ***
2025-11-23T22:59:16.5375735Z   NEXTAUTH_SECRET: ***
2025-11-23T22:59:16.5375933Z   AUTH_TRUST_HOST: true
2025-11-23T22:59:16.5376153Z ##[endgroup]
2025-11-23T22:59:16.6314206Z Syncing repository: aspepper/vitrine-de-craques-web-site
2025-11-23T22:59:16.6316201Z ##[group]Getting Git version info
2025-11-23T22:59:16.6317036Z Working directory is '/home/runner/work/vitrine-de-craques-web-site/vitrine-de-craques-web-site'
2025-11-23T22:59:16.6318151Z [command]/usr/bin/git version
2025-11-23T22:59:16.6323943Z git version 2.51.2
2025-11-23T22:59:16.6351444Z ##[endgroup]
2025-11-23T22:59:16.6369046Z Temporarily overriding HOME='/home/runner/work/_temp/2b447a42-1993-4718-bb37-9e0065711315' before making global git config changes
2025-11-23T22:59:16.6374680Z Adding repository directory to the temporary git global config as a safe directory
2025-11-23T22:59:16.6376072Z [command]/usr/bin/git config --global --add safe.directory /home/runner/work/vitrine-de-craques-web-site/vitrine-de-craques-web-site
2025-11-23T22:59:16.6411826Z Deleting the contents of '/home/runner/work/vitrine-de-craques-web-site/vitrine-de-craques-web-site'
2025-11-23T22:59:16.6416480Z ##[group]Initializing the repository
2025-11-23T22:59:16.6420865Z [command]/usr/bin/git init /home/runner/work/vitrine-de-craques-web-site/vitrine-de-craques-web-site
2025-11-23T22:59:16.6519079Z hint: Using 'master' as the name for the initial branch. This default branch name
2025-11-23T22:59:16.6520698Z hint: is subject to change. To configure the initial branch name to use in all
2025-11-23T22:59:16.6522574Z hint: of your new repositories, which will suppress this warning, call:
2025-11-23T22:59:16.6523171Z hint:
2025-11-23T22:59:16.6523597Z hint: 	git config --global init.defaultBranch <name>
2025-11-23T22:59:16.6524319Z hint:
2025-11-23T22:59:16.6524775Z hint: Names commonly chosen instead of 'master' are 'main', 'trunk' and
2025-11-23T22:59:16.6525560Z hint: 'development'. The just-created branch can be renamed via this command:
2025-11-23T22:59:16.6527949Z hint:
2025-11-23T22:59:16.6528534Z hint: 	git branch -m <name>
2025-11-23T22:59:16.6528972Z hint:
2025-11-23T22:59:16.6529553Z hint: Disable this message with "git config set advice.defaultBranchName false"
2025-11-23T22:59:16.6530886Z Initialized empty Git repository in /home/runner/work/vitrine-de-craques-web-site/vitrine-de-craques-web-site/.git/
2025-11-23T22:59:16.6536674Z [command]/usr/bin/git remote add origin https://github.com/aspepper/vitrine-de-craques-web-site
2025-11-23T22:59:16.6630723Z ##[endgroup]
2025-11-23T22:59:16.6631359Z ##[group]Disabling automatic garbage collection
2025-11-23T22:59:16.6633913Z [command]/usr/bin/git config --local gc.auto 0
2025-11-23T22:59:16.6665245Z ##[endgroup]
2025-11-23T22:59:16.6666796Z ##[group]Setting up auth
2025-11-23T22:59:16.6671038Z [command]/usr/bin/git config --local --name-only --get-regexp core\.sshCommand
2025-11-23T22:59:16.6700795Z [command]/usr/bin/git submodule foreach --recursive sh -c "git config --local --name-only --get-regexp 'core\.sshCommand' && git config --local --unset-all 'core.sshCommand' || :"
2025-11-23T22:59:16.7038075Z [command]/usr/bin/git config --local --name-only --get-regexp http\.https\:\/\/github\.com\/\.extraheader
2025-11-23T22:59:16.7069268Z [command]/usr/bin/git submodule foreach --recursive sh -c "git config --local --name-only --get-regexp 'http\.https\:\/\/github\.com\/\.extraheader' && git config --local --unset-all 'http.https://github.com/.extraheader' || :"
2025-11-23T22:59:16.7306593Z [command]/usr/bin/git config --local http.https://github.com/.extraheader AUTHORIZATION: basic ***
2025-11-23T22:59:16.7344416Z ##[endgroup]
2025-11-23T22:59:16.7346088Z ##[group]Fetching the repository
2025-11-23T22:59:16.7354055Z [command]/usr/bin/git -c protocol.version=2 fetch --no-tags --prune --progress --no-recurse-submodules --filter=blob:none --depth=1 origin +9abcfc5e69c6cd2be4081118b11ead9a3b1609c1:refs/remotes/origin/main
2025-11-23T22:59:16.9618881Z remote: Enumerating objects: 198, done.        
2025-11-23T22:59:16.9627872Z remote: Counting objects:   0% (1/198)        
2025-11-23T22:59:16.9635005Z remote: Counting objects:   1% (2/198)        
2025-11-23T22:59:16.9635603Z remote: Counting objects:   2% (4/198)        
2025-11-23T22:59:16.9636117Z remote: Counting objects:   3% (6/198)        
2025-11-23T22:59:16.9636625Z remote: Counting objects:   4% (8/198)        
2025-11-23T22:59:16.9648047Z remote: Counting objects:   5% (10/198)        
2025-11-23T22:59:16.9648948Z remote: Counting objects:   6% (12/198)        
2025-11-23T22:59:16.9653600Z remote: Counting objects:   7% (14/198)        
2025-11-23T22:59:16.9654159Z remote: Counting objects:   8% (16/198)        
2025-11-23T22:59:16.9654902Z remote: Counting objects:   9% (18/198)        
2025-11-23T22:59:16.9655451Z remote: Counting objects:  10% (20/198)        
2025-11-23T22:59:16.9655953Z remote: Counting objects:  11% (22/198)        
2025-11-23T22:59:16.9656470Z remote: Counting objects:  12% (24/198)        
2025-11-23T22:59:16.9657055Z remote: Counting objects:  13% (26/198)        
2025-11-23T22:59:16.9657582Z remote: Counting objects:  14% (28/198)        
2025-11-23T22:59:16.9658095Z remote: Counting objects:  15% (30/198)        
2025-11-23T22:59:16.9658820Z remote: Counting objects:  16% (32/198)        
2025-11-23T22:59:16.9664300Z remote: Counting objects:  17% (34/198)        
2025-11-23T22:59:16.9664880Z remote: Counting objects:  18% (36/198)        
2025-11-23T22:59:16.9669807Z remote: Counting objects:  19% (38/198)        
2025-11-23T22:59:16.9670367Z remote: Counting objects:  20% (40/198)        
2025-11-23T22:59:16.9671130Z remote: Counting objects:  21% (42/198)        
2025-11-23T22:59:16.9671663Z remote: Counting objects:  22% (44/198)        
2025-11-23T22:59:16.9672197Z remote: Counting objects:  23% (46/198)        
2025-11-23T22:59:16.9673127Z remote: Counting objects:  24% (48/198)        
2025-11-23T22:59:16.9673660Z remote: Counting objects:  25% (50/198)        
2025-11-23T22:59:16.9674196Z remote: Counting objects:  26% (52/198)        
2025-11-23T22:59:16.9674768Z remote: Counting objects:  27% (54/198)        
2025-11-23T22:59:16.9679622Z remote: Counting objects:  28% (56/198)        
2025-11-23T22:59:16.9680210Z remote: Counting objects:  29% (58/198)        
2025-11-23T22:59:16.9684892Z remote: Counting objects:  30% (60/198)        
2025-11-23T22:59:16.9685495Z remote: Counting objects:  31% (62/198)        
2025-11-23T22:59:16.9686263Z remote: Counting objects:  32% (64/198)        
2025-11-23T22:59:16.9686827Z remote: Counting objects:  33% (66/198)        
2025-11-23T22:59:16.9687365Z remote: Counting objects:  34% (68/198)        
2025-11-23T22:59:16.9687890Z remote: Counting objects:  35% (70/198)        
2025-11-23T22:59:16.9688604Z remote: Counting objects:  36% (72/198)        
2025-11-23T22:59:16.9689162Z remote: Counting objects:  37% (74/198)        
2025-11-23T22:59:16.9689704Z remote: Counting objects:  38% (76/198)        
2025-11-23T22:59:16.9690233Z remote: Counting objects:  39% (78/198)        
2025-11-23T22:59:16.9690760Z remote: Counting objects:  40% (80/198)        
2025-11-23T22:59:16.9691550Z remote: Counting objects:  41% (82/198)        
2025-11-23T22:59:16.9692132Z remote: Counting objects:  42% (84/198)        
2025-11-23T22:59:16.9692662Z remote: Counting objects:  43% (86/198)        
2025-11-23T22:59:16.9693200Z remote: Counting objects:  44% (88/198)        
2025-11-23T22:59:16.9693735Z remote: Counting objects:  45% (90/198)        
2025-11-23T22:59:16.9694362Z remote: Counting objects:  46% (92/198)        
2025-11-23T22:59:16.9694896Z remote: Counting objects:  47% (94/198)        
2025-11-23T22:59:16.9695430Z remote: Counting objects:  48% (96/198)        
2025-11-23T22:59:16.9695975Z remote: Counting objects:  49% (98/198)        
2025-11-23T22:59:16.9696520Z remote: Counting objects:  50% (99/198)        
2025-11-23T22:59:16.9697049Z remote: Counting objects:  51% (101/198)        
2025-11-23T22:59:16.9697590Z remote: Counting objects:  52% (103/198)        
2025-11-23T22:59:16.9698129Z remote: Counting objects:  53% (105/198)        
2025-11-23T22:59:16.9702880Z remote: Counting objects:  54% (107/198)        
2025-11-23T22:59:16.9703458Z remote: Counting objects:  55% (109/198)        
2025-11-23T22:59:16.9704000Z remote: Counting objects:  56% (111/198)        
2025-11-23T22:59:16.9704528Z remote: Counting objects:  57% (113/198)        
2025-11-23T22:59:16.9705055Z remote: Counting objects:  58% (115/198)        
2025-11-23T22:59:16.9705577Z remote: Counting objects:  59% (117/198)        
2025-11-23T22:59:16.9706124Z remote: Counting objects:  60% (119/198)        
2025-11-23T22:59:16.9710995Z remote: Counting objects:  61% (121/198)        
2025-11-23T22:59:16.9711629Z remote: Counting objects:  62% (123/198)        
2025-11-23T22:59:16.9716337Z remote: Counting objects:  63% (125/198)        
2025-11-23T22:59:16.9716971Z remote: Counting objects:  64% (127/198)        
2025-11-23T22:59:16.9721962Z remote: Counting objects:  65% (129/198)        
2025-11-23T22:59:16.9722556Z remote: Counting objects:  66% (131/198)        
2025-11-23T22:59:16.9723109Z remote: Counting objects:  67% (133/198)        
2025-11-23T22:59:16.9723680Z remote: Counting objects:  68% (135/198)        
2025-11-23T22:59:16.9724235Z remote: Counting objects:  69% (137/198)        
2025-11-23T22:59:16.9728988Z remote: Counting objects:  70% (139/198)        
2025-11-23T22:59:16.9729578Z remote: Counting objects:  71% (141/198)        
2025-11-23T22:59:16.9730122Z remote: Counting objects:  72% (143/198)        
2025-11-23T22:59:16.9734684Z remote: Counting objects:  73% (145/198)        
2025-11-23T22:59:16.9735266Z remote: Counting objects:  74% (147/198)        
2025-11-23T22:59:16.9740183Z remote: Counting objects:  75% (149/198)        
2025-11-23T22:59:16.9740750Z remote: Counting objects:  76% (151/198)        
2025-11-23T22:59:16.9741832Z remote: Counting objects:  77% (153/198)        
2025-11-23T22:59:16.9831544Z remote: Counting objects:  78% (155/198)        
2025-11-23T22:59:16.9832206Z remote: Counting objects:  79% (157/198)        
2025-11-23T22:59:16.9832722Z remote: Counting objects:  80% (159/198)        
2025-11-23T22:59:16.9839389Z remote: Counting objects:  81% (161/198)        
2025-11-23T22:59:16.9839975Z remote: Counting objects:  82% (163/198)        
2025-11-23T22:59:16.9840520Z remote: Counting objects:  83% (165/198)        
2025-11-23T22:59:16.9841033Z remote: Counting objects:  84% (167/198)        
2025-11-23T22:59:16.9841561Z remote: Counting objects:  85% (169/198)        
2025-11-23T22:59:16.9842075Z remote: Counting objects:  86% (171/198)        
2025-11-23T22:59:16.9842583Z remote: Counting objects:  87% (173/198)        
2025-11-23T22:59:16.9843102Z remote: Counting objects:  88% (175/198)        
2025-11-23T22:59:16.9843629Z remote: Counting objects:  89% (177/198)        
2025-11-23T22:59:16.9844181Z remote: Counting objects:  90% (179/198)        
2025-11-23T22:59:16.9844714Z remote: Counting objects:  91% (181/198)        
2025-11-23T22:59:16.9845246Z remote: Counting objects:  92% (183/198)        
2025-11-23T22:59:16.9845825Z remote: Counting objects:  93% (185/198)        
2025-11-23T22:59:16.9846591Z remote: Counting objects:  94% (187/198)        
2025-11-23T22:59:16.9847191Z remote: Counting objects:  95% (189/198)        
2025-11-23T22:59:16.9847732Z remote: Counting objects:  96% (191/198)        
2025-11-23T22:59:16.9848250Z remote: Counting objects:  97% (193/198)        
2025-11-23T22:59:16.9849054Z remote: Counting objects:  98% (195/198)        
2025-11-23T22:59:16.9849574Z remote: Counting objects:  99% (197/198)        
2025-11-23T22:59:16.9850082Z remote: Counting objects: 100% (198/198)        
2025-11-23T22:59:16.9850636Z remote: Counting objects: 100% (198/198), done.        
2025-11-23T22:59:16.9851205Z remote: Compressing objects:   0% (1/110)        
2025-11-23T22:59:16.9851762Z remote: Compressing objects:   1% (2/110)        
2025-11-23T22:59:16.9852310Z remote: Compressing objects:   2% (3/110)        
2025-11-23T22:59:16.9852850Z remote: Compressing objects:   3% (4/110)        
2025-11-23T22:59:16.9853368Z remote: Compressing objects:   4% (5/110)        
2025-11-23T22:59:16.9853914Z remote: Compressing objects:   5% (6/110)        
2025-11-23T22:59:16.9854445Z remote: Compressing objects:   6% (7/110)        
2025-11-23T22:59:16.9855027Z remote: Compressing objects:   7% (8/110)        
2025-11-23T22:59:16.9855561Z remote: Compressing objects:   8% (9/110)        
2025-11-23T22:59:16.9856112Z remote: Compressing objects:   9% (10/110)        
2025-11-23T22:59:16.9856658Z remote: Compressing objects:  10% (11/110)        
2025-11-23T22:59:16.9857187Z remote: Compressing objects:  11% (13/110)        
2025-11-23T22:59:16.9857717Z remote: Compressing objects:  12% (14/110)        
2025-11-23T22:59:16.9858247Z remote: Compressing objects:  13% (15/110)        
2025-11-23T22:59:16.9858977Z remote: Compressing objects:  14% (16/110)        
2025-11-23T22:59:16.9859519Z remote: Compressing objects:  15% (17/110)        
2025-11-23T22:59:16.9860069Z remote: Compressing objects:  16% (18/110)        
2025-11-23T22:59:16.9860594Z remote: Compressing objects:  17% (19/110)        
2025-11-23T22:59:16.9861171Z remote: Compressing objects:  18% (20/110)        
2025-11-23T22:59:16.9861536Z remote: Compressing objects:  19% (21/110)        
2025-11-23T22:59:16.9861860Z remote: Compressing objects:  20% (22/110)        
2025-11-23T22:59:16.9862169Z remote: Compressing objects:  21% (24/110)        
2025-11-23T22:59:16.9862491Z remote: Compressing objects:  22% (25/110)        
2025-11-23T22:59:16.9862805Z remote: Compressing objects:  23% (26/110)        
2025-11-23T22:59:16.9863129Z remote: Compressing objects:  24% (27/110)        
2025-11-23T22:59:16.9863456Z remote: Compressing objects:  25% (28/110)        
2025-11-23T22:59:16.9863767Z remote: Compressing objects:  26% (29/110)        
2025-11-23T22:59:16.9864260Z remote: Compressing objects:  27% (30/110)        
2025-11-23T22:59:16.9864569Z remote: Compressing objects:  28% (31/110)        
2025-11-23T22:59:16.9864878Z remote: Compressing objects:  29% (32/110)        
2025-11-23T22:59:16.9865182Z remote: Compressing objects:  30% (33/110)        
2025-11-23T22:59:16.9865489Z remote: Compressing objects:  31% (35/110)        
2025-11-23T22:59:16.9865793Z remote: Compressing objects:  32% (36/110)        
2025-11-23T22:59:16.9866096Z remote: Compressing objects:  33% (37/110)        
2025-11-23T22:59:16.9866399Z remote: Compressing objects:  34% (38/110)        
2025-11-23T22:59:16.9866753Z remote: Compressing objects:  35% (39/110)        
2025-11-23T22:59:16.9867055Z remote: Compressing objects:  36% (40/110)        
2025-11-23T22:59:16.9867369Z remote: Compressing objects:  37% (41/110)        
2025-11-23T22:59:16.9867682Z remote: Compressing objects:  38% (42/110)        
2025-11-23T22:59:16.9867994Z remote: Compressing objects:  39% (43/110)        
2025-11-23T22:59:16.9868472Z remote: Compressing objects:  40% (44/110)        
2025-11-23T22:59:16.9868865Z remote: Compressing objects:  41% (46/110)        
2025-11-23T22:59:16.9869177Z remote: Compressing objects:  42% (47/110)        
2025-11-23T22:59:16.9869615Z remote: Compressing objects:  43% (48/110)        
2025-11-23T22:59:16.9869928Z remote: Compressing objects:  44% (49/110)        
2025-11-23T22:59:16.9870235Z remote: Compressing objects:  45% (50/110)        
2025-11-23T22:59:16.9870534Z remote: Compressing objects:  46% (51/110)        
2025-11-23T22:59:16.9870844Z remote: Compressing objects:  47% (52/110)        
2025-11-23T22:59:16.9871148Z remote: Compressing objects:  48% (53/110)        
2025-11-23T22:59:16.9871446Z remote: Compressing objects:  49% (54/110)        
2025-11-23T22:59:16.9871761Z remote: Compressing objects:  50% (55/110)        
2025-11-23T22:59:16.9872070Z remote: Compressing objects:  51% (57/110)        
2025-11-23T22:59:16.9872378Z remote: Compressing objects:  52% (58/110)        
2025-11-23T22:59:16.9872685Z remote: Compressing objects:  53% (59/110)        
2025-11-23T22:59:16.9872999Z remote: Compressing objects:  54% (60/110)        
2025-11-23T22:59:16.9873310Z remote: Compressing objects:  55% (61/110)        
2025-11-23T22:59:16.9873622Z remote: Compressing objects:  56% (62/110)        
2025-11-23T22:59:16.9873928Z remote: Compressing objects:  57% (63/110)        
2025-11-23T22:59:16.9874240Z remote: Compressing objects:  58% (64/110)        
2025-11-23T22:59:16.9874551Z remote: Compressing objects:  59% (65/110)        
2025-11-23T22:59:16.9874848Z remote: Compressing objects:  60% (66/110)        
2025-11-23T22:59:16.9875159Z remote: Compressing objects:  61% (68/110)        
2025-11-23T22:59:16.9875466Z remote: Compressing objects:  62% (69/110)        
2025-11-23T22:59:16.9875771Z remote: Compressing objects:  63% (70/110)        
2025-11-23T22:59:16.9876078Z remote: Compressing objects:  64% (71/110)        
2025-11-23T22:59:16.9876389Z remote: Compressing objects:  65% (72/110)        
2025-11-23T22:59:16.9876696Z remote: Compressing objects:  66% (73/110)        
2025-11-23T22:59:16.9876999Z remote: Compressing objects:  67% (74/110)        
2025-11-23T22:59:16.9877307Z remote: Compressing objects:  68% (75/110)        
2025-11-23T22:59:16.9877617Z remote: Compressing objects:  69% (76/110)        
2025-11-23T22:59:16.9877926Z remote: Compressing objects:  70% (77/110)        
2025-11-23T22:59:16.9878229Z remote: Compressing objects:  71% (79/110)        
2025-11-23T22:59:16.9878751Z remote: Compressing objects:  72% (80/110)        
2025-11-23T22:59:16.9879057Z remote: Compressing objects:  73% (81/110)        
2025-11-23T22:59:16.9879362Z remote: Compressing objects:  74% (82/110)        
2025-11-23T22:59:16.9879662Z remote: Compressing objects:  75% (83/110)        
2025-11-23T22:59:16.9879962Z remote: Compressing objects:  76% (84/110)        
2025-11-23T22:59:16.9880261Z remote: Compressing objects:  77% (85/110)        
2025-11-23T22:59:16.9880699Z remote: Compressing objects:  78% (86/110)        
2025-11-23T22:59:16.9881001Z remote: Compressing objects:  79% (87/110)        
2025-11-23T22:59:16.9881305Z remote: Compressing objects:  80% (88/110)        
2025-11-23T22:59:16.9881601Z remote: Compressing objects:  81% (90/110)        
2025-11-23T22:59:16.9881898Z remote: Compressing objects:  82% (91/110)        
2025-11-23T22:59:16.9882202Z remote: Compressing objects:  83% (92/110)        
2025-11-23T22:59:16.9882500Z remote: Compressing objects:  84% (93/110)        
2025-11-23T22:59:16.9882800Z remote: Compressing objects:  85% (94/110)        
2025-11-23T22:59:16.9883101Z remote: Compressing objects:  86% (95/110)        
2025-11-23T22:59:16.9883403Z remote: Compressing objects:  87% (96/110)        
2025-11-23T22:59:16.9883713Z remote: Compressing objects:  88% (97/110)        
2025-11-23T22:59:16.9884017Z remote: Compressing objects:  89% (98/110)        
2025-11-23T22:59:16.9884320Z remote: Compressing objects:  90% (99/110)        
2025-11-23T22:59:16.9884631Z remote: Compressing objects:  91% (101/110)        
2025-11-23T22:59:16.9884944Z remote: Compressing objects:  92% (102/110)        
2025-11-23T22:59:16.9885245Z remote: Compressing objects:  93% (103/110)        
2025-11-23T22:59:16.9885550Z remote: Compressing objects:  94% (104/110)        
2025-11-23T22:59:16.9886148Z remote: Compressing objects:  95% (105/110)        
2025-11-23T22:59:16.9886705Z remote: Compressing objects:  96% (106/110)        
2025-11-23T22:59:16.9887251Z remote: Compressing objects:  97% (107/110)        
2025-11-23T22:59:16.9887788Z remote: Compressing objects:  98% (108/110)        
2025-11-23T22:59:16.9888516Z remote: Compressing objects:  99% (109/110)        
2025-11-23T22:59:16.9889066Z remote: Compressing objects: 100% (110/110)        
2025-11-23T22:59:16.9889646Z remote: Compressing objects: 100% (110/110), done.        
2025-11-23T22:59:16.9903675Z Receiving objects:   0% (1/198)
2025-11-23T22:59:16.9914389Z Receiving objects:   1% (2/198)
2025-11-23T22:59:16.9914946Z Receiving objects:   2% (4/198)
2025-11-23T22:59:16.9916104Z Receiving objects:   3% (6/198)
2025-11-23T22:59:16.9916656Z Receiving objects:   4% (8/198)
2025-11-23T22:59:16.9917961Z Receiving objects:   5% (10/198)
2025-11-23T22:59:16.9918683Z Receiving objects:   6% (12/198)
2025-11-23T22:59:16.9919115Z Receiving objects:   7% (14/198)
2025-11-23T22:59:16.9919519Z Receiving objects:   8% (16/198)
2025-11-23T22:59:16.9919909Z Receiving objects:   9% (18/198)
2025-11-23T22:59:16.9920309Z Receiving objects:  10% (20/198)
2025-11-23T22:59:16.9920706Z Receiving objects:  11% (22/198)
2025-11-23T22:59:16.9921100Z Receiving objects:  12% (24/198)
2025-11-23T22:59:16.9921494Z Receiving objects:  13% (26/198)
2025-11-23T22:59:16.9921892Z Receiving objects:  14% (28/198)
2025-11-23T22:59:16.9922300Z Receiving objects:  15% (30/198)
2025-11-23T22:59:16.9922677Z Receiving objects:  16% (32/198)
2025-11-23T22:59:16.9923045Z Receiving objects:  17% (34/198)
2025-11-23T22:59:16.9923423Z Receiving objects:  18% (36/198)
2025-11-23T22:59:16.9923805Z Receiving objects:  19% (38/198)
2025-11-23T22:59:16.9924173Z Receiving objects:  20% (40/198)
2025-11-23T22:59:16.9924537Z Receiving objects:  21% (42/198)
2025-11-23T22:59:16.9924915Z Receiving objects:  22% (44/198)
2025-11-23T22:59:16.9925284Z Receiving objects:  23% (46/198)
2025-11-23T22:59:16.9925646Z Receiving objects:  24% (48/198)
2025-11-23T22:59:16.9926016Z Receiving objects:  25% (50/198)
2025-11-23T22:59:16.9926392Z Receiving objects:  26% (52/198)
2025-11-23T22:59:16.9926759Z Receiving objects:  27% (54/198)
2025-11-23T22:59:16.9927124Z Receiving objects:  28% (56/198)
2025-11-23T22:59:16.9927491Z Receiving objects:  29% (58/198)
2025-11-23T22:59:16.9927861Z Receiving objects:  30% (60/198)
2025-11-23T22:59:16.9928240Z Receiving objects:  31% (62/198)
2025-11-23T22:59:16.9928878Z Receiving objects:  32% (64/198)
2025-11-23T22:59:16.9929289Z Receiving objects:  33% (66/198)
2025-11-23T22:59:16.9929907Z Receiving objects:  34% (68/198)
2025-11-23T22:59:16.9930300Z Receiving objects:  35% (70/198)
2025-11-23T22:59:16.9930693Z Receiving objects:  36% (72/198)
2025-11-23T22:59:16.9931081Z Receiving objects:  37% (74/198)
2025-11-23T22:59:16.9931713Z remote: Total 198 (delta 0), reused 126 (delta 0), pack-reused 0 (from 0)        
2025-11-23T22:59:16.9950235Z Receiving objects:  38% (76/198)
2025-11-23T22:59:16.9951537Z Receiving objects:  39% (78/198)
2025-11-23T22:59:16.9951959Z Receiving objects:  40% (80/198)
2025-11-23T22:59:16.9952386Z Receiving objects:  41% (82/198)
2025-11-23T22:59:16.9952780Z Receiving objects:  42% (84/198)
2025-11-23T22:59:16.9953171Z Receiving objects:  43% (86/198)
2025-11-23T22:59:16.9953594Z Receiving objects:  44% (88/198)
2025-11-23T22:59:16.9953991Z Receiving objects:  45% (90/198)
2025-11-23T22:59:16.9954387Z Receiving objects:  46% (92/198)
2025-11-23T22:59:16.9954777Z Receiving objects:  47% (94/198)
2025-11-23T22:59:16.9955166Z Receiving objects:  48% (96/198)
2025-11-23T22:59:16.9955573Z Receiving objects:  49% (98/198)
2025-11-23T22:59:16.9955972Z Receiving objects:  50% (99/198)
2025-11-23T22:59:16.9956373Z Receiving objects:  51% (101/198)
2025-11-23T22:59:16.9956785Z Receiving objects:  52% (103/198)
2025-11-23T22:59:16.9957187Z Receiving objects:  53% (105/198)
2025-11-23T22:59:16.9957596Z Receiving objects:  54% (107/198)
2025-11-23T22:59:16.9958179Z Receiving objects:  55% (109/198)
2025-11-23T22:59:16.9958863Z Receiving objects:  56% (111/198)
2025-11-23T22:59:16.9959274Z Receiving objects:  57% (113/198)
2025-11-23T22:59:16.9959676Z Receiving objects:  58% (115/198)
2025-11-23T22:59:16.9960077Z Receiving objects:  59% (117/198)
2025-11-23T22:59:16.9960474Z Receiving objects:  60% (119/198)
2025-11-23T22:59:16.9960874Z Receiving objects:  61% (121/198)
2025-11-23T22:59:16.9961270Z Receiving objects:  62% (123/198)
2025-11-23T22:59:16.9961666Z Receiving objects:  63% (125/198)
2025-11-23T22:59:16.9962063Z Receiving objects:  64% (127/198)
2025-11-23T22:59:16.9962468Z Receiving objects:  65% (129/198)
2025-11-23T22:59:16.9962878Z Receiving objects:  66% (131/198)
2025-11-23T22:59:16.9963277Z Receiving objects:  67% (133/198)
2025-11-23T22:59:16.9963726Z Receiving objects:  68% (135/198)
2025-11-23T22:59:16.9964151Z Receiving objects:  69% (137/198)
2025-11-23T22:59:16.9964553Z Receiving objects:  70% (139/198)
2025-11-23T22:59:16.9964965Z Receiving objects:  71% (141/198)
2025-11-23T22:59:16.9965364Z Receiving objects:  72% (143/198)
2025-11-23T22:59:16.9965762Z Receiving objects:  73% (145/198)
2025-11-23T22:59:16.9966161Z Receiving objects:  74% (147/198)
2025-11-23T22:59:16.9966558Z Receiving objects:  75% (149/198)
2025-11-23T22:59:16.9966957Z Receiving objects:  76% (151/198)
2025-11-23T22:59:16.9967351Z Receiving objects:  77% (153/198)
2025-11-23T22:59:16.9967750Z Receiving objects:  78% (155/198)
2025-11-23T22:59:16.9968156Z Receiving objects:  79% (157/198)
2025-11-23T22:59:16.9968759Z Receiving objects:  80% (159/198)
2025-11-23T22:59:16.9969154Z Receiving objects:  81% (161/198)
2025-11-23T22:59:16.9969546Z Receiving objects:  82% (163/198)
2025-11-23T22:59:16.9969933Z Receiving objects:  83% (165/198)
2025-11-23T22:59:16.9970321Z Receiving objects:  84% (167/198)
2025-11-23T22:59:16.9970768Z Receiving objects:  85% (169/198)
2025-11-23T22:59:16.9971165Z Receiving objects:  86% (171/198)
2025-11-23T22:59:16.9971558Z Receiving objects:  87% (173/198)
2025-11-23T22:59:16.9971959Z Receiving objects:  88% (175/198)
2025-11-23T22:59:16.9972355Z Receiving objects:  89% (177/198)
2025-11-23T22:59:16.9972750Z Receiving objects:  90% (179/198)
2025-11-23T22:59:16.9973138Z Receiving objects:  91% (181/198)
2025-11-23T22:59:16.9973532Z Receiving objects:  92% (183/198)
2025-11-23T22:59:16.9973920Z Receiving objects:  93% (185/198)
2025-11-23T22:59:16.9974298Z Receiving objects:  94% (187/198)
2025-11-23T22:59:16.9974685Z Receiving objects:  95% (189/198)
2025-11-23T22:59:16.9975069Z Receiving objects:  96% (191/198)
2025-11-23T22:59:16.9975456Z Receiving objects:  97% (193/198)
2025-11-23T22:59:16.9976039Z Receiving objects:  98% (195/198)
2025-11-23T22:59:16.9976423Z Receiving objects:  99% (197/198)
2025-11-23T22:59:16.9976817Z Receiving objects: 100% (198/198)
2025-11-23T22:59:16.9977324Z Receiving objects: 100% (198/198), 31.57 KiB | 3.95 MiB/s, done.
2025-11-23T22:59:17.0013107Z From https://github.com/aspepper/vitrine-de-craques-web-site
2025-11-23T22:59:17.0014778Z  * [new ref]         9abcfc5e69c6cd2be4081118b11ead9a3b1609c1 -> origin/main
2025-11-23T22:59:17.0097180Z ##[endgroup]
2025-11-23T22:59:17.0097816Z ##[group]Determining the checkout info
2025-11-23T22:59:17.0100400Z ##[endgroup]
2025-11-23T22:59:17.0100997Z ##[group]Setting up sparse checkout
2025-11-23T22:59:17.0104502Z [command]/usr/bin/git config core.sparseCheckout true
2025-11-23T22:59:17.0141842Z [command]/usr/bin/git rev-parse --git-path info/sparse-checkout
2025-11-23T22:59:17.0165075Z .git/info/sparse-checkout
2025-11-23T22:59:17.0177649Z ##[endgroup]
2025-11-23T22:59:17.0179510Z ##[group]Checking out the ref
2025-11-23T22:59:17.0182622Z [command]/usr/bin/git checkout --progress --force -B main refs/remotes/origin/main
2025-11-23T22:59:21.9688669Z Updating files:   0% (1/665)
2025-11-23T22:59:21.9692888Z Updating files:   1% (7/665)
2025-11-23T22:59:21.9696595Z Updating files:   2% (14/665)
2025-11-23T22:59:21.9702898Z Updating files:   3% (20/665)
2025-11-23T22:59:21.9711660Z Updating files:   4% (27/665)
2025-11-23T22:59:21.9716229Z Updating files:   5% (34/665)
2025-11-23T22:59:21.9722955Z Updating files:   6% (40/665)
2025-11-23T22:59:21.9734329Z Updating files:   7% (47/665)
2025-11-23T22:59:21.9738681Z Updating files:   8% (54/665)
2025-11-23T22:59:21.9742612Z Updating files:   9% (60/665)
2025-11-23T22:59:21.9746598Z Updating files:  10% (67/665)
2025-11-23T22:59:21.9750589Z Updating files:  11% (74/665)
2025-11-23T22:59:21.9754691Z Updating files:  12% (80/665)
2025-11-23T22:59:21.9757568Z Updating files:  13% (87/665)
2025-11-23T22:59:21.9784767Z Updating files:  14% (94/665)
2025-11-23T22:59:21.9791235Z Updating files:  15% (100/665)
2025-11-23T22:59:21.9800052Z Updating files:  16% (107/665)
2025-11-23T22:59:21.9805153Z Updating files:  17% (114/665)
2025-11-23T22:59:21.9812835Z Updating files:  18% (120/665)
2025-11-23T22:59:21.9819679Z Updating files:  19% (127/665)
2025-11-23T22:59:21.9826734Z Updating files:  20% (133/665)
2025-11-23T22:59:21.9834327Z Updating files:  21% (140/665)
2025-11-23T22:59:21.9841296Z Updating files:  22% (147/665)
2025-11-23T22:59:21.9847143Z Updating files:  23% (153/665)
2025-11-23T22:59:21.9861684Z Updating files:  24% (160/665)
2025-11-23T22:59:21.9864425Z Updating files:  25% (167/665)
2025-11-23T22:59:21.9871322Z Updating files:  26% (173/665)
2025-11-23T22:59:21.9879765Z Updating files:  27% (180/665)
2025-11-23T22:59:21.9887090Z Updating files:  28% (187/665)
2025-11-23T22:59:21.9894242Z Updating files:  29% (193/665)
2025-11-23T22:59:21.9932077Z Updating files:  30% (200/665)
2025-11-23T22:59:21.9932973Z Updating files:  31% (207/665)
2025-11-23T22:59:21.9934212Z Updating files:  32% (213/665)
2025-11-23T22:59:21.9934824Z Updating files:  33% (220/665)
2025-11-23T22:59:21.9937511Z Updating files:  34% (227/665)
2025-11-23T22:59:21.9947302Z Updating files:  35% (233/665)
2025-11-23T22:59:21.9956660Z Updating files:  36% (240/665)
2025-11-23T22:59:21.9968172Z Updating files:  37% (247/665)
2025-11-23T22:59:21.9984990Z Updating files:  38% (253/665)
2025-11-23T22:59:22.0012910Z Updating files:  39% (260/665)
2025-11-23T22:59:22.0379722Z Updating files:  40% (266/665)
2025-11-23T22:59:22.0389430Z Updating files:  40% (271/665)
2025-11-23T22:59:22.0399198Z Updating files:  41% (273/665)
2025-11-23T22:59:22.1807209Z Updating files:  42% (280/665)
2025-11-23T22:59:22.1956377Z Updating files:  43% (286/665)
2025-11-23T22:59:22.2125752Z Updating files:  44% (293/665)
2025-11-23T22:59:22.2281633Z Updating files:  45% (300/665)
2025-11-23T22:59:22.2735768Z Updating files:  46% (306/665)
2025-11-23T22:59:22.3010822Z Updating files:  47% (313/665)
2025-11-23T22:59:22.3170576Z Updating files:  48% (320/665)
2025-11-23T22:59:22.3223497Z Updating files:  49% (326/665)
2025-11-23T22:59:22.3248828Z Updating files:  50% (333/665)
2025-11-23T22:59:22.3332536Z Updating files:  51% (340/665)
2025-11-23T22:59:22.3487962Z Updating files:  52% (346/665)
2025-11-23T22:59:22.3562192Z Updating files:  53% (353/665)
2025-11-23T22:59:22.3567432Z Updating files:  54% (360/665)
2025-11-23T22:59:22.3605786Z Updating files:  55% (366/665)
2025-11-23T22:59:22.4187957Z Updating files:  56% (373/665)
2025-11-23T22:59:22.4314820Z Updating files:  57% (380/665)
2025-11-23T22:59:22.4468055Z Updating files:  58% (386/665)
2025-11-23T22:59:22.4819211Z Updating files:  59% (393/665)
2025-11-23T22:59:22.4887787Z Updating files:  60% (399/665)
2025-11-23T22:59:22.4891885Z Updating files:  61% (406/665)
2025-11-23T22:59:22.4926091Z Updating files:  62% (413/665)
2025-11-23T22:59:22.5135852Z Updating files:  63% (419/665)
2025-11-23T22:59:22.5140096Z Updating files:  64% (426/665)
2025-11-23T22:59:22.5424779Z Updating files:  65% (433/665)
2025-11-23T22:59:22.5435998Z Updating files:  66% (439/665)
2025-11-23T22:59:22.5510200Z Updating files:  67% (446/665)
2025-11-23T22:59:22.5604462Z Updating files:  68% (453/665)
2025-11-23T22:59:22.5607586Z Updating files:  69% (459/665)
2025-11-23T22:59:22.5610982Z Updating files:  70% (466/665)
2025-11-23T22:59:22.5627464Z Updating files:  71% (473/665)
2025-11-23T22:59:22.5655408Z Updating files:  72% (479/665)
2025-11-23T22:59:22.5803912Z Updating files:  73% (486/665)
2025-11-23T22:59:22.5859603Z Updating files:  74% (493/665)
2025-11-23T22:59:22.6043043Z Updating files:  75% (499/665)
2025-11-23T22:59:22.6072148Z Updating files:  76% (506/665)
2025-11-23T22:59:22.6092752Z Updating files:  77% (513/665)
2025-11-23T22:59:22.6108837Z Updating files:  78% (519/665)
2025-11-23T22:59:22.6125386Z Updating files:  79% (526/665)
2025-11-23T22:59:22.6152597Z Updating files:  80% (532/665)
2025-11-23T22:59:22.6178972Z Updating files:  81% (539/665)
2025-11-23T22:59:22.6182572Z Updating files:  82% (546/665)
2025-11-23T22:59:22.6185777Z Updating files:  83% (552/665)
2025-11-23T22:59:22.6190949Z Updating files:  84% (559/665)
2025-11-23T22:59:22.6193873Z Updating files:  85% (566/665)
2025-11-23T22:59:22.6213266Z Updating files:  86% (572/665)
2025-11-23T22:59:22.6221272Z Updating files:  87% (579/665)
2025-11-23T22:59:22.6227595Z Updating files:  88% (586/665)
2025-11-23T22:59:22.6231335Z Updating files:  89% (592/665)
2025-11-23T22:59:22.6234485Z Updating files:  90% (599/665)
2025-11-23T22:59:22.6237845Z Updating files:  91% (606/665)
2025-11-23T22:59:22.6242349Z Updating files:  92% (612/665)
2025-11-23T22:59:22.6246193Z Updating files:  93% (619/665)
2025-11-23T22:59:22.6249438Z Updating files:  94% (626/665)
2025-11-23T22:59:22.6253120Z Updating files:  95% (632/665)
2025-11-23T22:59:22.6802856Z Updating files:  96% (639/665)
2025-11-23T22:59:22.6805865Z Updating files:  97% (646/665)
2025-11-23T22:59:22.6810305Z Updating files:  98% (652/665)
2025-11-23T22:59:22.6813903Z Updating files:  99% (659/665)
2025-11-23T22:59:22.6815339Z Updating files: 100% (665/665)
2025-11-23T22:59:22.6816580Z Updating files: 100% (665/665), done.
2025-11-23T22:59:22.6837455Z Switched to a new branch 'main'
2025-11-23T22:59:22.6841690Z branch 'main' set up to track 'origin/main'.
2025-11-23T22:59:22.6926993Z ##[endgroup]
2025-11-23T22:59:22.6966551Z [command]/usr/bin/git log -1 --format='%H'
2025-11-23T22:59:22.6989479Z '9abcfc5e69c6cd2be4081118b11ead9a3b1609c1'
2025-11-23T22:59:22.7194672Z ##[group]Run actions/setup-node@v4
2025-11-23T22:59:22.7194959Z with:
2025-11-23T22:59:22.7195145Z   node-version: 20
2025-11-23T22:59:22.7195334Z   cache: npm
2025-11-23T22:59:22.7195512Z   always-auth: false
2025-11-23T22:59:22.7195709Z   check-latest: false
2025-11-23T22:59:22.7196035Z   token: ***
2025-11-23T22:59:22.7196208Z env:
2025-11-23T22:59:22.7196886Z   DATABASE_URL: ***
2025-11-23T22:59:22.7197189Z   NEXTAUTH_URL: ***
2025-11-23T22:59:22.7197471Z   NEXTAUTH_SECRET: ***
2025-11-23T22:59:22.7197674Z   AUTH_TRUST_HOST: true
2025-11-23T22:59:22.7198088Z ##[endgroup]
2025-11-23T22:59:22.9420773Z Found in cache @ /opt/hostedtoolcache/node/20.19.5/x64
2025-11-23T22:59:22.9427833Z ##[group]Environment details
2025-11-23T22:59:24.9637457Z node: v20.19.5
2025-11-23T22:59:24.9638540Z npm: 10.8.2
2025-11-23T22:59:24.9640446Z yarn: 1.22.22
2025-11-23T22:59:24.9642795Z ##[endgroup]
2025-11-23T22:59:24.9671599Z [command]/opt/hostedtoolcache/node/20.19.5/x64/bin/npm config get cache
2025-11-23T22:59:25.2411955Z /home/runner/.npm
2025-11-23T22:59:25.4408765Z Cache hit for: node-cache-Linux-x64-npm-7a37f00dbb49b213ff9469b7d87cb9481db306262f95e4f112cc6aec83ba8a27
2025-11-23T22:59:26.5483452Z Received 134217728 of 256886524 (52.2%), 127.9 MBs/sec
2025-11-23T22:59:27.0909195Z Received 256886524 of 256886524 (100.0%), 158.8 MBs/sec
2025-11-23T22:59:27.0909771Z Cache Size: ~245 MB (256886524 B)
2025-11-23T22:59:27.0939909Z [command]/usr/bin/tar -xf /home/runner/work/_temp/8f319e53-229c-4aac-b5bb-71bcde64d338/cache.tzst -P -C /home/runner/work/vitrine-de-craques-web-site/vitrine-de-craques-web-site --use-compress-program unzstd
2025-11-23T22:59:28.0562381Z Cache restored successfully
2025-11-23T22:59:28.1056165Z Cache restored from key: node-cache-Linux-x64-npm-7a37f00dbb49b213ff9469b7d87cb9481db306262f95e4f112cc6aec83ba8a27
2025-11-23T22:59:28.1233819Z ##[group]Run npm ci
2025-11-23T22:59:28.1234102Z [36;1mnpm ci[0m
2025-11-23T22:59:28.1279736Z shell: /usr/bin/bash -e {0}
2025-11-23T22:59:28.1279998Z env:
2025-11-23T22:59:28.1280809Z   DATABASE_URL: ***
2025-11-23T22:59:28.1281140Z   NEXTAUTH_URL: ***
2025-11-23T22:59:28.1281443Z   NEXTAUTH_SECRET: ***
2025-11-23T22:59:28.1281656Z   AUTH_TRUST_HOST: true
2025-11-23T22:59:28.1281859Z ##[endgroup]
2025-11-23T22:59:36.0784026Z npm warn deprecated inflight@1.0.6: This module is not supported, and leaks memory. Do not use it. Check out lru-cache if you want a good and tested way to coalesce async requests by a key value, which is much more comprehensive and powerful.
2025-11-23T22:59:36.3069793Z npm warn deprecated @humanwhocodes/config-array@0.13.0: Use @eslint/config-array instead
2025-11-23T22:59:36.3311606Z npm warn deprecated rimraf@3.0.2: Rimraf versions prior to v4 are no longer supported
2025-11-23T22:59:36.4869354Z npm warn deprecated @humanwhocodes/object-schema@2.0.3: Use @eslint/object-schema instead
2025-11-23T22:59:36.4909569Z npm warn deprecated glob@7.2.3: Glob versions prior to v9 are no longer supported
2025-11-23T22:59:41.4155442Z npm warn deprecated eslint@8.57.1: This version is no longer supported. Please see https://eslint.org/version-support for other options.
2025-11-23T22:59:42.0083913Z npm warn deprecated fluent-ffmpeg@2.1.3: Package no longer supported. Contact Support at https://www.npmjs.com/support for more info.
2025-11-23T22:59:58.7092257Z 
2025-11-23T22:59:58.7094296Z > vitrine-de-craques-web-site@0.1.0 postinstall
2025-11-23T22:59:58.7096279Z > npx prisma generate
2025-11-23T22:59:58.7097728Z 
2025-11-23T23:00:00.0919216Z Prisma schema loaded from prisma/schema.prisma
2025-11-23T23:00:01.0595638Z ┌─────────────────────────────────────────────────────────┐
2025-11-23T23:00:01.0610198Z │  Update available 6.16.2 -> 7.0.0                       │
2025-11-23T23:00:01.0610660Z 
2025-11-23T23:00:01.0611390Z │                                                         │
2025-11-23T23:00:01.0613462Z │  This is a major update - please follow the guide at    │
2025-11-23T23:00:01.0614540Z ✔ Generated Prisma Client (v6.16.2) to ./node_modules/@prisma/client in 416ms
2025-11-23T23:00:01.0615848Z │  https://pris.ly/d/major-version-upgrade                │
2025-11-23T23:00:01.0617921Z │                                                         │
2025-11-23T23:00:01.0618258Z 
2025-11-23T23:00:01.0619508Z │  Run the following to update                            │
2025-11-23T23:00:01.0620481Z Start by importing your Prisma Client (See: https://pris.ly/d/importing-client)
2025-11-23T23:00:01.0623302Z │    npm i --save-dev prisma@latest                       │
2025-11-23T23:00:01.0624588Z │    npm i @prisma/client@latest                          │
2025-11-23T23:00:01.0625315Z └─────────────────────────────────────────────────────────┘
2025-11-23T23:00:01.0625608Z 
2025-11-23T23:00:01.0657275Z Tip: Interested in query caching in just a few lines of code? Try Accelerate today! https://pris.ly/tip-3-accelerate
2025-11-23T23:00:01.0657965Z 
2025-11-23T23:00:01.0929349Z 
2025-11-23T23:00:01.0931688Z > vitrine-de-craques-web-site@0.1.0 prepare
2025-11-23T23:00:01.0933820Z > husky install
2025-11-23T23:00:01.0935581Z 
2025-11-23T23:00:01.1544310Z husky - Git hooks installed
2025-11-23T23:00:01.1733552Z 
2025-11-23T23:00:01.1734562Z added 832 packages, and audited 833 packages in 33s
2025-11-23T23:00:01.1736424Z 
2025-11-23T23:00:01.1736814Z 195 packages are looking for funding
2025-11-23T23:00:01.1737350Z   run `npm fund` for details
2025-11-23T23:00:01.2407304Z 
2025-11-23T23:00:01.2441785Z 8 vulnerabilities (2 low, 3 moderate, 3 high)
2025-11-23T23:00:01.2492619Z 
2025-11-23T23:00:01.2494807Z To address issues that do not require attention, run:
2025-11-23T23:00:01.2496477Z   npm audit fix
2025-11-23T23:00:01.2496707Z 
2025-11-23T23:00:01.2497085Z To address all issues (including breaking changes), run:
2025-11-23T23:00:01.2497626Z   npm audit fix --force
2025-11-23T23:00:01.2497864Z 
2025-11-23T23:00:01.2498892Z Run `npm audit` for details.
2025-11-23T23:00:01.3619858Z ##[group]Run npm run build
2025-11-23T23:00:01.3620300Z [36;1mnpm run build[0m
2025-11-23T23:00:01.3671966Z shell: /usr/bin/bash -e {0}
2025-11-23T23:00:01.3672215Z env:
2025-11-23T23:00:01.3673010Z   DATABASE_URL: ***
2025-11-23T23:00:01.3673343Z   NEXTAUTH_URL: ***
2025-11-23T23:00:01.3673666Z   NEXTAUTH_SECRET: ***
2025-11-23T23:00:01.3673880Z   AUTH_TRUST_HOST: true
2025-11-23T23:00:01.3674083Z ##[endgroup]
2025-11-23T23:00:01.4860507Z 
2025-11-23T23:00:01.4862000Z > vitrine-de-craques-web-site@0.1.0 build
2025-11-23T23:00:01.4864313Z > npx prisma generate && next build
2025-11-23T23:00:01.4864660Z 
2025-11-23T23:00:02.8860726Z Prisma schema loaded from prisma/schema.prisma
2025-11-23T23:00:03.8292713Z 
2025-11-23T23:00:03.8294638Z ✔ Generated Prisma Client (v6.16.2) to ./node_modules/@prisma/client in 397ms
2025-11-23T23:00:03.8296084Z 
2025-11-23T23:00:03.8297132Z Start by importing your Prisma Client (See: https://pris.ly/d/importing-client)
2025-11-23T23:00:03.8297657Z 
2025-11-23T23:00:03.8298204Z Tip: Want to turn off tips and other hints? https://pris.ly/tip-4-nohints
2025-11-23T23:00:03.8298801Z 
2025-11-23T23:00:04.4315718Z ⚠ No build cache found. Please configure build caching for faster rebuilds. Read more: https://nextjs.org/docs/messages/no-cache
2025-11-23T23:00:04.4397822Z Attention: Next.js now collects completely anonymous telemetry regarding usage.
2025-11-23T23:00:04.4406994Z This information is used to shape Next.js' roadmap and prioritize features.
2025-11-23T23:00:04.4408732Z You can learn more, including how to opt-out if you'd not like to participate in this anonymous program, by visiting the following URL:
2025-11-23T23:00:04.4409830Z https://nextjs.org/telemetry
2025-11-23T23:00:04.4410148Z 
2025-11-23T23:00:04.5429851Z   ▲ Next.js 14.2.33
2025-11-23T23:00:04.5432657Z 
2025-11-23T23:00:04.5646235Z    Creating an optimized production build ...
2025-11-23T23:00:45.1908011Z  ⚠ Compiled with warnings
2025-11-23T23:00:45.1912306Z 
2025-11-23T23:00:45.1912769Z ./node_modules/@ffmpeg-installer/ffmpeg/index.js
2025-11-23T23:00:45.1913586Z Critical dependency: the request of a dependency is an expression
2025-11-23T23:00:45.1914033Z 
2025-11-23T23:00:45.1914277Z Import trace for requested module:
2025-11-23T23:00:45.1914882Z ./node_modules/@ffmpeg-installer/ffmpeg/index.js
2025-11-23T23:00:45.1915395Z ./app/api/videos/route.ts
2025-11-23T23:00:45.1915646Z 
2025-11-23T23:00:45.1915938Z ./node_modules/fluent-ffmpeg/lib/options/misc.js
2025-11-23T23:00:45.1916715Z Critical dependency: the request of a dependency is an expression
2025-11-23T23:00:45.1917167Z 
2025-11-23T23:00:45.1917401Z Import trace for requested module:
2025-11-23T23:00:45.1918501Z ./node_modules/fluent-ffmpeg/lib/options/misc.js
2025-11-23T23:00:45.1919185Z ./node_modules/fluent-ffmpeg/lib/fluent-ffmpeg.js
2025-11-23T23:00:45.1919796Z ./node_modules/fluent-ffmpeg/index.js
2025-11-23T23:00:45.1920265Z ./app/api/videos/route.ts
2025-11-23T23:00:45.1920503Z 
2025-11-23T23:01:00.3040121Z  ✓ Compiled successfully
2025-11-23T23:01:00.3046783Z    Linting and checking validity of types ...
2025-11-23T23:01:18.9961010Z    Collecting page data ...
2025-11-23T23:01:19.9734094Z FFmpeg installer package not available. Falling back to system ffmpeg binary. O pacote opcional @ffmpeg-installer/ffmpeg não foi instalado para esta plataforma. Certifique-se de ter o FFmpeg disponível no sistema ou defina a variável FFMPEG_PATH.
2025-11-23T23:01:22.1399500Z    Generating static pages (0/57) ...
2025-11-23T23:01:23.3585001Z    Generating static pages (14/57) 
2025-11-23T23:01:26.3614576Z    Generating static pages (28/57) 
2025-11-23T23:01:27.0239474Z    Generating static pages (42/57) 
2025-11-23T23:01:28.0349478Z  ✓ Generating static pages (57/57)
2025-11-23T23:01:28.9771382Z    Finalizing page optimization ...
2025-11-23T23:01:28.9773114Z    Collecting build traces ...
2025-11-23T23:01:48.6337129Z 
2025-11-23T23:01:48.6434142Z Route (app)                                      Size     First Load JS
2025-11-23T23:01:48.6435705Z ┌ ƒ /                                            1.33 kB         103 kB
2025-11-23T23:01:48.6436682Z ├ ƒ /_not-found                                  876 B          88.2 kB
2025-11-23T23:01:48.6437683Z ├ ƒ /administrator                               155 B          87.5 kB
2025-11-23T23:01:48.6438912Z ├ ƒ /administrator/clubes                        6.28 kB         117 kB
2025-11-23T23:01:48.6439991Z ├ ƒ /administrator/users                         5.58 kB         111 kB
2025-11-23T23:01:48.6440999Z ├ ƒ /administrator/videos                        5.33 kB         110 kB
2025-11-23T23:01:48.6441901Z ├ ƒ /agentes                                     2.7 kB         98.7 kB
2025-11-23T23:01:48.6442737Z ├ ƒ /agentes/[id]                                1.73 kB         117 kB
2025-11-23T23:01:48.6443567Z ├ ƒ /api/admin/clubes                            0 B                0 B
2025-11-23T23:01:48.6444439Z ├ ƒ /api/admin/clubes/[id]                       0 B                0 B
2025-11-23T23:01:48.6445336Z ├ ƒ /api/admin/summary                           0 B                0 B
2025-11-23T23:01:48.6446312Z ├ ƒ /api/admin/users                             0 B                0 B
2025-11-23T23:01:48.6447314Z ├ ƒ /api/admin/users/[userId]/block              0 B                0 B
2025-11-23T23:01:48.6448514Z ├ ƒ /api/admin/videos                            0 B                0 B
2025-11-23T23:01:48.6449568Z ├ ƒ /api/admin/videos/[videoId]/appeal-response  0 B                0 B
2025-11-23T23:01:48.6450537Z ├ ƒ /api/admin/videos/[videoId]/block            0 B                0 B
2025-11-23T23:01:48.6451417Z ├ ƒ /api/agentes                                 0 B                0 B
2025-11-23T23:01:48.6452303Z ├ ƒ /api/agentes/[id]                            0 B                0 B
2025-11-23T23:01:48.6453134Z ├ ƒ /api/atletas                                 0 B                0 B
2025-11-23T23:01:48.6453956Z ├ ƒ /api/atletas/[id]                            0 B                0 B
2025-11-23T23:01:48.6454824Z ├ ƒ /api/auth/[...nextauth]                      0 B                0 B
2025-11-23T23:01:48.6455723Z ├ ƒ /api/blocks/[targetUserId]                   0 B                0 B
2025-11-23T23:01:48.6456565Z ├ ƒ /api/clubes                                  0 B                0 B
2025-11-23T23:01:48.6457343Z ├ ƒ /api/clubes/[slug]                           0 B                0 B
2025-11-23T23:01:48.6458151Z ├ ƒ /api/confederacoes                           0 B                0 B
2025-11-23T23:01:48.6459192Z ├ ƒ /api/confederacoes/[slug]                    0 B                0 B
2025-11-23T23:01:48.6459999Z ├ ƒ /api/db-check                                0 B                0 B
2025-11-23T23:01:48.6461025Z ├ ƒ /api/env                                     0 B                0 B
2025-11-23T23:01:48.6461805Z ├ ƒ /api/follows/[targetUserId]                  0 B                0 B
2025-11-23T23:01:48.6462638Z ├ ƒ /api/games                                   0 B                0 B
2025-11-23T23:01:48.6463386Z ├ ƒ /api/games/[slug]                            0 B                0 B
2025-11-23T23:01:48.6464175Z ├ ƒ /api/games/[slug]/comments                   0 B                0 B
2025-11-23T23:01:48.6464983Z ├ ƒ /api/games/[slug]/engagement                 0 B                0 B
2025-11-23T23:01:48.6465755Z ├ ƒ /api/health                                  0 B                0 B
2025-11-23T23:01:48.6466505Z ├ ƒ /api/messages                                0 B                0 B
2025-11-23T23:01:48.6467303Z ├ ƒ /api/messages/unread-count                   0 B                0 B
2025-11-23T23:01:48.6468098Z ├ ƒ /api/news                                    0 B                0 B
2025-11-23T23:01:48.6470494Z ├ ƒ /api/news/[id]                               0 B                0 B
2025-11-23T23:01:48.6471395Z ├ ƒ /api/news/cover                              0 B                0 B
2025-11-23T23:01:48.6472276Z ├ ƒ /api/noticias                                0 B                0 B
2025-11-23T23:01:48.6473327Z ├ ƒ /api/noticias/[slug]                         0 B                0 B
2025-11-23T23:01:48.6474240Z ├ ƒ /api/noticias/[slug]/comments                0 B                0 B
2025-11-23T23:01:48.6475125Z ├ ƒ /api/noticias/[slug]/engagement              0 B                0 B
2025-11-23T23:01:48.6475980Z ├ ƒ /api/pg-check                                0 B                0 B
2025-11-23T23:01:48.6476794Z ├ ƒ /api/profile                                 0 B                0 B
2025-11-23T23:01:48.6477607Z ├ ƒ /api/profile/avatar                          0 B                0 B
2025-11-23T23:01:48.6478744Z ├ ƒ /api/profile/personal-info                   0 B                0 B
2025-11-23T23:01:48.6479622Z ├ ƒ /api/register                                0 B                0 B
2025-11-23T23:01:48.6480432Z ├ ƒ /api/register/atleta-18                      0 B                0 B
2025-11-23T23:01:48.6481312Z ├ ƒ /api/register/clube                          0 B                0 B
2025-11-23T23:01:48.6482144Z ├ ƒ /api/register/de-agentes-licenciados         0 B                0 B
2025-11-23T23:01:48.6483081Z ├ ƒ /api/register/imprensa-jornalistablogueiro   0 B                0 B
2025-11-23T23:01:48.6483952Z ├ ƒ /api/register/responsavel                    0 B                0 B
2025-11-23T23:01:48.6485298Z ├ ƒ /api/register/responsavel/documents          0 B                0 B
2025-11-23T23:01:48.6486212Z ├ ƒ /api/register/torcedor                       0 B                0 B
2025-11-23T23:01:48.6486988Z ├ ○ /api/times                                   0 B                0 B
2025-11-23T23:01:48.6487771Z ├ ƒ /api/videos                                  0 B                0 B
2025-11-23T23:01:48.6488746Z ├ ƒ /api/videos/[id]                             0 B                0 B
2025-11-23T23:01:48.6489631Z ├ ƒ /api/videos/[id]/appeal                      0 B                0 B
2025-11-23T23:01:48.6490477Z ├ ƒ /api/videos/[id]/comments                    0 B                0 B
2025-11-23T23:01:48.6491322Z ├ ƒ /api/videos/proxy                            0 B                0 B
2025-11-23T23:01:48.6492160Z ├ ƒ /arquibancada                                4.47 kB        98.6 kB
2025-11-23T23:01:48.6492959Z ├ ƒ /atletas                                     4.48 kB         107 kB
2025-11-23T23:01:48.6493734Z ├ ƒ /atletas/[id]                                6.98 kB         136 kB
2025-11-23T23:01:48.6494480Z ├ ƒ /cadastro                                    2.21 kB         129 kB
2025-11-23T23:01:48.6495258Z ├ ƒ /cadastro/[slug]                             2.92 kB         121 kB
2025-11-23T23:01:48.6496088Z ├ ƒ /cadastro/atleta-18                          3.78 kB         136 kB
2025-11-23T23:01:48.6496952Z ├ ƒ /cadastro/clube                              3.91 kB         137 kB
2025-11-23T23:01:48.6498069Z ├ ƒ /cadastro/de-agentes-licenciados             3.91 kB         137 kB
2025-11-23T23:01:48.6499266Z ├ ƒ /cadastro/imprensa-jornalistablogueiro       4.07 kB         137 kB
2025-11-23T23:01:48.6500192Z ├ ƒ /cadastro/responsavel                        4.1 kB          137 kB
2025-11-23T23:01:48.6501115Z ├ ƒ /cadastro/responsavel/uploads                3.58 kB         136 kB
2025-11-23T23:01:48.6502043Z ├ ƒ /cadastro/sucesso                            155 B          87.5 kB
2025-11-23T23:01:48.6502883Z ├ ƒ /cadastro/torcedor                           5.05 kB         146 kB
2025-11-23T23:01:48.6503670Z ├ ƒ /clubes                                      2.8 kB          111 kB
2025-11-23T23:01:48.6504412Z ├ ƒ /clubes/[slug]                               194 B           101 kB
2025-11-23T23:01:48.6505244Z ├ ƒ /confederacoes                               194 B           101 kB
2025-11-23T23:01:48.6506061Z ├ ƒ /confederacoes/[slug]                        194 B           101 kB
2025-11-23T23:01:48.6506848Z ├ ƒ /feed                                        14.6 kB         143 kB
2025-11-23T23:01:48.6507567Z ├ ƒ /games                                       582 B           121 kB
2025-11-23T23:01:48.6510534Z ├ ƒ /games/[slug]                                210 B           128 kB
2025-11-23T23:01:48.6511539Z ├ ○ /icon                                        0 B                0 B
2025-11-23T23:01:48.6512288Z ├ ƒ /login                                       3.64 kB         145 kB
2025-11-23T23:01:48.6513019Z ├ ƒ /noticias                                    587 B           121 kB
2025-11-23T23:01:48.6513795Z ├ ƒ /noticias/[slug]                             616 B           128 kB
2025-11-23T23:01:48.6514558Z ├ ƒ /perfil                                      26.9 kB         170 kB
2025-11-23T23:01:48.6515341Z ├ ƒ /perfis/[id]                                 1.73 kB         117 kB
2025-11-23T23:01:48.6516078Z ├ ƒ /player/[id]                                 9.1 kB          127 kB
2025-11-23T23:01:48.6516862Z ├ ƒ /privacidade                                 188 B          96.2 kB
2025-11-23T23:01:48.6517699Z ├ ƒ /registrar-escolha-perfil                    188 B          96.2 kB
2025-11-23T23:01:48.6518688Z ├ ƒ /sobre                                       188 B          96.2 kB
2025-11-23T23:01:48.6519831Z ├ ƒ /torcida                                     155 B          87.5 kB
2025-11-23T23:01:48.6520611Z └ ƒ /upload                                      9.94 kB         113 kB
2025-11-23T23:01:48.6521602Z + First Load JS shared by all                    87.3 kB
2025-11-23T23:01:48.6522497Z   ├ chunks/2117-14ae4ae7e705def5.js              31.7 kB
2025-11-23T23:01:48.6523266Z   ├ chunks/fd9d1056-34631afcb5c7f147.js          53.6 kB
2025-11-23T23:01:48.6523993Z   └ other shared chunks (total)                  1.97 kB
2025-11-23T23:01:48.6524345Z 
2025-11-23T23:01:48.6524354Z 
2025-11-23T23:01:48.6524749Z ƒ Middleware                                     48.3 kB
2025-11-23T23:01:48.6525098Z 
2025-11-23T23:01:48.6525435Z ○  (Static)   prerendered as static content
2025-11-23T23:01:48.6526047Z ƒ  (Dynamic)  server-rendered on demand
2025-11-23T23:01:48.6526338Z 
2025-11-23T23:01:48.6845626Z 
2025-11-23T23:01:48.6847061Z > vitrine-de-craques-web-site@0.1.0 postbuild
2025-11-23T23:01:48.6848780Z > node scripts/copy-prisma-artifacts.js
2025-11-23T23:01:48.6849176Z 
2025-11-23T23:01:48.8044739Z [copy-prisma-artifacts] Copied Prisma artifacts to /home/runner/work/vitrine-de-craques-web-site/vitrine-de-craques-web-site/.next/standalone/node_modules/.prisma/client
2025-11-23T23:01:48.8053829Z [copy-prisma-artifacts] Linked Prisma artifacts to /home/runner/work/vitrine-de-craques-web-site/vitrine-de-craques-web-site/.next/server/.prisma/client
2025-11-23T23:01:48.8058133Z [copy-prisma-artifacts] Linked Prisma artifacts to /home/runner/work/vitrine-de-craques-web-site/vitrine-de-craques-web-site/.next/server/chunks/.prisma/client
2025-11-23T23:01:48.9233714Z [copy-prisma-artifacts] Copied Prisma artifacts to /home/runner/work/vitrine-de-craques-web-site/vitrine-de-craques-web-site/.next/standalone/node_modules/@prisma/client
2025-11-23T23:01:48.9237526Z [copy-prisma-artifacts] Linked Prisma artifacts to /home/runner/work/vitrine-de-craques-web-site/vitrine-de-craques-web-site/.next/server/@prisma/client
2025-11-23T23:01:48.9240092Z [copy-prisma-artifacts] Linked Prisma artifacts to /home/runner/work/vitrine-de-craques-web-site/vitrine-de-craques-web-site/.next/server/chunks/@prisma/client
2025-11-23T23:01:48.9359441Z ##[group]Run rm -rf deploy
2025-11-23T23:01:48.9359775Z [36;1mrm -rf deploy[0m
2025-11-23T23:01:48.9360010Z [36;1mmkdir -p deploy[0m
2025-11-23T23:01:48.9360343Z [36;1m# Copy only the runtime pieces from the standalone build output[0m
2025-11-23T23:01:48.9360736Z [36;1mcp -R .next/standalone/.next deploy/.next[0m
2025-11-23T23:01:48.9361099Z [36;1mcp -R .next/standalone/node_modules deploy/node_modules[0m
2025-11-23T23:01:48.9361510Z [36;1mcp .next/standalone/package.json deploy/package.json[0m
2025-11-23T23:01:48.9361893Z [36;1mif [ -f .next/standalone/server.js ]; then[0m
2025-11-23T23:01:48.9362221Z [36;1m  cp .next/standalone/server.js deploy/server.js[0m
2025-11-23T23:01:48.9362499Z [36;1mfi[0m
2025-11-23T23:01:48.9362739Z [36;1mif [ -f .next/standalone/server.js.nft.json ]; then[0m
2025-11-23T23:01:48.9363140Z [36;1m  cp .next/standalone/server.js.nft.json deploy/server.js.nft.json[0m
2025-11-23T23:01:48.9363477Z [36;1mfi[0m
2025-11-23T23:01:48.9363678Z [36;1m[0m
2025-11-23T23:01:48.9363865Z [36;1mmkdir -p deploy/.next/static[0m
2025-11-23T23:01:48.9364144Z [36;1mcp -R .next/static/. deploy/.next/static[0m
2025-11-23T23:01:48.9364406Z [36;1m[0m
2025-11-23T23:01:48.9364620Z [36;1mcp next.config.mjs deploy/next.config.mjs[0m
2025-11-23T23:01:48.9365002Z [36;1mcp staticwebapp.config.json deploy/staticwebapp.config.json[0m
2025-11-23T23:01:48.9365359Z [36;1mcp -R prisma deploy/prisma[0m
2025-11-23T23:01:48.9365622Z [36;1mif [ -d public ]; then[0m
2025-11-23T23:01:48.9365873Z [36;1m  cp -R public deploy/public[0m
2025-11-23T23:01:48.9366107Z [36;1mfi[0m
2025-11-23T23:01:48.9366330Z [36;1m./scripts/prune-deploy-artifact.sh deploy[0m
2025-11-23T23:01:48.9399966Z shell: /usr/bin/bash -e {0}
2025-11-23T23:01:48.9400203Z env:
2025-11-23T23:01:48.9401088Z   DATABASE_URL: ***
2025-11-23T23:01:48.9401430Z   NEXTAUTH_URL: ***
2025-11-23T23:01:48.9401732Z   NEXTAUTH_SECRET: ***
2025-11-23T23:01:48.9401939Z   AUTH_TRUST_HOST: true
2025-11-23T23:01:48.9402147Z ##[endgroup]
2025-11-23T23:01:49.5984287Z Pruning unused Prisma runtime binaries...
2025-11-23T23:01:49.6032367Z deploy/node_modules/@prisma/client/runtime/query_engine_bg.cockroachdb.js
2025-11-23T23:01:49.6034133Z deploy/node_modules/@prisma/client/runtime/query_engine_bg.cockroachdb.mjs
2025-11-23T23:01:49.6035853Z deploy/node_modules/@prisma/client/runtime/query_engine_bg.cockroachdb.wasm-base64.js
2025-11-23T23:01:49.6037737Z deploy/node_modules/@prisma/client/runtime/query_engine_bg.cockroachdb.wasm-base64.mjs
2025-11-23T23:01:49.6039871Z deploy/node_modules/@prisma/client/runtime/query_engine_bg.mysql.wasm-base64.mjs
2025-11-23T23:01:49.6046045Z deploy/node_modules/@prisma/client/runtime/query_engine_bg.mysql.mjs
2025-11-23T23:01:49.6047632Z deploy/node_modules/@prisma/client/runtime/query_engine_bg.mysql.js
2025-11-23T23:01:49.6049548Z deploy/node_modules/@prisma/client/runtime/query_engine_bg.mysql.wasm-base64.js
2025-11-23T23:01:49.6051356Z deploy/node_modules/@prisma/client/runtime/query_engine_bg.sqlite.wasm-base64.js
2025-11-23T23:01:49.6053075Z deploy/node_modules/@prisma/client/runtime/query_engine_bg.sqlite.mjs
2025-11-23T23:01:49.6054725Z deploy/node_modules/@prisma/client/runtime/query_engine_bg.sqlite.js
2025-11-23T23:01:49.6056419Z deploy/node_modules/@prisma/client/runtime/query_engine_bg.sqlite.wasm-base64.mjs
2025-11-23T23:01:49.6076491Z deploy/node_modules/@prisma/client/runtime/query_engine_bg.sqlserver.wasm-base64.js
2025-11-23T23:01:49.6079535Z deploy/node_modules/@prisma/client/runtime/query_engine_bg.sqlserver.wasm-base64.mjs
2025-11-23T23:01:49.6082475Z deploy/node_modules/@prisma/client/runtime/query_engine_bg.sqlserver.mjs
2025-11-23T23:01:49.6085212Z deploy/node_modules/@prisma/client/runtime/query_engine_bg.sqlserver.js
2025-11-23T23:01:49.6105003Z deploy/node_modules/@prisma/client/runtime/query_compiler_bg.cockroachdb.js
2025-11-23T23:01:49.6107681Z deploy/node_modules/@prisma/client/runtime/query_compiler_bg.cockroachdb.mjs
2025-11-23T23:01:49.6111102Z deploy/node_modules/@prisma/client/runtime/query_compiler_bg.cockroachdb.wasm-base64.mjs
2025-11-23T23:01:49.6113247Z deploy/node_modules/@prisma/client/runtime/query_compiler_bg.cockroachdb.wasm-base64.js
2025-11-23T23:01:49.6132683Z deploy/node_modules/@prisma/client/runtime/query_compiler_bg.mysql.js
2025-11-23T23:01:49.6135542Z deploy/node_modules/@prisma/client/runtime/query_compiler_bg.mysql.wasm-base64.mjs
2025-11-23T23:01:49.6136612Z deploy/node_modules/@prisma/client/runtime/query_compiler_bg.mysql.mjs
2025-11-23T23:01:49.6137667Z deploy/node_modules/@prisma/client/runtime/query_compiler_bg.mysql.wasm-base64.js
2025-11-23T23:01:49.6163741Z deploy/node_modules/@prisma/client/runtime/query_compiler_bg.sqlite.mjs
2025-11-23T23:01:49.6166153Z deploy/node_modules/@prisma/client/runtime/query_compiler_bg.sqlite.js
2025-11-23T23:01:49.6167269Z deploy/node_modules/@prisma/client/runtime/query_compiler_bg.sqlite.wasm-base64.mjs
2025-11-23T23:01:49.6168647Z deploy/node_modules/@prisma/client/runtime/query_compiler_bg.sqlite.wasm-base64.js
2025-11-23T23:01:49.6186809Z deploy/node_modules/@prisma/client/runtime/query_compiler_bg.sqlserver.wasm-base64.mjs
2025-11-23T23:01:49.6189646Z deploy/node_modules/@prisma/client/runtime/query_compiler_bg.sqlserver.wasm-base64.js
2025-11-23T23:01:49.6190771Z deploy/node_modules/@prisma/client/runtime/query_compiler_bg.sqlserver.mjs
2025-11-23T23:01:49.6192372Z deploy/node_modules/@prisma/client/runtime/query_compiler_bg.sqlserver.js
2025-11-23T23:01:49.6193873Z Removing unused Prisma client engines...
2025-11-23T23:01:49.6300596Z deploy/node_modules/.prisma/client/libquery_engine-darwin-arm64.dylib.node
2025-11-23T23:01:49.6303412Z deploy/node_modules/.prisma/client/libquery_engine-darwin.dylib.node
2025-11-23T23:01:49.6305314Z Cleaning up optional sharp binaries...
2025-11-23T23:01:49.6355201Z Deleting dependency source maps...
2025-11-23T23:01:49.6679688Z Removing Next.js build cache...
2025-11-23T23:01:49.6835997Z Pruning finished.
2025-11-23T23:01:49.6861190Z ##[group]Run node -v
2025-11-23T23:01:49.6861458Z [36;1mnode -v[0m
2025-11-23T23:01:49.6861663Z [36;1mnpx prisma -v[0m
2025-11-23T23:01:49.6895009Z shell: /usr/bin/bash -e {0}
2025-11-23T23:01:49.6895253Z env:
2025-11-23T23:01:49.6895999Z   DATABASE_URL: ***
2025-11-23T23:01:49.6896323Z   NEXTAUTH_URL: ***
2025-11-23T23:01:49.6896641Z   NEXTAUTH_SECRET: ***
2025-11-23T23:01:49.6897228Z   AUTH_TRUST_HOST: true
2025-11-23T23:01:49.6897578Z ##[endgroup]
2025-11-23T23:01:49.6987030Z v20.19.5
2025-11-23T23:01:51.4563845Z Prisma schema loaded from prisma/schema.prisma
2025-11-23T23:01:51.4600501Z prisma                  : 6.16.2
2025-11-23T23:01:51.4602759Z @prisma/client          : 6.16.2
2025-11-23T23:01:51.4604553Z Computed binaryTarget   : debian-openssl-3.0.x
2025-11-23T23:01:51.4607321Z Operating System        : linux
2025-11-23T23:01:51.4607793Z Architecture            : x64
2025-11-23T23:01:51.4608291Z Node.js                 : v20.19.5
2025-11-23T23:01:51.4609074Z TypeScript              : 5.9.2
2025-11-23T23:01:51.4610599Z Query Engine (Node-API) : libquery-engine 1c57fdcd7e44b29b9313256c76699e91c3ac3c43 (at node_modules/@prisma/engines/libquery_engine-debian-openssl-3.0.x.so.node)
2025-11-23T23:01:51.4612244Z PSL                     : @prisma/prisma-schema-wasm 6.16.0-7.1c57fdcd7e44b29b9313256c76699e91c3ac3c43
2025-11-23T23:01:51.4613813Z Schema Engine           : schema-engine-cli 1c57fdcd7e44b29b9313256c76699e91c3ac3c43 (at node_modules/@prisma/engines/schema-engine-debian-openssl-3.0.x)
2025-11-23T23:01:51.4615097Z Default Engines Hash    : 1c57fdcd7e44b29b9313256c76699e91c3ac3c43
2025-11-23T23:01:51.4616079Z Studio                  : 0.511.0
2025-11-23T23:01:51.4922555Z ##[group]Run Azure/static-web-apps-deploy@v1
2025-11-23T23:01:51.4922860Z with:
2025-11-23T23:01:51.4923565Z   azure_static_web_apps_api_token: ***
2025-11-23T23:01:51.4923941Z   repo_token: ***
2025-11-23T23:01:51.4924140Z   action: upload
2025-11-23T23:01:51.4924327Z   app_location: /
2025-11-23T23:01:51.4924510Z env:
2025-11-23T23:01:51.4925131Z   DATABASE_URL: ***
2025-11-23T23:01:51.4925435Z   NEXTAUTH_URL: ***
2025-11-23T23:01:51.4925721Z   NEXTAUTH_SECRET: ***
2025-11-23T23:01:51.4925925Z   AUTH_TRUST_HOST: true
2025-11-23T23:01:51.4926133Z   IS_STATIC_EXPORT: true
2025-11-23T23:01:51.4926335Z ##[endgroup]
2025-11-23T23:01:51.5023967Z ##[command]/usr/bin/docker run --name cfe7285c030a7d7f4fc89a3dbb17e0119cbd_0bafc8 --label 00cfe7 --workdir /github/workspace --rm -e "DATABASE_URL" -e "NEXTAUTH_URL" -e "NEXTAUTH_SECRET" -e "AUTH_TRUST_HOST" -e "IS_STATIC_EXPORT" -e "INPUT_AZURE_STATIC_WEB_APPS_API_TOKEN" -e "INPUT_REPO_TOKEN" -e "INPUT_ACTION" -e "INPUT_APP_LOCATION" -e "INPUT_API_LOCATION" -e "INPUT_OUTPUT_LOCATION" -e "INPUT_API_BUILD_COMMAND" -e "INPUT_APP_ARTIFACT_LOCATION" -e "INPUT_APP_BUILD_COMMAND" -e "INPUT_ROUTES_LOCATION" -e "INPUT_SKIP_APP_BUILD" -e "INPUT_CONFIG_FILE_LOCATION" -e "INPUT_SKIP_API_BUILD" -e "INPUT_PRODUCTION_BRANCH" -e "INPUT_DEPLOYMENT_ENVIRONMENT" -e "INPUT_IS_STATIC_EXPORT" -e "INPUT_DATA_API_LOCATION" -e "INPUT_GITHUB_ID_TOKEN" -e "HOME" -e "GITHUB_JOB" -e "GITHUB_REF" -e "GITHUB_SHA" -e "GITHUB_REPOSITORY" -e "GITHUB_REPOSITORY_OWNER" -e "GITHUB_REPOSITORY_OWNER_ID" -e "GITHUB_RUN_ID" -e "GITHUB_RUN_NUMBER" -e "GITHUB_RETENTION_DAYS" -e "GITHUB_RUN_ATTEMPT" -e "GITHUB_ACTOR_ID" -e "GITHUB_ACTOR" -e "GITHUB_WORKFLOW" -e "GITHUB_HEAD_REF" -e "GITHUB_BASE_REF" -e "GITHUB_EVENT_NAME" -e "GITHUB_SERVER_URL" -e "GITHUB_API_URL" -e "GITHUB_GRAPHQL_URL" -e "GITHUB_REF_NAME" -e "GITHUB_REF_PROTECTED" -e "GITHUB_REF_TYPE" -e "GITHUB_WORKFLOW_REF" -e "GITHUB_WORKFLOW_SHA" -e "GITHUB_REPOSITORY_ID" -e "GITHUB_TRIGGERING_ACTOR" -e "GITHUB_WORKSPACE" -e "GITHUB_ACTION" -e "GITHUB_EVENT_PATH" -e "GITHUB_ACTION_REPOSITORY" -e "GITHUB_ACTION_REF" -e "GITHUB_PATH" -e "GITHUB_ENV" -e "GITHUB_STEP_SUMMARY" -e "GITHUB_STATE" -e "GITHUB_OUTPUT" -e "RUNNER_OS" -e "RUNNER_ARCH" -e "RUNNER_NAME" -e "RUNNER_ENVIRONMENT" -e "RUNNER_TOOL_CACHE" -e "RUNNER_TEMP" -e "RUNNER_WORKSPACE" -e "ACTIONS_RUNTIME_URL" -e "ACTIONS_RUNTIME_TOKEN" -e "ACTIONS_CACHE_URL" -e "ACTIONS_RESULTS_URL" -e GITHUB_ACTIONS=true -e CI=true -v "/var/run/docker.sock":"/var/run/docker.sock" -v "/home/runner/work/_temp/_github_home":"/github/home" -v "/home/runner/work/_temp/_github_workflow":"/github/workflow" -v "/home/runner/work/_temp/_runner_file_commands":"/github/file_commands" -v "/home/runner/work/vitrine-de-craques-web-site/vitrine-de-craques-web-site":"/github/workspace" 00cfe7:285c030a7d7f4fc89a3dbb17e0119cbd
2025-11-23T23:01:52.7172701Z DeploymentId: 831df3b0-98da-4499-934f-67eba3439a12
2025-11-23T23:01:52.7174724Z 
2025-11-23T23:01:52.8191683Z [37mTry to validate location at: '/github/workspace'.[0m
2025-11-23T23:01:52.8209789Z [37mApp Directory Location: '/' was found.[0m
2025-11-23T23:01:52.8224122Z [37mTry to validate location at: '/github/workspace/swa-db-connections'.[0m
2025-11-23T23:01:52.8237848Z [37mLooking for event info[0m
2025-11-23T23:01:53.2479431Z [37mStarting to build app with Oryx[0m
2025-11-23T23:01:53.2484132Z [33mAzure Static Web Apps utilizes Oryx to build both static applications and Azure Functions. You can find more details on Oryx here: https://github.com/microsoft/Oryx[0m
2025-11-23T23:01:53.2486872Z [37m---Oryx build logs---[0m
2025-11-23T23:01:53.2487336Z [37m[0m
2025-11-23T23:01:53.2487672Z [37m[0m
2025-11-23T23:01:53.6034636Z [37mOperation performed by Microsoft Oryx, https://github.com/Microsoft/Oryx[0m
2025-11-23T23:01:53.6045901Z [37mYou can report issues at https://github.com/Microsoft/Oryx/issues[0m
2025-11-23T23:01:53.6051497Z [37m[0m
2025-11-23T23:01:53.6055696Z [37mOryx Version: 0.2.20250107.1+ef3fb2f9c490a4fbb1f76b5746cd4ba2ff0409f4, Commit: ef3fb2f9c490a4fbb1f76b5746cd4ba2ff0409f4, ReleaseTagName: 20250107.1[0m
2025-11-23T23:01:53.6057005Z [37m[0m
2025-11-23T23:01:53.6057598Z [37mBuild Operation ID: bb35f2bd15f91b71[0m
2025-11-23T23:01:53.6058560Z [37mOS Type           : bullseye[0m
2025-11-23T23:01:53.6059340Z [37mImage Type        : githubactions[0m
2025-11-23T23:01:53.6059881Z [37m[0m
2025-11-23T23:01:53.6165052Z [37mDetecting platforms...[0m
2025-11-23T23:01:55.8503817Z [37mDetected following platforms:[0m
2025-11-23T23:01:55.8511205Z [37m  nodejs: 20.19.5[0m
2025-11-23T23:01:55.8511832Z [37m  python: 3.11.14[0m
2025-11-23T23:01:55.8512360Z [37m  php: 8.0.30[0m
2025-11-23T23:01:55.8546295Z [37mVersion '20.19.5' of platform 'nodejs' is not installed. Generating script to install it...[0m
2025-11-23T23:01:55.8570311Z [37mVersion '3.11.14' of platform 'python' is not installed. Generating script to install it...[0m
2025-11-23T23:01:55.8585775Z [37mVersion '8.0.30' of platform 'php' is not installed. Generating script to install it...[0m
2025-11-23T23:01:55.9035206Z [37mDetected the following frameworks: Typescript,Next.js[0m
2025-11-23T23:01:55.9838993Z [37m[0m
2025-11-23T23:01:55.9963518Z [37m[0m
2025-11-23T23:01:55.9964183Z [37mSource directory     : /github/workspace[0m
2025-11-23T23:01:55.9965560Z [37mDestination directory: /bin/staticsites/831df3b0-98da-4499-934f-67eba3439a12-swa-oryx/app[0m
2025-11-23T23:01:55.9968879Z [37m[0m
2025-11-23T23:01:55.9994379Z [37m[0m
2025-11-23T23:01:55.9995548Z [37mDownloading and extracting 'nodejs' version '20.19.5' to '/tmp/oryx/platforms/nodejs/20.19.5'...[0m
2025-11-23T23:01:56.0042282Z [37mDetected image debian flavor: bullseye.[0m
2025-11-23T23:01:56.2910439Z [37mDownloaded in 0 sec(s).[0m
2025-11-23T23:01:56.2912642Z [37mVerifying checksum...[0m
2025-11-23T23:01:56.2981003Z [37mExtracting contents...[0m
2025-11-23T23:01:57.7602543Z [37mperforming sha512 checksum for: nodejs...[0m
2025-11-23T23:01:57.9375887Z [37mDone in 2 sec(s).[0m
2025-11-23T23:01:57.9376513Z [37m[0m
2025-11-23T23:01:57.9409197Z [37m[0m
2025-11-23T23:01:57.9410734Z [37mDownloading and extracting 'python' version '3.11.14' to '/tmp/oryx/platforms/python/3.11.14'...[0m
2025-11-23T23:01:57.9448791Z [37mDetected image debian flavor: bullseye.[0m
2025-11-23T23:01:58.4977175Z [37mDownloaded in 1 sec(s).[0m
2025-11-23T23:01:58.5009123Z [37mVerifying checksum...[0m
2025-11-23T23:01:58.5086484Z [37mExtracting contents...[0m
2025-11-23T23:02:01.2356622Z [37mperforming sha512 checksum for: python...[0m
2025-11-23T23:02:01.5927082Z [37mDone in 4 sec(s).[0m
2025-11-23T23:02:01.5929452Z [37m[0m
2025-11-23T23:02:01.5992112Z [37mimage detector file exists, platform is python..[0m
2025-11-23T23:02:01.5997776Z [37mOS detector file exists, OS is bullseye..[0m
2025-11-23T23:02:01.6011401Z [37m[0m
2025-11-23T23:02:01.6017869Z [37mDownloading and extracting 'php' version '8.0.30' to '/tmp/oryx/platforms/php/8.0.30'...[0m
2025-11-23T23:02:01.6062085Z [37mDetected image debian flavor: bullseye.[0m
2025-11-23T23:02:01.7379172Z [37mDownloaded in 0 sec(s).[0m
2025-11-23T23:02:01.7383162Z [37mVerifying checksum...[0m
2025-11-23T23:02:01.7463433Z [37mExtracting contents...[0m
2025-11-23T23:02:02.1161594Z [37mperforming sha512 checksum for: php...[0m
2025-11-23T23:02:02.1582882Z [37mDone in 1 sec(s).[0m
2025-11-23T23:02:02.1590024Z [37m[0m
2025-11-23T23:02:02.1616425Z [37m[0m
2025-11-23T23:02:02.1622999Z [37mDownloading and extracting 'php-composer' version '2.6.2' to '/tmp/oryx/platforms/php-composer/2.6.2'...[0m
2025-11-23T23:02:02.1657543Z [37mDetected image debian flavor: bullseye.[0m
2025-11-23T23:02:02.1970563Z [37mDownloaded in 0 sec(s).[0m
2025-11-23T23:02:02.1991440Z [37mVerifying checksum...[0m
2025-11-23T23:02:02.2072342Z [37mExtracting contents...[0m
2025-11-23T23:02:02.2270534Z [37mperforming sha512 checksum for: php-composer...[0m
2025-11-23T23:02:02.2348037Z [37mDone in 0 sec(s).[0m
2025-11-23T23:02:02.2351331Z [37m[0m
2025-11-23T23:02:02.3295884Z [37mRemoving existing manifest file[0m
2025-11-23T23:02:02.3333201Z [37mCreating directory for command manifest file if it does not exist[0m
2025-11-23T23:02:02.3432987Z [37mCreating a manifest file...[0m
2025-11-23T23:02:02.3453904Z [37mNode Build Command Manifest file created.[0m
2025-11-23T23:02:02.3467759Z [37m[0m
2025-11-23T23:02:02.3469145Z [37mFound npm version spec to follow in package.json: '>=9'[0m
2025-11-23T23:02:02.3470741Z [37mUpdating version of npm installed to meet the above version spec.[0m
2025-11-23T23:02:05.8505605Z [37m[0m
2025-11-23T23:02:05.8509013Z [37mremoved 19 packages, and changed 117 packages in 3s[0m
2025-11-23T23:02:05.8509899Z [37m[0m
2025-11-23T23:02:05.8529632Z [37m25 packages are looking for funding[0m
2025-11-23T23:02:05.8531960Z [37m  run `npm fund` for details[0m
2025-11-23T23:02:05.8700777Z [37m[0m
2025-11-23T23:02:05.8701419Z [37m[0m
2025-11-23T23:02:05.8702004Z [37mUsing Node version:[0m
2025-11-23T23:02:05.8791952Z [37mv20.19.5[0m
2025-11-23T23:02:05.8814025Z [37m[0m
2025-11-23T23:02:05.8816255Z [37mUsing Npm version:[0m
2025-11-23T23:02:05.9801507Z [37m11.6.3[0m
2025-11-23T23:02:06.5326871Z [37m[0m
2025-11-23T23:02:06.5330827Z [37mRunning 'npm install'...[0m
2025-11-23T23:02:06.5331481Z [37m[0m
2025-11-23T23:02:14.2854889Z [37m[0m
2025-11-23T23:02:14.2855647Z [37m> vitrine-de-craques-web-site@0.1.0 postinstall[0m
2025-11-23T23:02:14.2856358Z [37m> npx prisma generate[0m
2025-11-23T23:02:14.2856784Z [37m[0m
2025-11-23T23:02:17.0410809Z [37mPrisma schema loaded from prisma/schema.prisma[0m
2025-11-23T23:02:18.2717293Z [37m[0m
2025-11-23T23:02:18.2751294Z [37m✔ Generated Prisma Client (v6.16.2) to ./node_modules/@prisma/client in 635ms[0m
2025-11-23T23:02:18.2752129Z [37m[0m
2025-11-23T23:02:18.2753033Z [37mStart by importing your Prisma Client (See: https://pris.ly/d/importing-client)[0m
2025-11-23T23:02:18.2753778Z [37m[0m
2025-11-23T23:02:18.2754588Z [37mTip: Want to turn off tips and other hints? https://pris.ly/tip-4-nohints[0m
2025-11-23T23:02:18.2755232Z [37m[0m
2025-11-23T23:02:18.3241129Z [37m[0m
2025-11-23T23:02:18.3242077Z [37m> vitrine-de-craques-web-site@0.1.0 prepare[0m
2025-11-23T23:02:18.3243607Z [37m> husky install[0m
2025-11-23T23:02:18.3243996Z [37m[0m
2025-11-23T23:02:18.3713546Z [37mhusky - Git hooks installed[0m
2025-11-23T23:02:18.3849471Z [37m[0m
2025-11-23T23:02:18.3850537Z [37mremoved 7 packages, and audited 826 packages in 12s[0m
2025-11-23T23:02:18.3863795Z [37m[0m
2025-11-23T23:02:18.3864410Z [37m192 packages are looking for funding[0m
2025-11-23T23:02:18.3865102Z [37m  run `npm fund` for details[0m
2025-11-23T23:02:18.4702273Z [37m[0m
2025-11-23T23:02:18.4703881Z [37m6 vulnerabilities (3 moderate, 3 high)[0m
2025-11-23T23:02:18.4712884Z [37m[0m
2025-11-23T23:02:18.4716477Z [37mTo address issues that do not require attention, run:[0m
2025-11-23T23:02:18.4728672Z [37m  npm audit fix[0m
2025-11-23T23:02:18.4729286Z [37m[0m
2025-11-23T23:02:18.4729982Z [37mTo address all issues (including breaking changes), run:[0m
2025-11-23T23:02:18.4730719Z [37m  npm audit fix --force[0m
2025-11-23T23:02:18.4731158Z [37m[0m
2025-11-23T23:02:18.4731625Z [37mRun `npm audit` for details.[0m
2025-11-23T23:02:18.5112258Z [37m[0m
2025-11-23T23:02:18.5113178Z [37mRunning 'npm run build'...[0m
2025-11-23T23:02:18.5114033Z [37m[0m
2025-11-23T23:02:18.6772329Z [37m[0m
2025-11-23T23:02:18.6777846Z [37m> vitrine-de-craques-web-site@0.1.0 build[0m
2025-11-23T23:02:18.6783182Z [37m> npx prisma generate && next build[0m
2025-11-23T23:02:18.6788439Z [37m[0m
2025-11-23T23:02:20.6503335Z [37mPrisma schema loaded from prisma/schema.prisma[0m
2025-11-23T23:02:22.0312238Z [31m┌─────────────────────────────────────────────────────────┐[0m
2025-11-23T23:02:22.0325390Z [31m│  Update available 6.16.2 -> 7.0.0                       │[0m
2025-11-23T23:02:22.0339302Z [31m│                                                         │[0m
2025-11-23T23:02:22.0342567Z [31m│  This is a major update - please follow the guide at    │[0m
2025-11-23T23:02:22.0343567Z [31m│  https://pris.ly/d/major-version-upgrade                │[0m
2025-11-23T23:02:22.0344399Z [31m│                                                         │[0m
2025-11-23T23:02:22.0345189Z [31m│  Run the following to update                            │[0m
2025-11-23T23:02:22.0346036Z [31m│    npm i --save-dev prisma@latest                       │[0m
2025-11-23T23:02:22.0346867Z [31m│    npm i @prisma/client@latest                          │[0m
2025-11-23T23:02:22.0347715Z [31m└─────────────────────────────────────────────────────────┘[0m
2025-11-23T23:02:22.0348199Z [37m[0m
2025-11-23T23:02:22.0371352Z [37m✔ Generated Prisma Client (v6.16.2) to ./node_modules/@prisma/client in 698ms[0m
2025-11-23T23:02:22.0372049Z [37m[0m
2025-11-23T23:02:22.0372920Z [37mStart by importing your Prisma Client (See: https://pris.ly/d/importing-client)[0m
2025-11-23T23:02:22.0373646Z [37m[0m
2025-11-23T23:02:22.0374429Z [37mTip: Want to turn off tips and other hints? https://pris.ly/tip-4-nohints[0m
2025-11-23T23:02:22.0375067Z [37m[0m
2025-11-23T23:02:22.8586263Z [37m  ▲ Next.js 14.2.33[0m
2025-11-23T23:02:22.8589175Z [37m[0m
2025-11-23T23:02:23.4114718Z [37m   Creating an optimized production build ...[0m
2025-11-23T23:03:02.4440036Z [31m ⚠ Compiled with warnings[0m
2025-11-23T23:03:02.4440570Z [31m[0m
2025-11-23T23:03:02.4441189Z [31m./node_modules/@ffmpeg-installer/ffmpeg/index.js[0m
2025-11-23T23:03:02.4442170Z [31mCritical dependency: the request of a dependency is an expression[0m
2025-11-23T23:03:02.4442868Z [31m[0m
2025-11-23T23:03:02.4443359Z [31mImport trace for requested module:[0m
2025-11-23T23:03:02.4444093Z [31m./node_modules/@ffmpeg-installer/ffmpeg/index.js[0m
2025-11-23T23:03:02.4444738Z [31m./app/api/videos/route.ts[0m
2025-11-23T23:03:02.4445165Z [31m[0m
2025-11-23T23:03:02.4445766Z [31m./node_modules/fluent-ffmpeg/lib/options/misc.js[0m
2025-11-23T23:03:02.4446716Z [31mCritical dependency: the request of a dependency is an expression[0m
2025-11-23T23:03:02.4447337Z [31m[0m
2025-11-23T23:03:02.4447803Z [31mImport trace for requested module:[0m
2025-11-23T23:03:02.4448730Z [31m./node_modules/fluent-ffmpeg/lib/options/misc.js[0m
2025-11-23T23:03:02.4449518Z [31m./node_modules/fluent-ffmpeg/lib/fluent-ffmpeg.js[0m
2025-11-23T23:03:02.4450232Z [31m./node_modules/fluent-ffmpeg/index.js[0m
2025-11-23T23:03:02.4450815Z [31m./app/api/videos/route.ts[0m
2025-11-23T23:03:02.4451235Z [31m[0m
2025-11-23T23:03:17.2114270Z [37m ✓ Compiled successfully[0m
2025-11-23T23:03:17.2150384Z [37m   Linting and checking validity of types ...[0m
2025-11-23T23:03:37.7530617Z [37m   Collecting page data ...[0m
2025-11-23T23:03:38.7414831Z [31mFFmpeg installer package not available. Falling back to system ffmpeg binary. O pacote opcional @ffmpeg-installer/ffmpeg não foi instalado para esta plataforma. Certifique-se de ter o FFmpeg disponível no sistema ou defina a variável FFMPEG_PATH.[0m
2025-11-23T23:03:40.8835706Z [37m   Generating static pages (0/57) ...[0m
2025-11-23T23:03:42.1304365Z [37m   Generating static pages (14/57) [0m
2025-11-23T23:03:44.4995010Z [37m   Generating static pages (28/57) [0m
2025-11-23T23:03:45.5496294Z [37m   Generating static pages (42/57) [0m
2025-11-23T23:03:46.4791379Z [37m ✓ Generating static pages (57/57)[0m
2025-11-23T23:03:47.3411601Z [37m   Finalizing page optimization ...[0m
2025-11-23T23:03:47.3415987Z [37m   Collecting build traces ...[0m
2025-11-23T23:04:09.4324167Z [37m[0m
2025-11-23T23:04:09.4442804Z [37mRoute (app)                                      Size     First Load JS[0m
2025-11-23T23:04:09.4459069Z [37m┌ ƒ /                                            1.33 kB         103 kB[0m
2025-11-23T23:04:09.4461069Z [37m├ ƒ /_not-found                                  876 B          88.2 kB[0m
2025-11-23T23:04:09.4462427Z [37m├ ƒ /administrator                               155 B          87.5 kB[0m
2025-11-23T23:04:09.4463778Z [37m├ ƒ /administrator/clubes                        6.28 kB         117 kB[0m
2025-11-23T23:04:09.4465033Z [37m├ ƒ /administrator/users                         5.58 kB         111 kB[0m
2025-11-23T23:04:09.4466209Z [37m├ ƒ /administrator/videos                        5.33 kB         110 kB[0m
2025-11-23T23:04:09.4467700Z [37m├ ƒ /agentes                                     2.7 kB         98.7 kB[0m
2025-11-23T23:04:09.4470322Z [37m├ ƒ /agentes/[id]                                1.73 kB         117 kB[0m
2025-11-23T23:04:09.4471274Z [37m├ ƒ /api/admin/clubes                            0 B                0 B[0m
2025-11-23T23:04:09.4472231Z [37m├ ƒ /api/admin/clubes/[id]                       0 B                0 B[0m
2025-11-23T23:04:09.4473125Z [37m├ ƒ /api/admin/summary                           0 B                0 B[0m
2025-11-23T23:04:09.4473985Z [37m├ ƒ /api/admin/users                             0 B                0 B[0m
2025-11-23T23:04:09.4474944Z [37m├ ƒ /api/admin/users/[userId]/block              0 B                0 B[0m
2025-11-23T23:04:09.4475873Z [37m├ ƒ /api/admin/videos                            0 B                0 B[0m
2025-11-23T23:04:09.4476797Z [37m├ ƒ /api/admin/videos/[videoId]/appeal-response  0 B                0 B[0m
2025-11-23T23:04:09.4477784Z [37m├ ƒ /api/admin/videos/[videoId]/block            0 B                0 B[0m
2025-11-23T23:04:09.4478919Z [37m├ ƒ /api/agentes                                 0 B                0 B[0m
2025-11-23T23:04:09.4479746Z [37m├ ƒ /api/agentes/[id]                            0 B                0 B[0m
2025-11-23T23:04:09.4480649Z [37m├ ƒ /api/atletas                                 0 B                0 B[0m
2025-11-23T23:04:09.4481441Z [37m├ ƒ /api/atletas/[id]                            0 B                0 B[0m
2025-11-23T23:04:09.4482231Z [37m├ ƒ /api/auth/[...nextauth]                      0 B                0 B[0m
2025-11-23T23:04:09.4483226Z [37m├ ƒ /api/blocks/[targetUserId]                   0 B                0 B[0m
2025-11-23T23:04:09.4484165Z [37m├ ƒ /api/clubes                                  0 B                0 B[0m
2025-11-23T23:04:09.4485066Z [37m├ ƒ /api/clubes/[slug]                           0 B                0 B[0m
2025-11-23T23:04:09.4486008Z [37m├ ƒ /api/confederacoes                           0 B                0 B[0m
2025-11-23T23:04:09.4486991Z [37m├ ƒ /api/confederacoes/[slug]                    0 B                0 B[0m
2025-11-23T23:04:09.4487943Z [37m├ ƒ /api/db-check                                0 B                0 B[0m
2025-11-23T23:04:09.4488984Z [37m├ ƒ /api/env                                     0 B                0 B[0m
2025-11-23T23:04:09.4489919Z [37m├ ƒ /api/follows/[targetUserId]                  0 B                0 B[0m
2025-11-23T23:04:09.4490864Z [37m├ ƒ /api/games                                   0 B                0 B[0m
2025-11-23T23:04:09.4491765Z [37m├ ƒ /api/games/[slug]                            0 B                0 B[0m
2025-11-23T23:04:09.4492713Z [37m├ ƒ /api/games/[slug]/comments                   0 B                0 B[0m
2025-11-23T23:04:09.4493675Z [37m├ ƒ /api/games/[slug]/engagement                 0 B                0 B[0m
2025-11-23T23:04:09.4494632Z [37m├ ƒ /api/health                                  0 B                0 B[0m
2025-11-23T23:04:09.4495526Z [37m├ ƒ /api/messages                                0 B                0 B[0m
2025-11-23T23:04:09.4496423Z [37m├ ƒ /api/messages/unread-count                   0 B                0 B[0m
2025-11-23T23:04:09.4497285Z [37m├ ƒ /api/news                                    0 B                0 B[0m
2025-11-23T23:04:09.4498081Z [37m├ ƒ /api/news/[id]                               0 B                0 B[0m
2025-11-23T23:04:09.4499084Z [37m├ ƒ /api/news/cover                              0 B                0 B[0m
2025-11-23T23:04:09.4499938Z [37m├ ƒ /api/noticias                                0 B                0 B[0m
2025-11-23T23:04:09.4501224Z [37m├ ƒ /api/noticias/[slug]                         0 B                0 B[0m
2025-11-23T23:04:09.4502164Z [37m├ ƒ /api/noticias/[slug]/comments                0 B                0 B[0m
2025-11-23T23:04:09.4503127Z [37m├ ƒ /api/noticias/[slug]/engagement              0 B                0 B[0m
2025-11-23T23:04:09.4504028Z [37m├ ƒ /api/pg-check                                0 B                0 B[0m
2025-11-23T23:04:09.4504864Z [37m├ ƒ /api/profile                                 0 B                0 B[0m
2025-11-23T23:04:09.4505727Z [37m├ ƒ /api/profile/avatar                          0 B                0 B[0m
2025-11-23T23:04:09.4506657Z [37m├ ƒ /api/profile/personal-info                   0 B                0 B[0m
2025-11-23T23:04:09.4507557Z [37m├ ƒ /api/register                                0 B                0 B[0m
2025-11-23T23:04:09.4508740Z [37m├ ƒ /api/register/atleta-18                      0 B                0 B[0m
2025-11-23T23:04:09.4509673Z [37m├ ƒ /api/register/clube                          0 B                0 B[0m
2025-11-23T23:04:09.4510600Z [37m├ ƒ /api/register/de-agentes-licenciados         0 B                0 B[0m
2025-11-23T23:04:09.4511599Z [37m├ ƒ /api/register/imprensa-jornalistablogueiro   0 B                0 B[0m
2025-11-23T23:04:09.4512619Z [37m├ ƒ /api/register/responsavel                    0 B                0 B[0m
2025-11-23T23:04:09.4513655Z [37m├ ƒ /api/register/responsavel/documents          0 B                0 B[0m
2025-11-23T23:04:09.4514699Z [37m├ ƒ /api/register/torcedor                       0 B                0 B[0m
2025-11-23T23:04:09.4515626Z [37m├ ○ /api/times                                   0 B                0 B[0m
2025-11-23T23:04:09.4516490Z [37m├ ƒ /api/videos                                  0 B                0 B[0m
2025-11-23T23:04:09.4517366Z [37m├ ƒ /api/videos/[id]                             0 B                0 B[0m
2025-11-23T23:04:09.4518887Z [37m├ ƒ /api/videos/[id]/appeal                      0 B                0 B[0m
2025-11-23T23:04:09.4519994Z [37m├ ƒ /api/videos/[id]/comments                    0 B                0 B[0m
2025-11-23T23:04:09.4520981Z [37m├ ƒ /api/videos/proxy                            0 B                0 B[0m
2025-11-23T23:04:09.4521934Z [37m├ ƒ /arquibancada                                4.47 kB        98.6 kB[0m
2025-11-23T23:04:09.4522810Z [37m├ ƒ /atletas                                     4.48 kB         107 kB[0m
2025-11-23T23:04:09.4523667Z [37m├ ƒ /atletas/[id]                                6.98 kB         136 kB[0m
2025-11-23T23:04:09.4524527Z [37m├ ƒ /cadastro                                    2.21 kB         129 kB[0m
2025-11-23T23:04:09.4525402Z [37m├ ƒ /cadastro/[slug]                             2.92 kB         121 kB[0m
2025-11-23T23:04:09.4526334Z [37m├ ƒ /cadastro/atleta-18                          3.78 kB         136 kB[0m
2025-11-23T23:04:09.4527265Z [37m├ ƒ /cadastro/clube                              3.91 kB         137 kB[0m
2025-11-23T23:04:09.4528620Z [37m├ ƒ /cadastro/de-agentes-licenciados             3.91 kB         137 kB[0m
2025-11-23T23:04:09.4529711Z [37m├ ƒ /cadastro/imprensa-jornalistablogueiro       4.07 kB         137 kB[0m
2025-11-23T23:04:09.4530745Z [37m├ ƒ /cadastro/responsavel                        4.1 kB          137 kB[0m
2025-11-23T23:04:09.4531739Z [37m├ ƒ /cadastro/responsavel/uploads                3.57 kB         136 kB[0m
2025-11-23T23:04:09.4532679Z [37m├ ƒ /cadastro/sucesso                            155 B          87.5 kB[0m
2025-11-23T23:04:09.4533569Z [37m├ ƒ /cadastro/torcedor                           5.05 kB         146 kB[0m
2025-11-23T23:04:09.4534420Z [37m├ ƒ /clubes                                      2.8 kB          111 kB[0m
2025-11-23T23:04:09.4535288Z [37m├ ƒ /clubes/[slug]                               194 B           101 kB[0m
2025-11-23T23:04:09.4536151Z [37m├ ƒ /confederacoes                               194 B           101 kB[0m
2025-11-23T23:04:09.4537243Z [37m├ ƒ /confederacoes/[slug]                        194 B           101 kB[0m
2025-11-23T23:04:09.4538111Z [37m├ ƒ /feed                                        14.6 kB         143 kB[0m
2025-11-23T23:04:09.4539031Z [37m├ ƒ /games                                       582 B           121 kB[0m
2025-11-23T23:04:09.4539826Z [37m├ ƒ /games/[slug]                                210 B           128 kB[0m
2025-11-23T23:04:09.4540623Z [37m├ ○ /icon                                        0 B                0 B[0m
2025-11-23T23:04:09.4541406Z [37m├ ƒ /login                                       3.64 kB         145 kB[0m
2025-11-23T23:04:09.4542197Z [37m├ ƒ /noticias                                    588 B           121 kB[0m
2025-11-23T23:04:09.4543028Z [37m├ ƒ /noticias/[slug]                             616 B           128 kB[0m
2025-11-23T23:04:09.4543837Z [37m├ ƒ /perfil                                      26.9 kB         170 kB[0m
2025-11-23T23:04:09.4544665Z [37m├ ƒ /perfis/[id]                                 1.73 kB         117 kB[0m
2025-11-23T23:04:09.4545467Z [37m├ ƒ /player/[id]                                 9.1 kB          127 kB[0m
2025-11-23T23:04:09.4546282Z [37m├ ƒ /privacidade                                 189 B          96.2 kB[0m
2025-11-23T23:04:09.4547187Z [37m├ ƒ /registrar-escolha-perfil                    189 B          96.2 kB[0m
2025-11-23T23:04:09.4548028Z [37m├ ƒ /sobre                                       189 B          96.2 kB[0m
2025-11-23T23:04:09.4548952Z [37m├ ƒ /torcida                                     155 B          87.5 kB[0m
2025-11-23T23:04:09.4549766Z [37m└ ƒ /upload                                      9.94 kB         113 kB[0m
2025-11-23T23:04:09.4550535Z [37m+ First Load JS shared by all                    87.3 kB[0m
2025-11-23T23:04:09.4551331Z [37m  ├ chunks/2117-14ae4ae7e705def5.js              31.7 kB[0m
2025-11-23T23:04:09.4552169Z [37m  ├ chunks/fd9d1056-34631afcb5c7f147.js          53.6 kB[0m
2025-11-23T23:04:09.4553022Z [37m  └ other shared chunks (total)                  1.97 kB[0m
2025-11-23T23:04:09.4553549Z [37m[0m
2025-11-23T23:04:09.4553856Z [37m[0m
2025-11-23T23:04:09.4554458Z [37mƒ Middleware                                     48.3 kB[0m
2025-11-23T23:04:09.4554978Z [37m[0m
2025-11-23T23:04:09.4555518Z [37m○  (Static)   prerendered as static content[0m
2025-11-23T23:04:09.4556217Z [37mƒ  (Dynamic)  server-rendered on demand[0m
2025-11-23T23:04:09.4556692Z [37m[0m
2025-11-23T23:04:09.4915218Z [37m[0m
2025-11-23T23:04:09.4917478Z [37m> vitrine-de-craques-web-site@0.1.0 postbuild[0m
2025-11-23T23:04:09.4918745Z [37m> node scripts/copy-prisma-artifacts.js[0m
2025-11-23T23:04:09.4919493Z [37m[0m
2025-11-23T23:04:09.6145064Z [37m[copy-prisma-artifacts] Copied Prisma artifacts to /github/workspace/.next/standalone/node_modules/.prisma/client[0m
2025-11-23T23:04:09.6156446Z [37m[copy-prisma-artifacts] Linked Prisma artifacts to /github/workspace/.next/server/.prisma/client[0m
2025-11-23T23:04:09.6161699Z [37m[copy-prisma-artifacts] Linked Prisma artifacts to /github/workspace/.next/server/chunks/.prisma/client[0m
2025-11-23T23:04:09.7225884Z [37m[copy-prisma-artifacts] Copied Prisma artifacts to /github/workspace/.next/standalone/node_modules/@prisma/client[0m
2025-11-23T23:04:09.7231001Z [37m[copy-prisma-artifacts] Linked Prisma artifacts to /github/workspace/.next/server/@prisma/client[0m
2025-11-23T23:04:09.7232560Z [37m[copy-prisma-artifacts] Linked Prisma artifacts to /github/workspace/.next/server/chunks/@prisma/client[0m
2025-11-23T23:04:09.7358825Z [37mPreparing output...[0m
2025-11-23T23:04:09.7360069Z [37m[0m
2025-11-23T23:04:09.7362055Z [37mCopying files to destination directory '/bin/staticsites/831df3b0-98da-4499-934f-67eba3439a12-swa-oryx/app'...[0m
2025-11-23T23:04:35.5382536Z [37mDone in 26 sec(s).[0m
2025-11-23T23:04:35.5416965Z [37m[0m
2025-11-23T23:04:35.5419678Z [37mRemoving existing manifest file[0m
2025-11-23T23:04:35.5436456Z [37mCreating a manifest file...[0m
2025-11-23T23:04:35.5446644Z [37mManifest file created.[0m
2025-11-23T23:04:35.5451289Z [37mCopying .ostype to manifest output directory.[0m
2025-11-23T23:04:35.5488244Z [37m[0m
2025-11-23T23:04:35.5492055Z [37mDone in 160 sec(s).[0m
2025-11-23T23:04:35.6179895Z [37m[0m
2025-11-23T23:04:35.6181456Z [37m[0m
2025-11-23T23:04:35.6181933Z [37m---End of Oryx build logs---[0m
2025-11-23T23:04:35.6210844Z [37mTry to validate location at: '/bin/staticsites/831df3b0-98da-4499-934f-67eba3439a12-swa-oryx/app/.next'.[0m
2025-11-23T23:04:35.6214261Z [37mOryx has determined that the app build artifacts are in the '.next' directory. If this is incorrect please specify the app artifact location.[0m
2025-11-23T23:04:35.6215584Z [37mFinished building app with Oryx[0m
2025-11-23T23:04:35.7886701Z [31mFailed to find a default file in the app artifacts folder (.next). Valid default files: index.html,Index.html.[0m
2025-11-23T23:04:35.7889486Z [31mIf your application contains purely static content, please verify that the variable 'app_location' in your workflow file points to the root of your application.[0m
2025-11-23T23:04:35.7892910Z [31mIf your application requires build steps, please validate that a default file exists in the build output directory.[0m
2025-11-23T23:04:35.7893953Z [31m[0m
2025-11-23T23:04:35.8796750Z [37m[0m
2025-11-23T23:04:35.8799357Z [33mFor further information, please visit the Azure Static Web Apps documentation at https://docs.microsoft.com/en-us/azure/static-web-apps/[0m
2025-11-23T23:04:35.8802867Z [33mIf you believe this behavior is unexpected, please raise a GitHub issue at https://github.com/azure/static-web-apps/issues/[0m
2025-11-23T23:04:35.8803809Z [33mExiting[0m
2025-11-23T23:04:39.3224928Z Post job cleanup.
2025-11-23T23:04:39.4980348Z [command]/usr/bin/git version
2025-11-23T23:04:39.5021836Z git version 2.51.2
2025-11-23T23:04:39.5089176Z Temporarily overriding HOME='/home/runner/work/_temp/e94675ff-dc1e-4ad3-a6b5-acf3b80c93cd' before making global git config changes
2025-11-23T23:04:39.5090883Z Adding repository directory to the temporary git global config as a safe directory
2025-11-23T23:04:39.5096300Z [command]/usr/bin/git config --global --add safe.directory /home/runner/work/vitrine-de-craques-web-site/vitrine-de-craques-web-site
2025-11-23T23:04:39.5136761Z [command]/usr/bin/git config --local --name-only --get-regexp core\.sshCommand
2025-11-23T23:04:39.5175228Z [command]/usr/bin/git submodule foreach --recursive sh -c "git config --local --name-only --get-regexp 'core\.sshCommand' && git config --local --unset-all 'core.sshCommand' || :"
2025-11-23T23:04:39.5445263Z fatal: No url found for submodule path 'Vitrine-De-Craques-App-iOS/Vitrine-De-Craques-App-iOS' in .gitmodules
2025-11-23T23:04:39.5527921Z ##[warning]The process '/usr/bin/git' failed with exit code 128
2025-11-23T23:04:39.5691664Z Cleaning up orphan processes
