2025-12-09T21:55:16.9090078Z ##[debug]Starting: Build and Deploy Job
2025-12-09T21:55:16.9120121Z ##[debug]Cleaning runner temp folder: /home/runner/work/_temp
2025-12-09T21:55:16.9270845Z ##[debug]Starting: Set up job
2025-12-09T21:55:16.9272557Z Current runner version: '2.329.0'
2025-12-09T21:55:16.9302187Z ##[group]Runner Image Provisioner
2025-12-09T21:55:16.9303351Z Hosted Compute Agent
2025-12-09T21:55:16.9304259Z Version: 20251124.448
2025-12-09T21:55:16.9305258Z Commit: fda5086b43ec66ade217e5fcd18146c879571177
2025-12-09T21:55:16.9306476Z Build Date: 2025-11-24T21:16:26Z
2025-12-09T21:55:16.9307490Z ##[endgroup]
2025-12-09T21:55:16.9308388Z ##[group]Operating System
2025-12-09T21:55:16.9309652Z Ubuntu
2025-12-09T21:55:16.9310397Z 24.04.3
2025-12-09T21:55:16.9311306Z LTS
2025-12-09T21:55:16.9312199Z ##[endgroup]
2025-12-09T21:55:16.9312974Z ##[group]Runner Image
2025-12-09T21:55:16.9314053Z Image: ubuntu-24.04
2025-12-09T21:55:16.9314991Z Version: 20251126.144.1
2025-12-09T21:55:16.9316771Z Included Software: https://github.com/actions/runner-images/blob/ubuntu24/20251126.144/images/ubuntu/Ubuntu2404-Readme.md
2025-12-09T21:55:16.9320046Z Image Release: https://github.com/actions/runner-images/releases/tag/ubuntu24%2F20251126.144
2025-12-09T21:55:16.9321793Z ##[endgroup]
2025-12-09T21:55:16.9323815Z ##[group]GITHUB_TOKEN Permissions
2025-12-09T21:55:16.9326378Z Contents: read
2025-12-09T21:55:16.9327362Z Metadata: read
2025-12-09T21:55:16.9328239Z Packages: read
2025-12-09T21:55:16.9329340Z ##[endgroup]
2025-12-09T21:55:16.9332218Z Secret source: Actions
2025-12-09T21:55:16.9333650Z ##[debug]Primary repository: aspepper/vitrine-de-craques-web-site
2025-12-09T21:55:16.9335014Z Prepare workflow directory
2025-12-09T21:55:16.9436135Z ##[debug]Creating pipeline directory: '/home/runner/work/vitrine-de-craques-web-site'
2025-12-09T21:55:16.9442208Z ##[debug]Creating workspace directory: '/home/runner/work/vitrine-de-craques-web-site/vitrine-de-craques-web-site'
2025-12-09T21:55:16.9445405Z ##[debug]Update context data
2025-12-09T21:55:16.9450796Z ##[debug]Evaluating job-level environment variables
2025-12-09T21:55:16.9909547Z ##[debug]Evaluating job container
2025-12-09T21:55:16.9914186Z ##[debug]Evaluating job service containers
2025-12-09T21:55:16.9917861Z ##[debug]Evaluating job defaults
2025-12-09T21:55:16.9994596Z Prepare all required actions
2025-12-09T21:55:17.0066934Z Getting action download info
2025-12-09T21:55:17.5666341Z Download action repository 'actions/checkout@v4' (SHA:34e114876b0b11c390a56381ad16ebd13914f8d5)
2025-12-09T21:55:18.0427953Z ##[debug]Download 'https://api.github.com/repos/actions/checkout/tarball/34e114876b0b11c390a56381ad16ebd13914f8d5' to '/home/runner/work/_actions/_temp_e691ee7e-c7fa-4609-9190-0903f60d7e53/c32f1529-c15d-4235-82d3-650333a97d7c.tar.gz'
2025-12-09T21:55:18.1256963Z ##[debug]Unwrap 'actions-checkout-34e1148' to '/home/runner/work/_actions/actions/checkout/v4'
2025-12-09T21:55:18.1385422Z ##[debug]Archive '/home/runner/work/_actions/_temp_e691ee7e-c7fa-4609-9190-0903f60d7e53/c32f1529-c15d-4235-82d3-650333a97d7c.tar.gz' has been unzipped into '/home/runner/work/_actions/actions/checkout/v4'.
2025-12-09T21:55:18.1489547Z Download action repository 'actions/setup-node@v4' (SHA:49933ea5288caeca8642d1e84afbd3f7d6820020)
2025-12-09T21:55:18.2059419Z ##[debug]Copied action archive '/opt/actionarchivecache/actions_setup-node/49933ea5288caeca8642d1e84afbd3f7d6820020.tar.gz' to '/home/runner/work/_actions/_temp_d0843f78-f32c-4d11-b8a1-07c4dd28827f/f167d6d7-6b9e-43b1-8fcc-065bc0a4feb7.tar.gz'
2025-12-09T21:55:18.2661190Z ##[debug]Unwrap 'actions-setup-node-49933ea' to '/home/runner/work/_actions/actions/setup-node/v4'
2025-12-09T21:55:18.2911679Z ##[debug]Archive '/home/runner/work/_actions/_temp_d0843f78-f32c-4d11-b8a1-07c4dd28827f/f167d6d7-6b9e-43b1-8fcc-065bc0a4feb7.tar.gz' has been unzipped into '/home/runner/work/_actions/actions/setup-node/v4'.
2025-12-09T21:55:18.2975309Z Download action repository 'Azure/static-web-apps-deploy@v1' (SHA:4d27395796ac319302594769cfe812bd207490b1)
2025-12-09T21:55:18.6610918Z ##[debug]Download 'https://api.github.com/repos/Azure/static-web-apps-deploy/tarball/4d27395796ac319302594769cfe812bd207490b1' to '/home/runner/work/_actions/_temp_158dd0bd-71b5-4a8c-83e2-c51c27fdfaa5/b3814387-055f-44a9-9540-0d9ca31f6f26.tar.gz'
2025-12-09T21:55:18.6692340Z ##[debug]Unwrap 'Azure-static-web-apps-deploy-4d27395' to '/home/runner/work/_actions/Azure/static-web-apps-deploy/v1'
2025-12-09T21:55:18.6707498Z ##[debug]Archive '/home/runner/work/_actions/_temp_158dd0bd-71b5-4a8c-83e2-c51c27fdfaa5/b3814387-055f-44a9-9540-0d9ca31f6f26.tar.gz' has been unzipped into '/home/runner/work/_actions/Azure/static-web-apps-deploy/v1'.
2025-12-09T21:55:18.6732837Z ##[debug]action.yml for action: '/home/runner/work/_actions/actions/checkout/v4/action.yml'.
2025-12-09T21:55:18.7446621Z ##[debug]action.yml for action: '/home/runner/work/_actions/actions/setup-node/v4/action.yml'.
2025-12-09T21:55:18.7544084Z ##[debug]action.yml for action: '/home/runner/work/_actions/Azure/static-web-apps-deploy/v1/action.yml'.
2025-12-09T21:55:18.7621192Z ##[debug]Dockerfile for action: '/home/runner/work/_actions/Azure/static-web-apps-deploy/v1/Dockerfile'.
2025-12-09T21:55:18.7762443Z ##[debug]Set step '__actions_checkout' display name to: 'Run actions/checkout@v4'
2025-12-09T21:55:18.7767146Z ##[debug]Set step '__actions_setup-node' display name to: 'Setup Node'
2025-12-09T21:55:18.7770711Z ##[debug]Set step '__run' display name to: 'Install dependencies'
2025-12-09T21:55:18.7773723Z ##[debug]Set step '__run_2' display name to: 'Build web app'
2025-12-09T21:55:18.7777184Z ##[debug]Set step '__run_3' display name to: 'Prepare standalone artifact for deployment'
2025-12-09T21:55:18.7781068Z ##[debug]Set step 'builddeploy' display name to: 'Build And Deploy'
2025-12-09T21:55:18.7782678Z Complete job name: Build and Deploy Job
2025-12-09T21:55:18.7844135Z ##[debug]Collect running processes for tracking orphan processes.
2025-12-09T21:55:18.8035070Z ##[debug]Finishing: Set up job
2025-12-09T21:55:18.8161573Z ##[debug]Evaluating condition for step: 'Build Azure/static-web-apps-deploy@v1'
2025-12-09T21:55:18.8197477Z ##[debug]Evaluating: success()
2025-12-09T21:55:18.8203589Z ##[debug]Evaluating success:
2025-12-09T21:55:18.8219790Z ##[debug]=> true
2025-12-09T21:55:18.8226747Z ##[debug]Result: true
2025-12-09T21:55:18.8250261Z ##[debug]Starting: Build Azure/static-web-apps-deploy@v1
2025-12-09T21:55:18.8272939Z ##[group]Build container for action use: '/home/runner/work/_actions/Azure/static-web-apps-deploy/v1/Dockerfile'.
2025-12-09T21:55:18.8328757Z ##[command]/usr/bin/docker build -t fe6baa:ae921f57c6754a748ddb707466b586a1 -f "/home/runner/work/_actions/Azure/static-web-apps-deploy/v1/Dockerfile" "/home/runner/work/_actions/Azure/static-web-apps-deploy/v1"
2025-12-09T21:55:19.4454658Z #0 building with "default" instance using docker driver
2025-12-09T21:55:19.4456252Z 
2025-12-09T21:55:19.4456953Z #1 [internal] load build definition from Dockerfile
2025-12-09T21:55:19.4459202Z #1 transferring dockerfile: 160B done
2025-12-09T21:55:19.4460317Z #1 DONE 0.0s
2025-12-09T21:55:19.4460782Z 
2025-12-09T21:55:19.4461750Z #2 [internal] load metadata for mcr.microsoft.com/appsvc/staticappsclient:stable
2025-12-09T21:55:19.4463269Z #2 DONE 0.1s
2025-12-09T21:55:19.5781977Z 
2025-12-09T21:55:19.5785034Z #3 [internal] load .dockerignore
2025-12-09T21:55:19.5786831Z #3 transferring context: 2B done
2025-12-09T21:55:19.5788406Z #3 DONE 0.0s
2025-12-09T21:55:19.5789308Z 
2025-12-09T21:55:19.5789903Z #4 [internal] load build context
2025-12-09T21:55:19.5791616Z #4 transferring context: 107B done
2025-12-09T21:55:19.5793260Z #4 DONE 0.0s
2025-12-09T21:55:19.5793965Z 
2025-12-09T21:55:19.5797730Z #5 [1/2] FROM mcr.microsoft.com/appsvc/staticappsclient:stable@sha256:3178a283e885dc45a0c7b4c6e9f728f0331ae7fb93de75db4181fa38651170f2
2025-12-09T21:55:19.5831185Z #5 resolve mcr.microsoft.com/appsvc/staticappsclient:stable@sha256:3178a283e885dc45a0c7b4c6e9f728f0331ae7fb93de75db4181fa38651170f2 done
2025-12-09T21:55:19.5854591Z #5 sha256:3178a283e885dc45a0c7b4c6e9f728f0331ae7fb93de75db4181fa38651170f2 2.88kB / 2.88kB done
2025-12-09T21:55:19.5860678Z #5 sha256:1df8e0748f30e89b0c0477edfc706fc39242e1d6008433c0494113de267e7ca8 15.34kB / 15.34kB done
2025-12-09T21:55:19.5885852Z #5 sha256:5d6e107a26c2ffb6e234f04132358dea70a691a64c1152f984d2f2ba0e218c58 25.17MB / 53.74MB 0.1s
2025-12-09T21:55:19.5902934Z #5 sha256:2377065f3b700cf1b5e391d26c572c8b91892dd44acd75deebdab5e403b23175 10.49MB / 15.56MB 0.1s
2025-12-09T21:55:19.5912756Z #5 sha256:5ee26b7a209f9a26720207792b237af3e19c0efeed8695e1e630fcd0feef9230 6.29MB / 54.75MB 0.1s
2025-12-09T21:55:19.7693347Z #5 sha256:5d6e107a26c2ffb6e234f04132358dea70a691a64c1152f984d2f2ba0e218c58 53.74MB / 53.74MB 0.3s done
2025-12-09T21:55:19.7728130Z #5 sha256:2377065f3b700cf1b5e391d26c572c8b91892dd44acd75deebdab5e403b23175 15.56MB / 15.56MB 0.2s done
2025-12-09T21:55:19.7733751Z #5 sha256:5ee26b7a209f9a26720207792b237af3e19c0efeed8695e1e630fcd0feef9230 35.88MB / 54.75MB 0.3s
2025-12-09T21:55:19.7738303Z #5 sha256:41c7cd6fb37363fd1ec16dad3463ecc5820eda12c418a82b4849604252d29b88 15.73MB / 197.07MB 0.3s
2025-12-09T21:55:19.7744442Z #5 sha256:4f4fb700ef54461cfa02571ae0db9a0dc1e0cdb5577484a6d75e68dc38e8acc1 32B / 32B 0.3s
2025-12-09T21:55:19.8720425Z #5 sha256:5ee26b7a209f9a26720207792b237af3e19c0efeed8695e1e630fcd0feef9230 49.28MB / 54.75MB 0.4s
2025-12-09T21:55:19.8725237Z #5 sha256:41c7cd6fb37363fd1ec16dad3463ecc5820eda12c418a82b4849604252d29b88 31.46MB / 197.07MB 0.4s
2025-12-09T21:55:19.8729634Z #5 sha256:4f4fb700ef54461cfa02571ae0db9a0dc1e0cdb5577484a6d75e68dc38e8acc1 32B / 32B 0.3s done
2025-12-09T21:55:19.8733425Z #5 extracting sha256:5d6e107a26c2ffb6e234f04132358dea70a691a64c1152f984d2f2ba0e218c58
2025-12-09T21:55:19.8737694Z #5 sha256:aede74d79976f9d1be608a1286cdb2ca61aad25185440263691db6a0880adadd 12.72MB / 24.46MB 0.4s
2025-12-09T21:55:20.0683019Z #5 sha256:5ee26b7a209f9a26720207792b237af3e19c0efeed8695e1e630fcd0feef9230 54.75MB / 54.75MB 0.6s
2025-12-09T21:55:20.0688756Z #5 sha256:41c7cd6fb37363fd1ec16dad3463ecc5820eda12c418a82b4849604252d29b88 67.11MB / 197.07MB 0.6s
2025-12-09T21:55:20.0694640Z #5 sha256:aede74d79976f9d1be608a1286cdb2ca61aad25185440263691db6a0880adadd 24.46MB / 24.46MB 0.6s
2025-12-09T21:55:20.1709194Z #5 sha256:5ee26b7a209f9a26720207792b237af3e19c0efeed8695e1e630fcd0feef9230 54.75MB / 54.75MB 0.6s done
2025-12-09T21:55:20.1717365Z #5 sha256:41c7cd6fb37363fd1ec16dad3463ecc5820eda12c418a82b4849604252d29b88 95.56MB / 197.07MB 0.7s
2025-12-09T21:55:20.1724341Z #5 sha256:aede74d79976f9d1be608a1286cdb2ca61aad25185440263691db6a0880adadd 24.46MB / 24.46MB 0.6s done
2025-12-09T21:55:20.1729986Z #5 sha256:ec0af1da0a0576de654092a28624c0565c6d854216944f18159460338af43293 13.63MB / 72.99MB 0.7s
2025-12-09T21:55:20.1734327Z #5 sha256:c279a6399750ee20e802fb2c47da034ccee5eb4f3b89087f32618f10e8af074a 1.56MB / 1.56MB 0.6s done
2025-12-09T21:55:20.1738852Z #5 sha256:351447e6e3829fac25a761f87d07dc5bfc289f38908901d05fa53aaab54dbdcd 115.52kB / 115.52kB 0.7s done
2025-12-09T21:55:20.1744071Z #5 sha256:eec8099d3f58ba87e25216a07db18b5a0de40b6921ee61ea8ab9b4c29b53a12f 0B / 1.16MB 0.7s
2025-12-09T21:55:20.2747392Z #5 sha256:41c7cd6fb37363fd1ec16dad3463ecc5820eda12c418a82b4849604252d29b88 115.34MB / 197.07MB 0.8s
2025-12-09T21:55:20.2783944Z #5 sha256:ec0af1da0a0576de654092a28624c0565c6d854216944f18159460338af43293 27.26MB / 72.99MB 0.8s
2025-12-09T21:55:20.2791945Z #5 sha256:eec8099d3f58ba87e25216a07db18b5a0de40b6921ee61ea8ab9b4c29b53a12f 1.16MB / 1.16MB 0.7s done
2025-12-09T21:55:20.2797915Z #5 sha256:cddc70a1cccef26d55fcf9242759c41404c305acea0b4c3a30961c99846a0a55 637.94kB / 637.94kB 0.8s done
2025-12-09T21:55:20.4327346Z #5 sha256:41c7cd6fb37363fd1ec16dad3463ecc5820eda12c418a82b4849604252d29b88 128.05MB / 197.07MB 0.9s
2025-12-09T21:55:20.4335196Z #5 sha256:ec0af1da0a0576de654092a28624c0565c6d854216944f18159460338af43293 42.99MB / 72.99MB 0.9s
2025-12-09T21:55:20.5689796Z #5 sha256:41c7cd6fb37363fd1ec16dad3463ecc5820eda12c418a82b4849604252d29b88 155.19MB / 197.07MB 1.1s
2025-12-09T21:55:20.5700446Z #5 sha256:ec0af1da0a0576de654092a28624c0565c6d854216944f18159460338af43293 70.41MB / 72.99MB 1.1s
2025-12-09T21:55:20.5705598Z #5 sha256:36312d7930e0666f8cfc7940823ac101235e873b7cbb8b20d9481fd404095767 21.02MB / 35.20MB 1.1s
2025-12-09T21:55:20.6676434Z #5 sha256:41c7cd6fb37363fd1ec16dad3463ecc5820eda12c418a82b4849604252d29b88 183.50MB / 197.07MB 1.2s
2025-12-09T21:55:20.6683852Z #5 sha256:36312d7930e0666f8cfc7940823ac101235e873b7cbb8b20d9481fd404095767 35.20MB / 35.20MB 1.2s
2025-12-09T21:55:20.8658019Z #5 sha256:41c7cd6fb37363fd1ec16dad3463ecc5820eda12c418a82b4849604252d29b88 197.07MB / 197.07MB 1.4s
2025-12-09T21:55:21.7455333Z #5 sha256:41c7cd6fb37363fd1ec16dad3463ecc5820eda12c418a82b4849604252d29b88 197.07MB / 197.07MB 2.2s done
2025-12-09T21:55:21.7457588Z #5 sha256:ec0af1da0a0576de654092a28624c0565c6d854216944f18159460338af43293 72.99MB / 72.99MB 2.2s done
2025-12-09T21:55:21.7461062Z #5 sha256:36312d7930e0666f8cfc7940823ac101235e873b7cbb8b20d9481fd404095767 35.20MB / 35.20MB 2.2s done
2025-12-09T21:55:21.7465757Z #5 sha256:8023cb51985fccd3faa4be6340cdc75b72240277850569aa974767dda5176159 168B / 168B 2.2s done
2025-12-09T21:55:21.7466972Z #5 sha256:4a1fde1690fe113870084a3224c66554fc9cbd2310abb9593b0244ec21f4b76d 168B / 168B 2.2s done
2025-12-09T21:55:21.7468177Z #5 sha256:4836a863d60df9ca0cedad0eb5e729c4a7f755449fbfbd6d4ea6443e64c990e0 0B / 118.65MB 2.2s
2025-12-09T21:55:21.8490304Z #5 sha256:4836a863d60df9ca0cedad0eb5e729c4a7f755449fbfbd6d4ea6443e64c990e0 25.17MB / 118.65MB 2.3s
2025-12-09T21:55:21.9658753Z #5 sha256:4836a863d60df9ca0cedad0eb5e729c4a7f755449fbfbd6d4ea6443e64c990e0 93.32MB / 118.65MB 2.5s
2025-12-09T21:55:22.0681756Z #5 sha256:4836a863d60df9ca0cedad0eb5e729c4a7f755449fbfbd6d4ea6443e64c990e0 118.65MB / 118.65MB 2.6s
2025-12-09T21:55:22.5651970Z #5 sha256:4836a863d60df9ca0cedad0eb5e729c4a7f755449fbfbd6d4ea6443e64c990e0 118.65MB / 118.65MB 3.0s done
2025-12-09T21:55:23.9828939Z #5 extracting sha256:5d6e107a26c2ffb6e234f04132358dea70a691a64c1152f984d2f2ba0e218c58 4.2s done
2025-12-09T21:55:24.1714567Z #5 extracting sha256:2377065f3b700cf1b5e391d26c572c8b91892dd44acd75deebdab5e403b23175 0.1s
2025-12-09T21:55:24.6489466Z #5 extracting sha256:2377065f3b700cf1b5e391d26c572c8b91892dd44acd75deebdab5e403b23175 0.4s done
2025-12-09T21:55:26.4112765Z #5 extracting sha256:5ee26b7a209f9a26720207792b237af3e19c0efeed8695e1e630fcd0feef9230
2025-12-09T21:55:28.6195085Z #5 extracting sha256:5ee26b7a209f9a26720207792b237af3e19c0efeed8695e1e630fcd0feef9230 2.1s done
2025-12-09T21:55:29.1238496Z #5 extracting sha256:41c7cd6fb37363fd1ec16dad3463ecc5820eda12c418a82b4849604252d29b88
2025-12-09T21:55:34.2453780Z #5 extracting sha256:41c7cd6fb37363fd1ec16dad3463ecc5820eda12c418a82b4849604252d29b88 5.1s
2025-12-09T21:55:34.4151692Z #5 extracting sha256:41c7cd6fb37363fd1ec16dad3463ecc5820eda12c418a82b4849604252d29b88 5.3s done
2025-12-09T21:55:36.9266060Z #5 extracting sha256:4f4fb700ef54461cfa02571ae0db9a0dc1e0cdb5577484a6d75e68dc38e8acc1
2025-12-09T21:55:37.0827643Z #5 extracting sha256:4f4fb700ef54461cfa02571ae0db9a0dc1e0cdb5577484a6d75e68dc38e8acc1 done
2025-12-09T21:55:37.0832229Z #5 extracting sha256:aede74d79976f9d1be608a1286cdb2ca61aad25185440263691db6a0880adadd 0.1s
2025-12-09T21:55:37.8679050Z #5 extracting sha256:aede74d79976f9d1be608a1286cdb2ca61aad25185440263691db6a0880adadd 0.8s done
2025-12-09T21:55:37.8680863Z #5 extracting sha256:c279a6399750ee20e802fb2c47da034ccee5eb4f3b89087f32618f10e8af074a
2025-12-09T21:55:38.1246921Z #5 extracting sha256:c279a6399750ee20e802fb2c47da034ccee5eb4f3b89087f32618f10e8af074a 0.1s done
2025-12-09T21:55:38.1253343Z #5 extracting sha256:ec0af1da0a0576de654092a28624c0565c6d854216944f18159460338af43293 0.1s
2025-12-09T21:55:39.2971480Z #5 extracting sha256:ec0af1da0a0576de654092a28624c0565c6d854216944f18159460338af43293 1.1s done
2025-12-09T21:55:39.8257496Z #5 extracting sha256:351447e6e3829fac25a761f87d07dc5bfc289f38908901d05fa53aaab54dbdcd
2025-12-09T21:55:39.9416202Z #5 extracting sha256:351447e6e3829fac25a761f87d07dc5bfc289f38908901d05fa53aaab54dbdcd done
2025-12-09T21:55:39.9421745Z #5 extracting sha256:eec8099d3f58ba87e25216a07db18b5a0de40b6921ee61ea8ab9b4c29b53a12f 0.1s done
2025-12-09T21:55:39.9424869Z #5 extracting sha256:cddc70a1cccef26d55fcf9242759c41404c305acea0b4c3a30961c99846a0a55
2025-12-09T21:55:40.1112938Z #5 extracting sha256:cddc70a1cccef26d55fcf9242759c41404c305acea0b4c3a30961c99846a0a55 0.0s done
2025-12-09T21:55:40.1117522Z #5 extracting sha256:36312d7930e0666f8cfc7940823ac101235e873b7cbb8b20d9481fd404095767 0.1s
2025-12-09T21:55:40.6178061Z #5 extracting sha256:36312d7930e0666f8cfc7940823ac101235e873b7cbb8b20d9481fd404095767 0.5s done
2025-12-09T21:55:40.6179716Z #5 extracting sha256:4a1fde1690fe113870084a3224c66554fc9cbd2310abb9593b0244ec21f4b76d
2025-12-09T21:55:40.7755567Z #5 extracting sha256:4a1fde1690fe113870084a3224c66554fc9cbd2310abb9593b0244ec21f4b76d done
2025-12-09T21:55:40.7756602Z #5 extracting sha256:8023cb51985fccd3faa4be6340cdc75b72240277850569aa974767dda5176159 done
2025-12-09T21:55:40.7757799Z #5 extracting sha256:4836a863d60df9ca0cedad0eb5e729c4a7f755449fbfbd6d4ea6443e64c990e0 0.1s
2025-12-09T21:55:44.4367125Z #5 extracting sha256:4836a863d60df9ca0cedad0eb5e729c4a7f755449fbfbd6d4ea6443e64c990e0 3.6s done
2025-12-09T21:55:45.7289119Z #5 DONE 26.3s
2025-12-09T21:55:45.8994688Z 
2025-12-09T21:55:45.9019399Z #6 [2/2] COPY entrypoint.sh /entrypoint.sh
2025-12-09T21:55:45.9019998Z #6 DONE 0.0s
2025-12-09T21:55:45.9020260Z 
2025-12-09T21:55:45.9020548Z #7 exporting to image
2025-12-09T21:55:45.9021014Z #7 exporting layers
2025-12-09T21:55:47.0395117Z #7 exporting layers 1.3s done
2025-12-09T21:55:47.0684584Z #7 writing image sha256:c75d4e1b77f66318e3c484a56210906392c6e20dc7123292de741267519e83a7 done
2025-12-09T21:55:47.0685740Z #7 naming to docker.io/library/fe6baa:ae921f57c6754a748ddb707466b586a1 done
2025-12-09T21:55:47.0687256Z #7 DONE 1.3s
2025-12-09T21:55:47.0734048Z ##[endgroup]
2025-12-09T21:55:47.0745042Z ##[debug]Finishing: Build Azure/static-web-apps-deploy@v1
2025-12-09T21:55:47.0762770Z ##[debug]Evaluating condition for step: 'Run actions/checkout@v4'
2025-12-09T21:55:47.0768211Z ##[debug]Evaluating: success()
2025-12-09T21:55:47.0768946Z ##[debug]Evaluating success:
2025-12-09T21:55:47.0769423Z ##[debug]=> true
2025-12-09T21:55:47.0769841Z ##[debug]Result: true
2025-12-09T21:55:47.0770802Z ##[debug]Starting: Run actions/checkout@v4
2025-12-09T21:55:47.0832026Z ##[debug]Register post job cleanup for action: actions/checkout@v4
2025-12-09T21:55:47.0903635Z ##[debug]Loading inputs
2025-12-09T21:55:47.0924602Z ##[debug]Evaluating: github.repository
2025-12-09T21:55:47.0925454Z ##[debug]Evaluating Index:
2025-12-09T21:55:47.0927335Z ##[debug]..Evaluating github:
2025-12-09T21:55:47.0928183Z ##[debug]..=> Object
2025-12-09T21:55:47.0933577Z ##[debug]..Evaluating String:
2025-12-09T21:55:47.0934321Z ##[debug]..=> 'repository'
2025-12-09T21:55:47.0938492Z ##[debug]=> 'aspepper/vitrine-de-craques-web-site'
2025-12-09T21:55:47.0940363Z ##[debug]Result: 'aspepper/vitrine-de-craques-web-site'
2025-12-09T21:55:47.0942732Z ##[debug]Evaluating: github.token
2025-12-09T21:55:47.0943017Z ##[debug]Evaluating Index:
2025-12-09T21:55:47.0943259Z ##[debug]..Evaluating github:
2025-12-09T21:55:47.0943505Z ##[debug]..=> Object
2025-12-09T21:55:47.0943726Z ##[debug]..Evaluating String:
2025-12-09T21:55:47.0943955Z ##[debug]..=> 'token'
2025-12-09T21:55:47.0944688Z ##[debug]=> '***'
2025-12-09T21:55:47.0945009Z ##[debug]Result: '***'
2025-12-09T21:55:47.0953515Z ##[debug]Loading env
2025-12-09T21:55:47.1010152Z ##[group]Run actions/checkout@v4
2025-12-09T21:55:47.1010689Z with:
2025-12-09T21:55:47.1010879Z   submodules: false
2025-12-09T21:55:47.1011060Z   lfs: false
2025-12-09T21:55:47.1011282Z   repository: aspepper/vitrine-de-craques-web-site
2025-12-09T21:55:47.1011883Z   token: ***
2025-12-09T21:55:47.1012114Z   ssh-strict: true
2025-12-09T21:55:47.1012298Z   ssh-user: git
2025-12-09T21:55:47.1012487Z   persist-credentials: true
2025-12-09T21:55:47.1012694Z   clean: true
2025-12-09T21:55:47.1012893Z   sparse-checkout-cone-mode: true
2025-12-09T21:55:47.1013112Z   fetch-depth: 1
2025-12-09T21:55:47.1013285Z   fetch-tags: false
2025-12-09T21:55:47.1013657Z   show-progress: true
2025-12-09T21:55:47.1013844Z   set-safe-directory: true
2025-12-09T21:55:47.1014290Z ##[endgroup]
2025-12-09T21:55:47.2013865Z ##[debug]GITHUB_WORKSPACE = '/home/runner/work/vitrine-de-craques-web-site/vitrine-de-craques-web-site'
2025-12-09T21:55:47.2015578Z ##[debug]qualified repository = 'aspepper/vitrine-de-craques-web-site'
2025-12-09T21:55:47.2022303Z ##[debug]ref = 'refs/heads/main'
2025-12-09T21:55:47.2023102Z ##[debug]commit = '5527daaf1ba373ab58c72f8bea2c93539f071e6d'
2025-12-09T21:55:47.2027252Z ##[debug]clean = true
2025-12-09T21:55:47.2031462Z ##[debug]filter = undefined
2025-12-09T21:55:47.2032174Z ##[debug]fetch depth = 1
2025-12-09T21:55:47.2032798Z ##[debug]fetch tags = false
2025-12-09T21:55:47.2033443Z ##[debug]show progress = true
2025-12-09T21:55:47.2034130Z ##[debug]lfs = false
2025-12-09T21:55:47.2034790Z ##[debug]submodules = false
2025-12-09T21:55:47.2035467Z ##[debug]recursive submodules = false
2025-12-09T21:55:47.2036183Z ##[debug]GitHub Host URL = 
2025-12-09T21:55:47.2037607Z ::add-matcher::/home/runner/work/_actions/actions/checkout/v4/dist/problem-matcher.json
2025-12-09T21:55:47.2151858Z ##[debug]Added matchers: 'checkout-git'. Problem matchers scan action output for known warning or error strings and report these inline.
2025-12-09T21:55:47.2157650Z Syncing repository: aspepper/vitrine-de-craques-web-site
2025-12-09T21:55:47.2158820Z ::group::Getting Git version info
2025-12-09T21:55:47.2159947Z ##[group]Getting Git version info
2025-12-09T21:55:47.2160461Z Working directory is '/home/runner/work/vitrine-de-craques-web-site/vitrine-de-craques-web-site'
2025-12-09T21:55:47.2161153Z ##[debug]Getting git version
2025-12-09T21:55:47.2161399Z [command]/usr/bin/git version
2025-12-09T21:55:47.2169204Z git version 2.52.0
2025-12-09T21:55:47.2193255Z ##[debug]0
2025-12-09T21:55:47.2195413Z ##[debug]git version 2.52.0
2025-12-09T21:55:47.2195827Z ##[debug]
2025-12-09T21:55:47.2196677Z ##[debug]Set git useragent to: git/2.52.0 (github-actions-checkout)
2025-12-09T21:55:47.2199175Z ::endgroup::
2025-12-09T21:55:47.2199549Z ##[endgroup]
2025-12-09T21:55:47.2205363Z ::add-mask::***
2025-12-09T21:55:47.2213998Z Temporarily overriding HOME='/home/runner/work/_temp/fa4ea045-7f90-4313-b817-48d8678d8c71' before making global git config changes
2025-12-09T21:55:47.2216185Z Adding repository directory to the temporary git global config as a safe directory
2025-12-09T21:55:47.2234501Z [command]/usr/bin/git config --global --add safe.directory /home/runner/work/vitrine-de-craques-web-site/vitrine-de-craques-web-site
2025-12-09T21:55:47.2269595Z ##[debug]0
2025-12-09T21:55:47.2271080Z ##[debug]
2025-12-09T21:55:47.2275626Z Deleting the contents of '/home/runner/work/vitrine-de-craques-web-site/vitrine-de-craques-web-site'
2025-12-09T21:55:47.2280099Z ::group::Initializing the repository
2025-12-09T21:55:47.2280605Z ##[group]Initializing the repository
2025-12-09T21:55:47.2285112Z [command]/usr/bin/git init /home/runner/work/vitrine-de-craques-web-site/vitrine-de-craques-web-site
2025-12-09T21:55:47.2449961Z hint: Using 'master' as the name for the initial branch. This default branch name
2025-12-09T21:55:47.2451724Z hint: will change to "main" in Git 3.0. To configure the initial branch name
2025-12-09T21:55:47.2452570Z hint: to use in all of your new repositories, which will suppress this warning,
2025-12-09T21:55:47.2453188Z hint: call:
2025-12-09T21:55:47.2453475Z hint:
2025-12-09T21:55:47.2453906Z hint: 	git config --global init.defaultBranch <name>
2025-12-09T21:55:47.2454419Z hint:
2025-12-09T21:55:47.2455389Z hint: Names commonly chosen instead of 'master' are 'main', 'trunk' and
2025-12-09T21:55:47.2456224Z hint: 'development'. The just-created branch can be renamed via this command:
2025-12-09T21:55:47.2456819Z hint:
2025-12-09T21:55:47.2457127Z hint: 	git branch -m <name>
2025-12-09T21:55:47.2457477Z hint:
2025-12-09T21:55:47.2457993Z hint: Disable this message with "git config set advice.defaultBranchName false"
2025-12-09T21:55:47.2459751Z Initialized empty Git repository in /home/runner/work/vitrine-de-craques-web-site/vitrine-de-craques-web-site/.git/
2025-12-09T21:55:47.2463819Z ##[debug]0
2025-12-09T21:55:47.2465817Z ##[debug]Initialized empty Git repository in /home/runner/work/vitrine-de-craques-web-site/vitrine-de-craques-web-site/.git/
2025-12-09T21:55:47.2466718Z ##[debug]
2025-12-09T21:55:47.2470564Z [command]/usr/bin/git remote add origin https://github.com/aspepper/vitrine-de-craques-web-site
2025-12-09T21:55:47.2510222Z ##[debug]0
2025-12-09T21:55:47.2512081Z ##[debug]
2025-12-09T21:55:47.2512713Z ::endgroup::
2025-12-09T21:55:47.2513018Z ##[endgroup]
2025-12-09T21:55:47.2513642Z ::group::Disabling automatic garbage collection
2025-12-09T21:55:47.2514156Z ##[group]Disabling automatic garbage collection
2025-12-09T21:55:47.2518391Z [command]/usr/bin/git config --local gc.auto 0
2025-12-09T21:55:47.2551688Z ##[debug]0
2025-12-09T21:55:47.2553235Z ##[debug]
2025-12-09T21:55:47.2553828Z ::endgroup::
2025-12-09T21:55:47.2554229Z ##[endgroup]
2025-12-09T21:55:47.2554855Z ::group::Setting up auth
2025-12-09T21:55:47.2555238Z ##[group]Setting up auth
2025-12-09T21:55:47.2561950Z [command]/usr/bin/git config --local --name-only --get-regexp core\.sshCommand
2025-12-09T21:55:47.2590481Z ##[debug]1
2025-12-09T21:55:47.2591968Z ##[debug]
2025-12-09T21:55:47.2597000Z [command]/usr/bin/git submodule foreach --recursive sh -c "git config --local --name-only --get-regexp 'core\.sshCommand' && git config --local --unset-all 'core.sshCommand' || :"
2025-12-09T21:55:47.2982014Z ##[debug]0
2025-12-09T21:55:47.2983495Z ##[debug]
2025-12-09T21:55:47.2989010Z [command]/usr/bin/git config --local --name-only --get-regexp http\.https\:\/\/github\.com\/\.extraheader
2025-12-09T21:55:47.3014209Z ##[debug]1
2025-12-09T21:55:47.3015600Z ##[debug]
2025-12-09T21:55:47.3021208Z [command]/usr/bin/git submodule foreach --recursive sh -c "git config --local --name-only --get-regexp 'http\.https\:\/\/github\.com\/\.extraheader' && git config --local --unset-all 'http.https://github.com/.extraheader' || :"
2025-12-09T21:55:47.3243704Z ##[debug]0
2025-12-09T21:55:47.3245218Z ##[debug]
2025-12-09T21:55:47.3251414Z [command]/usr/bin/git config --local --name-only --get-regexp ^includeIf\.gitdir:
2025-12-09T21:55:47.3276576Z ##[debug]1
2025-12-09T21:55:47.3278059Z ##[debug]
2025-12-09T21:55:47.3283032Z [command]/usr/bin/git submodule foreach --recursive git config --local --show-origin --name-only --get-regexp remote.origin.url
2025-12-09T21:55:47.3521490Z ##[debug]0
2025-12-09T21:55:47.3522998Z ##[debug]
2025-12-09T21:55:47.3530245Z [command]/usr/bin/git config --local http.https://github.com/.extraheader AUTHORIZATION: basic ***
2025-12-09T21:55:47.3557377Z ##[debug]0
2025-12-09T21:55:47.3559173Z ##[debug]
2025-12-09T21:55:47.3566214Z ::endgroup::
2025-12-09T21:55:47.3566538Z ##[endgroup]
2025-12-09T21:55:47.3568102Z ::group::Fetching the repository
2025-12-09T21:55:47.3568769Z ##[group]Fetching the repository
2025-12-09T21:55:47.3576212Z [command]/usr/bin/git -c protocol.version=2 fetch --no-tags --prune --no-recurse-submodules --depth=1 origin +5527daaf1ba373ab58c72f8bea2c93539f071e6d:refs/remotes/origin/main
2025-12-09T21:55:55.1245063Z From https://github.com/aspepper/vitrine-de-craques-web-site
2025-12-09T21:55:55.1247305Z  * [new ref]         5527daaf1ba373ab58c72f8bea2c93539f071e6d -> origin/main
2025-12-09T21:55:55.1272837Z ##[debug]0
2025-12-09T21:55:55.1274833Z ##[debug]
2025-12-09T21:55:55.1275348Z ::endgroup::
2025-12-09T21:55:55.1357144Z ##[endgroup]
2025-12-09T21:55:55.1357790Z ::group::Determining the checkout info
2025-12-09T21:55:55.1358287Z ##[group]Determining the checkout info
2025-12-09T21:55:55.1383301Z ::endgroup::
2025-12-09T21:55:55.1383609Z ##[endgroup]
2025-12-09T21:55:55.1384009Z [command]/usr/bin/git sparse-checkout disable
2025-12-09T21:55:55.1384742Z ##[debug]0
2025-12-09T21:55:55.1385236Z ##[debug]
2025-12-09T21:55:55.1385744Z [command]/usr/bin/git config --local --unset-all extensions.worktreeConfig
2025-12-09T21:55:55.1386577Z ##[debug]0
2025-12-09T21:55:55.1387318Z ##[debug]
2025-12-09T21:55:55.1387818Z ::group::Checking out the ref
2025-12-09T21:55:55.1388198Z ##[group]Checking out the ref
2025-12-09T21:55:55.1389637Z [command]/usr/bin/git checkout --progress --force -B main refs/remotes/origin/main
2025-12-09T21:55:56.0275201Z Switched to a new branch 'main'
2025-12-09T21:55:56.0280986Z branch 'main' set up to track 'origin/main'.
2025-12-09T21:55:56.0375354Z ##[debug]0
2025-12-09T21:55:56.0375944Z ##[debug]branch 'main' set up to track 'origin/main'.
2025-12-09T21:55:56.0376378Z ##[debug]
2025-12-09T21:55:56.0380344Z ::endgroup::
2025-12-09T21:55:56.0380649Z ##[endgroup]
2025-12-09T21:55:56.0418172Z ##[debug]0
2025-12-09T21:55:56.0422390Z ##[debug]commit 5527daaf1ba373ab58c72f8bea2c93539f071e6d
2025-12-09T21:55:56.0422985Z ##[debug]Author: Alex Pimenta <aspepper@hotmail.com>
2025-12-09T21:55:56.0423529Z ##[debug]Date:   Tue Dec 9 18:02:35 2025 -0300
2025-12-09T21:55:56.0423936Z ##[debug]
2025-12-09T21:55:56.0424509Z ##[debug]    Merge pull request #401 from aspepper/codex/investigar-erros-de-deploy-no-job-logs.txt
2025-12-09T21:55:56.0425211Z ##[debug]    
2025-12-09T21:55:56.0425584Z ##[debug]    Preserve Prisma musl engine for Azure runtime
2025-12-09T21:55:56.0426024Z ##[debug]
2025-12-09T21:55:56.0426399Z [command]/usr/bin/git log -1 --format=%H
2025-12-09T21:55:56.0447026Z 5527daaf1ba373ab58c72f8bea2c93539f071e6d
2025-12-09T21:55:56.0452655Z ##[debug]0
2025-12-09T21:55:56.0455316Z ##[debug]5527daaf1ba373ab58c72f8bea2c93539f071e6d
2025-12-09T21:55:56.0455774Z ##[debug]
2025-12-09T21:55:56.0460380Z ##[debug]Unsetting HOME override
2025-12-09T21:55:56.0470753Z ::remove-matcher owner=checkout-git::
2025-12-09T21:55:56.0485494Z ##[debug]Removed matchers: 'checkout-git'
2025-12-09T21:55:56.0532287Z ##[debug]Node Action run completed with exit code 0
2025-12-09T21:55:56.0565941Z ##[debug]Save intra-action state isPost = true
2025-12-09T21:55:56.0566379Z ##[debug]Save intra-action state setSafeDirectory = true
2025-12-09T21:55:56.0566954Z ##[debug]Save intra-action state repositoryPath = /home/runner/work/vitrine-de-craques-web-site/vitrine-de-craques-web-site
2025-12-09T21:55:56.0570916Z ##[debug]Set output commit = 5527daaf1ba373ab58c72f8bea2c93539f071e6d
2025-12-09T21:55:56.0571400Z ##[debug]Set output ref = refs/heads/main
2025-12-09T21:55:56.0573000Z ##[debug]Finishing: Run actions/checkout@v4
2025-12-09T21:55:56.0580975Z ##[debug]Evaluating condition for step: 'Setup Node'
2025-12-09T21:55:56.0582724Z ##[debug]Evaluating: success()
2025-12-09T21:55:56.0583075Z ##[debug]Evaluating success:
2025-12-09T21:55:56.0583584Z ##[debug]=> true
2025-12-09T21:55:56.0583917Z ##[debug]Result: true
2025-12-09T21:55:56.0584442Z ##[debug]Starting: Setup Node
2025-12-09T21:55:56.0612475Z ##[debug]Register post job cleanup for action: actions/setup-node@v4
2025-12-09T21:55:56.0622825Z ##[debug]Loading inputs
2025-12-09T21:55:56.0632301Z ##[debug]Evaluating: (((github.server_url == 'https://github.com') && github.token) || '')
2025-12-09T21:55:56.0632780Z ##[debug]Evaluating Or:
2025-12-09T21:55:56.0634661Z ##[debug]..Evaluating And:
2025-12-09T21:55:56.0636439Z ##[debug]....Evaluating Equal:
2025-12-09T21:55:56.0637463Z ##[debug]......Evaluating Index:
2025-12-09T21:55:56.0637719Z ##[debug]........Evaluating github:
2025-12-09T21:55:56.0638031Z ##[debug]........=> Object
2025-12-09T21:55:56.0638407Z ##[debug]........Evaluating String:
2025-12-09T21:55:56.0638871Z ##[debug]........=> 'server_url'
2025-12-09T21:55:56.0639187Z ##[debug]......=> 'https://github.com'
2025-12-09T21:55:56.0639495Z ##[debug]......Evaluating String:
2025-12-09T21:55:56.0639745Z ##[debug]......=> 'https://github.com'
2025-12-09T21:55:56.0643210Z ##[debug]....=> true
2025-12-09T21:55:56.0643628Z ##[debug]....Evaluating Index:
2025-12-09T21:55:56.0643883Z ##[debug]......Evaluating github:
2025-12-09T21:55:56.0644136Z ##[debug]......=> Object
2025-12-09T21:55:56.0644371Z ##[debug]......Evaluating String:
2025-12-09T21:55:56.0644674Z ##[debug]......=> 'token'
2025-12-09T21:55:56.0645189Z ##[debug]....=> '***'
2025-12-09T21:55:56.0645778Z ##[debug]..=> '***'
2025-12-09T21:55:56.0646309Z ##[debug]=> '***'
2025-12-09T21:55:56.0650900Z ##[debug]Expanded: ((('https://github.com' == 'https://github.com') && '***') || '')
2025-12-09T21:55:56.0651409Z ##[debug]Result: '***'
2025-12-09T21:55:56.0653143Z ##[debug]Loading env
2025-12-09T21:55:56.0657981Z ##[group]Run actions/setup-node@v4
2025-12-09T21:55:56.0658208Z with:
2025-12-09T21:55:56.0658373Z   node-version: 20
2025-12-09T21:55:56.0658694Z   cache: npm
2025-12-09T21:55:56.0658868Z   always-auth: false
2025-12-09T21:55:56.0659052Z   check-latest: false
2025-12-09T21:55:56.0659351Z   token: ***
2025-12-09T21:55:56.0659525Z ##[endgroup]
2025-12-09T21:55:56.2393031Z ##[debug]isExplicit: 
2025-12-09T21:55:56.2393530Z ##[debug]explicit? false
2025-12-09T21:55:56.2491108Z ##[debug]isExplicit: 20.19.6
2025-12-09T21:55:56.2492744Z ##[debug]explicit? true
2025-12-09T21:55:56.2543606Z ##[debug]isExplicit: 22.21.1
2025-12-09T21:55:56.2544628Z ##[debug]explicit? true
2025-12-09T21:55:56.2632199Z ##[debug]isExplicit: 24.11.1
2025-12-09T21:55:56.2633978Z ##[debug]explicit? true
2025-12-09T21:55:56.2731177Z ##[debug]evaluating 3 versions
2025-12-09T21:55:56.2773140Z ##[debug]matched: 20.19.6
2025-12-09T21:55:56.2779685Z ##[debug]checking cache: /opt/hostedtoolcache/node/20.19.6/x64
2025-12-09T21:55:56.2784939Z ##[debug]Found tool in cache node 20.19.6 x64
2025-12-09T21:55:56.2790390Z Found in cache @ /opt/hostedtoolcache/node/20.19.6/x64
2025-12-09T21:55:56.2816936Z ::group::Environment details
2025-12-09T21:55:56.2817367Z ##[group]Environment details
2025-12-09T21:55:58.5638867Z node: v20.19.6
2025-12-09T21:55:58.5639748Z npm: 10.8.2
2025-12-09T21:55:58.5640876Z yarn: 1.22.22
2025-12-09T21:55:58.5642184Z ::endgroup::
2025-12-09T21:55:58.5642758Z ##[endgroup]
2025-12-09T21:55:58.5670231Z [command]/opt/hostedtoolcache/node/20.19.6/x64/bin/npm config get cache
2025-12-09T21:55:58.8375745Z /home/runner/.npm
2025-12-09T21:55:58.8444930Z ##[debug]npm's cache folder "/home/runner/.npm" configured for the root directory
2025-12-09T21:55:58.8452330Z ##[debug]followSymbolicLinks 'true'
2025-12-09T21:55:58.8482284Z ##[debug]followSymbolicLinks 'true'
2025-12-09T21:55:58.8484816Z ##[debug]implicitDescendants 'true'
2025-12-09T21:55:58.8491690Z ##[debug]matchDirectories 'true'
2025-12-09T21:55:58.8492759Z ##[debug]omitBrokenSymbolicLinks 'true'
2025-12-09T21:55:58.8493502Z ##[debug]excludeHiddenFiles 'false'
2025-12-09T21:55:58.8494734Z ##[debug]Search path '/home/runner/work/vitrine-de-craques-web-site/vitrine-de-craques-web-site/package-lock.json'
2025-12-09T21:55:58.8499849Z ##[debug]/home/runner/work/vitrine-de-craques-web-site/vitrine-de-craques-web-site/package-lock.json
2025-12-09T21:55:58.8559702Z ##[debug]Found 1 files to hash.
2025-12-09T21:55:58.8561615Z ##[debug]primary key is node-cache-Linux-x64-npm-8ffb6d43e84fd70de55e0e6c3c3ecc1bba738ff4bde8682707519eaebca8b5a4
2025-12-09T21:55:58.8564425Z ##[debug]Cache service version: v2
2025-12-09T21:55:58.8566887Z ##[debug]Resolved Keys:
2025-12-09T21:55:58.8569786Z ##[debug]["node-cache-Linux-x64-npm-8ffb6d43e84fd70de55e0e6c3c3ecc1bba738ff4bde8682707519eaebca8b5a4"]
2025-12-09T21:55:58.8573258Z ##[debug]Checking zstd --quiet --version
2025-12-09T21:55:58.8653036Z ##[debug]1.5.7
2025-12-09T21:55:58.8655805Z ##[debug]zstd version: 1.5.7
2025-12-09T21:55:58.8679770Z ##[debug][Request] GetCacheEntryDownloadURL https://results-receiver.actions.githubusercontent.com/twirp/github.actions.results.api.v1.CacheService/GetCacheEntryDownloadURL
2025-12-09T21:55:59.1762902Z ##[debug][Response] - 200
2025-12-09T21:55:59.1764212Z ##[debug]Headers: {
2025-12-09T21:55:59.1764562Z ##[debug]  "content-length": "54",
2025-12-09T21:55:59.1764997Z ##[debug]  "content-type": "application/json",
2025-12-09T21:55:59.1765481Z ##[debug]  "date": "Tue, 09 Dec 2025 21:55:59 GMT",
2025-12-09T21:55:59.1766067Z ##[debug]  "x-github-backend": "Kubernetes",
2025-12-09T21:55:59.1766659Z ##[debug]  "x-github-request-id": "2401:133DFD:3DD645C:471EFEE:69389AEF"
2025-12-09T21:55:59.1767551Z ##[debug]}
2025-12-09T21:55:59.1769515Z ##[debug]Body: {
2025-12-09T21:55:59.1770431Z ##[debug]  "ok": false,
2025-12-09T21:55:59.1770786Z ##[debug]  "signed_download_url": "",
2025-12-09T21:55:59.1771190Z ##[debug]  "matched_key": ""
2025-12-09T21:55:59.1771538Z ##[debug]}
2025-12-09T21:55:59.1774502Z ##[debug]Cache not found for version 04d00cc68e25ee34fd8b04095d0a46a28244d98af53e6925e47ed311d487b1d6 of keys: node-cache-Linux-x64-npm-8ffb6d43e84fd70de55e0e6c3c3ecc1bba738ff4bde8682707519eaebca8b5a4
2025-12-09T21:55:59.1776035Z npm cache is not found
2025-12-09T21:55:59.1794370Z ##[add-matcher]/home/runner/work/_actions/actions/setup-node/v4/.github/tsc.json
2025-12-09T21:55:59.1815755Z ##[debug]Added matchers: 'tsc'. Problem matchers scan action output for known warning or error strings and report these inline.
2025-12-09T21:55:59.1830574Z ##[add-matcher]/home/runner/work/_actions/actions/setup-node/v4/.github/eslint-stylish.json
2025-12-09T21:55:59.1840967Z ##[debug]Added matchers: 'eslint-stylish'. Problem matchers scan action output for known warning or error strings and report these inline.
2025-12-09T21:55:59.1842761Z ##[add-matcher]/home/runner/work/_actions/actions/setup-node/v4/.github/eslint-compact.json
2025-12-09T21:55:59.1847132Z ##[debug]Added matchers: 'eslint-compact'. Problem matchers scan action output for known warning or error strings and report these inline.
2025-12-09T21:55:59.1875484Z ##[debug]Node Action run completed with exit code 0
2025-12-09T21:55:59.1878964Z ##[debug]Save intra-action state SETUP_NODE_CACHE_PACKAGE_MANAGER = npm
2025-12-09T21:55:59.1879432Z ##[debug]Save intra-action state CACHE_PATHS = ["/home/runner/.npm"]
2025-12-09T21:55:59.1880087Z ##[debug]Save intra-action state CACHE_KEY = node-cache-Linux-x64-npm-8ffb6d43e84fd70de55e0e6c3c3ecc1bba738ff4bde8682707519eaebca8b5a4
2025-12-09T21:55:59.1880997Z ##[debug]Set output node-version = v20.19.6
2025-12-09T21:55:59.1881267Z ##[debug]Set output cache-hit = false
2025-12-09T21:55:59.1881814Z ##[debug]Finishing: Setup Node
2025-12-09T21:55:59.1887971Z ##[debug]Evaluating condition for step: 'Install dependencies'
2025-12-09T21:55:59.1889943Z ##[debug]Evaluating: success()
2025-12-09T21:55:59.1890322Z ##[debug]Evaluating success:
2025-12-09T21:55:59.1890691Z ##[debug]=> true
2025-12-09T21:55:59.1890991Z ##[debug]Result: true
2025-12-09T21:55:59.1891484Z ##[debug]Starting: Install dependencies
2025-12-09T21:55:59.1899742Z ##[debug]Loading inputs
2025-12-09T21:55:59.1900555Z ##[debug]Loading env
2025-12-09T21:55:59.1915938Z ##[group]Run npm ci
2025-12-09T21:55:59.1916179Z [36;1mnpm ci[0m
2025-12-09T21:55:59.1965170Z shell: /usr/bin/bash -e {0}
2025-12-09T21:55:59.1965422Z ##[endgroup]
2025-12-09T21:55:59.2016096Z ##[debug]/usr/bin/bash -e /home/runner/work/_temp/30e28fe3-dcb9-4d7f-9dea-c45b403a0b5e.sh
2025-12-09T21:56:04.3691005Z npm warn deprecated rimraf@3.0.2: Rimraf versions prior to v4 are no longer supported
2025-12-09T21:56:05.6849892Z npm warn deprecated inflight@1.0.6: This module is not supported, and leaks memory. Do not use it. Check out lru-cache if you want a good and tested way to coalesce async requests by a key value, which is much more comprehensive and powerful.
2025-12-09T21:56:08.6560441Z npm warn deprecated @humanwhocodes/object-schema@2.0.3: Use @eslint/object-schema instead
2025-12-09T21:56:08.9383782Z npm warn deprecated @humanwhocodes/config-array@0.13.0: Use @eslint/config-array instead
2025-12-09T21:56:10.2959146Z npm warn deprecated glob@7.2.3: Glob versions prior to v9 are no longer supported
2025-12-09T21:56:15.4948376Z npm warn deprecated eslint@8.57.1: This version is no longer supported. Please see https://eslint.org/version-support for other options.
2025-12-09T21:56:34.7251676Z 
2025-12-09T21:56:34.7253287Z added 868 packages, and audited 869 packages in 35s
2025-12-09T21:56:34.7253691Z 
2025-12-09T21:56:34.7257885Z 195 packages are looking for funding
2025-12-09T21:56:34.7258455Z   run `npm fund` for details
2025-12-09T21:56:34.7807769Z 
2025-12-09T21:56:34.7808811Z 6 vulnerabilities (3 low, 3 high)
2025-12-09T21:56:34.7809844Z 
2025-12-09T21:56:34.7810415Z To address issues that do not require attention, run:
2025-12-09T21:56:34.7811963Z   npm audit fix
2025-12-09T21:56:34.7812181Z 
2025-12-09T21:56:34.7812576Z To address all issues (including breaking changes), run:
2025-12-09T21:56:34.7813195Z   npm audit fix --force
2025-12-09T21:56:34.7813446Z 
2025-12-09T21:56:34.7813656Z Run `npm audit` for details.
2025-12-09T21:56:34.8342678Z ##[debug]Finishing: Install dependencies
2025-12-09T21:56:34.8351218Z ##[debug]Evaluating condition for step: 'Build web app'
2025-12-09T21:56:34.8353576Z ##[debug]Evaluating: success()
2025-12-09T21:56:34.8353955Z ##[debug]Evaluating success:
2025-12-09T21:56:34.8354319Z ##[debug]=> true
2025-12-09T21:56:34.8354648Z ##[debug]Result: true
2025-12-09T21:56:34.8355190Z ##[debug]Starting: Build web app
2025-12-09T21:56:34.8364748Z ##[debug]Loading inputs
2025-12-09T21:56:34.8365957Z ##[debug]Loading env
2025-12-09T21:56:34.8371569Z ##[group]Run npm run build
2025-12-09T21:56:34.8371825Z [36;1mnpm run build[0m
2025-12-09T21:56:34.8467298Z shell: /usr/bin/bash -e {0}
2025-12-09T21:56:34.8467526Z ##[endgroup]
2025-12-09T21:56:34.8499608Z ##[debug]/usr/bin/bash -e /home/runner/work/_temp/45845fa6-1c8a-4817-8fc7-920b15619c5f.sh
2025-12-09T21:56:34.9660723Z 
2025-12-09T21:56:34.9663224Z > vitrine-de-craques-web-site@0.1.0 build
2025-12-09T21:56:34.9668400Z > prisma generate && next build
2025-12-09T21:56:34.9668929Z 
2025-12-09T21:56:36.0094609Z Prisma schema loaded from prisma/schema.prisma
2025-12-09T21:56:37.0356446Z ┌─────────────────────────────────────────────────────────┐
2025-12-09T21:56:37.0358494Z │  Update available 6.16.2 -> 7.1.0                       │
2025-12-09T21:56:37.0359152Z 
2025-12-09T21:56:37.0362302Z │                                                         │
2025-12-09T21:56:37.0363295Z ✔ Generated Prisma Client (v6.16.2) to ./node_modules/@prisma/client in 474ms
2025-12-09T21:56:37.0363820Z 
2025-12-09T21:56:37.0364383Z Start by importing your Prisma Client (See: https://pris.ly/d/importing-client)
2025-12-09T21:56:37.0364957Z 
2025-12-09T21:56:37.0365432Z Tip: Want to turn off tips and other hints? https://pris.ly/tip-4-nohints
2025-12-09T21:56:37.0365886Z 
2025-12-09T21:56:37.0366561Z │  This is a major update - please follow the guide at    │
2025-12-09T21:56:37.0367513Z │  https://pris.ly/d/major-version-upgrade                │
2025-12-09T21:56:37.0370441Z │                                                         │
2025-12-09T21:56:37.0371221Z │  Run the following to update                            │
2025-12-09T21:56:37.0372049Z │    npm i --save-dev prisma@latest                       │
2025-12-09T21:56:37.0372794Z │    npm i @prisma/client@latest                          │
2025-12-09T21:56:37.0373629Z └─────────────────────────────────────────────────────────┘
2025-12-09T21:56:37.6024415Z ⚠ No build cache found. Please configure build caching for faster rebuilds. Read more: https://nextjs.org/docs/messages/no-cache
2025-12-09T21:56:37.6094285Z Attention: Next.js now collects completely anonymous telemetry regarding usage.
2025-12-09T21:56:37.6097432Z This information is used to shape Next.js' roadmap and prioritize features.
2025-12-09T21:56:37.6099073Z You can learn more, including how to opt-out if you'd not like to participate in this anonymous program, by visiting the following URL:
2025-12-09T21:56:37.6100130Z https://nextjs.org/telemetry
2025-12-09T21:56:37.6100422Z 
2025-12-09T21:56:37.6700368Z   ▲ Next.js 14.2.33
2025-12-09T21:56:37.6716405Z 
2025-12-09T21:56:37.7443883Z    Creating an optimized production build ...
2025-12-09T21:57:32.6298385Z  ✓ Compiled successfully
2025-12-09T21:57:32.6307711Z    Linting and checking validity of types ...
2025-12-09T21:57:51.5979077Z    Collecting page data ...
2025-12-09T21:57:52.1760240Z [Telemetry] Application Insights desabilitado: nenhuma connection string encontrada nas variáveis de ambiente
2025-12-09T21:57:52.1776233Z [Auth] NEXTAUTH_SECRET ausente. Usando fallback derivado do host. Configure NEXTAUTH_SECRET nas variáveis de ambiente para produção. { fallbackSeed: 'vitrine-de-craques' }
2025-12-09T21:57:52.1801257Z [Auth] NEXTAUTH_URL ausente. Recuando para localhost. Configure NEXTAUTH_URL para o domínio de produção. { localUrl: 'http://localhost:3000' }
2025-12-09T21:57:54.7327888Z    Generating static pages (0/58) ...
2025-12-09T21:57:55.7411648Z    Generating static pages (14/58) 
2025-12-09T21:57:57.8596502Z    Generating static pages (28/58) 
2025-12-09T21:57:58.9735927Z    Generating static pages (43/58) 
2025-12-09T21:57:59.7951912Z  ✓ Generating static pages (58/58)
2025-12-09T21:58:00.7709960Z    Finalizing page optimization ...
2025-12-09T21:58:00.7710748Z    Collecting build traces ...
2025-12-09T21:58:17.4506445Z 
2025-12-09T21:58:17.4607156Z Route (app)                                      Size     First Load JS
2025-12-09T21:58:17.4608887Z ┌ ƒ /                                            1.83 kB         110 kB
2025-12-09T21:58:17.4612279Z ├ ƒ /_not-found                                  876 B          88.2 kB
2025-12-09T21:58:17.4613292Z ├ ƒ /administrator                               155 B          87.5 kB
2025-12-09T21:58:17.4614223Z ├ ƒ /administrator/clubes                        6.46 kB         117 kB
2025-12-09T21:58:17.4615108Z ├ ƒ /administrator/users                         5.68 kB         111 kB
2025-12-09T21:58:17.4616081Z ├ ƒ /administrator/videos                        5.24 kB         111 kB
2025-12-09T21:58:17.4617046Z ├ ƒ /agentes                                     2.7 kB         98.7 kB
2025-12-09T21:58:17.4617965Z ├ ƒ /agentes/[id]                                1.84 kB         117 kB
2025-12-09T21:58:17.4621431Z ├ ƒ /api/admin/clubes                            0 B                0 B
2025-12-09T21:58:17.4622305Z ├ ƒ /api/admin/clubes/[id]                       0 B                0 B
2025-12-09T21:58:17.4623151Z ├ ƒ /api/admin/summary                           0 B                0 B
2025-12-09T21:58:17.4623982Z ├ ƒ /api/admin/users                             0 B                0 B
2025-12-09T21:58:17.4624858Z ├ ƒ /api/admin/users/[userId]/block              0 B                0 B
2025-12-09T21:58:17.4625824Z ├ ƒ /api/admin/videos                            0 B                0 B
2025-12-09T21:58:17.4626754Z ├ ƒ /api/admin/videos/[videoId]/appeal-response  0 B                0 B
2025-12-09T21:58:17.4627827Z ├ ƒ /api/admin/videos/[videoId]/block            0 B                0 B
2025-12-09T21:58:17.4629099Z ├ ƒ /api/agentes                                 0 B                0 B
2025-12-09T21:58:17.4630070Z ├ ƒ /api/agentes/[id]                            0 B                0 B
2025-12-09T21:58:17.4630969Z ├ ƒ /api/atletas                                 0 B                0 B
2025-12-09T21:58:17.4631837Z ├ ƒ /api/atletas/[id]                            0 B                0 B
2025-12-09T21:58:17.4632707Z ├ ƒ /api/auth/[...nextauth]                      0 B                0 B
2025-12-09T21:58:17.4633677Z ├ ƒ /api/blocks/[targetUserId]                   0 B                0 B
2025-12-09T21:58:17.4634564Z ├ ƒ /api/clubes                                  0 B                0 B
2025-12-09T21:58:17.4635418Z ├ ƒ /api/clubes/[slug]                           0 B                0 B
2025-12-09T21:58:17.4636327Z ├ ƒ /api/confederacoes                           0 B                0 B
2025-12-09T21:58:17.4637237Z ├ ƒ /api/confederacoes/[slug]                    0 B                0 B
2025-12-09T21:58:17.4638132Z ├ ƒ /api/db-check                                0 B                0 B
2025-12-09T21:58:17.4639284Z ├ ƒ /api/env                                     0 B                0 B
2025-12-09T21:58:17.4640495Z ├ ƒ /api/errors                                  0 B                0 B
2025-12-09T21:58:17.4641492Z ├ ƒ /api/follows/[targetUserId]                  0 B                0 B
2025-12-09T21:58:17.4642443Z ├ ƒ /api/games                                   0 B                0 B
2025-12-09T21:58:17.4643381Z ├ ƒ /api/games/[slug]                            0 B                0 B
2025-12-09T21:58:17.4644673Z ├ ƒ /api/games/[slug]/comments                   0 B                0 B
2025-12-09T21:58:17.4647015Z ├ ƒ /api/games/[slug]/engagement                 0 B                0 B
2025-12-09T21:58:17.4647853Z ├ ƒ /api/health                                  0 B                0 B
2025-12-09T21:58:17.4648861Z ├ ƒ /api/messages                                0 B                0 B
2025-12-09T21:58:17.4649770Z ├ ƒ /api/messages/unread-count                   0 B                0 B
2025-12-09T21:58:17.4650993Z ├ ƒ /api/news                                    0 B                0 B
2025-12-09T21:58:17.4651967Z ├ ƒ /api/news/[id]                               0 B                0 B
2025-12-09T21:58:17.4652860Z ├ ƒ /api/news/cover                              0 B                0 B
2025-12-09T21:58:17.4653778Z ├ ƒ /api/noticias                                0 B                0 B
2025-12-09T21:58:17.4654688Z ├ ƒ /api/noticias/[slug]                         0 B                0 B
2025-12-09T21:58:17.4655627Z ├ ƒ /api/noticias/[slug]/comments                0 B                0 B
2025-12-09T21:58:17.4656582Z ├ ƒ /api/noticias/[slug]/engagement              0 B                0 B
2025-12-09T21:58:17.4657513Z ├ ƒ /api/pg-check                                0 B                0 B
2025-12-09T21:58:17.4658353Z ├ ƒ /api/profile                                 0 B                0 B
2025-12-09T21:58:17.4662750Z ├ ƒ /api/profile/avatar                          0 B                0 B
2025-12-09T21:58:17.4663754Z ├ ƒ /api/profile/personal-info                   0 B                0 B
2025-12-09T21:58:17.4664700Z ├ ƒ /api/register                                0 B                0 B
2025-12-09T21:58:17.4665643Z ├ ƒ /api/register/atleta-18                      0 B                0 B
2025-12-09T21:58:17.4666613Z ├ ƒ /api/register/clube                          0 B                0 B
2025-12-09T21:58:17.4667628Z ├ ƒ /api/register/de-agentes-licenciados         0 B                0 B
2025-12-09T21:58:17.4671864Z ├ ƒ /api/register/imprensa-jornalistablogueiro   0 B                0 B
2025-12-09T21:58:17.4672940Z ├ ƒ /api/register/responsavel                    0 B                0 B
2025-12-09T21:58:17.4673902Z ├ ƒ /api/register/responsavel/documents          0 B                0 B
2025-12-09T21:58:17.4674817Z ├ ƒ /api/register/torcedor                       0 B                0 B
2025-12-09T21:58:17.4675591Z ├ ƒ /api/times                                   0 B                0 B
2025-12-09T21:58:17.4676364Z ├ ƒ /api/videos                                  0 B                0 B
2025-12-09T21:58:17.4677197Z ├ ƒ /api/videos/[id]                             0 B                0 B
2025-12-09T21:58:17.4677986Z ├ ƒ /api/videos/[id]/appeal                      0 B                0 B
2025-12-09T21:58:17.4679095Z ├ ƒ /api/videos/[id]/comments                    0 B                0 B
2025-12-09T21:58:17.4679877Z ├ ƒ /api/videos/proxy                            0 B                0 B
2025-12-09T21:58:17.4680668Z ├ ƒ /arquibancada                                4.49 kB        98.6 kB
2025-12-09T21:58:17.4681409Z ├ ƒ /atletas                                     4.5 kB          107 kB
2025-12-09T21:58:17.4682158Z ├ ƒ /atletas/[id]                                5.24 kB         138 kB
2025-12-09T21:58:17.4682804Z ├ ƒ /cadastro                                    2.21 kB         129 kB
2025-12-09T21:58:17.4683565Z ├ ƒ /cadastro/[slug]                             2.92 kB         121 kB
2025-12-09T21:58:17.4684328Z ├ ƒ /cadastro/atleta-18                          3.91 kB         137 kB
2025-12-09T21:58:17.4685080Z ├ ƒ /cadastro/clube                              4.04 kB         137 kB
2025-12-09T21:58:17.4686242Z ├ ƒ /cadastro/de-agentes-licenciados             4.04 kB         137 kB
2025-12-09T21:58:17.4687083Z ├ ƒ /cadastro/imprensa-jornalistablogueiro       4.19 kB         137 kB
2025-12-09T21:58:17.4687872Z ├ ƒ /cadastro/responsavel                        4.23 kB         137 kB
2025-12-09T21:58:17.4688994Z ├ ƒ /cadastro/responsavel/uploads                3.69 kB         137 kB
2025-12-09T21:58:17.4690145Z ├ ƒ /cadastro/sucesso                            155 B          87.5 kB
2025-12-09T21:58:17.4690970Z ├ ƒ /cadastro/torcedor                           5.13 kB         147 kB
2025-12-09T21:58:17.4691757Z ├ ƒ /clubes                                      3.35 kB         111 kB
2025-12-09T21:58:17.4692515Z ├ ƒ /clubes/[slug]                               807 B           109 kB
2025-12-09T21:58:17.4693458Z ├ ƒ /confederacoes                               807 B           109 kB
2025-12-09T21:58:17.4694299Z ├ ƒ /confederacoes/[slug]                        807 B           109 kB
2025-12-09T21:58:17.4695064Z ├ ƒ /feed                                        12.2 kB         145 kB
2025-12-09T21:58:17.4695773Z ├ ƒ /games                                       197 B           121 kB
2025-12-09T21:58:17.4696507Z ├ ƒ /games/[slug]                                211 B           128 kB
2025-12-09T21:58:17.4697237Z ├ ○ /icon                                        0 B                0 B
2025-12-09T21:58:17.4697985Z ├ ƒ /login                                       3.73 kB         145 kB
2025-12-09T21:58:17.4698878Z ├ ƒ /noticias                                    203 B           121 kB
2025-12-09T21:58:17.4699666Z ├ ƒ /noticias/[slug]                             614 B           129 kB
2025-12-09T21:58:17.4700458Z ├ ƒ /perfil                                      27.3 kB         171 kB
2025-12-09T21:58:17.4701236Z ├ ƒ /perfis/[id]                                 1.84 kB         117 kB
2025-12-09T21:58:17.4701979Z ├ ƒ /player/[id]                                 9.15 kB         127 kB
2025-12-09T21:58:17.4702738Z ├ ƒ /privacidade                                 188 B          96.2 kB
2025-12-09T21:58:17.4703556Z ├ ƒ /registrar-escolha-perfil                    188 B          96.2 kB
2025-12-09T21:58:17.4704318Z ├ ƒ /sobre                                       188 B          96.2 kB
2025-12-09T21:58:17.4705010Z ├ ƒ /torcida                                     155 B          87.5 kB
2025-12-09T21:58:17.4705721Z └ ƒ /upload                                      10.4 kB         119 kB
2025-12-09T21:58:17.4706318Z + First Load JS shared by all                    87.3 kB
2025-12-09T21:58:17.4706954Z   ├ chunks/2117-8600b608bfb46d0e.js              31.7 kB
2025-12-09T21:58:17.4707572Z   ├ chunks/fd9d1056-55796e42a8a57fc6.js          53.6 kB
2025-12-09T21:58:17.4708255Z   └ other shared chunks (total)                  1.97 kB
2025-12-09T21:58:17.4708693Z 
2025-12-09T21:58:17.4708715Z 
2025-12-09T21:58:17.4709075Z ƒ Middleware                                     48.3 kB
2025-12-09T21:58:17.4709389Z 
2025-12-09T21:58:17.4709689Z ○  (Static)   prerendered as static content
2025-12-09T21:58:17.4710245Z ƒ  (Dynamic)  server-rendered on demand
2025-12-09T21:58:17.4710512Z 
2025-12-09T21:58:17.5106620Z ##[debug]Finishing: Build web app
2025-12-09T21:58:17.5116863Z ##[debug]Evaluating condition for step: 'Prepare standalone artifact for deployment'
2025-12-09T21:58:17.5119325Z ##[debug]Evaluating: success()
2025-12-09T21:58:17.5119917Z ##[debug]Evaluating success:
2025-12-09T21:58:17.5120635Z ##[debug]=> true
2025-12-09T21:58:17.5121272Z ##[debug]Result: true
2025-12-09T21:58:17.5122291Z ##[debug]Starting: Prepare standalone artifact for deployment
2025-12-09T21:58:17.5134268Z ##[debug]Loading inputs
2025-12-09T21:58:17.5135397Z ##[debug]Loading env
2025-12-09T21:58:17.5141926Z ##[group]Run set -euo pipefail
2025-12-09T21:58:17.5142397Z [36;1mset -euo pipefail[0m
2025-12-09T21:58:17.5142762Z [36;1m[0m
2025-12-09T21:58:17.5143141Z [36;1mecho "--- 1. REGERANDO CLIENTE PRISMA ---"[0m
2025-12-09T21:58:17.5143647Z [36;1mnpx prisma generate[0m
2025-12-09T21:58:17.5144060Z [36;1m[0m
2025-12-09T21:58:17.5144395Z [36;1mecho "--- 2. MONTAGEM DO PACOTE ---"[0m
2025-12-09T21:58:17.5144850Z [36;1mrm -rf deploy[0m
2025-12-09T21:58:17.5145270Z [36;1mmkdir -p deploy[0m
2025-12-09T21:58:17.5145618Z [36;1m[0m
2025-12-09T21:58:17.5145933Z [36;1m# Copia o App Next.js[0m
2025-12-09T21:58:17.5146357Z [36;1mcp -R .next/standalone/. deploy/[0m
2025-12-09T21:58:17.5147044Z [36;1m[0m
2025-12-09T21:58:17.5147503Z [36;1m# Copia estáticos (mas vamos limpar os pesados depois)[0m
2025-12-09T21:58:17.5148227Z [36;1mif [ -d public ]; then cp -R public deploy/public; fi[0m
2025-12-09T21:58:17.5149195Z [36;1mmkdir -p deploy/.next/static[0m
2025-12-09T21:58:17.5149677Z [36;1mcp -R .next/static/. deploy/.next/static[0m
2025-12-09T21:58:17.5150129Z [36;1m[0m
2025-12-09T21:58:17.5150618Z [36;1mcp staticwebapp.config.json deploy/staticwebapp.config.json[0m
2025-12-09T21:58:17.5151208Z [36;1m[0m
2025-12-09T21:58:17.5151598Z [36;1mecho "--- 3. OTIMIZAÇÃO DO ARTEFATO ---"[0m
2025-12-09T21:58:17.5152313Z [36;1m# Mantemos o node_modules já empacotado pelo output "standalone" do Next.js[0m
2025-12-09T21:58:17.5153161Z [36;1m# (ele já contém apenas as dependências necessárias em produção).[0m
2025-12-09T21:58:17.5175311Z [36;1m# Depois removemos metadados de repositório e realizamos a poda fina.[0m
2025-12-09T21:58:17.5176118Z [36;1mrm -rf deploy/.git deploy/.github deploy/.husky deploy/.vscode[0m
2025-12-09T21:58:17.5176626Z [36;1m[0m
2025-12-09T21:58:17.5177098Z [36;1m# Mantemos os binários Debian do Prisma (compatíveis com o runner do SWA)[0m
2025-12-09T21:58:17.5177645Z [36;1m# e removemos apenas arquivos grandes ou não usados.[0m
2025-12-09T21:58:17.5178005Z [36;1mbash scripts/prune-deploy-artifact.sh deploy[0m
2025-12-09T21:58:17.5178280Z [36;1m[0m
2025-12-09T21:58:17.5178461Z [36;1mecho "--- 4. AÇÕES EXTRA ---"[0m
2025-12-09T21:58:17.5178978Z [36;1m# Esvaziar pasta Public da FUNCTION[0m
2025-12-09T21:58:17.5179420Z [36;1m# (Os arquivos estáticos já foram subidos para o CDN na etapa de build padrão)[0m
2025-12-09T21:58:17.5179900Z [36;1m# A Function não precisa dos vídeos MP4/MOV, apenas o navegador precisa.[0m
2025-12-09T21:58:17.5180294Z [36;1mfind deploy/public -name "*.mp4" -delete[0m
2025-12-09T21:58:17.5180576Z [36;1mfind deploy/public -name "*.mov" -delete[0m
2025-12-09T21:58:17.5180851Z [36;1mfind deploy/public -name "*.jpg" -delete[0m
2025-12-09T21:58:17.5181121Z [36;1mfind deploy/public -name "*.png" -delete[0m
2025-12-09T21:58:17.5181351Z [36;1m[0m
2025-12-09T21:58:17.5181513Z [36;1m# Limpeza Geral[0m
2025-12-09T21:58:17.5181718Z [36;1mrm -rf deploy/docs[0m
2025-12-09T21:58:17.5181926Z [36;1mrm -rf deploy/logs[0m
2025-12-09T21:58:17.5182157Z [36;1mrm -rf deploy/Vitrine-De-Craques-App[0m
2025-12-09T21:58:17.5182446Z [36;1mrm -rf deploy/Vitrine-De-Craques-App-iOS[0m
2025-12-09T21:58:17.5182683Z [36;1m[0m
2025-12-09T21:58:17.5182866Z [36;1mecho "--- 5. RELATÓRIO FINAL ---"[0m
2025-12-09T21:58:17.5183130Z [36;1mecho "Tamanho Total (Meta: < 100MB):"[0m
2025-12-09T21:58:17.5183393Z [36;1mdu -sh deploy[0m
2025-12-09T21:58:17.5183578Z [36;1m[0m
2025-12-09T21:58:17.5184045Z [36;1mecho "Conteúdo de @next (bins presentes no artefato final):"[0m
2025-12-09T21:58:17.5184467Z [36;1mls deploy/node_modules/@next || echo "Pasta @next não encontrada"[0m
2025-12-09T21:58:17.5225245Z shell: /usr/bin/bash -e {0}
2025-12-09T21:58:17.5225476Z ##[endgroup]
2025-12-09T21:58:17.5257489Z ##[debug]/usr/bin/bash -e /home/runner/work/_temp/dd431f40-ac36-4f15-98a9-8aaa8ac42b48.sh
2025-12-09T21:58:17.5279627Z --- 1. REGERANDO CLIENTE PRISMA ---
2025-12-09T21:58:18.9009206Z Prisma schema loaded from prisma/schema.prisma
2025-12-09T21:58:19.8508790Z 
2025-12-09T21:58:19.8510036Z ✔ Generated Prisma Client (v6.16.2) to ./node_modules/@prisma/client in 405ms
2025-12-09T21:58:19.8510600Z 
2025-12-09T21:58:19.8511200Z Start by importing your Prisma Client (See: https://pris.ly/d/importing-client)
2025-12-09T21:58:19.8511711Z 
2025-12-09T21:58:19.8512130Z Tip: Want to turn off tips and other hints? https://pris.ly/tip-4-nohints
2025-12-09T21:58:19.8512557Z 
2025-12-09T21:58:19.8791747Z --- 2. MONTAGEM DO PACOTE ---
2025-12-09T21:58:21.0338175Z --- 3. OTIMIZAÇÃO DO ARTEFATO ---
2025-12-09T21:58:21.0872924Z Pruning unused Prisma runtime binaries...
2025-12-09T21:58:21.0984604Z Removing unused Prisma client engines...
2025-12-09T21:58:21.1066647Z deploy/node_modules/.prisma/client/libquery_engine-darwin-arm64.dylib.node
2025-12-09T21:58:21.1076554Z deploy/node_modules/.prisma/client/libquery_engine-darwin.dylib.node
2025-12-09T21:58:21.1077323Z Cleaning up optional sharp binaries...
2025-12-09T21:58:21.1119950Z Removing development dependencies from deploy artifact...
2025-12-09T21:58:21.1474511Z Deleting dependency source maps...
2025-12-09T21:58:21.1585788Z Removing Next.js build cache...
2025-12-09T21:58:21.1805894Z Pruning finished.
2025-12-09T21:58:21.1809307Z --- 4. AÇÕES EXTRA ---
2025-12-09T21:58:21.2746732Z --- 5. RELATÓRIO FINAL ---
2025-12-09T21:58:21.2747567Z Tamanho Total (Meta: < 100MB):
2025-12-09T21:58:21.2993929Z 112M	deploy
2025-12-09T21:58:21.2996273Z Conteúdo de @next (bins presentes no artefato final):
2025-12-09T21:58:21.3008138Z env
2025-12-09T21:58:21.3021332Z ##[debug]Finishing: Prepare standalone artifact for deployment
2025-12-09T21:58:21.3031908Z ##[debug]Evaluating condition for step: 'Build And Deploy'
2025-12-09T21:58:21.3033466Z ##[debug]Evaluating: success()
2025-12-09T21:58:21.3033815Z ##[debug]Evaluating success:
2025-12-09T21:58:21.3034332Z ##[debug]=> true
2025-12-09T21:58:21.3034644Z ##[debug]Result: true
2025-12-09T21:58:21.3035133Z ##[debug]Starting: Build And Deploy
2025-12-09T21:58:21.3063678Z ##[debug]Loading inputs
2025-12-09T21:58:21.3066504Z ##[debug]Evaluating: secrets.AZURE_STATIC_WEB_APPS_API_TOKEN_PROUD_SKY_0A8107810
2025-12-09T21:58:21.3066928Z ##[debug]Evaluating Index:
2025-12-09T21:58:21.3067144Z ##[debug]..Evaluating secrets:
2025-12-09T21:58:21.3067402Z ##[debug]..=> Object
2025-12-09T21:58:21.3067620Z ##[debug]..Evaluating String:
2025-12-09T21:58:21.3067958Z ##[debug]..=> 'AZURE_STATIC_WEB_APPS_API_TOKEN_PROUD_SKY_0A8107810'
2025-12-09T21:58:21.3069329Z ##[debug]=> '***'
2025-12-09T21:58:21.3069939Z ##[debug]Result: '***'
2025-12-09T21:58:21.3070504Z ##[debug]Evaluating: secrets.GITHUB_TOKEN
2025-12-09T21:58:21.3070802Z ##[debug]Evaluating Index:
2025-12-09T21:58:21.3071029Z ##[debug]..Evaluating secrets:
2025-12-09T21:58:21.3071278Z ##[debug]..=> Object
2025-12-09T21:58:21.3071498Z ##[debug]..Evaluating String:
2025-12-09T21:58:21.3071734Z ##[debug]..=> 'GITHUB_TOKEN'
2025-12-09T21:58:21.3072127Z ##[debug]=> '***'
2025-12-09T21:58:21.3072414Z ##[debug]Result: '***'
2025-12-09T21:58:21.3075717Z ##[debug]Loading env
2025-12-09T21:58:21.3082336Z ##[group]Run Azure/static-web-apps-deploy@v1
2025-12-09T21:58:21.3082601Z with:
2025-12-09T21:58:21.3083221Z   azure_static_web_apps_api_token: ***
2025-12-09T21:58:21.3083564Z   repo_token: ***
2025-12-09T21:58:21.3083740Z   action: upload
2025-12-09T21:58:21.3083920Z   app_location: deploy
2025-12-09T21:58:21.3084111Z   skip_app_build: true
2025-12-09T21:58:21.3084300Z   skip_api_build: true
2025-12-09T21:58:21.3084487Z ##[endgroup]
2025-12-09T21:58:21.3179780Z ##[command]/usr/bin/docker run --name fe6baaae921f57c6754a748ddb707466b586a1_f7a00a --label fe6baa --workdir /github/workspace --rm -e "INPUT_AZURE_STATIC_WEB_APPS_API_TOKEN" -e "INPUT_REPO_TOKEN" -e "INPUT_ACTION" -e "INPUT_APP_LOCATION" -e "INPUT_API_LOCATION" -e "INPUT_OUTPUT_LOCATION" -e "INPUT_SKIP_APP_BUILD" -e "INPUT_SKIP_API_BUILD" -e "INPUT_API_BUILD_COMMAND" -e "INPUT_APP_ARTIFACT_LOCATION" -e "INPUT_APP_BUILD_COMMAND" -e "INPUT_ROUTES_LOCATION" -e "INPUT_CONFIG_FILE_LOCATION" -e "INPUT_PRODUCTION_BRANCH" -e "INPUT_DEPLOYMENT_ENVIRONMENT" -e "INPUT_IS_STATIC_EXPORT" -e "INPUT_DATA_API_LOCATION" -e "INPUT_GITHUB_ID_TOKEN" -e "HOME" -e "GITHUB_JOB" -e "GITHUB_REF" -e "GITHUB_SHA" -e "GITHUB_REPOSITORY" -e "GITHUB_REPOSITORY_OWNER" -e "GITHUB_REPOSITORY_OWNER_ID" -e "GITHUB_RUN_ID" -e "GITHUB_RUN_NUMBER" -e "GITHUB_RETENTION_DAYS" -e "GITHUB_RUN_ATTEMPT" -e "GITHUB_ACTOR_ID" -e "GITHUB_ACTOR" -e "GITHUB_WORKFLOW" -e "GITHUB_HEAD_REF" -e "GITHUB_BASE_REF" -e "GITHUB_EVENT_NAME" -e "GITHUB_SERVER_URL" -e "GITHUB_API_URL" -e "GITHUB_GRAPHQL_URL" -e "GITHUB_REF_NAME" -e "GITHUB_REF_PROTECTED" -e "GITHUB_REF_TYPE" -e "GITHUB_WORKFLOW_REF" -e "GITHUB_WORKFLOW_SHA" -e "GITHUB_REPOSITORY_ID" -e "GITHUB_TRIGGERING_ACTOR" -e "GITHUB_WORKSPACE" -e "GITHUB_ACTION" -e "GITHUB_EVENT_PATH" -e "GITHUB_ACTION_REPOSITORY" -e "GITHUB_ACTION_REF" -e "GITHUB_PATH" -e "GITHUB_ENV" -e "GITHUB_STEP_SUMMARY" -e "GITHUB_STATE" -e "GITHUB_OUTPUT" -e "RUNNER_DEBUG" -e "RUNNER_OS" -e "RUNNER_ARCH" -e "RUNNER_NAME" -e "RUNNER_ENVIRONMENT" -e "RUNNER_TOOL_CACHE" -e "RUNNER_TEMP" -e "RUNNER_WORKSPACE" -e "ACTIONS_RUNTIME_URL" -e "ACTIONS_RUNTIME_TOKEN" -e "ACTIONS_CACHE_URL" -e "ACTIONS_RESULTS_URL" -e GITHUB_ACTIONS=true -e CI=true -v "/var/run/docker.sock":"/var/run/docker.sock" -v "/home/runner/work/_temp":"/github/runner_temp" -v "/home/runner/work/_temp/_github_home":"/github/home" -v "/home/runner/work/_temp/_github_workflow":"/github/workflow" -v "/home/runner/work/_temp/_runner_file_commands":"/github/file_commands" -v "/home/runner/work/vitrine-de-craques-web-site/vitrine-de-craques-web-site":"/github/workspace" fe6baa:ae921f57c6754a748ddb707466b586a1
2025-12-09T21:58:21.6804694Z DeploymentId: b4e15adc-9b44-45db-ba62-90509f96df17
2025-12-09T21:58:21.6806259Z 
2025-12-09T21:58:21.8064726Z [37mTry to validate location at: '/github/workspace/deploy'.[0m
2025-12-09T21:58:21.8078347Z [37mApp Directory Location: 'deploy' was found.[0m
2025-12-09T21:58:21.8080720Z [37mTry to validate location at: '/github/workspace/swa-db-connections'.[0m
2025-12-09T21:58:21.8085501Z [37mLooking for event info[0m
2025-12-09T21:58:22.4005068Z [37mSkipping step to build /github/workspace/deploy with Oryx[0m
2025-12-09T21:58:22.4226296Z [37mDetected the following framework: Next.js[0m
2025-12-09T21:58:22.4227952Z [37mTry to validate location at: '/github/workspace/deploy/.next'.[0m
2025-12-09T21:58:22.4627124Z [37mUsing 'staticwebapp.config.json' file for configuration information, 'routes.json' will be ignored.[0m
2025-12-09T21:58:22.5440251Z [33m[WARNING] For Next.js apps, staticwebapp.config.json features are not fully supported yet![0m
2025-12-09T21:58:22.5459332Z [37mPlease note: For Next.js applications if skip_api_build=true, Static Web Apps will not remove dev dependencies or add the sharp package by default. If you want these optimizations, kindly add them to your custom build steps before passing skip_app_build=true[0m
2025-12-09T21:58:22.5493601Z [37mRepackaged Next.js app to deploy on the backend.[0m
2025-12-09T21:58:22.5504086Z [37mSkipping step to build /github/workspace/deploy with Oryx[0m
2025-12-09T21:58:22.5508804Z [33mWeb App Runtime Information. OS: linux, node version: 20[0m
2025-12-09T21:58:22.8951837Z [37mZipping Api Artifacts[0m
2025-12-09T21:58:28.1072695Z [37mDone Zipping Api Artifacts[0m
2025-12-09T21:58:28.8539070Z [37mZipping App Artifacts[0m
2025-12-09T21:58:28.9318441Z [37mDone Zipping App Artifacts[0m
2025-12-09T21:58:28.9321334Z [37mUploading build artifacts.[0m
2025-12-09T21:58:30.9984271Z [32mFinished Upload. Polling on deployment.[0m
2025-12-09T21:58:31.3119584Z [37mStatus: InProgress. Time: 0.3109649(s)[0m
2025-12-09T21:58:46.5577504Z [37mStatus: InProgress. Time: 15.5593627(s)[0m
2025-12-09T21:59:01.7140098Z [37mStatus: InProgress. Time: 30.7155506(s)[0m
2025-12-09T21:59:16.9386927Z [37mStatus: InProgress. Time: 45.9402147(s)[0m
2025-12-09T21:59:33.2596873Z [37mStatus: InProgress. Time: 62.2611088(s)[0m
2025-12-09T21:59:48.4659200Z [37mStatus: InProgress. Time: 77.4662415(s)[0m
2025-12-09T22:00:06.9319444Z [37mStatus: InProgress. Time: 95.9334153(s)[0m
2025-12-09T22:00:22.1236083Z [37mStatus: InProgress. Time: 111.1244154(s)[0m
2025-12-09T22:00:37.3583053Z [37mStatus: InProgress. Time: 126.3597627(s)[0m
2025-12-09T22:00:52.5291588Z [37mStatus: InProgress. Time: 141.5307587(s)[0m
2025-12-09T22:01:07.6879776Z [37mStatus: InProgress. Time: 156.6895097(s)[0m
2025-12-09T22:01:22.8897643Z [37mStatus: InProgress. Time: 171.891234(s)[0m
2025-12-09T22:01:38.0514298Z [37mStatus: InProgress. Time: 187.0528756(s)[0m
2025-12-09T22:01:53.1915464Z [37mStatus: InProgress. Time: 202.1929404(s)[0m
2025-12-09T22:02:08.3777600Z [37mStatus: InProgress. Time: 217.3792281(s)[0m
2025-12-09T22:02:23.5486879Z [37mStatus: InProgress. Time: 232.5486067(s)[0m
2025-12-09T22:02:38.6967290Z [37mStatus: InProgress. Time: 247.6984235(s)[0m
2025-12-09T22:02:53.8353574Z [37mStatus: InProgress. Time: 262.8367802(s)[0m
2025-12-09T22:03:09.0131988Z [37mStatus: InProgress. Time: 278.0146919(s)[0m
2025-12-09T22:03:24.1750273Z [37mStatus: InProgress. Time: 293.1765092(s)[0m
2025-12-09T22:03:39.3207365Z [37mStatus: InProgress. Time: 308.3222285(s)[0m
2025-12-09T22:03:54.4981856Z [37mStatus: InProgress. Time: 323.4995965(s)[0m
2025-12-09T22:04:09.6747712Z [37mStatus: InProgress. Time: 338.6763002(s)[0m
2025-12-09T22:04:24.8127250Z [37mStatus: InProgress. Time: 353.814251(s)[0m
2025-12-09T22:04:40.1039607Z [37mStatus: InProgress. Time: 369.1055214(s)[0m
2025-12-09T22:04:55.2604184Z [37mStatus: InProgress. Time: 384.2618975(s)[0m
2025-12-09T22:05:10.4491553Z [37mStatus: InProgress. Time: 399.4505595(s)[0m
2025-12-09T22:05:25.6023828Z [37mStatus: InProgress. Time: 414.6037332(s)[0m
2025-12-09T22:05:40.7356951Z [37mStatus: InProgress. Time: 429.7371994(s)[0m
2025-12-09T22:05:55.8978462Z [37mStatus: InProgress. Time: 444.8992552(s)[0m
2025-12-09T22:06:11.0531309Z [37mStatus: InProgress. Time: 460.0544863(s)[0m
2025-12-09T22:06:26.2637033Z [37mStatus: InProgress. Time: 475.2643276(s)[0m
2025-12-09T22:06:41.7135770Z [37mStatus: InProgress. Time: 490.7152411(s)[0m
2025-12-09T22:06:56.9818772Z [37mStatus: InProgress. Time: 505.9832675(s)[0m
2025-12-09T22:07:12.1889816Z [37mStatus: InProgress. Time: 521.1907793(s)[0m
2025-12-09T22:07:27.4518849Z [37mStatus: InProgress. Time: 536.4535946(s)[0m
2025-12-09T22:07:42.6029191Z [37mStatus: InProgress. Time: 551.6046693(s)[0m
2025-12-09T22:07:57.9465343Z [37mStatus: InProgress. Time: 566.9479805(s)[0m
2025-12-09T22:08:13.8321810Z [37mStatus: Failed. Time: 582.8335438(s)[0m
2025-12-09T22:08:13.8329674Z [31mDeployment Failed :([0m
2025-12-09T22:08:13.8330736Z [31mDeployment Failure Reason: Web app warm up timed out. Please try again later.[0m
2025-12-09T22:08:13.8824047Z [37m[0m
2025-12-09T22:08:13.8825492Z [33mFor further information, please visit the Azure Static Web Apps documentation at https://docs.microsoft.com/en-us/azure/static-web-apps/[0m
2025-12-09T22:08:13.8827594Z [33mIf you believe this behavior is unexpected, please raise a GitHub issue at https://github.com/azure/static-web-apps/issues/[0m
2025-12-09T22:08:13.8828491Z [33mExiting[0m
2025-12-09T22:08:13.9869520Z ##[debug]Docker Action run completed with exit code 1
2025-12-09T22:08:13.9874207Z ##[debug]Finishing: Build And Deploy
2025-12-09T22:08:13.9883054Z ##[debug]Evaluating condition for step: 'Post Setup Node'
2025-12-09T22:08:13.9884487Z ##[debug]Evaluating: success()
2025-12-09T22:08:13.9884822Z ##[debug]Evaluating success:
2025-12-09T22:08:13.9885167Z ##[debug]=> false
2025-12-09T22:08:13.9885493Z ##[debug]Result: false
2025-12-09T22:08:13.9890681Z ##[debug]Evaluating condition for step: 'Post Run actions/checkout@v4'
2025-12-09T22:08:13.9892530Z ##[debug]Evaluating: always()
2025-12-09T22:08:13.9892884Z ##[debug]Evaluating always:
2025-12-09T22:08:13.9893619Z ##[debug]=> true
2025-12-09T22:08:13.9893970Z ##[debug]Result: true
2025-12-09T22:08:13.9894417Z ##[debug]Starting: Post Run actions/checkout@v4
2025-12-09T22:08:13.9923876Z ##[debug]Loading inputs
2025-12-09T22:08:13.9924957Z ##[debug]Evaluating: github.repository
2025-12-09T22:08:13.9925248Z ##[debug]Evaluating Index:
2025-12-09T22:08:13.9925469Z ##[debug]..Evaluating github:
2025-12-09T22:08:13.9925718Z ##[debug]..=> Object
2025-12-09T22:08:13.9925934Z ##[debug]..Evaluating String:
2025-12-09T22:08:13.9926160Z ##[debug]..=> 'repository'
2025-12-09T22:08:13.9926494Z ##[debug]=> 'aspepper/vitrine-de-craques-web-site'
2025-12-09T22:08:13.9926838Z ##[debug]Result: 'aspepper/vitrine-de-craques-web-site'
2025-12-09T22:08:13.9928107Z ##[debug]Evaluating: github.token
2025-12-09T22:08:13.9928397Z ##[debug]Evaluating Index:
2025-12-09T22:08:13.9928941Z ##[debug]..Evaluating github:
2025-12-09T22:08:13.9929417Z ##[debug]..=> Object
2025-12-09T22:08:13.9929636Z ##[debug]..Evaluating String:
2025-12-09T22:08:13.9929845Z ##[debug]..=> 'token'
2025-12-09T22:08:13.9930234Z ##[debug]=> '***'
2025-12-09T22:08:13.9930527Z ##[debug]Result: '***'
2025-12-09T22:08:13.9936793Z ##[debug]Loading env
2025-12-09T22:08:13.9940666Z Post job cleanup.
2025-12-09T22:08:14.0937050Z ##[debug]Getting git version
2025-12-09T22:08:14.0952289Z [command]/usr/bin/git version
2025-12-09T22:08:14.0992680Z git version 2.52.0
2025-12-09T22:08:14.1016078Z ##[debug]0
2025-12-09T22:08:14.1017071Z ##[debug]git version 2.52.0
2025-12-09T22:08:14.1017445Z ##[debug]
2025-12-09T22:08:14.1019523Z ##[debug]Set git useragent to: git/2.52.0 (github-actions-checkout)
2025-12-09T22:08:14.1022948Z ::add-mask::***
2025-12-09T22:08:14.1040711Z Temporarily overriding HOME='/home/runner/work/_temp/0dfe8968-cba3-4726-908c-97c6cda32ea2' before making global git config changes
2025-12-09T22:08:14.1042779Z Adding repository directory to the temporary git global config as a safe directory
2025-12-09T22:08:14.1047255Z [command]/usr/bin/git config --global --add safe.directory /home/runner/work/vitrine-de-craques-web-site/vitrine-de-craques-web-site
2025-12-09T22:08:14.1082192Z ##[debug]0
2025-12-09T22:08:14.1083696Z ##[debug]
2025-12-09T22:08:14.1090588Z [command]/usr/bin/git config --local --name-only --get-regexp core\.sshCommand
2025-12-09T22:08:14.1117838Z ##[debug]1
2025-12-09T22:08:14.1119423Z ##[debug]
2025-12-09T22:08:14.1125291Z [command]/usr/bin/git submodule foreach --recursive sh -c "git config --local --name-only --get-regexp 'core\.sshCommand' && git config --local --unset-all 'core.sshCommand' || :"
2025-12-09T22:08:14.1421662Z ##[debug]0
2025-12-09T22:08:14.1423473Z ##[debug]
2025-12-09T22:08:14.1430448Z [command]/usr/bin/git config --local --name-only --get-regexp http\.https\:\/\/github\.com\/\.extraheader
2025-12-09T22:08:14.1452932Z http.https://github.com/.extraheader
2025-12-09T22:08:14.1460998Z ##[debug]0
2025-12-09T22:08:14.1462574Z ##[debug]http.https://github.com/.extraheader
2025-12-09T22:08:14.1463094Z ##[debug]
2025-12-09T22:08:14.1467905Z [command]/usr/bin/git config --local --unset-all http.https://github.com/.extraheader
2025-12-09T22:08:14.1494828Z ##[debug]0
2025-12-09T22:08:14.1496243Z ##[debug]
2025-12-09T22:08:14.1501708Z [command]/usr/bin/git submodule foreach --recursive sh -c "git config --local --name-only --get-regexp 'http\.https\:\/\/github\.com\/\.extraheader' && git config --local --unset-all 'http.https://github.com/.extraheader' || :"
2025-12-09T22:08:14.1727522Z ##[debug]0
2025-12-09T22:08:14.1729361Z ##[debug]
2025-12-09T22:08:14.1734582Z [command]/usr/bin/git config --local --name-only --get-regexp ^includeIf\.gitdir:
2025-12-09T22:08:14.1761228Z ##[debug]1
2025-12-09T22:08:14.1762752Z ##[debug]
2025-12-09T22:08:14.1768429Z [command]/usr/bin/git submodule foreach --recursive git config --local --show-origin --name-only --get-regexp remote.origin.url
2025-12-09T22:08:14.1997363Z ##[debug]0
2025-12-09T22:08:14.1999191Z ##[debug]
2025-12-09T22:08:14.1999788Z ##[debug]Unsetting HOME override
2025-12-09T22:08:14.2065480Z ##[debug]Node Action run completed with exit code 0
2025-12-09T22:08:14.2067592Z ##[debug]Finishing: Post Run actions/checkout@v4
2025-12-09T22:08:14.2108044Z ##[debug]Starting: Complete job
2025-12-09T22:08:14.2109757Z Cleaning up orphan processes
2025-12-09T22:08:14.2375253Z ##[debug]Finishing: Complete job
2025-12-09T22:08:14.2404106Z ##[debug]Finishing: Build and Deploy Job
