2025-12-16T20:51:58.7828363Z ##[debug]Starting: Build and Deploy Job
2025-12-16T20:51:58.7880302Z ##[debug]Cleaning runner temp folder: /home/runner/work/_temp
2025-12-16T20:51:58.8188870Z ##[debug]Starting: Set up job
2025-12-16T20:51:58.8190546Z Current runner version: '2.329.0'
2025-12-16T20:51:58.8273553Z ##[group]Runner Image Provisioner
2025-12-16T20:51:58.8274656Z Hosted Compute Agent
2025-12-16T20:51:58.8275458Z Version: 20251202.455
2025-12-16T20:51:58.8276365Z Commit: 6c10caca4910e198df60de23adf20ad317c474e3
2025-12-16T20:51:58.8277436Z Build Date: 2025-12-02T15:56:59Z
2025-12-16T20:51:58.8278313Z Worker ID: {c8eba47f-63e3-49d0-b0cc-433a57613511}
2025-12-16T20:51:58.8279326Z ##[endgroup]
2025-12-16T20:51:58.8280051Z ##[group]Operating System
2025-12-16T20:51:58.8280799Z Ubuntu
2025-12-16T20:51:58.8301899Z 24.04.3
2025-12-16T20:51:58.8302783Z LTS
2025-12-16T20:51:58.8303403Z ##[endgroup]
2025-12-16T20:51:58.8304230Z ##[group]Runner Image
2025-12-16T20:51:58.8304962Z Image: ubuntu-24.04
2025-12-16T20:51:58.8305666Z Version: 20251208.163.1
2025-12-16T20:51:58.8307762Z Included Software: https://github.com/actions/runner-images/blob/ubuntu24/20251208.163/images/ubuntu/Ubuntu2404-Readme.md
2025-12-16T20:51:58.8310054Z Image Release: https://github.com/actions/runner-images/releases/tag/ubuntu24%2F20251208.163
2025-12-16T20:51:58.8311713Z ##[endgroup]
2025-12-16T20:51:58.8313422Z ##[group]GITHUB_TOKEN Permissions
2025-12-16T20:51:58.8316258Z Contents: read
2025-12-16T20:51:58.8317061Z Metadata: read
2025-12-16T20:51:58.8317780Z Packages: read
2025-12-16T20:51:58.8318574Z ##[endgroup]
2025-12-16T20:51:58.8342064Z Secret source: Actions
2025-12-16T20:51:58.8343840Z ##[debug]Primary repository: aspepper/vitrine-de-craques-web-site
2025-12-16T20:51:58.8345032Z Prepare workflow directory
2025-12-16T20:51:58.8527609Z ##[debug]Creating pipeline directory: '/home/runner/work/vitrine-de-craques-web-site'
2025-12-16T20:51:58.8533306Z ##[debug]Creating workspace directory: '/home/runner/work/vitrine-de-craques-web-site/vitrine-de-craques-web-site'
2025-12-16T20:51:58.8535906Z ##[debug]Update context data
2025-12-16T20:51:58.8540890Z ##[debug]Evaluating job-level environment variables
2025-12-16T20:51:58.9205423Z ##[debug]Evaluating job container
2025-12-16T20:51:58.9210268Z ##[debug]Evaluating job service containers
2025-12-16T20:51:58.9214210Z ##[debug]Evaluating job defaults
2025-12-16T20:51:58.9292749Z Prepare all required actions
2025-12-16T20:51:58.9371395Z Getting action download info
2025-12-16T20:51:59.2366170Z Download action repository 'actions/checkout@v4' (SHA:34e114876b0b11c390a56381ad16ebd13914f8d5)
2025-12-16T20:51:59.2396313Z ##[debug]Copied action archive '/opt/actionarchivecache/actions_checkout/34e114876b0b11c390a56381ad16ebd13914f8d5.tar.gz' to '/home/runner/work/_actions/_temp_aa33840c-03bb-41c9-bf4a-9ce35c59fe73/02a2a025-6c1c-492b-8b75-7cf18306aea6.tar.gz'
2025-12-16T20:51:59.2982595Z ##[debug]Unwrap 'actions-checkout-34e1148' to '/home/runner/work/_actions/actions/checkout/v4'
2025-12-16T20:51:59.3051190Z ##[debug]Archive '/home/runner/work/_actions/_temp_aa33840c-03bb-41c9-bf4a-9ce35c59fe73/02a2a025-6c1c-492b-8b75-7cf18306aea6.tar.gz' has been unzipped into '/home/runner/work/_actions/actions/checkout/v4'.
2025-12-16T20:51:59.3138945Z Download action repository 'actions/setup-node@v4' (SHA:49933ea5288caeca8642d1e84afbd3f7d6820020)
2025-12-16T20:51:59.3189392Z ##[debug]Copied action archive '/opt/actionarchivecache/actions_setup-node/49933ea5288caeca8642d1e84afbd3f7d6820020.tar.gz' to '/home/runner/work/_actions/_temp_1f4adfda-52d3-4101-b3bd-c094a40ce329/6f166fae-1489-43c5-a1ff-3359d54bf22f.tar.gz'
2025-12-16T20:51:59.3725671Z ##[debug]Unwrap 'actions-setup-node-49933ea' to '/home/runner/work/_actions/actions/setup-node/v4'
2025-12-16T20:51:59.3873814Z ##[debug]Archive '/home/runner/work/_actions/_temp_1f4adfda-52d3-4101-b3bd-c094a40ce329/6f166fae-1489-43c5-a1ff-3359d54bf22f.tar.gz' has been unzipped into '/home/runner/work/_actions/actions/setup-node/v4'.
2025-12-16T20:51:59.3911783Z Download action repository 'Azure/static-web-apps-deploy@v1' (SHA:4d27395796ac319302594769cfe812bd207490b1)
2025-12-16T20:51:59.6254260Z ##[debug]Download 'https://api.github.com/repos/Azure/static-web-apps-deploy/tarball/4d27395796ac319302594769cfe812bd207490b1' to '/home/runner/work/_actions/_temp_689d111a-62c9-485b-ada7-c7b77ec8b6ad/388665f1-cf7c-4b6d-b01a-b0e4464a336f.tar.gz'
2025-12-16T20:51:59.6308482Z ##[debug]Unwrap 'Azure-static-web-apps-deploy-4d27395' to '/home/runner/work/_actions/Azure/static-web-apps-deploy/v1'
2025-12-16T20:51:59.6315801Z ##[debug]Archive '/home/runner/work/_actions/_temp_689d111a-62c9-485b-ada7-c7b77ec8b6ad/388665f1-cf7c-4b6d-b01a-b0e4464a336f.tar.gz' has been unzipped into '/home/runner/work/_actions/Azure/static-web-apps-deploy/v1'.
2025-12-16T20:51:59.6334233Z ##[debug]action.yml for action: '/home/runner/work/_actions/actions/checkout/v4/action.yml'.
2025-12-16T20:51:59.6863818Z ##[debug]action.yml for action: '/home/runner/work/_actions/actions/setup-node/v4/action.yml'.
2025-12-16T20:51:59.6917653Z ##[debug]action.yml for action: '/home/runner/work/_actions/Azure/static-web-apps-deploy/v1/action.yml'.
2025-12-16T20:51:59.6971176Z ##[debug]Dockerfile for action: '/home/runner/work/_actions/Azure/static-web-apps-deploy/v1/Dockerfile'.
2025-12-16T20:51:59.7076336Z ##[debug]Set step '__actions_checkout' display name to: 'Run actions/checkout@v4'
2025-12-16T20:51:59.7079374Z ##[debug]Set step '__actions_setup-node' display name to: 'Setup Node'
2025-12-16T20:51:59.7081070Z ##[debug]Set step '__run' display name to: 'Install dependencies'
2025-12-16T20:51:59.7082781Z ##[debug]Set step '__run_2' display name to: 'Build web app'
2025-12-16T20:51:59.7084376Z ##[debug]Set step '__run_3' display name to: 'Prepare standalone artifact for deployment'
2025-12-16T20:51:59.7085963Z ##[debug]Set step 'builddeploy' display name to: 'Build And Deploy'
2025-12-16T20:51:59.7086743Z Complete job name: Build and Deploy Job
2025-12-16T20:51:59.7119986Z ##[debug]Collect running processes for tracking orphan processes.
2025-12-16T20:51:59.7250817Z ##[debug]Finishing: Set up job
2025-12-16T20:51:59.7362461Z ##[debug]Evaluating condition for step: 'Build Azure/static-web-apps-deploy@v1'
2025-12-16T20:51:59.7395809Z ##[debug]Evaluating: success()
2025-12-16T20:51:59.7400719Z ##[debug]Evaluating success:
2025-12-16T20:51:59.7415185Z ##[debug]=> true
2025-12-16T20:51:59.7420769Z ##[debug]Result: true
2025-12-16T20:51:59.7444169Z ##[debug]Starting: Build Azure/static-web-apps-deploy@v1
2025-12-16T20:51:59.7470532Z ##[group]Build container for action use: '/home/runner/work/_actions/Azure/static-web-apps-deploy/v1/Dockerfile'.
2025-12-16T20:51:59.7526054Z ##[command]/usr/bin/docker build -t 4d55f1:b0ca05e6ba1248d68f04f7d268b72ec8 -f "/home/runner/work/_actions/Azure/static-web-apps-deploy/v1/Dockerfile" "/home/runner/work/_actions/Azure/static-web-apps-deploy/v1"
2025-12-16T20:52:00.2351029Z #0 building with "default" instance using docker driver
2025-12-16T20:52:00.2353001Z 
2025-12-16T20:52:00.2355064Z #1 [internal] load build definition from Dockerfile
2025-12-16T20:52:00.2356724Z #1 transferring dockerfile: 160B done
2025-12-16T20:52:00.2357662Z #1 DONE 0.0s
2025-12-16T20:52:00.2358267Z 
2025-12-16T20:52:00.2359615Z #2 [internal] load metadata for mcr.microsoft.com/appsvc/staticappsclient:stable
2025-12-16T20:52:00.2361670Z #2 DONE 0.1s
2025-12-16T20:52:00.3785968Z 
2025-12-16T20:52:00.3787339Z #3 [internal] load .dockerignore
2025-12-16T20:52:00.3803931Z #3 transferring context: 2B done
2025-12-16T20:52:00.3807312Z #3 DONE 0.0s
2025-12-16T20:52:00.3808314Z 
2025-12-16T20:52:00.3810379Z #4 [internal] load build context
2025-12-16T20:52:00.3823063Z #4 transferring context: 107B done
2025-12-16T20:52:00.3826859Z #4 DONE 0.0s
2025-12-16T20:52:00.3828350Z 
2025-12-16T20:52:00.3830841Z #5 [1/2] FROM mcr.microsoft.com/appsvc/staticappsclient:stable@sha256:3178a283e885dc45a0c7b4c6e9f728f0331ae7fb93de75db4181fa38651170f2
2025-12-16T20:52:00.3835354Z #5 resolve mcr.microsoft.com/appsvc/staticappsclient:stable@sha256:3178a283e885dc45a0c7b4c6e9f728f0331ae7fb93de75db4181fa38651170f2 done
2025-12-16T20:52:00.3839356Z #5 sha256:1df8e0748f30e89b0c0477edfc706fc39242e1d6008433c0494113de267e7ca8 15.34kB / 15.34kB done
2025-12-16T20:52:00.3842893Z #5 sha256:5d6e107a26c2ffb6e234f04132358dea70a691a64c1152f984d2f2ba0e218c58 22.22MB / 53.74MB 0.1s
2025-12-16T20:52:00.3845830Z #5 sha256:5ee26b7a209f9a26720207792b237af3e19c0efeed8695e1e630fcd0feef9230 0B / 54.75MB 0.1s
2025-12-16T20:52:00.3849857Z #5 sha256:3178a283e885dc45a0c7b4c6e9f728f0331ae7fb93de75db4181fa38651170f2 2.88kB / 2.88kB done
2025-12-16T20:52:00.3854112Z #5 sha256:2377065f3b700cf1b5e391d26c572c8b91892dd44acd75deebdab5e403b23175 12.58MB / 15.56MB 0.1s
2025-12-16T20:52:00.5171081Z #5 sha256:5d6e107a26c2ffb6e234f04132358dea70a691a64c1152f984d2f2ba0e218c58 48.70MB / 53.74MB 0.2s
2025-12-16T20:52:00.5174222Z #5 sha256:5ee26b7a209f9a26720207792b237af3e19c0efeed8695e1e630fcd0feef9230 22.02MB / 54.75MB 0.2s
2025-12-16T20:52:00.5177444Z #5 sha256:2377065f3b700cf1b5e391d26c572c8b91892dd44acd75deebdab5e403b23175 15.56MB / 15.56MB 0.1s done
2025-12-16T20:52:00.5183180Z #5 sha256:41c7cd6fb37363fd1ec16dad3463ecc5820eda12c418a82b4849604252d29b88 2.24MB / 197.07MB 0.2s
2025-12-16T20:52:00.5186094Z #5 extracting sha256:5d6e107a26c2ffb6e234f04132358dea70a691a64c1152f984d2f2ba0e218c58
2025-12-16T20:52:00.6592647Z #5 sha256:5d6e107a26c2ffb6e234f04132358dea70a691a64c1152f984d2f2ba0e218c58 53.74MB / 53.74MB 0.2s done
2025-12-16T20:52:00.6599119Z #5 sha256:5ee26b7a209f9a26720207792b237af3e19c0efeed8695e1e630fcd0feef9230 54.75MB / 54.75MB 0.4s
2025-12-16T20:52:00.6606868Z #5 sha256:41c7cd6fb37363fd1ec16dad3463ecc5820eda12c418a82b4849604252d29b88 48.23MB / 197.07MB 0.4s
2025-12-16T20:52:00.6610212Z #5 sha256:4f4fb700ef54461cfa02571ae0db9a0dc1e0cdb5577484a6d75e68dc38e8acc1 32B / 32B 0.3s done
2025-12-16T20:52:00.6613536Z #5 sha256:aede74d79976f9d1be608a1286cdb2ca61aad25185440263691db6a0880adadd 19.05MB / 24.46MB 0.4s
2025-12-16T20:52:00.8436124Z #5 sha256:5ee26b7a209f9a26720207792b237af3e19c0efeed8695e1e630fcd0feef9230 54.75MB / 54.75MB 0.6s done
2025-12-16T20:52:00.8441984Z #5 sha256:41c7cd6fb37363fd1ec16dad3463ecc5820eda12c418a82b4849604252d29b88 70.25MB / 197.07MB 0.6s
2025-12-16T20:52:00.8446684Z #5 sha256:aede74d79976f9d1be608a1286cdb2ca61aad25185440263691db6a0880adadd 24.46MB / 24.46MB 0.6s done
2025-12-16T20:52:00.8453176Z #5 sha256:ec0af1da0a0576de654092a28624c0565c6d854216944f18159460338af43293 0B / 72.99MB 0.6s
2025-12-16T20:52:00.8457032Z #5 sha256:c279a6399750ee20e802fb2c47da034ccee5eb4f3b89087f32618f10e8af074a 0B / 1.56MB 0.6s
2025-12-16T20:52:00.9812998Z #5 sha256:41c7cd6fb37363fd1ec16dad3463ecc5820eda12c418a82b4849604252d29b88 84.35MB / 197.07MB 0.7s
2025-12-16T20:52:00.9819137Z #5 sha256:ec0af1da0a0576de654092a28624c0565c6d854216944f18159460338af43293 14.32MB / 72.99MB 0.7s
2025-12-16T20:52:00.9823989Z #5 sha256:c279a6399750ee20e802fb2c47da034ccee5eb4f3b89087f32618f10e8af074a 1.56MB / 1.56MB 0.6s done
2025-12-16T20:52:00.9829698Z #5 sha256:351447e6e3829fac25a761f87d07dc5bfc289f38908901d05fa53aaab54dbdcd 115.52kB / 115.52kB 0.7s done
2025-12-16T20:52:00.9834798Z #5 sha256:eec8099d3f58ba87e25216a07db18b5a0de40b6921ee61ea8ab9b4c29b53a12f 0B / 1.16MB 0.7s
2025-12-16T20:52:01.1024088Z #5 sha256:41c7cd6fb37363fd1ec16dad3463ecc5820eda12c418a82b4849604252d29b88 101.73MB / 197.07MB 0.8s
2025-12-16T20:52:01.1029027Z #5 sha256:ec0af1da0a0576de654092a28624c0565c6d854216944f18159460338af43293 32.01MB / 72.99MB 0.8s
2025-12-16T20:52:01.1034853Z #5 sha256:eec8099d3f58ba87e25216a07db18b5a0de40b6921ee61ea8ab9b4c29b53a12f 1.16MB / 1.16MB 0.7s done
2025-12-16T20:52:01.1040719Z #5 sha256:cddc70a1cccef26d55fcf9242759c41404c305acea0b4c3a30961c99846a0a55 637.94kB / 637.94kB 0.8s done
2025-12-16T20:52:01.2445262Z #5 sha256:41c7cd6fb37363fd1ec16dad3463ecc5820eda12c418a82b4849604252d29b88 135.27MB / 197.07MB 1.0s
2025-12-16T20:52:01.2477842Z #5 sha256:ec0af1da0a0576de654092a28624c0565c6d854216944f18159460338af43293 66.06MB / 72.99MB 1.0s
2025-12-16T20:52:01.2507637Z #5 sha256:36312d7930e0666f8cfc7940823ac101235e873b7cbb8b20d9481fd404095767 24.00MB / 35.20MB 1.0s
2025-12-16T20:52:01.4432885Z #5 sha256:41c7cd6fb37363fd1ec16dad3463ecc5820eda12c418a82b4849604252d29b88 161.48MB / 197.07MB 1.2s
2025-12-16T20:52:01.4434075Z #5 sha256:ec0af1da0a0576de654092a28624c0565c6d854216944f18159460338af43293 72.99MB / 72.99MB 1.1s
2025-12-16T20:52:01.4434985Z #5 sha256:36312d7930e0666f8cfc7940823ac101235e873b7cbb8b20d9481fd404095767 35.20MB / 35.20MB 1.2s
2025-12-16T20:52:01.6145232Z #5 sha256:41c7cd6fb37363fd1ec16dad3463ecc5820eda12c418a82b4849604252d29b88 174.19MB / 197.07MB 1.3s
2025-12-16T20:52:01.6151813Z #5 sha256:ec0af1da0a0576de654092a28624c0565c6d854216944f18159460338af43293 72.99MB / 72.99MB 1.3s done
2025-12-16T20:52:01.6153162Z #5 sha256:36312d7930e0666f8cfc7940823ac101235e873b7cbb8b20d9481fd404095767 35.20MB / 35.20MB 1.3s done
2025-12-16T20:52:01.6154554Z #5 sha256:4a1fde1690fe113870084a3224c66554fc9cbd2310abb9593b0244ec21f4b76d 168B / 168B 1.3s done
2025-12-16T20:52:01.6155733Z #5 sha256:8023cb51985fccd3faa4be6340cdc75b72240277850569aa974767dda5176159 0B / 168B 1.3s
2025-12-16T20:52:01.7165982Z #5 sha256:41c7cd6fb37363fd1ec16dad3463ecc5820eda12c418a82b4849604252d29b88 197.07MB / 197.07MB 1.4s
2025-12-16T20:52:01.7168308Z #5 sha256:8023cb51985fccd3faa4be6340cdc75b72240277850569aa974767dda5176159 168B / 168B 1.3s done
2025-12-16T20:52:01.7169505Z #5 sha256:4836a863d60df9ca0cedad0eb5e729c4a7f755449fbfbd6d4ea6443e64c990e0 12.80MB / 118.65MB 1.4s
2025-12-16T20:52:01.8414256Z #5 sha256:4836a863d60df9ca0cedad0eb5e729c4a7f755449fbfbd6d4ea6443e64c990e0 38.23MB / 118.65MB 1.5s
2025-12-16T20:52:01.9429552Z #5 sha256:4836a863d60df9ca0cedad0eb5e729c4a7f755449fbfbd6d4ea6443e64c990e0 100.82MB / 118.65MB 1.7s
2025-12-16T20:52:02.0650235Z #5 sha256:4836a863d60df9ca0cedad0eb5e729c4a7f755449fbfbd6d4ea6443e64c990e0 118.65MB / 118.65MB 1.8s
2025-12-16T20:52:03.1609367Z #5 sha256:41c7cd6fb37363fd1ec16dad3463ecc5820eda12c418a82b4849604252d29b88 197.07MB / 197.07MB 2.7s done
2025-12-16T20:52:03.1613498Z #5 sha256:4836a863d60df9ca0cedad0eb5e729c4a7f755449fbfbd6d4ea6443e64c990e0 118.65MB / 118.65MB 2.8s done
2025-12-16T20:52:03.7302458Z #5 extracting sha256:5d6e107a26c2ffb6e234f04132358dea70a691a64c1152f984d2f2ba0e218c58 3.2s done
2025-12-16T20:52:03.7307466Z #5 extracting sha256:2377065f3b700cf1b5e391d26c572c8b91892dd44acd75deebdab5e403b23175
2025-12-16T20:52:04.1805593Z #5 extracting sha256:2377065f3b700cf1b5e391d26c572c8b91892dd44acd75deebdab5e403b23175 0.3s done
2025-12-16T20:52:05.7731686Z #5 extracting sha256:5ee26b7a209f9a26720207792b237af3e19c0efeed8695e1e630fcd0feef9230
2025-12-16T20:52:07.4495700Z #5 extracting sha256:5ee26b7a209f9a26720207792b237af3e19c0efeed8695e1e630fcd0feef9230 1.5s done
2025-12-16T20:52:07.9464671Z #5 extracting sha256:41c7cd6fb37363fd1ec16dad3463ecc5820eda12c418a82b4849604252d29b88
2025-12-16T20:52:12.0143998Z #5 extracting sha256:41c7cd6fb37363fd1ec16dad3463ecc5820eda12c418a82b4849604252d29b88 4.1s done
2025-12-16T20:52:14.5054038Z #5 extracting sha256:4f4fb700ef54461cfa02571ae0db9a0dc1e0cdb5577484a6d75e68dc38e8acc1
2025-12-16T20:52:14.6370727Z #5 extracting sha256:4f4fb700ef54461cfa02571ae0db9a0dc1e0cdb5577484a6d75e68dc38e8acc1 done
2025-12-16T20:52:14.6378778Z #5 extracting sha256:aede74d79976f9d1be608a1286cdb2ca61aad25185440263691db6a0880adadd 0.1s
2025-12-16T20:52:15.2022053Z #5 extracting sha256:aede74d79976f9d1be608a1286cdb2ca61aad25185440263691db6a0880adadd 0.6s done
2025-12-16T20:52:15.2039939Z #5 extracting sha256:c279a6399750ee20e802fb2c47da034ccee5eb4f3b89087f32618f10e8af074a
2025-12-16T20:52:15.3189652Z #5 extracting sha256:c279a6399750ee20e802fb2c47da034ccee5eb4f3b89087f32618f10e8af074a 0.1s done
2025-12-16T20:52:15.3190753Z #5 extracting sha256:ec0af1da0a0576de654092a28624c0565c6d854216944f18159460338af43293
2025-12-16T20:52:16.4657408Z #5 extracting sha256:ec0af1da0a0576de654092a28624c0565c6d854216944f18159460338af43293 1.0s done
2025-12-16T20:52:17.0207038Z #5 extracting sha256:351447e6e3829fac25a761f87d07dc5bfc289f38908901d05fa53aaab54dbdcd
2025-12-16T20:52:17.1112949Z #5 extracting sha256:351447e6e3829fac25a761f87d07dc5bfc289f38908901d05fa53aaab54dbdcd done
2025-12-16T20:52:17.1116280Z #5 extracting sha256:eec8099d3f58ba87e25216a07db18b5a0de40b6921ee61ea8ab9b4c29b53a12f 0.0s done
2025-12-16T20:52:17.1117329Z #5 extracting sha256:cddc70a1cccef26d55fcf9242759c41404c305acea0b4c3a30961c99846a0a55 0.0s done
2025-12-16T20:52:17.2280450Z #5 extracting sha256:36312d7930e0666f8cfc7940823ac101235e873b7cbb8b20d9481fd404095767 0.1s
2025-12-16T20:52:17.6540904Z #5 extracting sha256:36312d7930e0666f8cfc7940823ac101235e873b7cbb8b20d9481fd404095767 0.4s done
2025-12-16T20:52:17.6542036Z #5 extracting sha256:4a1fde1690fe113870084a3224c66554fc9cbd2310abb9593b0244ec21f4b76d
2025-12-16T20:52:17.8424719Z #5 extracting sha256:4a1fde1690fe113870084a3224c66554fc9cbd2310abb9593b0244ec21f4b76d done
2025-12-16T20:52:17.8426322Z #5 extracting sha256:8023cb51985fccd3faa4be6340cdc75b72240277850569aa974767dda5176159 done
2025-12-16T20:52:17.8427315Z #5 extracting sha256:4836a863d60df9ca0cedad0eb5e729c4a7f755449fbfbd6d4ea6443e64c990e0 0.1s
2025-12-16T20:52:20.6100635Z #5 extracting sha256:4836a863d60df9ca0cedad0eb5e729c4a7f755449fbfbd6d4ea6443e64c990e0 2.7s done
2025-12-16T20:52:21.9064705Z #5 DONE 21.7s
2025-12-16T20:52:22.0750615Z 
2025-12-16T20:52:22.0751377Z #6 [2/2] COPY entrypoint.sh /entrypoint.sh
2025-12-16T20:52:22.0751786Z #6 DONE 0.0s
2025-12-16T20:52:22.0751972Z 
2025-12-16T20:52:22.0752081Z #7 exporting to image
2025-12-16T20:52:22.0752356Z #7 exporting layers
2025-12-16T20:52:22.6827838Z #7 exporting layers 0.8s done
2025-12-16T20:52:22.7005463Z #7 writing image sha256:c5c02ab85dcd23ceac3b4d139a494d58a69ab60714fcb990e2d7af66d113700c done
2025-12-16T20:52:22.7007723Z #7 naming to docker.io/library/4d55f1:b0ca05e6ba1248d68f04f7d268b72ec8 done
2025-12-16T20:52:22.7008796Z #7 DONE 0.8s
2025-12-16T20:52:22.7045274Z ##[endgroup]
2025-12-16T20:52:22.7055540Z ##[debug]Finishing: Build Azure/static-web-apps-deploy@v1
2025-12-16T20:52:22.7072128Z ##[debug]Evaluating condition for step: 'Run actions/checkout@v4'
2025-12-16T20:52:22.7076986Z ##[debug]Evaluating: success()
2025-12-16T20:52:22.7077370Z ##[debug]Evaluating success:
2025-12-16T20:52:22.7077803Z ##[debug]=> true
2025-12-16T20:52:22.7078117Z ##[debug]Result: true
2025-12-16T20:52:22.7078814Z ##[debug]Starting: Run actions/checkout@v4
2025-12-16T20:52:22.7138676Z ##[debug]Register post job cleanup for action: actions/checkout@v4
2025-12-16T20:52:22.7205852Z ##[debug]Loading inputs
2025-12-16T20:52:22.7226030Z ##[debug]Evaluating: github.repository
2025-12-16T20:52:22.7226782Z ##[debug]Evaluating Index:
2025-12-16T20:52:22.7228266Z ##[debug]..Evaluating github:
2025-12-16T20:52:22.7229017Z ##[debug]..=> Object
2025-12-16T20:52:22.7234043Z ##[debug]..Evaluating String:
2025-12-16T20:52:22.7234613Z ##[debug]..=> 'repository'
2025-12-16T20:52:22.7238588Z ##[debug]=> 'aspepper/vitrine-de-craques-web-site'
2025-12-16T20:52:22.7239816Z ##[debug]Result: 'aspepper/vitrine-de-craques-web-site'
2025-12-16T20:52:22.7242525Z ##[debug]Evaluating: github.token
2025-12-16T20:52:22.7242789Z ##[debug]Evaluating Index:
2025-12-16T20:52:22.7243012Z ##[debug]..Evaluating github:
2025-12-16T20:52:22.7243264Z ##[debug]..=> Object
2025-12-16T20:52:22.7243476Z ##[debug]..Evaluating String:
2025-12-16T20:52:22.7243715Z ##[debug]..=> 'token'
2025-12-16T20:52:22.7244435Z ##[debug]=> '***'
2025-12-16T20:52:22.7244740Z ##[debug]Result: '***'
2025-12-16T20:52:22.7252423Z ##[debug]Loading env
2025-12-16T20:52:22.7303918Z ##[group]Run actions/checkout@v4
2025-12-16T20:52:22.7304277Z with:
2025-12-16T20:52:22.7304467Z   submodules: false
2025-12-16T20:52:22.7304651Z   lfs: false
2025-12-16T20:52:22.7304870Z   repository: aspepper/vitrine-de-craques-web-site
2025-12-16T20:52:22.7305367Z   token: ***
2025-12-16T20:52:22.7305545Z   ssh-strict: true
2025-12-16T20:52:22.7305724Z   ssh-user: git
2025-12-16T20:52:22.7305915Z   persist-credentials: true
2025-12-16T20:52:22.7306118Z   clean: true
2025-12-16T20:52:22.7306326Z   sparse-checkout-cone-mode: true
2025-12-16T20:52:22.7306561Z   fetch-depth: 1
2025-12-16T20:52:22.7306732Z   fetch-tags: false
2025-12-16T20:52:22.7306917Z   show-progress: true
2025-12-16T20:52:22.7307294Z   set-safe-directory: true
2025-12-16T20:52:22.7307660Z ##[endgroup]
2025-12-16T20:52:22.8255304Z ##[debug]GITHUB_WORKSPACE = '/home/runner/work/vitrine-de-craques-web-site/vitrine-de-craques-web-site'
2025-12-16T20:52:22.8257104Z ##[debug]qualified repository = 'aspepper/vitrine-de-craques-web-site'
2025-12-16T20:52:22.8257915Z ##[debug]ref = 'refs/heads/main'
2025-12-16T20:52:22.8258594Z ##[debug]commit = 'd86a19b8bfadff9ff6bdd43c22d72547477c1c3b'
2025-12-16T20:52:22.8259309Z ##[debug]clean = true
2025-12-16T20:52:22.8259815Z ##[debug]filter = undefined
2025-12-16T20:52:22.8261835Z ##[debug]fetch depth = 1
2025-12-16T20:52:22.8263276Z ##[debug]fetch tags = false
2025-12-16T20:52:22.8263897Z ##[debug]show progress = true
2025-12-16T20:52:22.8264460Z ##[debug]lfs = false
2025-12-16T20:52:22.8265065Z ##[debug]submodules = false
2025-12-16T20:52:22.8265694Z ##[debug]recursive submodules = false
2025-12-16T20:52:22.8266350Z ##[debug]GitHub Host URL = 
2025-12-16T20:52:22.8268835Z ::add-matcher::/home/runner/work/_actions/actions/checkout/v4/dist/problem-matcher.json
2025-12-16T20:52:22.8392678Z ##[debug]Added matchers: 'checkout-git'. Problem matchers scan action output for known warning or error strings and report these inline.
2025-12-16T20:52:22.8399372Z Syncing repository: aspepper/vitrine-de-craques-web-site
2025-12-16T20:52:22.8400752Z ::group::Getting Git version info
2025-12-16T20:52:22.8402480Z ##[group]Getting Git version info
2025-12-16T20:52:22.8403288Z Working directory is '/home/runner/work/vitrine-de-craques-web-site/vitrine-de-craques-web-site'
2025-12-16T20:52:22.8404355Z ##[debug]Getting git version
2025-12-16T20:52:22.8404751Z [command]/usr/bin/git version
2025-12-16T20:52:22.8405100Z git version 2.52.0
2025-12-16T20:52:22.8417547Z ##[debug]0
2025-12-16T20:52:22.8421759Z ##[debug]git version 2.52.0
2025-12-16T20:52:22.8422153Z ##[debug]
2025-12-16T20:52:22.8422914Z ##[debug]Set git useragent to: git/2.52.0 (github-actions-checkout)
2025-12-16T20:52:22.8423765Z ::endgroup::
2025-12-16T20:52:22.8424099Z ##[endgroup]
2025-12-16T20:52:22.8428459Z ::add-mask::***
2025-12-16T20:52:22.8436526Z Temporarily overriding HOME='/home/runner/work/_temp/92e84795-db3e-4b37-82d1-4c88833b2f77' before making global git config changes
2025-12-16T20:52:22.8439165Z Adding repository directory to the temporary git global config as a safe directory
2025-12-16T20:52:22.8454210Z [command]/usr/bin/git config --global --add safe.directory /home/runner/work/vitrine-de-craques-web-site/vitrine-de-craques-web-site
2025-12-16T20:52:22.8484336Z ##[debug]0
2025-12-16T20:52:22.8485493Z ##[debug]
2025-12-16T20:52:22.8489822Z Deleting the contents of '/home/runner/work/vitrine-de-craques-web-site/vitrine-de-craques-web-site'
2025-12-16T20:52:22.8494016Z ::group::Initializing the repository
2025-12-16T20:52:22.8494516Z ##[group]Initializing the repository
2025-12-16T20:52:22.8499708Z [command]/usr/bin/git init /home/runner/work/vitrine-de-craques-web-site/vitrine-de-craques-web-site
2025-12-16T20:52:22.8593101Z hint: Using 'master' as the name for the initial branch. This default branch name
2025-12-16T20:52:22.8594119Z hint: will change to "main" in Git 3.0. To configure the initial branch name
2025-12-16T20:52:22.8595438Z hint: to use in all of your new repositories, which will suppress this warning,
2025-12-16T20:52:22.8595998Z hint: call:
2025-12-16T20:52:22.8596232Z hint:
2025-12-16T20:52:22.8596623Z hint: 	git config --global init.defaultBranch <name>
2025-12-16T20:52:22.8597083Z hint:
2025-12-16T20:52:22.8597522Z hint: Names commonly chosen instead of 'master' are 'main', 'trunk' and
2025-12-16T20:52:22.8598240Z hint: 'development'. The just-created branch can be renamed via this command:
2025-12-16T20:52:22.8598718Z hint:
2025-12-16T20:52:22.8599794Z hint: 	git branch -m <name>
2025-12-16T20:52:22.8600158Z hint:
2025-12-16T20:52:22.8600620Z hint: Disable this message with "git config set advice.defaultBranchName false"
2025-12-16T20:52:22.8601833Z Initialized empty Git repository in /home/runner/work/vitrine-de-craques-web-site/vitrine-de-craques-web-site/.git/
2025-12-16T20:52:22.8605530Z ##[debug]0
2025-12-16T20:52:22.8607857Z ##[debug]Initialized empty Git repository in /home/runner/work/vitrine-de-craques-web-site/vitrine-de-craques-web-site/.git/
2025-12-16T20:52:22.8608647Z ##[debug]
2025-12-16T20:52:22.8612508Z [command]/usr/bin/git remote add origin https://github.com/aspepper/vitrine-de-craques-web-site
2025-12-16T20:52:22.8639787Z ##[debug]0
2025-12-16T20:52:22.8640820Z ##[debug]
2025-12-16T20:52:22.8642335Z ::endgroup::
2025-12-16T20:52:22.8642632Z ##[endgroup]
2025-12-16T20:52:22.8643195Z ::group::Disabling automatic garbage collection
2025-12-16T20:52:22.8643647Z ##[group]Disabling automatic garbage collection
2025-12-16T20:52:22.8646753Z [command]/usr/bin/git config --local gc.auto 0
2025-12-16T20:52:22.8670882Z ##[debug]0
2025-12-16T20:52:22.8672123Z ##[debug]
2025-12-16T20:52:22.8673068Z ::endgroup::
2025-12-16T20:52:22.8673332Z ##[endgroup]
2025-12-16T20:52:22.8674007Z ::group::Setting up auth
2025-12-16T20:52:22.8674363Z ##[group]Setting up auth
2025-12-16T20:52:22.8679462Z [command]/usr/bin/git config --local --name-only --get-regexp core\.sshCommand
2025-12-16T20:52:22.8700406Z ##[debug]1
2025-12-16T20:52:22.8701726Z ##[debug]
2025-12-16T20:52:22.8707192Z [command]/usr/bin/git submodule foreach --recursive sh -c "git config --local --name-only --get-regexp 'core\.sshCommand' && git config --local --unset-all 'core.sshCommand' || :"
2025-12-16T20:52:22.8986156Z ##[debug]0
2025-12-16T20:52:22.8988053Z ##[debug]
2025-12-16T20:52:22.8993945Z [command]/usr/bin/git config --local --name-only --get-regexp http\.https\:\/\/github\.com\/\.extraheader
2025-12-16T20:52:22.9016928Z ##[debug]1
2025-12-16T20:52:22.9018767Z ##[debug]
2025-12-16T20:52:22.9021924Z [command]/usr/bin/git submodule foreach --recursive sh -c "git config --local --name-only --get-regexp 'http\.https\:\/\/github\.com\/\.extraheader' && git config --local --unset-all 'http.https://github.com/.extraheader' || :"
2025-12-16T20:52:22.9197755Z ##[debug]0
2025-12-16T20:52:22.9198632Z ##[debug]
2025-12-16T20:52:22.9205562Z [command]/usr/bin/git config --local --name-only --get-regexp ^includeIf\.gitdir:
2025-12-16T20:52:22.9226846Z ##[debug]1
2025-12-16T20:52:22.9227853Z ##[debug]
2025-12-16T20:52:22.9232557Z [command]/usr/bin/git submodule foreach --recursive git config --local --show-origin --name-only --get-regexp remote.origin.url
2025-12-16T20:52:22.9410675Z ##[debug]0
2025-12-16T20:52:22.9412437Z ##[debug]
2025-12-16T20:52:22.9419052Z [command]/usr/bin/git config --local http.https://github.com/.extraheader AUTHORIZATION: basic ***
2025-12-16T20:52:22.9440949Z ##[debug]0
2025-12-16T20:52:22.9443114Z ##[debug]
2025-12-16T20:52:22.9449037Z ::endgroup::
2025-12-16T20:52:22.9449337Z ##[endgroup]
2025-12-16T20:52:22.9450304Z ::group::Fetching the repository
2025-12-16T20:52:22.9450689Z ##[group]Fetching the repository
2025-12-16T20:52:22.9457951Z [command]/usr/bin/git -c protocol.version=2 fetch --no-tags --prune --no-recurse-submodules --depth=1 origin +d86a19b8bfadff9ff6bdd43c22d72547477c1c3b:refs/remotes/origin/main
2025-12-16T20:52:29.1049648Z From https://github.com/aspepper/vitrine-de-craques-web-site
2025-12-16T20:52:29.1051627Z  * [new ref]         d86a19b8bfadff9ff6bdd43c22d72547477c1c3b -> origin/main
2025-12-16T20:52:29.1076729Z ##[debug]0
2025-12-16T20:52:29.1077778Z ##[debug]
2025-12-16T20:52:29.1078748Z ::endgroup::
2025-12-16T20:52:29.1079025Z ##[endgroup]
2025-12-16T20:52:29.1080124Z ::group::Determining the checkout info
2025-12-16T20:52:29.1080533Z ##[group]Determining the checkout info
2025-12-16T20:52:29.1081121Z ::endgroup::
2025-12-16T20:52:29.1081661Z ##[endgroup]
2025-12-16T20:52:29.1086981Z [command]/usr/bin/git sparse-checkout disable
2025-12-16T20:52:29.1121879Z ##[debug]0
2025-12-16T20:52:29.1123024Z ##[debug]
2025-12-16T20:52:29.1127673Z [command]/usr/bin/git config --local --unset-all extensions.worktreeConfig
2025-12-16T20:52:29.1150840Z ##[debug]0
2025-12-16T20:52:29.1152403Z ##[debug]
2025-12-16T20:52:29.1154394Z ::group::Checking out the ref
2025-12-16T20:52:29.1154784Z ##[group]Checking out the ref
2025-12-16T20:52:29.1157596Z [command]/usr/bin/git checkout --progress --force -B main refs/remotes/origin/main
2025-12-16T20:52:29.9655883Z Switched to a new branch 'main'
2025-12-16T20:52:29.9656836Z branch 'main' set up to track 'origin/main'.
2025-12-16T20:52:29.9715793Z ##[debug]0
2025-12-16T20:52:29.9717070Z ##[debug]branch 'main' set up to track 'origin/main'.
2025-12-16T20:52:29.9717536Z ##[debug]
2025-12-16T20:52:29.9718002Z ::endgroup::
2025-12-16T20:52:29.9718278Z ##[endgroup]
2025-12-16T20:52:29.9768476Z ##[debug]0
2025-12-16T20:52:29.9769808Z ##[debug]commit d86a19b8bfadff9ff6bdd43c22d72547477c1c3b
2025-12-16T20:52:29.9770409Z ##[debug]Author: aspepper <aspepper@hotmail.com>
2025-12-16T20:52:29.9770889Z ##[debug]Date:   Tue Dec 16 17:51:50 2025 -0300
2025-12-16T20:52:29.9771492Z ##[debug]
2025-12-16T20:52:29.9771868Z ##[debug]    Correção do workflow
2025-12-16T20:52:29.9772212Z ##[debug]
2025-12-16T20:52:29.9774306Z [command]/usr/bin/git log -1 --format=%H
2025-12-16T20:52:29.9803377Z d86a19b8bfadff9ff6bdd43c22d72547477c1c3b
2025-12-16T20:52:29.9806089Z ##[debug]0
2025-12-16T20:52:29.9807149Z ##[debug]d86a19b8bfadff9ff6bdd43c22d72547477c1c3b
2025-12-16T20:52:29.9807530Z ##[debug]
2025-12-16T20:52:29.9812907Z ##[debug]Unsetting HOME override
2025-12-16T20:52:29.9821492Z ::remove-matcher owner=checkout-git::
2025-12-16T20:52:29.9836425Z ##[debug]Removed matchers: 'checkout-git'
2025-12-16T20:52:29.9873077Z ##[debug]Node Action run completed with exit code 0
2025-12-16T20:52:29.9906033Z ##[debug]Save intra-action state isPost = true
2025-12-16T20:52:29.9906419Z ##[debug]Save intra-action state setSafeDirectory = true
2025-12-16T20:52:29.9907142Z ##[debug]Save intra-action state repositoryPath = /home/runner/work/vitrine-de-craques-web-site/vitrine-de-craques-web-site
2025-12-16T20:52:29.9910724Z ##[debug]Set output commit = d86a19b8bfadff9ff6bdd43c22d72547477c1c3b
2025-12-16T20:52:29.9911808Z ##[debug]Set output ref = refs/heads/main
2025-12-16T20:52:29.9913343Z ##[debug]Finishing: Run actions/checkout@v4
2025-12-16T20:52:29.9920423Z ##[debug]Evaluating condition for step: 'Setup Node'
2025-12-16T20:52:29.9923371Z ##[debug]Evaluating: success()
2025-12-16T20:52:29.9923707Z ##[debug]Evaluating success:
2025-12-16T20:52:29.9924096Z ##[debug]=> true
2025-12-16T20:52:29.9924447Z ##[debug]Result: true
2025-12-16T20:52:29.9925043Z ##[debug]Starting: Setup Node
2025-12-16T20:52:29.9954173Z ##[debug]Register post job cleanup for action: actions/setup-node@v4
2025-12-16T20:52:29.9965037Z ##[debug]Loading inputs
2025-12-16T20:52:29.9974929Z ##[debug]Evaluating: (((github.server_url == 'https://github.com') && github.token) || '')
2025-12-16T20:52:29.9975402Z ##[debug]Evaluating Or:
2025-12-16T20:52:29.9977123Z ##[debug]..Evaluating And:
2025-12-16T20:52:29.9979008Z ##[debug]....Evaluating Equal:
2025-12-16T20:52:29.9979966Z ##[debug]......Evaluating Index:
2025-12-16T20:52:29.9980220Z ##[debug]........Evaluating github:
2025-12-16T20:52:29.9980529Z ##[debug]........=> Object
2025-12-16T20:52:29.9980816Z ##[debug]........Evaluating String:
2025-12-16T20:52:29.9981059Z ##[debug]........=> 'server_url'
2025-12-16T20:52:29.9981538Z ##[debug]......=> 'https://github.com'
2025-12-16T20:52:29.9981832Z ##[debug]......Evaluating String:
2025-12-16T20:52:29.9982074Z ##[debug]......=> 'https://github.com'
2025-12-16T20:52:29.9985087Z ##[debug]....=> true
2025-12-16T20:52:29.9985458Z ##[debug]....Evaluating Index:
2025-12-16T20:52:29.9985698Z ##[debug]......Evaluating github:
2025-12-16T20:52:29.9985956Z ##[debug]......=> Object
2025-12-16T20:52:29.9986182Z ##[debug]......Evaluating String:
2025-12-16T20:52:29.9986412Z ##[debug]......=> 'token'
2025-12-16T20:52:29.9986888Z ##[debug]....=> '***'
2025-12-16T20:52:29.9987203Z ##[debug]..=> '***'
2025-12-16T20:52:29.9987620Z ##[debug]=> '***'
2025-12-16T20:52:29.9992073Z ##[debug]Expanded: ((('https://github.com' == 'https://github.com') && '***') || '')
2025-12-16T20:52:29.9992539Z ##[debug]Result: '***'
2025-12-16T20:52:29.9994793Z ##[debug]Loading env
2025-12-16T20:52:29.9999158Z ##[group]Run actions/setup-node@v4
2025-12-16T20:52:29.9999375Z with:
2025-12-16T20:52:29.9999545Z   node-version: 20
2025-12-16T20:52:29.9999712Z   cache: npm
2025-12-16T20:52:29.9999892Z   always-auth: false
2025-12-16T20:52:30.0000078Z   check-latest: false
2025-12-16T20:52:30.0000383Z   token: ***
2025-12-16T20:52:30.0000555Z ##[endgroup]
2025-12-16T20:52:30.1609862Z ##[debug]isExplicit: 
2025-12-16T20:52:30.1611760Z ##[debug]explicit? false
2025-12-16T20:52:30.1628291Z ##[debug]isExplicit: 20.19.6
2025-12-16T20:52:30.1628977Z ##[debug]explicit? true
2025-12-16T20:52:30.1631471Z ##[debug]isExplicit: 22.21.1
2025-12-16T20:52:30.1632585Z ##[debug]explicit? true
2025-12-16T20:52:30.1642185Z ##[debug]isExplicit: 24.11.1
2025-12-16T20:52:30.1642814Z ##[debug]explicit? true
2025-12-16T20:52:30.1646242Z ##[debug]evaluating 3 versions
2025-12-16T20:52:30.1669317Z ##[debug]matched: 20.19.6
2025-12-16T20:52:30.1670830Z ##[debug]checking cache: /opt/hostedtoolcache/node/20.19.6/x64
2025-12-16T20:52:30.1671783Z ##[debug]Found tool in cache node 20.19.6 x64
2025-12-16T20:52:30.1672267Z Found in cache @ /opt/hostedtoolcache/node/20.19.6/x64
2025-12-16T20:52:30.1677167Z ::group::Environment details
2025-12-16T20:52:30.1677586Z ##[group]Environment details
2025-12-16T20:52:30.5958348Z node: v20.19.6
2025-12-16T20:52:30.5958905Z npm: 10.8.2
2025-12-16T20:52:30.5959247Z yarn: 1.22.22
2025-12-16T20:52:30.5961432Z ::endgroup::
2025-12-16T20:52:30.5961854Z ##[endgroup]
2025-12-16T20:52:30.5991390Z [command]/opt/hostedtoolcache/node/20.19.6/x64/bin/npm config get cache
2025-12-16T20:52:30.7408242Z /home/runner/.npm
2025-12-16T20:52:30.7459305Z ##[debug]npm's cache folder "/home/runner/.npm" configured for the root directory
2025-12-16T20:52:30.7465398Z ##[debug]followSymbolicLinks 'true'
2025-12-16T20:52:30.7491581Z ##[debug]followSymbolicLinks 'true'
2025-12-16T20:52:30.7493146Z ##[debug]implicitDescendants 'true'
2025-12-16T20:52:30.7493909Z ##[debug]matchDirectories 'true'
2025-12-16T20:52:30.7494827Z ##[debug]omitBrokenSymbolicLinks 'true'
2025-12-16T20:52:30.7495492Z ##[debug]excludeHiddenFiles 'false'
2025-12-16T20:52:30.7499032Z ##[debug]Search path '/home/runner/work/vitrine-de-craques-web-site/vitrine-de-craques-web-site/package-lock.json'
2025-12-16T20:52:30.7506063Z ##[debug]/home/runner/work/vitrine-de-craques-web-site/vitrine-de-craques-web-site/package-lock.json
2025-12-16T20:52:30.7559149Z ##[debug]Found 1 files to hash.
2025-12-16T20:52:30.7561010Z ##[debug]primary key is node-cache-Linux-x64-npm-8ffb6d43e84fd70de55e0e6c3c3ecc1bba738ff4bde8682707519eaebca8b5a4
2025-12-16T20:52:30.7563273Z ##[debug]Cache service version: v2
2025-12-16T20:52:30.7565671Z ##[debug]Resolved Keys:
2025-12-16T20:52:30.7567192Z ##[debug]["node-cache-Linux-x64-npm-8ffb6d43e84fd70de55e0e6c3c3ecc1bba738ff4bde8682707519eaebca8b5a4"]
2025-12-16T20:52:30.7570305Z ##[debug]Checking zstd --quiet --version
2025-12-16T20:52:30.7632687Z ##[debug]1.5.7
2025-12-16T20:52:30.7635256Z ##[debug]zstd version: 1.5.7
2025-12-16T20:52:30.7643681Z ##[debug][Request] GetCacheEntryDownloadURL https://results-receiver.actions.githubusercontent.com/twirp/github.actions.results.api.v1.CacheService/GetCacheEntryDownloadURL
2025-12-16T20:52:30.9083286Z ##[debug][Response] - 200
2025-12-16T20:52:30.9087221Z ##[debug]Headers: {
2025-12-16T20:52:30.9087689Z ##[debug]  "content-length": "56",
2025-12-16T20:52:30.9088232Z ##[debug]  "content-type": "application/json",
2025-12-16T20:52:30.9088707Z ##[debug]  "date": "Tue, 16 Dec 2025 20:52:30 GMT",
2025-12-16T20:52:30.9089317Z ##[debug]  "x-github-backend": "Kubernetes",
2025-12-16T20:52:30.9089951Z ##[debug]  "x-github-request-id": "3903:3B060A:583AE9:662ED3:6941C68E"
2025-12-16T20:52:30.9090586Z ##[debug]}
2025-12-16T20:52:30.9091762Z ##[debug]Body: {
2025-12-16T20:52:30.9092196Z ##[debug]  "ok": false,
2025-12-16T20:52:30.9092557Z ##[debug]  "signed_download_url": "",
2025-12-16T20:52:30.9093078Z ##[debug]  "matched_key": ""
2025-12-16T20:52:30.9093896Z ##[debug]}
2025-12-16T20:52:30.9100251Z ##[debug]Cache not found for version 04d00cc68e25ee34fd8b04095d0a46a28244d98af53e6925e47ed311d487b1d6 of keys: node-cache-Linux-x64-npm-8ffb6d43e84fd70de55e0e6c3c3ecc1bba738ff4bde8682707519eaebca8b5a4
2025-12-16T20:52:30.9102134Z npm cache is not found
2025-12-16T20:52:30.9122001Z ##[add-matcher]/home/runner/work/_actions/actions/setup-node/v4/.github/tsc.json
2025-12-16T20:52:30.9148704Z ##[debug]Added matchers: 'tsc'. Problem matchers scan action output for known warning or error strings and report these inline.
2025-12-16T20:52:30.9150164Z ##[add-matcher]/home/runner/work/_actions/actions/setup-node/v4/.github/eslint-stylish.json
2025-12-16T20:52:30.9160798Z ##[debug]Added matchers: 'eslint-stylish'. Problem matchers scan action output for known warning or error strings and report these inline.
2025-12-16T20:52:30.9162309Z ##[add-matcher]/home/runner/work/_actions/actions/setup-node/v4/.github/eslint-compact.json
2025-12-16T20:52:30.9166371Z ##[debug]Added matchers: 'eslint-compact'. Problem matchers scan action output for known warning or error strings and report these inline.
2025-12-16T20:52:30.9168524Z ##[debug]Node Action run completed with exit code 0
2025-12-16T20:52:30.9172592Z ##[debug]Save intra-action state SETUP_NODE_CACHE_PACKAGE_MANAGER = npm
2025-12-16T20:52:30.9173244Z ##[debug]Save intra-action state CACHE_PATHS = ["/home/runner/.npm"]
2025-12-16T20:52:30.9174278Z ##[debug]Save intra-action state CACHE_KEY = node-cache-Linux-x64-npm-8ffb6d43e84fd70de55e0e6c3c3ecc1bba738ff4bde8682707519eaebca8b5a4
2025-12-16T20:52:30.9175751Z ##[debug]Set output node-version = v20.19.6
2025-12-16T20:52:30.9176189Z ##[debug]Set output cache-hit = false
2025-12-16T20:52:30.9176998Z ##[debug]Finishing: Setup Node
2025-12-16T20:52:30.9186564Z ##[debug]Evaluating condition for step: 'Install dependencies'
2025-12-16T20:52:30.9188334Z ##[debug]Evaluating: success()
2025-12-16T20:52:30.9188673Z ##[debug]Evaluating success:
2025-12-16T20:52:30.9189032Z ##[debug]=> true
2025-12-16T20:52:30.9189332Z ##[debug]Result: true
2025-12-16T20:52:30.9189830Z ##[debug]Starting: Install dependencies
2025-12-16T20:52:30.9197222Z ##[debug]Loading inputs
2025-12-16T20:52:30.9198094Z ##[debug]Loading env
2025-12-16T20:52:30.9213073Z ##[group]Run npm ci
2025-12-16T20:52:30.9213358Z [36;1mnpm ci[0m
2025-12-16T20:52:30.9246896Z shell: /usr/bin/bash -e {0}
2025-12-16T20:52:30.9247135Z ##[endgroup]
2025-12-16T20:52:30.9291108Z ##[debug]/usr/bin/bash -e /home/runner/work/_temp/56c28944-50be-4ffa-8f22-bd14e2d79fce.sh
2025-12-16T20:52:34.3576169Z npm warn deprecated rimraf@3.0.2: Rimraf versions prior to v4 are no longer supported
2025-12-16T20:52:35.2699303Z npm warn deprecated inflight@1.0.6: This module is not supported, and leaks memory. Do not use it. Check out lru-cache if you want a good and tested way to coalesce async requests by a key value, which is much more comprehensive and powerful.
2025-12-16T20:52:37.4249457Z npm warn deprecated @humanwhocodes/object-schema@2.0.3: Use @eslint/object-schema instead
2025-12-16T20:52:37.4252731Z npm warn deprecated @humanwhocodes/config-array@0.13.0: Use @eslint/config-array instead
2025-12-16T20:52:38.6222495Z npm warn deprecated glob@7.2.3: Glob versions prior to v9 are no longer supported
2025-12-16T20:52:42.6789636Z npm warn deprecated eslint@8.57.1: This version is no longer supported. Please see https://eslint.org/version-support for other options.
2025-12-16T20:53:02.4963858Z 
2025-12-16T20:53:02.4966923Z added 868 packages, and audited 869 packages in 32s
2025-12-16T20:53:02.4969496Z 
2025-12-16T20:53:02.4972108Z 195 packages are looking for funding
2025-12-16T20:53:02.4974479Z   run `npm fund` for details
2025-12-16T20:53:02.6041576Z 
2025-12-16T20:53:02.6042358Z 7 vulnerabilities (3 low, 4 high)
2025-12-16T20:53:02.6042714Z 
2025-12-16T20:53:02.6043092Z To address issues that do not require attention, run:
2025-12-16T20:53:02.6043618Z   npm audit fix
2025-12-16T20:53:02.6043813Z 
2025-12-16T20:53:02.6044169Z To address all issues (including breaking changes), run:
2025-12-16T20:53:02.6045081Z   npm audit fix --force
2025-12-16T20:53:02.6045281Z 
2025-12-16T20:53:02.6045443Z Run `npm audit` for details.
2025-12-16T20:53:02.6312724Z ##[debug]Finishing: Install dependencies
2025-12-16T20:53:02.6319787Z ##[debug]Evaluating condition for step: 'Build web app'
2025-12-16T20:53:02.6321760Z ##[debug]Evaluating: success()
2025-12-16T20:53:02.6322114Z ##[debug]Evaluating success:
2025-12-16T20:53:02.6322494Z ##[debug]=> true
2025-12-16T20:53:02.6322899Z ##[debug]Result: true
2025-12-16T20:53:02.6323702Z ##[debug]Starting: Build web app
2025-12-16T20:53:02.6330216Z ##[debug]Loading inputs
2025-12-16T20:53:02.6336185Z ##[debug]Loading env
2025-12-16T20:53:02.6340484Z ##[group]Run npm run build
2025-12-16T20:53:02.6340714Z [36;1mnpm run build[0m
2025-12-16T20:53:02.9042746Z shell: /usr/bin/bash -e {0}
2025-12-16T20:53:02.9043011Z ##[endgroup]
2025-12-16T20:53:02.9065583Z ##[debug]/usr/bin/bash -e /home/runner/work/_temp/95fe0016-eeb4-4540-8bf6-5fb0a2a38341.sh
2025-12-16T20:53:03.0212503Z 
2025-12-16T20:53:03.0213295Z > vitrine-de-craques-web-site@0.1.0 build
2025-12-16T20:53:03.0213929Z > prisma generate && next build
2025-12-16T20:53:03.0214186Z 
2025-12-16T20:53:04.0190525Z Prisma schema loaded from prisma/schema.prisma
2025-12-16T20:53:05.0803738Z ┌─────────────────────────────────────────────────────────┐
2025-12-16T20:53:05.0804178Z 
2025-12-16T20:53:05.0810950Z ✔ Generated Prisma Client (v6.16.2) to ./node_modules/@prisma/client in 476ms
2025-12-16T20:53:05.0811835Z 
2025-12-16T20:53:05.0815302Z Start by importing your Prisma Client (See: https://pris.ly/d/importing-client)
2025-12-16T20:53:05.0832778Z │  Update available 6.16.2 -> 7.1.0                       │
2025-12-16T20:53:05.0833180Z 
2025-12-16T20:53:05.0833629Z │                                                         │
2025-12-16T20:53:05.0834343Z │  This is a major update - please follow the guide at    │
2025-12-16T20:53:05.0835097Z │  https://pris.ly/d/major-version-upgrade                │
2025-12-16T20:53:05.0835819Z │                                                         │
2025-12-16T20:53:05.0836461Z │  Run the following to update                            │
2025-12-16T20:53:05.0837334Z │    npm i --save-dev prisma@latest                       │
2025-12-16T20:53:05.0837992Z │    npm i @prisma/client@latest                          │
2025-12-16T20:53:05.0838678Z └─────────────────────────────────────────────────────────┘
2025-12-16T20:53:05.0840388Z Tip: Need your database queries to be 1000x faster? Accelerate offers you that and more: https://pris.ly/tip-2-accelerate
2025-12-16T20:53:05.0840985Z 
2025-12-16T20:53:05.5690300Z ⚠ No build cache found. Please configure build caching for faster rebuilds. Read more: https://nextjs.org/docs/messages/no-cache
2025-12-16T20:53:05.5751407Z Attention: Next.js now collects completely anonymous telemetry regarding usage.
2025-12-16T20:53:05.5753293Z This information is used to shape Next.js' roadmap and prioritize features.
2025-12-16T20:53:05.5754656Z You can learn more, including how to opt-out if you'd not like to participate in this anonymous program, by visiting the following URL:
2025-12-16T20:53:05.5755518Z https://nextjs.org/telemetry
2025-12-16T20:53:05.5755777Z 
2025-12-16T20:53:05.6300661Z   ▲ Next.js 14.2.33
2025-12-16T20:53:05.6306547Z 
2025-12-16T20:53:05.6904299Z    Creating an optimized production build ...
2025-12-16T20:53:54.5448757Z  ✓ Compiled successfully
2025-12-16T20:53:54.5456546Z    Linting and checking validity of types ...
2025-12-16T20:54:13.1312696Z    Collecting page data ...
2025-12-16T20:54:13.6642985Z [Telemetry] Application Insights desabilitado: nenhuma connection string encontrada nas variáveis de ambiente
2025-12-16T20:54:13.6672629Z [Auth] NEXTAUTH_SECRET ausente. Usando fallback derivado do host. Configure NEXTAUTH_SECRET nas variáveis de ambiente para produção. { fallbackSeed: 'vitrine-de-craques' }
2025-12-16T20:54:13.6678603Z [Auth] NEXTAUTH_URL ausente. Recuando para localhost. Configure NEXTAUTH_URL para o domínio de produção. { localUrl: 'http://localhost:3000' }
2025-12-16T20:54:16.1546847Z    Generating static pages (0/58) ...
2025-12-16T20:54:17.0240683Z    Generating static pages (14/58) 
2025-12-16T20:54:18.9489986Z    Generating static pages (28/58) 
2025-12-16T20:54:19.9909996Z    Generating static pages (43/58) 
2025-12-16T20:54:20.7172293Z  ✓ Generating static pages (58/58)
2025-12-16T20:54:21.6182055Z    Finalizing page optimization ...
2025-12-16T20:54:21.6184024Z    Collecting build traces ...
2025-12-16T20:54:37.3656894Z 
2025-12-16T20:54:37.3749452Z Route (app)                                      Size     First Load JS
2025-12-16T20:54:37.3750722Z ┌ ƒ /                                            1.83 kB         110 kB
2025-12-16T20:54:37.3757730Z ├ ƒ /_not-found                                  876 B          88.2 kB
2025-12-16T20:54:37.3758560Z ├ ƒ /administrator                               155 B          87.5 kB
2025-12-16T20:54:37.3759406Z ├ ƒ /administrator/clubes                        6.46 kB         117 kB
2025-12-16T20:54:37.3760271Z ├ ƒ /administrator/users                         5.68 kB         111 kB
2025-12-16T20:54:37.3761041Z ├ ƒ /administrator/videos                        5.24 kB         111 kB
2025-12-16T20:54:37.3762008Z ├ ƒ /agentes                                     2.7 kB         98.7 kB
2025-12-16T20:54:37.3762731Z ├ ƒ /agentes/[id]                                1.84 kB         117 kB
2025-12-16T20:54:37.3765532Z ├ ƒ /api/admin/clubes                            0 B                0 B
2025-12-16T20:54:37.3766297Z ├ ƒ /api/admin/clubes/[id]                       0 B                0 B
2025-12-16T20:54:37.3767044Z ├ ƒ /api/admin/summary                           0 B                0 B
2025-12-16T20:54:37.3767829Z ├ ƒ /api/admin/users                             0 B                0 B
2025-12-16T20:54:37.3768606Z ├ ƒ /api/admin/users/[userId]/block              0 B                0 B
2025-12-16T20:54:37.3769460Z ├ ƒ /api/admin/videos                            0 B                0 B
2025-12-16T20:54:37.3770394Z ├ ƒ /api/admin/videos/[videoId]/appeal-response  0 B                0 B
2025-12-16T20:54:37.3771518Z ├ ƒ /api/admin/videos/[videoId]/block            0 B                0 B
2025-12-16T20:54:37.3772425Z ├ ƒ /api/agentes                                 0 B                0 B
2025-12-16T20:54:37.3773252Z ├ ƒ /api/agentes/[id]                            0 B                0 B
2025-12-16T20:54:37.3774034Z ├ ƒ /api/atletas                                 0 B                0 B
2025-12-16T20:54:37.3774826Z ├ ƒ /api/atletas/[id]                            0 B                0 B
2025-12-16T20:54:37.3775644Z ├ ƒ /api/auth/[...nextauth]                      0 B                0 B
2025-12-16T20:54:37.3776491Z ├ ƒ /api/blocks/[targetUserId]                   0 B                0 B
2025-12-16T20:54:37.3777258Z ├ ƒ /api/clubes                                  0 B                0 B
2025-12-16T20:54:37.3778096Z ├ ƒ /api/clubes/[slug]                           0 B                0 B
2025-12-16T20:54:37.3778975Z ├ ƒ /api/confederacoes                           0 B                0 B
2025-12-16T20:54:37.3779880Z ├ ƒ /api/confederacoes/[slug]                    0 B                0 B
2025-12-16T20:54:37.3780754Z ├ ƒ /api/db-check                                0 B                0 B
2025-12-16T20:54:37.3781854Z ├ ƒ /api/env                                     0 B                0 B
2025-12-16T20:54:37.3782598Z ├ ƒ /api/errors                                  0 B                0 B
2025-12-16T20:54:37.3783458Z ├ ƒ /api/follows/[targetUserId]                  0 B                0 B
2025-12-16T20:54:37.3784250Z ├ ƒ /api/games                                   0 B                0 B
2025-12-16T20:54:37.3785003Z ├ ƒ /api/games/[slug]                            0 B                0 B
2025-12-16T20:54:37.3785778Z ├ ƒ /api/games/[slug]/comments                   0 B                0 B
2025-12-16T20:54:37.3788980Z ├ ƒ /api/games/[slug]/engagement                 0 B                0 B
2025-12-16T20:54:37.3790052Z ├ ƒ /api/health                                  0 B                0 B
2025-12-16T20:54:37.3790794Z ├ ƒ /api/messages                                0 B                0 B
2025-12-16T20:54:37.3791949Z ├ ƒ /api/messages/unread-count                   0 B                0 B
2025-12-16T20:54:37.3792761Z ├ ƒ /api/news                                    0 B                0 B
2025-12-16T20:54:37.3793499Z ├ ƒ /api/news/[id]                               0 B                0 B
2025-12-16T20:54:37.3794224Z ├ ƒ /api/news/cover                              0 B                0 B
2025-12-16T20:54:37.3794965Z ├ ƒ /api/noticias                                0 B                0 B
2025-12-16T20:54:37.3795810Z ├ ƒ /api/noticias/[slug]                         0 B                0 B
2025-12-16T20:54:37.3796619Z ├ ƒ /api/noticias/[slug]/comments                0 B                0 B
2025-12-16T20:54:37.3797367Z ├ ƒ /api/noticias/[slug]/engagement              0 B                0 B
2025-12-16T20:54:37.3798110Z ├ ƒ /api/pg-check                                0 B                0 B
2025-12-16T20:54:37.3798921Z ├ ƒ /api/profile                                 0 B                0 B
2025-12-16T20:54:37.3799800Z ├ ƒ /api/profile/avatar                          0 B                0 B
2025-12-16T20:54:37.3800591Z ├ ƒ /api/profile/personal-info                   0 B                0 B
2025-12-16T20:54:37.3801539Z ├ ƒ /api/register                                0 B                0 B
2025-12-16T20:54:37.3802311Z ├ ƒ /api/register/atleta-18                      0 B                0 B
2025-12-16T20:54:37.3803099Z ├ ƒ /api/register/clube                          0 B                0 B
2025-12-16T20:54:37.3803913Z ├ ƒ /api/register/de-agentes-licenciados         0 B                0 B
2025-12-16T20:54:37.3804886Z ├ ƒ /api/register/imprensa-jornalistablogueiro   0 B                0 B
2025-12-16T20:54:37.3805770Z ├ ƒ /api/register/responsavel                    0 B                0 B
2025-12-16T20:54:37.3806593Z ├ ƒ /api/register/responsavel/documents          0 B                0 B
2025-12-16T20:54:37.3807409Z ├ ƒ /api/register/torcedor                       0 B                0 B
2025-12-16T20:54:37.3808144Z ├ ƒ /api/times                                   0 B                0 B
2025-12-16T20:54:37.3809155Z ├ ƒ /api/videos                                  0 B                0 B
2025-12-16T20:54:37.3809837Z ├ ƒ /api/videos/[id]                             0 B                0 B
2025-12-16T20:54:37.3810526Z ├ ƒ /api/videos/[id]/appeal                      0 B                0 B
2025-12-16T20:54:37.3811653Z ├ ƒ /api/videos/[id]/comments                    0 B                0 B
2025-12-16T20:54:37.3812416Z ├ ƒ /api/videos/proxy                            0 B                0 B
2025-12-16T20:54:37.3813178Z ├ ƒ /arquibancada                                4.49 kB        98.6 kB
2025-12-16T20:54:37.3813948Z ├ ƒ /atletas                                     4.5 kB          107 kB
2025-12-16T20:54:37.3814722Z ├ ƒ /atletas/[id]                                5.24 kB         138 kB
2025-12-16T20:54:37.3815480Z ├ ƒ /cadastro                                    2.21 kB         129 kB
2025-12-16T20:54:37.3816234Z ├ ƒ /cadastro/[slug]                             2.92 kB         121 kB
2025-12-16T20:54:37.3817049Z ├ ƒ /cadastro/atleta-18                          3.91 kB         137 kB
2025-12-16T20:54:37.3817856Z ├ ƒ /cadastro/clube                              4.04 kB         137 kB
2025-12-16T20:54:37.3818651Z ├ ƒ /cadastro/de-agentes-licenciados             4.04 kB         137 kB
2025-12-16T20:54:37.3819478Z ├ ƒ /cadastro/imprensa-jornalistablogueiro       4.19 kB         137 kB
2025-12-16T20:54:37.3820369Z ├ ƒ /cadastro/responsavel                        4.23 kB         137 kB
2025-12-16T20:54:37.3821203Z ├ ƒ /cadastro/responsavel/uploads                3.69 kB         137 kB
2025-12-16T20:54:37.3822141Z ├ ƒ /cadastro/sucesso                            155 B          87.5 kB
2025-12-16T20:54:37.3822893Z ├ ƒ /cadastro/torcedor                           5.13 kB         147 kB
2025-12-16T20:54:37.3823862Z ├ ƒ /clubes                                      3.35 kB         111 kB
2025-12-16T20:54:37.3824562Z ├ ƒ /clubes/[slug]                               807 B           109 kB
2025-12-16T20:54:37.3825404Z ├ ƒ /confederacoes                               807 B           109 kB
2025-12-16T20:54:37.3826171Z ├ ƒ /confederacoes/[slug]                        807 B           109 kB
2025-12-16T20:54:37.3826919Z ├ ƒ /feed                                        12.2 kB         145 kB
2025-12-16T20:54:37.3827583Z ├ ƒ /games                                       197 B           121 kB
2025-12-16T20:54:37.3828284Z ├ ƒ /games/[slug]                                211 B           128 kB
2025-12-16T20:54:37.3828951Z ├ ○ /icon                                        0 B                0 B
2025-12-16T20:54:37.3829646Z ├ ƒ /login                                       3.73 kB         145 kB
2025-12-16T20:54:37.3830325Z ├ ƒ /noticias                                    203 B           121 kB
2025-12-16T20:54:37.3831049Z ├ ƒ /noticias/[slug]                             614 B           129 kB
2025-12-16T20:54:37.3831838Z ├ ƒ /perfil                                      27.3 kB         171 kB
2025-12-16T20:54:37.3832512Z ├ ƒ /perfis/[id]                                 1.84 kB         117 kB
2025-12-16T20:54:37.3833266Z ├ ƒ /player/[id]                                 9.15 kB         127 kB
2025-12-16T20:54:37.3834007Z ├ ƒ /privacidade                                 188 B          96.2 kB
2025-12-16T20:54:37.3834862Z ├ ƒ /registrar-escolha-perfil                    188 B          96.2 kB
2025-12-16T20:54:37.3835662Z ├ ƒ /sobre                                       188 B          96.2 kB
2025-12-16T20:54:37.3836401Z ├ ƒ /torcida                                     155 B          87.5 kB
2025-12-16T20:54:37.3837149Z └ ƒ /upload                                      10.4 kB         119 kB
2025-12-16T20:54:37.3837791Z + First Load JS shared by all                    87.3 kB
2025-12-16T20:54:37.3838490Z   ├ chunks/2117-8600b608bfb46d0e.js              31.7 kB
2025-12-16T20:54:37.3839175Z   ├ chunks/fd9d1056-55796e42a8a57fc6.js          53.6 kB
2025-12-16T20:54:37.3839855Z   └ other shared chunks (total)                  1.97 kB
2025-12-16T20:54:37.3840201Z 
2025-12-16T20:54:37.3840212Z 
2025-12-16T20:54:37.3840598Z ƒ Middleware                                     48.3 kB
2025-12-16T20:54:37.3840929Z 
2025-12-16T20:54:37.3841460Z ○  (Static)   prerendered as static content
2025-12-16T20:54:37.3842082Z ƒ  (Dynamic)  server-rendered on demand
2025-12-16T20:54:37.3842367Z 
2025-12-16T20:54:37.4079663Z ##[debug]Finishing: Build web app
2025-12-16T20:54:37.4089163Z ##[debug]Evaluating condition for step: 'Prepare standalone artifact for deployment'
2025-12-16T20:54:37.4091228Z ##[debug]Evaluating: success()
2025-12-16T20:54:37.4092208Z ##[debug]Evaluating success:
2025-12-16T20:54:37.4092604Z ##[debug]=> true
2025-12-16T20:54:37.4092956Z ##[debug]Result: true
2025-12-16T20:54:37.4093525Z ##[debug]Starting: Prepare standalone artifact for deployment
2025-12-16T20:54:37.4099281Z ##[debug]Loading inputs
2025-12-16T20:54:37.4100121Z ##[debug]Loading env
2025-12-16T20:54:37.4104067Z ##[group]Run set -euo pipefail
2025-12-16T20:54:37.4104368Z [36;1mset -euo pipefail[0m
2025-12-16T20:54:37.4104562Z [36;1m[0m
2025-12-16T20:54:37.4104786Z [36;1mecho "--- 1. REGERANDO CLIENTE PRISMA ---"[0m
2025-12-16T20:54:37.4105054Z [36;1mnpx prisma generate[0m
2025-12-16T20:54:37.4105243Z [36;1m[0m
2025-12-16T20:54:37.4105436Z [36;1mecho "--- 2. MONTAGEM DO PACOTE ---"[0m
2025-12-16T20:54:37.4105676Z [36;1mrm -rf deploy[0m
2025-12-16T20:54:37.4105928Z [36;1mmkdir -p deploy[0m
2025-12-16T20:54:37.4106116Z [36;1m[0m
2025-12-16T20:54:37.4106297Z [36;1m# Copia o App Next.js[0m
2025-12-16T20:54:37.4106528Z [36;1mcp -R .next/standalone/. deploy/[0m
2025-12-16T20:54:37.4106747Z [36;1m[0m
2025-12-16T20:54:37.4106999Z [36;1m# Copia estáticos (mas vamos limpar os pesados depois)[0m
2025-12-16T20:54:37.4107457Z [36;1mif [ -d public ]; then cp -R public deploy/public; fi[0m
2025-12-16T20:54:37.4107758Z [36;1mmkdir -p deploy/.next/static[0m
2025-12-16T20:54:37.4108027Z [36;1mcp -R .next/static/. deploy/.next/static[0m
2025-12-16T20:54:37.4108272Z [36;1m[0m
2025-12-16T20:54:37.4108582Z [36;1mcp staticwebapp.config.json deploy/staticwebapp.config.json[0m
2025-12-16T20:54:37.4108891Z [36;1m[0m
2025-12-16T20:54:37.4109128Z [36;1mecho "--- 2.1. Ajustando start script para standalone ---"[0m
2025-12-16T20:54:37.4109410Z [36;1mnode <<'NODE'[0m
2025-12-16T20:54:37.4109616Z [36;1mconst fs = require('fs');[0m
2025-12-16T20:54:37.4109863Z [36;1mconst path = require('path');[0m
2025-12-16T20:54:37.4110150Z [36;1mconst pkgPath = path.join('deploy', 'package.json');[0m
2025-12-16T20:54:37.4110504Z [36;1mconst pkg = JSON.parse(fs.readFileSync(pkgPath, 'utf8'));[0m
2025-12-16T20:54:37.4110786Z [36;1m[0m
2025-12-16T20:54:37.4110947Z [36;1mpkg.scripts = {[0m
2025-12-16T20:54:37.4111149Z [36;1m  ...pkg.scripts,[0m
2025-12-16T20:54:37.4111670Z [36;1m  start: 'node server.js',[0m
2025-12-16T20:54:37.4111889Z [36;1m};[0m
2025-12-16T20:54:37.4112045Z [36;1m[0m
2025-12-16T20:54:37.4112279Z [36;1mfs.writeFileSync(pkgPath, JSON.stringify(pkg, null, 2));[0m
2025-12-16T20:54:37.4112752Z [36;1mconsole.log('package.json atualizado com "start": "node server.js" para o artefato standalone');[0m
2025-12-16T20:54:37.4113148Z [36;1mNODE[0m
2025-12-16T20:54:37.4113307Z [36;1m[0m
2025-12-16T20:54:37.4113503Z [36;1mecho "--- 3. OTIMIZAÇÃO DO ARTEFATO ---"[0m
2025-12-16T20:54:37.4113875Z [36;1m# Mantemos o node_modules já empacotado pelo output "standalone" do Next.js[0m
2025-12-16T20:54:37.4114333Z [36;1m# (ele já contém apenas as dependências necessárias em produção).[0m
2025-12-16T20:54:37.4114735Z [36;1m# Depois removemos metadados de repositório e realizamos a poda fina.[0m
2025-12-16T20:54:37.4115133Z [36;1mrm -rf deploy/.git deploy/.github deploy/.husky deploy/.vscode[0m
2025-12-16T20:54:37.4115437Z [36;1m[0m
2025-12-16T20:54:37.4115704Z [36;1m# Mantemos os binários Debian do Prisma (compatíveis com o runner do SWA)[0m
2025-12-16T20:54:37.4116080Z [36;1m# e removemos apenas arquivos grandes ou não usados.[0m
2025-12-16T20:54:37.4116405Z [36;1mbash scripts/prune-deploy-artifact.sh deploy[0m
2025-12-16T20:54:37.4116661Z [36;1m[0m
2025-12-16T20:54:37.4116847Z [36;1mecho "--- 4. AÇÕES EXTRA ---"[0m
2025-12-16T20:54:37.4189114Z [36;1m# Esvaziar pasta Public da FUNCTION[0m
2025-12-16T20:54:37.4189794Z [36;1m# (Os arquivos estáticos já foram subidos para o CDN na etapa de build padrão)[0m
2025-12-16T20:54:37.4190785Z [36;1m# A Function não precisa dos vídeos MP4/MOV, apenas o navegador precisa.[0m
2025-12-16T20:54:37.4191463Z [36;1mfind deploy/public -name "*.mp4" -delete[0m
2025-12-16T20:54:37.4191876Z [36;1mfind deploy/public -name "*.mov" -delete[0m
2025-12-16T20:54:37.4192303Z [36;1mfind deploy/public -name "*.jpg" -delete[0m
2025-12-16T20:54:37.4192813Z [36;1mfind deploy/public -name "*.png" -delete[0m
2025-12-16T20:54:37.4193274Z [36;1m[0m
2025-12-16T20:54:37.4193580Z [36;1m# Limpeza Geral[0m
2025-12-16T20:54:37.4193860Z [36;1mrm -rf deploy/docs[0m
2025-12-16T20:54:37.4194150Z [36;1mrm -rf deploy/logs[0m
2025-12-16T20:54:37.4194500Z [36;1mrm -rf deploy/Vitrine-De-Craques-App[0m
2025-12-16T20:54:37.4194911Z [36;1mrm -rf deploy/Vitrine-De-Craques-App-iOS[0m
2025-12-16T20:54:37.4195324Z [36;1m[0m
2025-12-16T20:54:37.4195601Z [36;1mecho "--- 5. RELATÓRIO FINAL ---"[0m
2025-12-16T20:54:37.4195905Z [36;1mecho "Tamanho Total (Meta: < 100MB):"[0m
2025-12-16T20:54:37.4196144Z [36;1mdu -sh deploy[0m
2025-12-16T20:54:37.4196344Z [36;1m[0m
2025-12-16T20:54:37.4196593Z [36;1mecho "Conteúdo de @next (bins presentes no artefato final):"[0m
2025-12-16T20:54:37.4196977Z [36;1mls deploy/node_modules/@next || echo "Pasta @next não encontrada"[0m
2025-12-16T20:54:37.4219288Z shell: /usr/bin/bash -e {0}
2025-12-16T20:54:37.4219528Z ##[endgroup]
2025-12-16T20:54:37.4240868Z ##[debug]/usr/bin/bash -e /home/runner/work/_temp/651cc4af-b664-4ea4-84d7-4251ac7e76bd.sh
2025-12-16T20:54:37.4259373Z --- 1. REGERANDO CLIENTE PRISMA ---
2025-12-16T20:54:38.7282002Z Prisma schema loaded from prisma/schema.prisma
2025-12-16T20:54:39.6990837Z 
2025-12-16T20:54:39.6993328Z ✔ Generated Prisma Client (v6.16.2) to ./node_modules/@prisma/client in 381ms
2025-12-16T20:54:39.6993810Z 
2025-12-16T20:54:39.6994977Z Start by importing your Prisma Client (See: https://pris.ly/d/importing-client)
2025-12-16T20:54:39.6996741Z 
2025-12-16T20:54:39.6997413Z Tip: Need your database queries to be 1000x faster? Accelerate offers you that and more: https://pris.ly/tip-2-accelerate
2025-12-16T20:54:39.6997959Z 
2025-12-16T20:54:39.7194918Z --- 2. MONTAGEM DO PACOTE ---
2025-12-16T20:54:40.7144961Z --- 2.1. Ajustando start script para standalone ---
2025-12-16T20:54:40.7361056Z package.json atualizado com "start": "node server.js" para o artefato standalone
2025-12-16T20:54:40.7386716Z --- 3. OTIMIZAÇÃO DO ARTEFATO ---
2025-12-16T20:54:40.7723250Z Pruning unused Prisma runtime binaries...
2025-12-16T20:54:40.7809333Z Removing unused Prisma client engines...
2025-12-16T20:54:40.7863790Z deploy/node_modules/.prisma/client/libquery_engine-darwin-arm64.dylib.node
2025-12-16T20:54:40.7877653Z deploy/node_modules/.prisma/client/libquery_engine-darwin.dylib.node
2025-12-16T20:54:40.7878468Z Cleaning up optional sharp binaries...
2025-12-16T20:54:40.7902513Z Removing development dependencies from deploy artifact...
2025-12-16T20:54:40.8170015Z Deleting dependency source maps...
2025-12-16T20:54:40.8239480Z Removing Next.js build cache...
2025-12-16T20:54:40.8360947Z Pruning finished.
2025-12-16T20:54:40.8362816Z --- 4. AÇÕES EXTRA ---
2025-12-16T20:54:40.8937653Z --- 5. RELATÓRIO FINAL ---
2025-12-16T20:54:40.8938805Z Tamanho Total (Meta: < 100MB):
2025-12-16T20:54:40.9110764Z 112M	deploy
2025-12-16T20:54:40.9112520Z Conteúdo de @next (bins presentes no artefato final):
2025-12-16T20:54:40.9125115Z env
2025-12-16T20:54:40.9131090Z ##[debug]Finishing: Prepare standalone artifact for deployment
2025-12-16T20:54:40.9140193Z ##[debug]Evaluating condition for step: 'Build And Deploy'
2025-12-16T20:54:40.9142494Z ##[debug]Evaluating: success()
2025-12-16T20:54:40.9143008Z ##[debug]Evaluating success:
2025-12-16T20:54:40.9143737Z ##[debug]=> true
2025-12-16T20:54:40.9144234Z ##[debug]Result: true
2025-12-16T20:54:40.9144992Z ##[debug]Starting: Build And Deploy
2025-12-16T20:54:40.9172086Z ##[debug]Loading inputs
2025-12-16T20:54:40.9175285Z ##[debug]Evaluating: secrets.AZURE_STATIC_WEB_APPS_API_TOKEN_PROUD_SKY_0A8107810
2025-12-16T20:54:40.9175689Z ##[debug]Evaluating Index:
2025-12-16T20:54:40.9175903Z ##[debug]..Evaluating secrets:
2025-12-16T20:54:40.9176159Z ##[debug]..=> Object
2025-12-16T20:54:40.9176371Z ##[debug]..Evaluating String:
2025-12-16T20:54:40.9176671Z ##[debug]..=> 'AZURE_STATIC_WEB_APPS_API_TOKEN_PROUD_SKY_0A8107810'
2025-12-16T20:54:40.9177545Z ##[debug]=> '***'
2025-12-16T20:54:40.9178091Z ##[debug]Result: '***'
2025-12-16T20:54:40.9178612Z ##[debug]Evaluating: secrets.GITHUB_TOKEN
2025-12-16T20:54:40.9178900Z ##[debug]Evaluating Index:
2025-12-16T20:54:40.9179116Z ##[debug]..Evaluating secrets:
2025-12-16T20:54:40.9179348Z ##[debug]..=> Object
2025-12-16T20:54:40.9179564Z ##[debug]..Evaluating String:
2025-12-16T20:54:40.9179779Z ##[debug]..=> 'GITHUB_TOKEN'
2025-12-16T20:54:40.9180124Z ##[debug]=> '***'
2025-12-16T20:54:40.9180411Z ##[debug]Result: '***'
2025-12-16T20:54:40.9183709Z ##[debug]Loading env
2025-12-16T20:54:40.9190261Z ##[group]Run Azure/static-web-apps-deploy@v1
2025-12-16T20:54:40.9190512Z with:
2025-12-16T20:54:40.9191138Z   azure_static_web_apps_api_token: ***
2025-12-16T20:54:40.9191738Z   repo_token: ***
2025-12-16T20:54:40.9191923Z   action: upload
2025-12-16T20:54:40.9192106Z   app_location: deploy
2025-12-16T20:54:40.9192291Z   skip_app_build: true
2025-12-16T20:54:40.9192475Z   skip_api_build: true
2025-12-16T20:54:40.9192654Z ##[endgroup]
2025-12-16T20:54:40.9287671Z ##[command]/usr/bin/docker run --name d55f1b0ca05e6ba1248d68f04f7d268b72ec8_cd08a5 --label 4d55f1 --workdir /github/workspace --rm -e "INPUT_AZURE_STATIC_WEB_APPS_API_TOKEN" -e "INPUT_REPO_TOKEN" -e "INPUT_ACTION" -e "INPUT_APP_LOCATION" -e "INPUT_API_LOCATION" -e "INPUT_OUTPUT_LOCATION" -e "INPUT_SKIP_APP_BUILD" -e "INPUT_SKIP_API_BUILD" -e "INPUT_API_BUILD_COMMAND" -e "INPUT_APP_ARTIFACT_LOCATION" -e "INPUT_APP_BUILD_COMMAND" -e "INPUT_ROUTES_LOCATION" -e "INPUT_CONFIG_FILE_LOCATION" -e "INPUT_PRODUCTION_BRANCH" -e "INPUT_DEPLOYMENT_ENVIRONMENT" -e "INPUT_IS_STATIC_EXPORT" -e "INPUT_DATA_API_LOCATION" -e "INPUT_GITHUB_ID_TOKEN" -e "HOME" -e "GITHUB_JOB" -e "GITHUB_REF" -e "GITHUB_SHA" -e "GITHUB_REPOSITORY" -e "GITHUB_REPOSITORY_OWNER" -e "GITHUB_REPOSITORY_OWNER_ID" -e "GITHUB_RUN_ID" -e "GITHUB_RUN_NUMBER" -e "GITHUB_RETENTION_DAYS" -e "GITHUB_RUN_ATTEMPT" -e "GITHUB_ACTOR_ID" -e "GITHUB_ACTOR" -e "GITHUB_WORKFLOW" -e "GITHUB_HEAD_REF" -e "GITHUB_BASE_REF" -e "GITHUB_EVENT_NAME" -e "GITHUB_SERVER_URL" -e "GITHUB_API_URL" -e "GITHUB_GRAPHQL_URL" -e "GITHUB_REF_NAME" -e "GITHUB_REF_PROTECTED" -e "GITHUB_REF_TYPE" -e "GITHUB_WORKFLOW_REF" -e "GITHUB_WORKFLOW_SHA" -e "GITHUB_REPOSITORY_ID" -e "GITHUB_TRIGGERING_ACTOR" -e "GITHUB_WORKSPACE" -e "GITHUB_ACTION" -e "GITHUB_EVENT_PATH" -e "GITHUB_ACTION_REPOSITORY" -e "GITHUB_ACTION_REF" -e "GITHUB_PATH" -e "GITHUB_ENV" -e "GITHUB_STEP_SUMMARY" -e "GITHUB_STATE" -e "GITHUB_OUTPUT" -e "RUNNER_DEBUG" -e "RUNNER_OS" -e "RUNNER_ARCH" -e "RUNNER_NAME" -e "RUNNER_ENVIRONMENT" -e "RUNNER_TOOL_CACHE" -e "RUNNER_TEMP" -e "RUNNER_WORKSPACE" -e "ACTIONS_RUNTIME_URL" -e "ACTIONS_RUNTIME_TOKEN" -e "ACTIONS_CACHE_URL" -e "ACTIONS_RESULTS_URL" -e GITHUB_ACTIONS=true -e CI=true -v "/var/run/docker.sock":"/var/run/docker.sock" -v "/home/runner/work/_temp":"/github/runner_temp" -v "/home/runner/work/_temp/_github_home":"/github/home" -v "/home/runner/work/_temp/_github_workflow":"/github/workflow" -v "/home/runner/work/_temp/_runner_file_commands":"/github/file_commands" -v "/home/runner/work/vitrine-de-craques-web-site/vitrine-de-craques-web-site":"/github/workspace" 4d55f1:b0ca05e6ba1248d68f04f7d268b72ec8
2025-12-16T20:54:41.2225645Z DeploymentId: 48aa466b-a1c2-4f86-83ef-c405445af3d7
2025-12-16T20:54:41.3678227Z 
2025-12-16T20:54:41.3679126Z [37mTry to validate location at: '/github/workspace/deploy'.[0m
2025-12-16T20:54:41.3692765Z [37mApp Directory Location: 'deploy' was found.[0m
2025-12-16T20:54:41.3696851Z [37mTry to validate location at: '/github/workspace/swa-db-connections'.[0m
2025-12-16T20:54:41.3697850Z [37mLooking for event info[0m
2025-12-16T20:54:41.7971129Z [37mSkipping step to build /github/workspace/deploy with Oryx[0m
2025-12-16T20:54:41.8094634Z [37mDetected the following framework: Next.js[0m
2025-12-16T20:54:41.8096417Z [37mTry to validate location at: '/github/workspace/deploy/.next'.[0m
2025-12-16T20:54:41.8270427Z [37mUsing 'staticwebapp.config.json' file for configuration information, 'routes.json' will be ignored.[0m
2025-12-16T20:54:41.8987061Z [33m[WARNING] For Next.js apps, staticwebapp.config.json features are not fully supported yet![0m
2025-12-16T20:54:41.9007766Z [37mPlease note: For Next.js applications if skip_api_build=true, Static Web Apps will not remove dev dependencies or add the sharp package by default. If you want these optimizations, kindly add them to your custom build steps before passing skip_app_build=true[0m
2025-12-16T20:54:41.9038145Z [37mRepackaged Next.js app to deploy on the backend.[0m
2025-12-16T20:54:41.9046306Z [37mSkipping step to build /github/workspace/deploy with Oryx[0m
2025-12-16T20:54:41.9050882Z [33mWeb App Runtime Information. OS: linux, node version: 20[0m
2025-12-16T20:54:42.1975090Z [37mZipping Api Artifacts[0m
2025-12-16T20:54:46.7749673Z [37mDone Zipping Api Artifacts[0m
2025-12-16T20:54:47.5346854Z [37mZipping App Artifacts[0m
2025-12-16T20:54:47.6072529Z [37mDone Zipping App Artifacts[0m
2025-12-16T20:54:47.6073242Z [37mUploading build artifacts.[0m
2025-12-16T20:54:49.8310329Z [32mFinished Upload. Polling on deployment.[0m
2025-12-16T20:54:50.0798233Z [37mStatus: InProgress. Time: 0.2455351(s)[0m
2025-12-16T20:55:06.3410654Z [37mStatus: InProgress. Time: 16.5099435(s)[0m
2025-12-16T20:55:21.6757153Z [37mStatus: InProgress. Time: 31.8445372(s)[0m
2025-12-16T20:55:37.1551999Z [37mStatus: InProgress. Time: 47.3240062(s)[0m
2025-12-16T20:55:52.3262552Z [37mStatus: InProgress. Time: 62.4950979(s)[0m
2025-12-16T20:56:07.5096444Z [37mStatus: InProgress. Time: 77.6784218(s)[0m
2025-12-16T20:56:22.6211857Z [37mStatus: InProgress. Time: 92.790038(s)[0m
2025-12-16T20:56:37.7407619Z [37mStatus: InProgress. Time: 107.909422(s)[0m
2025-12-16T20:56:52.8623784Z [37mStatus: InProgress. Time: 123.0304121(s)[0m
2025-12-16T20:57:07.9989076Z [37mStatus: InProgress. Time: 138.1671337(s)[0m
2025-12-16T20:57:23.1278234Z [37mStatus: InProgress. Time: 153.2966364(s)[0m
2025-12-16T20:57:38.2411903Z [37mStatus: InProgress. Time: 168.4100099(s)[0m
2025-12-16T20:57:53.3780508Z [37mStatus: InProgress. Time: 183.5469085(s)[0m
2025-12-16T20:58:08.6517782Z [37mStatus: InProgress. Time: 198.8205201(s)[0m
2025-12-16T20:58:24.2628586Z [37mStatus: InProgress. Time: 214.4316491(s)[0m
2025-12-16T20:58:40.5054014Z [37mStatus: InProgress. Time: 230.674147(s)[0m
2025-12-16T20:58:55.6394769Z [37mStatus: InProgress. Time: 245.8077746(s)[0m
2025-12-16T20:59:10.7969811Z [37mStatus: InProgress. Time: 260.9657387(s)[0m
2025-12-16T20:59:25.9157407Z [37mStatus: InProgress. Time: 276.0847798(s)[0m
2025-12-16T20:59:41.0333628Z [37mStatus: InProgress. Time: 291.2022379(s)[0m
2025-12-16T20:59:56.1444398Z [37mStatus: InProgress. Time: 306.3132516(s)[0m
2025-12-16T21:00:12.7370848Z [37mStatus: InProgress. Time: 322.9058399(s)[0m
2025-12-16T21:00:27.8798439Z [37mStatus: InProgress. Time: 338.0477752(s)[0m
2025-12-16T21:00:43.0063952Z [37mStatus: InProgress. Time: 353.1752134(s)[0m
2025-12-16T21:00:58.1264783Z [37mStatus: InProgress. Time: 368.2953554(s)[0m
2025-12-16T21:01:13.2836658Z [37mStatus: InProgress. Time: 383.4525573(s)[0m
2025-12-16T21:01:28.7446128Z [37mStatus: InProgress. Time: 398.9133502(s)[0m
2025-12-16T21:01:43.9147012Z [37mStatus: InProgress. Time: 414.0834469(s)[0m
2025-12-16T21:01:59.0644281Z [37mStatus: InProgress. Time: 429.2334265(s)[0m
2025-12-16T21:02:14.2474550Z [37mStatus: InProgress. Time: 444.4163266(s)[0m
2025-12-16T21:02:29.3972361Z [37mStatus: InProgress. Time: 459.5659184(s)[0m
2025-12-16T21:02:44.8502143Z [37mStatus: InProgress. Time: 475.0191977(s)[0m
2025-12-16T21:03:00.1186838Z [37mStatus: InProgress. Time: 490.2877073(s)[0m
2025-12-16T21:03:15.2520029Z [37mStatus: InProgress. Time: 505.4210524(s)[0m
2025-12-16T21:03:30.3658208Z [37mStatus: InProgress. Time: 520.5349033(s)[0m
2025-12-16T21:03:45.5078141Z [37mStatus: InProgress. Time: 535.6768797(s)[0m
2025-12-16T21:04:00.6506582Z [37mStatus: InProgress. Time: 550.8195019(s)[0m
2025-12-16T21:04:15.7694108Z [37mStatus: InProgress. Time: 565.9383743(s)[0m
2025-12-16T21:04:30.9143412Z [37mStatus: Failed. Time: 581.0831681(s)[0m
2025-12-16T21:04:30.9145171Z [31mDeployment Failed :([0m
2025-12-16T21:04:30.9146195Z [31mDeployment Failure Reason: Web app warm up timed out. Please try again later.[0m
2025-12-16T21:04:30.9372661Z [37m[0m
2025-12-16T21:04:30.9374382Z [33mFor further information, please visit the Azure Static Web Apps documentation at https://docs.microsoft.com/en-us/azure/static-web-apps/[0m
2025-12-16T21:04:30.9376616Z [33mIf you believe this behavior is unexpected, please raise a GitHub issue at https://github.com/azure/static-web-apps/issues/[0m
2025-12-16T21:04:30.9377351Z [33mExiting[0m
2025-12-16T21:04:31.0188349Z ##[debug]Docker Action run completed with exit code 1
2025-12-16T21:04:31.0193477Z ##[debug]Finishing: Build And Deploy
2025-12-16T21:04:31.0202416Z ##[debug]Evaluating condition for step: 'Post Setup Node'
2025-12-16T21:04:31.0204238Z ##[debug]Evaluating: success()
2025-12-16T21:04:31.0204673Z ##[debug]Evaluating success:
2025-12-16T21:04:31.0205135Z ##[debug]=> false
2025-12-16T21:04:31.0205685Z ##[debug]Result: false
2025-12-16T21:04:31.0210779Z ##[debug]Evaluating condition for step: 'Post Run actions/checkout@v4'
2025-12-16T21:04:31.0213149Z ##[debug]Evaluating: always()
2025-12-16T21:04:31.0213491Z ##[debug]Evaluating always:
2025-12-16T21:04:31.0214280Z ##[debug]=> true
2025-12-16T21:04:31.0214601Z ##[debug]Result: true
2025-12-16T21:04:31.0215092Z ##[debug]Starting: Post Run actions/checkout@v4
2025-12-16T21:04:31.0241802Z ##[debug]Loading inputs
2025-12-16T21:04:31.0243154Z ##[debug]Evaluating: github.repository
2025-12-16T21:04:31.0243433Z ##[debug]Evaluating Index:
2025-12-16T21:04:31.0243656Z ##[debug]..Evaluating github:
2025-12-16T21:04:31.0243914Z ##[debug]..=> Object
2025-12-16T21:04:31.0244135Z ##[debug]..Evaluating String:
2025-12-16T21:04:31.0244364Z ##[debug]..=> 'repository'
2025-12-16T21:04:31.0244675Z ##[debug]=> 'aspepper/vitrine-de-craques-web-site'
2025-12-16T21:04:31.0245005Z ##[debug]Result: 'aspepper/vitrine-de-craques-web-site'
2025-12-16T21:04:31.0246292Z ##[debug]Evaluating: github.token
2025-12-16T21:04:31.0246615Z ##[debug]Evaluating Index:
2025-12-16T21:04:31.0246821Z ##[debug]..Evaluating github:
2025-12-16T21:04:31.0247039Z ##[debug]..=> Object
2025-12-16T21:04:31.0247235Z ##[debug]..Evaluating String:
2025-12-16T21:04:31.0247439Z ##[debug]..=> 'token'
2025-12-16T21:04:31.0248040Z ##[debug]=> '***'
2025-12-16T21:04:31.0248324Z ##[debug]Result: '***'
2025-12-16T21:04:31.0253832Z ##[debug]Loading env
2025-12-16T21:04:31.0257258Z Post job cleanup.
2025-12-16T21:04:31.1164753Z ##[debug]Getting git version
2025-12-16T21:04:31.1178998Z [command]/usr/bin/git version
2025-12-16T21:04:31.1216367Z git version 2.52.0
2025-12-16T21:04:31.1236670Z ##[debug]0
2025-12-16T21:04:31.1238085Z ##[debug]git version 2.52.0
2025-12-16T21:04:31.1238448Z ##[debug]
2025-12-16T21:04:31.1239427Z ##[debug]Set git useragent to: git/2.52.0 (github-actions-checkout)
2025-12-16T21:04:31.1242360Z ::add-mask::***
2025-12-16T21:04:31.1257595Z Temporarily overriding HOME='/home/runner/work/_temp/ee8a0393-3545-4fff-9bcd-e9cbbec76f37' before making global git config changes
2025-12-16T21:04:31.1259743Z Adding repository directory to the temporary git global config as a safe directory
2025-12-16T21:04:31.1264932Z [command]/usr/bin/git config --global --add safe.directory /home/runner/work/vitrine-de-craques-web-site/vitrine-de-craques-web-site
2025-12-16T21:04:31.1296741Z ##[debug]0
2025-12-16T21:04:31.1297862Z ##[debug]
2025-12-16T21:04:31.1305035Z [command]/usr/bin/git config --local --name-only --get-regexp core\.sshCommand
2025-12-16T21:04:31.1327552Z ##[debug]1
2025-12-16T21:04:31.1328654Z ##[debug]
2025-12-16T21:04:31.1334697Z [command]/usr/bin/git submodule foreach --recursive sh -c "git config --local --name-only --get-regexp 'core\.sshCommand' && git config --local --unset-all 'core.sshCommand' || :"
2025-12-16T21:04:31.1549466Z ##[debug]0
2025-12-16T21:04:31.1550672Z ##[debug]
2025-12-16T21:04:31.1558582Z [command]/usr/bin/git config --local --name-only --get-regexp http\.https\:\/\/github\.com\/\.extraheader
2025-12-16T21:04:31.1580295Z http.https://github.com/.extraheader
2025-12-16T21:04:31.1585427Z ##[debug]0
2025-12-16T21:04:31.1586593Z ##[debug]http.https://github.com/.extraheader
2025-12-16T21:04:31.1586994Z ##[debug]
2025-12-16T21:04:31.1592219Z [command]/usr/bin/git config --local --unset-all http.https://github.com/.extraheader
2025-12-16T21:04:31.1614387Z ##[debug]0
2025-12-16T21:04:31.1615486Z ##[debug]
2025-12-16T21:04:31.1620168Z [command]/usr/bin/git submodule foreach --recursive sh -c "git config --local --name-only --get-regexp 'http\.https\:\/\/github\.com\/\.extraheader' && git config --local --unset-all 'http.https://github.com/.extraheader' || :"
2025-12-16T21:04:31.1792577Z ##[debug]0
2025-12-16T21:04:31.1793688Z ##[debug]
2025-12-16T21:04:31.1800356Z [command]/usr/bin/git config --local --name-only --get-regexp ^includeIf\.gitdir:
2025-12-16T21:04:31.1823189Z ##[debug]1
2025-12-16T21:04:31.1824295Z ##[debug]
2025-12-16T21:04:31.1830692Z [command]/usr/bin/git submodule foreach --recursive git config --local --show-origin --name-only --get-regexp remote.origin.url
2025-12-16T21:04:31.1998416Z ##[debug]0
2025-12-16T21:04:31.1999509Z ##[debug]
2025-12-16T21:04:31.2000707Z ##[debug]Unsetting HOME override
2025-12-16T21:04:31.2050342Z ##[debug]Node Action run completed with exit code 0
2025-12-16T21:04:31.2052499Z ##[debug]Finishing: Post Run actions/checkout@v4
2025-12-16T21:04:31.2101101Z ##[debug]Starting: Complete job
2025-12-16T21:04:31.2102760Z Cleaning up orphan processes
2025-12-16T21:04:31.2322255Z ##[debug]Finishing: Complete job
2025-12-16T21:04:31.2351916Z ##[debug]Finishing: Build and Deploy Job
