2025-12-16T22:43:15.8557001Z ##[debug]Starting: Build and Deploy Job
2025-12-16T22:43:15.8588373Z ##[debug]Cleaning runner temp folder: /home/runner/work/_temp
2025-12-16T22:43:15.8745934Z ##[debug]Starting: Set up job
2025-12-16T22:43:15.8747678Z Current runner version: '2.329.0'
2025-12-16T22:43:15.8777301Z ##[group]Runner Image Provisioner
2025-12-16T22:43:15.8778518Z Hosted Compute Agent
2025-12-16T22:43:15.8779382Z Version: 20251202.455
2025-12-16T22:43:15.8780353Z Commit: 6c10caca4910e198df60de23adf20ad317c474e3
2025-12-16T22:43:15.8781593Z Build Date: 2025-12-02T15:56:59Z
2025-12-16T22:43:15.8783008Z Worker ID: {b2269374-f298-47d1-b6d1-63e2b3e1b028}
2025-12-16T22:43:15.8784155Z ##[endgroup]
2025-12-16T22:43:15.8785138Z ##[group]Operating System
2025-12-16T22:43:15.8786060Z Ubuntu
2025-12-16T22:43:15.8786854Z 24.04.3
2025-12-16T22:43:15.8787516Z LTS
2025-12-16T22:43:15.8788398Z ##[endgroup]
2025-12-16T22:43:15.8789207Z ##[group]Runner Image
2025-12-16T22:43:15.8790015Z Image: ubuntu-24.04
2025-12-16T22:43:15.8790949Z Version: 20251208.163.1
2025-12-16T22:43:15.8793490Z Included Software: https://github.com/actions/runner-images/blob/ubuntu24/20251208.163/images/ubuntu/Ubuntu2404-Readme.md
2025-12-16T22:43:15.8796084Z Image Release: https://github.com/actions/runner-images/releases/tag/ubuntu24%2F20251208.163
2025-12-16T22:43:15.8797654Z ##[endgroup]
2025-12-16T22:43:15.8799656Z ##[group]GITHUB_TOKEN Permissions
2025-12-16T22:43:15.8802718Z Contents: read
2025-12-16T22:43:15.8803644Z Metadata: read
2025-12-16T22:43:15.8804655Z Packages: read
2025-12-16T22:43:15.8805433Z ##[endgroup]
2025-12-16T22:43:15.8808390Z Secret source: Actions
2025-12-16T22:43:15.8809800Z ##[debug]Primary repository: aspepper/vitrine-de-craques-web-site
2025-12-16T22:43:15.8811226Z Prepare workflow directory
2025-12-16T22:43:15.8914265Z ##[debug]Creating pipeline directory: '/home/runner/work/vitrine-de-craques-web-site'
2025-12-16T22:43:15.8920346Z ##[debug]Creating workspace directory: '/home/runner/work/vitrine-de-craques-web-site/vitrine-de-craques-web-site'
2025-12-16T22:43:15.8923945Z ##[debug]Update context data
2025-12-16T22:43:15.8929509Z ##[debug]Evaluating job-level environment variables
2025-12-16T22:43:15.9471138Z ##[debug]Evaluating job container
2025-12-16T22:43:15.9476360Z ##[debug]Evaluating job service containers
2025-12-16T22:43:15.9479748Z ##[debug]Evaluating job defaults
2025-12-16T22:43:15.9517661Z Prepare all required actions
2025-12-16T22:43:15.9576372Z Getting action download info
2025-12-16T22:43:16.4450047Z Download action repository 'actions/checkout@v4' (SHA:34e114876b0b11c390a56381ad16ebd13914f8d5)
2025-12-16T22:43:16.4489895Z ##[debug]Copied action archive '/opt/actionarchivecache/actions_checkout/34e114876b0b11c390a56381ad16ebd13914f8d5.tar.gz' to '/home/runner/work/_actions/_temp_7ca130fd-3d16-49d2-88a0-0d84928564ed/8a8db57e-5ec6-488d-b1eb-5be41effa354.tar.gz'
2025-12-16T22:43:16.5433954Z ##[debug]Unwrap 'actions-checkout-34e1148' to '/home/runner/work/_actions/actions/checkout/v4'
2025-12-16T22:43:16.5574656Z ##[debug]Archive '/home/runner/work/_actions/_temp_7ca130fd-3d16-49d2-88a0-0d84928564ed/8a8db57e-5ec6-488d-b1eb-5be41effa354.tar.gz' has been unzipped into '/home/runner/work/_actions/actions/checkout/v4'.
2025-12-16T22:43:16.5675379Z Download action repository 'actions/setup-node@v4' (SHA:49933ea5288caeca8642d1e84afbd3f7d6820020)
2025-12-16T22:43:16.5740537Z ##[debug]Copied action archive '/opt/actionarchivecache/actions_setup-node/49933ea5288caeca8642d1e84afbd3f7d6820020.tar.gz' to '/home/runner/work/_actions/_temp_38c2972a-32da-4d98-98e1-584546540ff3/fc0b5d77-f7e2-43b5-a487-4019c46010ed.tar.gz'
2025-12-16T22:43:16.6342712Z ##[debug]Unwrap 'actions-setup-node-49933ea' to '/home/runner/work/_actions/actions/setup-node/v4'
2025-12-16T22:43:16.6772693Z ##[debug]Archive '/home/runner/work/_actions/_temp_38c2972a-32da-4d98-98e1-584546540ff3/fc0b5d77-f7e2-43b5-a487-4019c46010ed.tar.gz' has been unzipped into '/home/runner/work/_actions/actions/setup-node/v4'.
2025-12-16T22:43:16.6835412Z Download action repository 'Azure/static-web-apps-deploy@v1' (SHA:4d27395796ac319302594769cfe812bd207490b1)
2025-12-16T22:43:17.0830372Z ##[debug]Download 'https://api.github.com/repos/Azure/static-web-apps-deploy/tarball/4d27395796ac319302594769cfe812bd207490b1' to '/home/runner/work/_actions/_temp_8c36b4e5-e736-46c8-9917-a05d5d2d9ce4/fc1c8b29-4d9e-433a-9787-3ed0c1d8122d.tar.gz'
2025-12-16T22:43:17.0908422Z ##[debug]Unwrap 'Azure-static-web-apps-deploy-4d27395' to '/home/runner/work/_actions/Azure/static-web-apps-deploy/v1'
2025-12-16T22:43:17.0919732Z ##[debug]Archive '/home/runner/work/_actions/_temp_8c36b4e5-e736-46c8-9917-a05d5d2d9ce4/fc1c8b29-4d9e-433a-9787-3ed0c1d8122d.tar.gz' has been unzipped into '/home/runner/work/_actions/Azure/static-web-apps-deploy/v1'.
2025-12-16T22:43:17.0940012Z ##[debug]action.yml for action: '/home/runner/work/_actions/actions/checkout/v4/action.yml'.
2025-12-16T22:43:17.1579500Z ##[debug]action.yml for action: '/home/runner/work/_actions/actions/setup-node/v4/action.yml'.
2025-12-16T22:43:17.1637569Z ##[debug]action.yml for action: '/home/runner/work/_actions/Azure/static-web-apps-deploy/v1/action.yml'.
2025-12-16T22:43:17.1693739Z ##[debug]Dockerfile for action: '/home/runner/work/_actions/Azure/static-web-apps-deploy/v1/Dockerfile'.
2025-12-16T22:43:17.1801192Z ##[debug]Set step '__actions_checkout' display name to: 'Run actions/checkout@v4'
2025-12-16T22:43:17.1804508Z ##[debug]Set step '__actions_setup-node' display name to: 'Setup Node'
2025-12-16T22:43:17.1806100Z ##[debug]Set step '__run' display name to: 'Install dependencies'
2025-12-16T22:43:17.1807532Z ##[debug]Set step '__run_2' display name to: 'Build web app'
2025-12-16T22:43:17.1809111Z ##[debug]Set step '__run_3' display name to: 'Prepare standalone artifact for deployment'
2025-12-16T22:43:17.1810672Z ##[debug]Set step 'builddeploy' display name to: 'Build And Deploy'
2025-12-16T22:43:17.1811390Z Complete job name: Build and Deploy Job
2025-12-16T22:43:17.1861415Z ##[debug]Collect running processes for tracking orphan processes.
2025-12-16T22:43:17.2046963Z ##[debug]Finishing: Set up job
2025-12-16T22:43:17.2159519Z ##[debug]Evaluating condition for step: 'Build Azure/static-web-apps-deploy@v1'
2025-12-16T22:43:17.2195549Z ##[debug]Evaluating: success()
2025-12-16T22:43:17.2200384Z ##[debug]Evaluating success:
2025-12-16T22:43:17.2216270Z ##[debug]=> true
2025-12-16T22:43:17.2221894Z ##[debug]Result: true
2025-12-16T22:43:17.2244740Z ##[debug]Starting: Build Azure/static-web-apps-deploy@v1
2025-12-16T22:43:17.2265322Z ##[group]Build container for action use: '/home/runner/work/_actions/Azure/static-web-apps-deploy/v1/Dockerfile'.
2025-12-16T22:43:17.2316562Z ##[command]/usr/bin/docker build -t 4b8fac:128adaaf1e034bef828e3cced3572e5c -f "/home/runner/work/_actions/Azure/static-web-apps-deploy/v1/Dockerfile" "/home/runner/work/_actions/Azure/static-web-apps-deploy/v1"
2025-12-16T22:43:19.7567340Z #0 building with "default" instance using docker driver
2025-12-16T22:43:19.7571343Z 
2025-12-16T22:43:19.7572248Z #1 [internal] load build definition from Dockerfile
2025-12-16T22:43:19.7579406Z #1 transferring dockerfile: 160B done
2025-12-16T22:43:19.7580447Z #1 DONE 0.0s
2025-12-16T22:43:19.7580774Z 
2025-12-16T22:43:19.7581209Z #2 [internal] load metadata for mcr.microsoft.com/appsvc/staticappsclient:stable
2025-12-16T22:43:19.7582272Z #2 DONE 0.1s
2025-12-16T22:43:19.8830136Z 
2025-12-16T22:43:19.8835245Z #3 [internal] load .dockerignore
2025-12-16T22:43:19.8849155Z #3 transferring context: 2B done
2025-12-16T22:43:19.8849824Z #3 DONE 0.0s
2025-12-16T22:43:19.8850086Z 
2025-12-16T22:43:19.8850278Z #4 [internal] load build context
2025-12-16T22:43:19.8850803Z #4 transferring context: 107B done
2025-12-16T22:43:19.8851317Z #4 DONE 0.0s
2025-12-16T22:43:19.8851570Z 
2025-12-16T22:43:19.8864702Z #5 [1/2] FROM mcr.microsoft.com/appsvc/staticappsclient:stable@sha256:3178a283e885dc45a0c7b4c6e9f728f0331ae7fb93de75db4181fa38651170f2
2025-12-16T22:43:19.8868118Z #5 resolve mcr.microsoft.com/appsvc/staticappsclient:stable@sha256:3178a283e885dc45a0c7b4c6e9f728f0331ae7fb93de75db4181fa38651170f2 done
2025-12-16T22:43:19.8872607Z #5 sha256:5d6e107a26c2ffb6e234f04132358dea70a691a64c1152f984d2f2ba0e218c58 19.78MB / 53.74MB 0.1s
2025-12-16T22:43:19.8873853Z #5 sha256:2377065f3b700cf1b5e391d26c572c8b91892dd44acd75deebdab5e403b23175 5.04MB / 15.56MB 0.1s
2025-12-16T22:43:19.8875025Z #5 sha256:1df8e0748f30e89b0c0477edfc706fc39242e1d6008433c0494113de267e7ca8 15.34kB / 15.34kB done
2025-12-16T22:43:19.8876168Z #5 sha256:3178a283e885dc45a0c7b4c6e9f728f0331ae7fb93de75db4181fa38651170f2 2.88kB / 2.88kB done
2025-12-16T22:43:19.8877351Z #5 sha256:5ee26b7a209f9a26720207792b237af3e19c0efeed8695e1e630fcd0feef9230 6.29MB / 54.75MB 0.1s
2025-12-16T22:43:19.9834823Z #5 sha256:5d6e107a26c2ffb6e234f04132358dea70a691a64c1152f984d2f2ba0e218c58 43.43MB / 53.74MB 0.2s
2025-12-16T22:43:19.9837149Z #5 sha256:5ee26b7a209f9a26720207792b237af3e19c0efeed8695e1e630fcd0feef9230 22.02MB / 54.75MB 0.2s
2025-12-16T22:43:20.0981514Z #5 sha256:5d6e107a26c2ffb6e234f04132358dea70a691a64c1152f984d2f2ba0e218c58 53.74MB / 53.74MB 0.3s done
2025-12-16T22:43:20.0991122Z #5 sha256:2377065f3b700cf1b5e391d26c572c8b91892dd44acd75deebdab5e403b23175 15.56MB / 15.56MB 0.2s done
2025-12-16T22:43:20.1002934Z #5 sha256:5ee26b7a209f9a26720207792b237af3e19c0efeed8695e1e630fcd0feef9230 35.65MB / 54.75MB 0.3s
2025-12-16T22:43:20.1004265Z #5 sha256:41c7cd6fb37363fd1ec16dad3463ecc5820eda12c418a82b4849604252d29b88 11.08MB / 197.07MB 0.3s
2025-12-16T22:43:20.1005471Z #5 sha256:4f4fb700ef54461cfa02571ae0db9a0dc1e0cdb5577484a6d75e68dc38e8acc1 0B / 32B 0.3s
2025-12-16T22:43:20.1006520Z #5 extracting sha256:5d6e107a26c2ffb6e234f04132358dea70a691a64c1152f984d2f2ba0e218c58
2025-12-16T22:43:20.2167638Z #5 sha256:5ee26b7a209f9a26720207792b237af3e19c0efeed8695e1e630fcd0feef9230 54.75MB / 54.75MB 0.4s
2025-12-16T22:43:20.2181242Z #5 sha256:41c7cd6fb37363fd1ec16dad3463ecc5820eda12c418a82b4849604252d29b88 24.12MB / 197.07MB 0.4s
2025-12-16T22:43:20.2184262Z #5 sha256:4f4fb700ef54461cfa02571ae0db9a0dc1e0cdb5577484a6d75e68dc38e8acc1 32B / 32B 0.3s done
2025-12-16T22:43:20.2185998Z #5 sha256:aede74d79976f9d1be608a1286cdb2ca61aad25185440263691db6a0880adadd 2.22MB / 24.46MB 0.4s
2025-12-16T22:43:20.3385516Z #5 sha256:41c7cd6fb37363fd1ec16dad3463ecc5820eda12c418a82b4849604252d29b88 36.70MB / 197.07MB 0.5s
2025-12-16T22:43:20.3386971Z #5 sha256:aede74d79976f9d1be608a1286cdb2ca61aad25185440263691db6a0880adadd 24.46MB / 24.46MB 0.5s
2025-12-16T22:43:20.4825978Z #5 sha256:5ee26b7a209f9a26720207792b237af3e19c0efeed8695e1e630fcd0feef9230 54.75MB / 54.75MB 0.5s done
2025-12-16T22:43:20.4828732Z #5 sha256:41c7cd6fb37363fd1ec16dad3463ecc5820eda12c418a82b4849604252d29b88 76.55MB / 197.07MB 0.7s
2025-12-16T22:43:20.4831643Z #5 sha256:aede74d79976f9d1be608a1286cdb2ca61aad25185440263691db6a0880adadd 24.46MB / 24.46MB 0.7s done
2025-12-16T22:43:20.4842928Z #5 sha256:c279a6399750ee20e802fb2c47da034ccee5eb4f3b89087f32618f10e8af074a 659.46kB / 1.56MB 0.7s
2025-12-16T22:43:20.4845623Z #5 sha256:ec0af1da0a0576de654092a28624c0565c6d854216944f18159460338af43293 0B / 72.99MB 0.7s
2025-12-16T22:43:20.5830633Z #5 sha256:41c7cd6fb37363fd1ec16dad3463ecc5820eda12c418a82b4849604252d29b88 94.37MB / 197.07MB 0.8s
2025-12-16T22:43:20.5836641Z #5 sha256:c279a6399750ee20e802fb2c47da034ccee5eb4f3b89087f32618f10e8af074a 1.56MB / 1.56MB 0.8s
2025-12-16T22:43:20.5843812Z #5 sha256:ec0af1da0a0576de654092a28624c0565c6d854216944f18159460338af43293 11.01MB / 72.99MB 0.8s
2025-12-16T22:43:20.6833591Z #5 sha256:ec0af1da0a0576de654092a28624c0565c6d854216944f18159460338af43293 43.84MB / 72.99MB 0.9s
2025-12-16T22:43:20.8460683Z #5 sha256:ec0af1da0a0576de654092a28624c0565c6d854216944f18159460338af43293 58.72MB / 72.99MB 1.0s
2025-12-16T22:43:20.9719725Z #5 sha256:41c7cd6fb37363fd1ec16dad3463ecc5820eda12c418a82b4849604252d29b88 118.49MB / 197.07MB 1.1s
2025-12-16T22:43:20.9721314Z #5 sha256:c279a6399750ee20e802fb2c47da034ccee5eb4f3b89087f32618f10e8af074a 1.56MB / 1.56MB 1.0s done
2025-12-16T22:43:20.9722634Z #5 sha256:ec0af1da0a0576de654092a28624c0565c6d854216944f18159460338af43293 72.99MB / 72.99MB 1.1s
2025-12-16T22:43:20.9724288Z #5 sha256:eec8099d3f58ba87e25216a07db18b5a0de40b6921ee61ea8ab9b4c29b53a12f 0B / 1.16MB 1.1s
2025-12-16T22:43:20.9725489Z #5 sha256:351447e6e3829fac25a761f87d07dc5bfc289f38908901d05fa53aaab54dbdcd 115.52kB / 115.52kB 1.1s done
2025-12-16T22:43:21.0801782Z #5 sha256:41c7cd6fb37363fd1ec16dad3463ecc5820eda12c418a82b4849604252d29b88 144.32MB / 197.07MB 1.2s
2025-12-16T22:43:21.0805081Z #5 sha256:eec8099d3f58ba87e25216a07db18b5a0de40b6921ee61ea8ab9b4c29b53a12f 1.16MB / 1.16MB 1.2s
2025-12-16T22:43:21.1866377Z #5 sha256:41c7cd6fb37363fd1ec16dad3463ecc5820eda12c418a82b4849604252d29b88 166.72MB / 197.07MB 1.4s
2025-12-16T22:43:21.1868152Z #5 sha256:ec0af1da0a0576de654092a28624c0565c6d854216944f18159460338af43293 72.99MB / 72.99MB 1.4s done
2025-12-16T22:43:21.1871091Z #5 sha256:eec8099d3f58ba87e25216a07db18b5a0de40b6921ee61ea8ab9b4c29b53a12f 1.16MB / 1.16MB 1.4s done
2025-12-16T22:43:21.1872441Z #5 sha256:36312d7930e0666f8cfc7940823ac101235e873b7cbb8b20d9481fd404095767 729.09kB / 35.20MB 1.4s
2025-12-16T22:43:21.1875783Z #5 sha256:4a1fde1690fe113870084a3224c66554fc9cbd2310abb9593b0244ec21f4b76d 0B / 168B 1.4s
2025-12-16T22:43:21.1876960Z #5 sha256:cddc70a1cccef26d55fcf9242759c41404c305acea0b4c3a30961c99846a0a55 637.94kB / 637.94kB 1.4s done
2025-12-16T22:43:21.2914682Z #5 sha256:41c7cd6fb37363fd1ec16dad3463ecc5820eda12c418a82b4849604252d29b88 181.40MB / 197.07MB 1.5s
2025-12-16T22:43:21.2916158Z #5 sha256:36312d7930e0666f8cfc7940823ac101235e873b7cbb8b20d9481fd404095767 19.92MB / 35.20MB 1.5s
2025-12-16T22:43:21.2917427Z #5 sha256:4a1fde1690fe113870084a3224c66554fc9cbd2310abb9593b0244ec21f4b76d 168B / 168B 1.4s done
2025-12-16T22:43:21.2918678Z #5 sha256:8023cb51985fccd3faa4be6340cdc75b72240277850569aa974767dda5176159 168B / 168B 1.5s done
2025-12-16T22:43:21.2919943Z #5 sha256:4836a863d60df9ca0cedad0eb5e729c4a7f755449fbfbd6d4ea6443e64c990e0 1.16MB / 118.65MB 1.5s
2025-12-16T22:43:21.4751026Z #5 sha256:41c7cd6fb37363fd1ec16dad3463ecc5820eda12c418a82b4849604252d29b88 191.89MB / 197.07MB 1.6s
2025-12-16T22:43:21.4770427Z #5 sha256:36312d7930e0666f8cfc7940823ac101235e873b7cbb8b20d9481fd404095767 35.20MB / 35.20MB 1.6s
2025-12-16T22:43:21.4798199Z #5 sha256:4836a863d60df9ca0cedad0eb5e729c4a7f755449fbfbd6d4ea6443e64c990e0 13.68MB / 118.65MB 1.6s
2025-12-16T22:43:21.5821008Z #5 sha256:36312d7930e0666f8cfc7940823ac101235e873b7cbb8b20d9481fd404095767 35.20MB / 35.20MB 1.6s done
2025-12-16T22:43:21.5823949Z #5 sha256:4836a863d60df9ca0cedad0eb5e729c4a7f755449fbfbd6d4ea6443e64c990e0 62.91MB / 118.65MB 1.8s
2025-12-16T22:43:21.6823263Z #5 sha256:4836a863d60df9ca0cedad0eb5e729c4a7f755449fbfbd6d4ea6443e64c990e0 91.23MB / 118.65MB 1.9s
2025-12-16T22:43:21.7844597Z #5 sha256:4836a863d60df9ca0cedad0eb5e729c4a7f755449fbfbd6d4ea6443e64c990e0 117.44MB / 118.65MB 2.0s
2025-12-16T22:43:22.9015875Z #5 sha256:41c7cd6fb37363fd1ec16dad3463ecc5820eda12c418a82b4849604252d29b88 197.07MB / 197.07MB 3.1s done
2025-12-16T22:43:23.0130414Z #5 sha256:4836a863d60df9ca0cedad0eb5e729c4a7f755449fbfbd6d4ea6443e64c990e0 118.65MB / 118.65MB 3.1s done
2025-12-16T22:43:24.0665646Z #5 extracting sha256:5d6e107a26c2ffb6e234f04132358dea70a691a64c1152f984d2f2ba0e218c58 4.0s done
2025-12-16T22:43:24.2040761Z #5 extracting sha256:2377065f3b700cf1b5e391d26c572c8b91892dd44acd75deebdab5e403b23175 0.1s
2025-12-16T22:43:24.6796731Z #5 extracting sha256:2377065f3b700cf1b5e391d26c572c8b91892dd44acd75deebdab5e403b23175 0.4s done
2025-12-16T22:43:26.6827822Z #5 extracting sha256:5ee26b7a209f9a26720207792b237af3e19c0efeed8695e1e630fcd0feef9230
2025-12-16T22:43:28.9284473Z #5 extracting sha256:5ee26b7a209f9a26720207792b237af3e19c0efeed8695e1e630fcd0feef9230 2.1s done
2025-12-16T22:43:29.4514200Z #5 extracting sha256:41c7cd6fb37363fd1ec16dad3463ecc5820eda12c418a82b4849604252d29b88
2025-12-16T22:43:34.4990686Z #5 extracting sha256:41c7cd6fb37363fd1ec16dad3463ecc5820eda12c418a82b4849604252d29b88 5.0s
2025-12-16T22:43:34.8615485Z #5 extracting sha256:41c7cd6fb37363fd1ec16dad3463ecc5820eda12c418a82b4849604252d29b88 5.4s done
2025-12-16T22:43:37.0908529Z #5 extracting sha256:4f4fb700ef54461cfa02571ae0db9a0dc1e0cdb5577484a6d75e68dc38e8acc1
2025-12-16T22:43:37.2482959Z #5 extracting sha256:4f4fb700ef54461cfa02571ae0db9a0dc1e0cdb5577484a6d75e68dc38e8acc1 done
2025-12-16T22:43:37.2493133Z #5 extracting sha256:aede74d79976f9d1be608a1286cdb2ca61aad25185440263691db6a0880adadd 0.1s
2025-12-16T22:43:38.0509135Z #5 extracting sha256:aede74d79976f9d1be608a1286cdb2ca61aad25185440263691db6a0880adadd 0.8s done
2025-12-16T22:43:38.0510205Z #5 extracting sha256:c279a6399750ee20e802fb2c47da034ccee5eb4f3b89087f32618f10e8af074a
2025-12-16T22:43:38.3104116Z #5 extracting sha256:c279a6399750ee20e802fb2c47da034ccee5eb4f3b89087f32618f10e8af074a 0.1s done
2025-12-16T22:43:38.3106493Z #5 extracting sha256:ec0af1da0a0576de654092a28624c0565c6d854216944f18159460338af43293 0.1s
2025-12-16T22:43:39.4795268Z #5 extracting sha256:ec0af1da0a0576de654092a28624c0565c6d854216944f18159460338af43293 1.1s done
2025-12-16T22:43:40.0159920Z #5 extracting sha256:351447e6e3829fac25a761f87d07dc5bfc289f38908901d05fa53aaab54dbdcd
2025-12-16T22:43:40.1183324Z #5 extracting sha256:351447e6e3829fac25a761f87d07dc5bfc289f38908901d05fa53aaab54dbdcd done
2025-12-16T22:43:40.1186242Z #5 extracting sha256:eec8099d3f58ba87e25216a07db18b5a0de40b6921ee61ea8ab9b4c29b53a12f 0.1s done
2025-12-16T22:43:40.1187548Z #5 extracting sha256:cddc70a1cccef26d55fcf9242759c41404c305acea0b4c3a30961c99846a0a55
2025-12-16T22:43:40.2800015Z #5 extracting sha256:cddc70a1cccef26d55fcf9242759c41404c305acea0b4c3a30961c99846a0a55 0.0s done
2025-12-16T22:43:40.2801107Z #5 extracting sha256:36312d7930e0666f8cfc7940823ac101235e873b7cbb8b20d9481fd404095767 0.1s
2025-12-16T22:43:40.7430761Z #5 extracting sha256:36312d7930e0666f8cfc7940823ac101235e873b7cbb8b20d9481fd404095767 0.5s done
2025-12-16T22:43:40.7443339Z #5 extracting sha256:4a1fde1690fe113870084a3224c66554fc9cbd2310abb9593b0244ec21f4b76d
2025-12-16T22:43:40.8483480Z #5 extracting sha256:4a1fde1690fe113870084a3224c66554fc9cbd2310abb9593b0244ec21f4b76d done
2025-12-16T22:43:40.8484785Z #5 extracting sha256:8023cb51985fccd3faa4be6340cdc75b72240277850569aa974767dda5176159 done
2025-12-16T22:43:40.8485786Z #5 extracting sha256:4836a863d60df9ca0cedad0eb5e729c4a7f755449fbfbd6d4ea6443e64c990e0
2025-12-16T22:43:44.6515766Z #5 extracting sha256:4836a863d60df9ca0cedad0eb5e729c4a7f755449fbfbd6d4ea6443e64c990e0 3.7s done
2025-12-16T22:43:45.9574693Z #5 DONE 26.2s
2025-12-16T22:43:46.1307910Z 
2025-12-16T22:43:46.1313939Z #6 [2/2] COPY entrypoint.sh /entrypoint.sh
2025-12-16T22:43:46.1318132Z #6 DONE 0.0s
2025-12-16T22:43:46.1318326Z 
2025-12-16T22:43:46.1318460Z #7 exporting to image
2025-12-16T22:43:46.1318819Z #7 exporting layers
2025-12-16T22:43:47.2564668Z #7 exporting layers 1.3s done
2025-12-16T22:43:47.2921030Z #7 writing image sha256:fa79bda7eecedb93b7e129b77bb5efc306bd52db0fc5587735a51c86f752cc21 done
2025-12-16T22:43:47.2926821Z #7 naming to docker.io/library/4b8fac:128adaaf1e034bef828e3cced3572e5c done
2025-12-16T22:43:47.2928419Z #7 DONE 1.3s
2025-12-16T22:43:47.2981008Z ##[endgroup]
2025-12-16T22:43:47.2991122Z ##[debug]Finishing: Build Azure/static-web-apps-deploy@v1
2025-12-16T22:43:47.3008118Z ##[debug]Evaluating condition for step: 'Run actions/checkout@v4'
2025-12-16T22:43:47.3014260Z ##[debug]Evaluating: success()
2025-12-16T22:43:47.3014647Z ##[debug]Evaluating success:
2025-12-16T22:43:47.3015106Z ##[debug]=> true
2025-12-16T22:43:47.3015512Z ##[debug]Result: true
2025-12-16T22:43:47.3016254Z ##[debug]Starting: Run actions/checkout@v4
2025-12-16T22:43:47.3075911Z ##[debug]Register post job cleanup for action: actions/checkout@v4
2025-12-16T22:43:47.3145380Z ##[debug]Loading inputs
2025-12-16T22:43:47.3166986Z ##[debug]Evaluating: github.repository
2025-12-16T22:43:47.3167775Z ##[debug]Evaluating Index:
2025-12-16T22:43:47.3169339Z ##[debug]..Evaluating github:
2025-12-16T22:43:47.3170152Z ##[debug]..=> Object
2025-12-16T22:43:47.3175678Z ##[debug]..Evaluating String:
2025-12-16T22:43:47.3176247Z ##[debug]..=> 'repository'
2025-12-16T22:43:47.3180111Z ##[debug]=> 'aspepper/vitrine-de-craques-web-site'
2025-12-16T22:43:47.3181734Z ##[debug]Result: 'aspepper/vitrine-de-craques-web-site'
2025-12-16T22:43:47.3184351Z ##[debug]Evaluating: github.token
2025-12-16T22:43:47.3184625Z ##[debug]Evaluating Index:
2025-12-16T22:43:47.3184862Z ##[debug]..Evaluating github:
2025-12-16T22:43:47.3185111Z ##[debug]..=> Object
2025-12-16T22:43:47.3185334Z ##[debug]..Evaluating String:
2025-12-16T22:43:47.3185546Z ##[debug]..=> 'token'
2025-12-16T22:43:47.3186303Z ##[debug]=> '***'
2025-12-16T22:43:47.3186629Z ##[debug]Result: '***'
2025-12-16T22:43:47.3195942Z ##[debug]Loading env
2025-12-16T22:43:47.3259205Z ##[group]Run actions/checkout@v4
2025-12-16T22:43:47.3259605Z with:
2025-12-16T22:43:47.3259791Z   submodules: false
2025-12-16T22:43:47.3259981Z   lfs: false
2025-12-16T22:43:47.3260204Z   repository: aspepper/vitrine-de-craques-web-site
2025-12-16T22:43:47.3260621Z   token: ***
2025-12-16T22:43:47.3260805Z   ssh-strict: true
2025-12-16T22:43:47.3260978Z   ssh-user: git
2025-12-16T22:43:47.3261170Z   persist-credentials: true
2025-12-16T22:43:47.3261412Z   clean: true
2025-12-16T22:43:47.3261659Z   sparse-checkout-cone-mode: true
2025-12-16T22:43:47.3261886Z   fetch-depth: 1
2025-12-16T22:43:47.3262415Z   fetch-tags: false
2025-12-16T22:43:47.3262606Z   show-progress: true
2025-12-16T22:43:47.3262813Z   set-safe-directory: true
2025-12-16T22:43:47.3263305Z ##[endgroup]
2025-12-16T22:43:47.4263219Z ##[debug]GITHUB_WORKSPACE = '/home/runner/work/vitrine-de-craques-web-site/vitrine-de-craques-web-site'
2025-12-16T22:43:47.4264912Z ##[debug]qualified repository = 'aspepper/vitrine-de-craques-web-site'
2025-12-16T22:43:47.4265863Z ##[debug]ref = 'refs/heads/main'
2025-12-16T22:43:47.4266651Z ##[debug]commit = '4459fff745e8f66cfefbe293ed02289ffe058b37'
2025-12-16T22:43:47.4267443Z ##[debug]clean = true
2025-12-16T22:43:47.4268025Z ##[debug]filter = undefined
2025-12-16T22:43:47.4268602Z ##[debug]fetch depth = 1
2025-12-16T22:43:47.4269155Z ##[debug]fetch tags = false
2025-12-16T22:43:47.4269725Z ##[debug]show progress = true
2025-12-16T22:43:47.4270337Z ##[debug]lfs = false
2025-12-16T22:43:47.4270905Z ##[debug]submodules = false
2025-12-16T22:43:47.4271500Z ##[debug]recursive submodules = false
2025-12-16T22:43:47.4279750Z ##[debug]GitHub Host URL = 
2025-12-16T22:43:47.4283589Z ::add-matcher::/home/runner/work/_actions/actions/checkout/v4/dist/problem-matcher.json
2025-12-16T22:43:47.4414229Z ##[debug]Added matchers: 'checkout-git'. Problem matchers scan action output for known warning or error strings and report these inline.
2025-12-16T22:43:47.4420456Z Syncing repository: aspepper/vitrine-de-craques-web-site
2025-12-16T22:43:47.4421858Z ::group::Getting Git version info
2025-12-16T22:43:47.4423109Z ##[group]Getting Git version info
2025-12-16T22:43:47.4423639Z Working directory is '/home/runner/work/vitrine-de-craques-web-site/vitrine-de-craques-web-site'
2025-12-16T22:43:47.4424351Z ##[debug]Getting git version
2025-12-16T22:43:47.4424595Z [command]/usr/bin/git version
2025-12-16T22:43:47.4434387Z git version 2.52.0
2025-12-16T22:43:47.4458758Z ##[debug]0
2025-12-16T22:43:47.4470023Z ##[debug]git version 2.52.0
2025-12-16T22:43:47.4470397Z ##[debug]
2025-12-16T22:43:47.4471186Z ##[debug]Set git useragent to: git/2.52.0 (github-actions-checkout)
2025-12-16T22:43:47.4473503Z ::endgroup::
2025-12-16T22:43:47.4473901Z ##[endgroup]
2025-12-16T22:43:47.4478525Z ::add-mask::***
2025-12-16T22:43:47.4481544Z Temporarily overriding HOME='/home/runner/work/_temp/57f33776-e34e-43f1-b627-09a10bf7ad35' before making global git config changes
2025-12-16T22:43:47.4484008Z Adding repository directory to the temporary git global config as a safe directory
2025-12-16T22:43:47.4498080Z [command]/usr/bin/git config --global --add safe.directory /home/runner/work/vitrine-de-craques-web-site/vitrine-de-craques-web-site
2025-12-16T22:43:47.4536843Z ##[debug]0
2025-12-16T22:43:47.4538299Z ##[debug]
2025-12-16T22:43:47.4543332Z Deleting the contents of '/home/runner/work/vitrine-de-craques-web-site/vitrine-de-craques-web-site'
2025-12-16T22:43:47.4547257Z ::group::Initializing the repository
2025-12-16T22:43:47.4548048Z ##[group]Initializing the repository
2025-12-16T22:43:47.4552855Z [command]/usr/bin/git init /home/runner/work/vitrine-de-craques-web-site/vitrine-de-craques-web-site
2025-12-16T22:43:47.4684128Z hint: Using 'master' as the name for the initial branch. This default branch name
2025-12-16T22:43:47.4686179Z hint: will change to "main" in Git 3.0. To configure the initial branch name
2025-12-16T22:43:47.4687002Z hint: to use in all of your new repositories, which will suppress this warning,
2025-12-16T22:43:47.4687616Z hint: call:
2025-12-16T22:43:47.4687900Z hint:
2025-12-16T22:43:47.4688339Z hint: 	git config --global init.defaultBranch <name>
2025-12-16T22:43:47.4688807Z hint:
2025-12-16T22:43:47.4689252Z hint: Names commonly chosen instead of 'master' are 'main', 'trunk' and
2025-12-16T22:43:47.4690024Z hint: 'development'. The just-created branch can be renamed via this command:
2025-12-16T22:43:47.4690606Z hint:
2025-12-16T22:43:47.4690896Z hint: 	git branch -m <name>
2025-12-16T22:43:47.4691310Z hint:
2025-12-16T22:43:47.4692549Z hint: Disable this message with "git config set advice.defaultBranchName false"
2025-12-16T22:43:47.4693797Z Initialized empty Git repository in /home/runner/work/vitrine-de-craques-web-site/vitrine-de-craques-web-site/.git/
2025-12-16T22:43:47.4698197Z ##[debug]0
2025-12-16T22:43:47.4700170Z ##[debug]Initialized empty Git repository in /home/runner/work/vitrine-de-craques-web-site/vitrine-de-craques-web-site/.git/
2025-12-16T22:43:47.4701057Z ##[debug]
2025-12-16T22:43:47.4705373Z [command]/usr/bin/git remote add origin https://github.com/aspepper/vitrine-de-craques-web-site
2025-12-16T22:43:47.4773962Z ##[debug]0
2025-12-16T22:43:47.4775550Z ##[debug]
2025-12-16T22:43:47.4776304Z ::endgroup::
2025-12-16T22:43:47.4776613Z ##[endgroup]
2025-12-16T22:43:47.4777223Z ::group::Disabling automatic garbage collection
2025-12-16T22:43:47.4777734Z ##[group]Disabling automatic garbage collection
2025-12-16T22:43:47.4780669Z [command]/usr/bin/git config --local gc.auto 0
2025-12-16T22:43:47.4810790Z ##[debug]0
2025-12-16T22:43:47.4812573Z ##[debug]
2025-12-16T22:43:47.4813147Z ::endgroup::
2025-12-16T22:43:47.4813454Z ##[endgroup]
2025-12-16T22:43:47.4814067Z ::group::Setting up auth
2025-12-16T22:43:47.4814437Z ##[group]Setting up auth
2025-12-16T22:43:47.4820008Z [command]/usr/bin/git config --local --name-only --get-regexp core\.sshCommand
2025-12-16T22:43:47.4846339Z ##[debug]1
2025-12-16T22:43:47.4847837Z ##[debug]
2025-12-16T22:43:47.4853360Z [command]/usr/bin/git submodule foreach --recursive sh -c "git config --local --name-only --get-regexp 'core\.sshCommand' && git config --local --unset-all 'core.sshCommand' || :"
2025-12-16T22:43:47.5331677Z ##[debug]0
2025-12-16T22:43:47.5333751Z ##[debug]
2025-12-16T22:43:47.5338633Z [command]/usr/bin/git config --local --name-only --get-regexp http\.https\:\/\/github\.com\/\.extraheader
2025-12-16T22:43:47.5366092Z ##[debug]1
2025-12-16T22:43:47.5367513Z ##[debug]
2025-12-16T22:43:47.5372868Z [command]/usr/bin/git submodule foreach --recursive sh -c "git config --local --name-only --get-regexp 'http\.https\:\/\/github\.com\/\.extraheader' && git config --local --unset-all 'http.https://github.com/.extraheader' || :"
2025-12-16T22:43:47.5596950Z ##[debug]0
2025-12-16T22:43:47.5598540Z ##[debug]
2025-12-16T22:43:47.5605378Z [command]/usr/bin/git config --local --name-only --get-regexp ^includeIf\.gitdir:
2025-12-16T22:43:47.5634238Z ##[debug]1
2025-12-16T22:43:47.5635720Z ##[debug]
2025-12-16T22:43:47.5640005Z [command]/usr/bin/git submodule foreach --recursive git config --local --show-origin --name-only --get-regexp remote.origin.url
2025-12-16T22:43:47.5898291Z ##[debug]0
2025-12-16T22:43:47.5899913Z ##[debug]
2025-12-16T22:43:47.5907478Z [command]/usr/bin/git config --local http.https://github.com/.extraheader AUTHORIZATION: basic ***
2025-12-16T22:43:47.5935754Z ##[debug]0
2025-12-16T22:43:47.5937577Z ##[debug]
2025-12-16T22:43:47.5945619Z ::endgroup::
2025-12-16T22:43:47.5945916Z ##[endgroup]
2025-12-16T22:43:47.5953010Z ::group::Fetching the repository
2025-12-16T22:43:47.5953501Z ##[group]Fetching the repository
2025-12-16T22:43:47.5962625Z [command]/usr/bin/git -c protocol.version=2 fetch --no-tags --prune --no-recurse-submodules --depth=1 origin +4459fff745e8f66cfefbe293ed02289ffe058b37:refs/remotes/origin/main
2025-12-16T22:43:55.6504791Z From https://github.com/aspepper/vitrine-de-craques-web-site
2025-12-16T22:43:55.6508670Z  * [new ref]         4459fff745e8f66cfefbe293ed02289ffe058b37 -> origin/main
2025-12-16T22:43:55.6557338Z ##[debug]0
2025-12-16T22:43:55.6559741Z ##[debug]
2025-12-16T22:43:55.6650233Z ::endgroup::
2025-12-16T22:43:55.6650657Z ##[endgroup]
2025-12-16T22:43:55.6663376Z ::group::Determining the checkout info
2025-12-16T22:43:55.6663888Z ##[group]Determining the checkout info
2025-12-16T22:43:55.6665466Z ::endgroup::
2025-12-16T22:43:55.6665778Z ##[endgroup]
2025-12-16T22:43:55.6666661Z [command]/usr/bin/git sparse-checkout disable
2025-12-16T22:43:55.6668237Z ##[debug]0
2025-12-16T22:43:55.6669234Z ##[debug]
2025-12-16T22:43:55.6670463Z [command]/usr/bin/git config --local --unset-all extensions.worktreeConfig
2025-12-16T22:43:55.6671668Z ##[debug]0
2025-12-16T22:43:55.6673090Z ##[debug]
2025-12-16T22:43:55.6674260Z ::group::Checking out the ref
2025-12-16T22:43:55.6674692Z ##[group]Checking out the ref
2025-12-16T22:43:55.6676080Z [command]/usr/bin/git checkout --progress --force -B main refs/remotes/origin/main
2025-12-16T22:43:56.5282195Z Switched to a new branch 'main'
2025-12-16T22:43:56.5283847Z branch 'main' set up to track 'origin/main'.
2025-12-16T22:43:56.5385474Z ##[debug]0
2025-12-16T22:43:56.5387505Z ##[debug]branch 'main' set up to track 'origin/main'.
2025-12-16T22:43:56.5387977Z ##[debug]
2025-12-16T22:43:56.5388522Z ::endgroup::
2025-12-16T22:43:56.5388850Z ##[endgroup]
2025-12-16T22:43:56.5431619Z ##[debug]0
2025-12-16T22:43:56.5434186Z ##[debug]commit 4459fff745e8f66cfefbe293ed02289ffe058b37
2025-12-16T22:43:56.5434757Z ##[debug]Author: aspepper <aspepper@hotmail.com>
2025-12-16T22:43:56.5435350Z ##[debug]Date:   Tue Dec 16 19:43:08 2025 -0300
2025-12-16T22:43:56.5435796Z ##[debug]
2025-12-16T22:43:56.5436159Z ##[debug]    Atualização do prune
2025-12-16T22:43:56.5436568Z ##[debug]
2025-12-16T22:43:56.5446943Z [command]/usr/bin/git log -1 --format=%H
2025-12-16T22:43:56.5471507Z 4459fff745e8f66cfefbe293ed02289ffe058b37
2025-12-16T22:43:56.5476768Z ##[debug]0
2025-12-16T22:43:56.5478654Z ##[debug]4459fff745e8f66cfefbe293ed02289ffe058b37
2025-12-16T22:43:56.5479137Z ##[debug]
2025-12-16T22:43:56.5484210Z ##[debug]Unsetting HOME override
2025-12-16T22:43:56.5494785Z ::remove-matcher owner=checkout-git::
2025-12-16T22:43:56.5510420Z ##[debug]Removed matchers: 'checkout-git'
2025-12-16T22:43:56.5565725Z ##[debug]Node Action run completed with exit code 0
2025-12-16T22:43:56.5599325Z ##[debug]Save intra-action state isPost = true
2025-12-16T22:43:56.5599744Z ##[debug]Save intra-action state setSafeDirectory = true
2025-12-16T22:43:56.5600545Z ##[debug]Save intra-action state repositoryPath = /home/runner/work/vitrine-de-craques-web-site/vitrine-de-craques-web-site
2025-12-16T22:43:56.5604592Z ##[debug]Set output commit = 4459fff745e8f66cfefbe293ed02289ffe058b37
2025-12-16T22:43:56.5605026Z ##[debug]Set output ref = refs/heads/main
2025-12-16T22:43:56.5606382Z ##[debug]Finishing: Run actions/checkout@v4
2025-12-16T22:43:56.5614527Z ##[debug]Evaluating condition for step: 'Setup Node'
2025-12-16T22:43:56.5616470Z ##[debug]Evaluating: success()
2025-12-16T22:43:56.5616832Z ##[debug]Evaluating success:
2025-12-16T22:43:56.5617293Z ##[debug]=> true
2025-12-16T22:43:56.5617611Z ##[debug]Result: true
2025-12-16T22:43:56.5618251Z ##[debug]Starting: Setup Node
2025-12-16T22:43:56.5648676Z ##[debug]Register post job cleanup for action: actions/setup-node@v4
2025-12-16T22:43:56.5661155Z ##[debug]Loading inputs
2025-12-16T22:43:56.5671427Z ##[debug]Evaluating: (((github.server_url == 'https://github.com') && github.token) || '')
2025-12-16T22:43:56.5671902Z ##[debug]Evaluating Or:
2025-12-16T22:43:56.5674082Z ##[debug]..Evaluating And:
2025-12-16T22:43:56.5675753Z ##[debug]....Evaluating Equal:
2025-12-16T22:43:56.5676727Z ##[debug]......Evaluating Index:
2025-12-16T22:43:56.5676996Z ##[debug]........Evaluating github:
2025-12-16T22:43:56.5677282Z ##[debug]........=> Object
2025-12-16T22:43:56.5677574Z ##[debug]........Evaluating String:
2025-12-16T22:43:56.5677824Z ##[debug]........=> 'server_url'
2025-12-16T22:43:56.5678136Z ##[debug]......=> 'https://github.com'
2025-12-16T22:43:56.5678437Z ##[debug]......Evaluating String:
2025-12-16T22:43:56.5678675Z ##[debug]......=> 'https://github.com'
2025-12-16T22:43:56.5682197Z ##[debug]....=> true
2025-12-16T22:43:56.5682642Z ##[debug]....Evaluating Index:
2025-12-16T22:43:56.5682914Z ##[debug]......Evaluating github:
2025-12-16T22:43:56.5683173Z ##[debug]......=> Object
2025-12-16T22:43:56.5683415Z ##[debug]......Evaluating String:
2025-12-16T22:43:56.5683651Z ##[debug]......=> 'token'
2025-12-16T22:43:56.5684105Z ##[debug]....=> '***'
2025-12-16T22:43:56.5684456Z ##[debug]..=> '***'
2025-12-16T22:43:56.5684929Z ##[debug]=> '***'
2025-12-16T22:43:56.5689397Z ##[debug]Expanded: ((('https://github.com' == 'https://github.com') && '***') || '')
2025-12-16T22:43:56.5689914Z ##[debug]Result: '***'
2025-12-16T22:43:56.5691891Z ##[debug]Loading env
2025-12-16T22:43:56.5696625Z ##[group]Run actions/setup-node@v4
2025-12-16T22:43:56.5696861Z with:
2025-12-16T22:43:56.5697037Z   node-version: 20
2025-12-16T22:43:56.5697218Z   cache: npm
2025-12-16T22:43:56.5697396Z   always-auth: false
2025-12-16T22:43:56.5697596Z   check-latest: false
2025-12-16T22:43:56.5697888Z   token: ***
2025-12-16T22:43:56.5698060Z ##[endgroup]
2025-12-16T22:43:56.7427340Z ##[debug]isExplicit: 
2025-12-16T22:43:56.7434292Z ##[debug]explicit? false
2025-12-16T22:43:56.7445002Z ##[debug]isExplicit: 20.19.6
2025-12-16T22:43:56.7445744Z ##[debug]explicit? true
2025-12-16T22:43:56.7450110Z ##[debug]isExplicit: 22.21.1
2025-12-16T22:43:56.7451637Z ##[debug]explicit? true
2025-12-16T22:43:56.7465974Z ##[debug]isExplicit: 24.11.1
2025-12-16T22:43:56.7466688Z ##[debug]explicit? true
2025-12-16T22:43:56.7470251Z ##[debug]evaluating 3 versions
2025-12-16T22:43:56.7495344Z ##[debug]matched: 20.19.6
2025-12-16T22:43:56.7497541Z ##[debug]checking cache: /opt/hostedtoolcache/node/20.19.6/x64
2025-12-16T22:43:56.7498477Z ##[debug]Found tool in cache node 20.19.6 x64
2025-12-16T22:43:56.7499040Z Found in cache @ /opt/hostedtoolcache/node/20.19.6/x64
2025-12-16T22:43:56.7539836Z ::group::Environment details
2025-12-16T22:43:56.7540286Z ##[group]Environment details
2025-12-16T22:43:57.2153180Z node: v20.19.6
2025-12-16T22:43:57.2154562Z npm: 10.8.2
2025-12-16T22:43:57.2155871Z yarn: 1.22.22
2025-12-16T22:43:57.2157558Z ::endgroup::
2025-12-16T22:43:57.2157945Z ##[endgroup]
2025-12-16T22:43:57.2194258Z [command]/opt/hostedtoolcache/node/20.19.6/x64/bin/npm config get cache
2025-12-16T22:43:57.3444002Z /home/runner/.npm
2025-12-16T22:43:57.3508753Z ##[debug]npm's cache folder "/home/runner/.npm" configured for the root directory
2025-12-16T22:43:57.3514688Z ##[debug]followSymbolicLinks 'true'
2025-12-16T22:43:57.3544111Z ##[debug]followSymbolicLinks 'true'
2025-12-16T22:43:57.3545164Z ##[debug]implicitDescendants 'true'
2025-12-16T22:43:57.3548215Z ##[debug]matchDirectories 'true'
2025-12-16T22:43:57.3554696Z ##[debug]omitBrokenSymbolicLinks 'true'
2025-12-16T22:43:57.3555509Z ##[debug]excludeHiddenFiles 'false'
2025-12-16T22:43:57.3556684Z ##[debug]Search path '/home/runner/work/vitrine-de-craques-web-site/vitrine-de-craques-web-site/package-lock.json'
2025-12-16T22:43:57.3560151Z ##[debug]/home/runner/work/vitrine-de-craques-web-site/vitrine-de-craques-web-site/package-lock.json
2025-12-16T22:43:57.3619464Z ##[debug]Found 1 files to hash.
2025-12-16T22:43:57.3621289Z ##[debug]primary key is node-cache-Linux-x64-npm-8ffb6d43e84fd70de55e0e6c3c3ecc1bba738ff4bde8682707519eaebca8b5a4
2025-12-16T22:43:57.3624500Z ##[debug]Cache service version: v2
2025-12-16T22:43:57.3625906Z ##[debug]Resolved Keys:
2025-12-16T22:43:57.3629001Z ##[debug]["node-cache-Linux-x64-npm-8ffb6d43e84fd70de55e0e6c3c3ecc1bba738ff4bde8682707519eaebca8b5a4"]
2025-12-16T22:43:57.3631451Z ##[debug]Checking zstd --quiet --version
2025-12-16T22:43:57.3707666Z ##[debug]1.5.7
2025-12-16T22:43:57.3711427Z ##[debug]zstd version: 1.5.7
2025-12-16T22:43:57.3720987Z ##[debug][Request] GetCacheEntryDownloadURL https://results-receiver.actions.githubusercontent.com/twirp/github.actions.results.api.v1.CacheService/GetCacheEntryDownloadURL
2025-12-16T22:43:57.6631451Z ##[debug][Response] - 200
2025-12-16T22:43:57.6635784Z ##[debug]Headers: {
2025-12-16T22:43:57.6636156Z ##[debug]  "content-length": "56",
2025-12-16T22:43:57.6636619Z ##[debug]  "content-type": "application/json",
2025-12-16T22:43:57.6637136Z ##[debug]  "date": "Tue, 16 Dec 2025 22:43:57 GMT",
2025-12-16T22:43:57.6637624Z ##[debug]  "x-github-backend": "Kubernetes",
2025-12-16T22:43:57.6638194Z ##[debug]  "x-github-request-id": "A009:2C7605:20AFBA:26F9C4:6941E0AD"
2025-12-16T22:43:57.6638747Z ##[debug]}
2025-12-16T22:43:57.6639361Z ##[debug]Body: {
2025-12-16T22:43:57.6639675Z ##[debug]  "ok": false,
2025-12-16T22:43:57.6640043Z ##[debug]  "signed_download_url": "",
2025-12-16T22:43:57.6640464Z ##[debug]  "matched_key": ""
2025-12-16T22:43:57.6640802Z ##[debug]}
2025-12-16T22:43:57.6644106Z ##[debug]Cache not found for version 04d00cc68e25ee34fd8b04095d0a46a28244d98af53e6925e47ed311d487b1d6 of keys: node-cache-Linux-x64-npm-8ffb6d43e84fd70de55e0e6c3c3ecc1bba738ff4bde8682707519eaebca8b5a4
2025-12-16T22:43:57.6646174Z npm cache is not found
2025-12-16T22:43:57.6686194Z ##[add-matcher]/home/runner/work/_actions/actions/setup-node/v4/.github/tsc.json
2025-12-16T22:43:57.6711047Z ##[debug]Added matchers: 'tsc'. Problem matchers scan action output for known warning or error strings and report these inline.
2025-12-16T22:43:57.6713055Z ##[add-matcher]/home/runner/work/_actions/actions/setup-node/v4/.github/eslint-stylish.json
2025-12-16T22:43:57.6722281Z ##[debug]Added matchers: 'eslint-stylish'. Problem matchers scan action output for known warning or error strings and report these inline.
2025-12-16T22:43:57.6723806Z ##[add-matcher]/home/runner/work/_actions/actions/setup-node/v4/.github/eslint-compact.json
2025-12-16T22:43:57.6727179Z ##[debug]Added matchers: 'eslint-compact'. Problem matchers scan action output for known warning or error strings and report these inline.
2025-12-16T22:43:57.6741664Z ##[debug]Node Action run completed with exit code 0
2025-12-16T22:43:57.6745048Z ##[debug]Save intra-action state SETUP_NODE_CACHE_PACKAGE_MANAGER = npm
2025-12-16T22:43:57.6745499Z ##[debug]Save intra-action state CACHE_PATHS = ["/home/runner/.npm"]
2025-12-16T22:43:57.6746160Z ##[debug]Save intra-action state CACHE_KEY = node-cache-Linux-x64-npm-8ffb6d43e84fd70de55e0e6c3c3ecc1bba738ff4bde8682707519eaebca8b5a4
2025-12-16T22:43:57.6746986Z ##[debug]Set output node-version = v20.19.6
2025-12-16T22:43:57.6747255Z ##[debug]Set output cache-hit = false
2025-12-16T22:43:57.6747764Z ##[debug]Finishing: Setup Node
2025-12-16T22:43:57.6754780Z ##[debug]Evaluating condition for step: 'Install dependencies'
2025-12-16T22:43:57.6756499Z ##[debug]Evaluating: success()
2025-12-16T22:43:57.6756867Z ##[debug]Evaluating success:
2025-12-16T22:43:57.6757245Z ##[debug]=> true
2025-12-16T22:43:57.6757557Z ##[debug]Result: true
2025-12-16T22:43:57.6758084Z ##[debug]Starting: Install dependencies
2025-12-16T22:43:57.6767048Z ##[debug]Loading inputs
2025-12-16T22:43:57.6767847Z ##[debug]Loading env
2025-12-16T22:43:57.6782711Z ##[group]Run npm ci
2025-12-16T22:43:57.6782954Z [36;1mnpm ci[0m
2025-12-16T22:43:57.6825882Z shell: /usr/bin/bash -e {0}
2025-12-16T22:43:57.6826119Z ##[endgroup]
2025-12-16T22:43:57.6880288Z ##[debug]/usr/bin/bash -e /home/runner/work/_temp/0f9ed859-72b6-4d07-bcb1-74fdd12bdcc1.sh
2025-12-16T22:44:01.8863559Z npm warn deprecated rimraf@3.0.2: Rimraf versions prior to v4 are no longer supported
2025-12-16T22:44:03.0485080Z npm warn deprecated inflight@1.0.6: This module is not supported, and leaks memory. Do not use it. Check out lru-cache if you want a good and tested way to coalesce async requests by a key value, which is much more comprehensive and powerful.
2025-12-16T22:44:06.1348220Z npm warn deprecated @humanwhocodes/object-schema@2.0.3: Use @eslint/object-schema instead
2025-12-16T22:44:06.3145519Z npm warn deprecated @humanwhocodes/config-array@0.13.0: Use @eslint/config-array instead
2025-12-16T22:44:07.7914458Z npm warn deprecated glob@7.2.3: Glob versions prior to v9 are no longer supported
2025-12-16T22:44:12.7563650Z npm warn deprecated eslint@8.57.1: This version is no longer supported. Please see https://eslint.org/version-support for other options.
2025-12-16T22:44:32.6584157Z 
2025-12-16T22:44:32.6584900Z added 868 packages, and audited 869 packages in 35s
2025-12-16T22:44:32.6593097Z 
2025-12-16T22:44:32.6595119Z 195 packages are looking for funding
2025-12-16T22:44:32.6597394Z   run `npm fund` for details
2025-12-16T22:44:32.7527195Z 
2025-12-16T22:44:32.7551144Z 7 vulnerabilities (3 low, 4 high)
2025-12-16T22:44:32.7551526Z 
2025-12-16T22:44:32.7552189Z To address issues that do not require attention, run:
2025-12-16T22:44:32.7552673Z   npm audit fix
2025-12-16T22:44:32.7552857Z 
2025-12-16T22:44:32.7553197Z To address all issues (including breaking changes), run:
2025-12-16T22:44:32.7553695Z   npm audit fix --force
2025-12-16T22:44:32.7553890Z 
2025-12-16T22:44:32.7554068Z Run `npm audit` for details.
2025-12-16T22:44:32.8077753Z ##[debug]Finishing: Install dependencies
2025-12-16T22:44:32.8091776Z ##[debug]Evaluating condition for step: 'Build web app'
2025-12-16T22:44:32.8093571Z ##[debug]Evaluating: success()
2025-12-16T22:44:32.8093923Z ##[debug]Evaluating success:
2025-12-16T22:44:32.8094301Z ##[debug]=> true
2025-12-16T22:44:32.8094640Z ##[debug]Result: true
2025-12-16T22:44:32.8095177Z ##[debug]Starting: Build web app
2025-12-16T22:44:32.8106718Z ##[debug]Loading inputs
2025-12-16T22:44:32.8107536Z ##[debug]Loading env
2025-12-16T22:44:32.8111689Z ##[group]Run npm run build
2025-12-16T22:44:32.8112411Z [36;1mnpm run build[0m
2025-12-16T22:44:32.8145613Z shell: /usr/bin/bash -e {0}
2025-12-16T22:44:32.8145852Z ##[endgroup]
2025-12-16T22:44:32.8179267Z ##[debug]/usr/bin/bash -e /home/runner/work/_temp/ff8a3dad-2ea3-4adc-83d5-8f5766e3f8c2.sh
2025-12-16T22:44:32.9342242Z 
2025-12-16T22:44:32.9347866Z > vitrine-de-craques-web-site@0.1.0 build
2025-12-16T22:44:32.9348478Z > prisma generate && next build
2025-12-16T22:44:32.9348776Z 
2025-12-16T22:44:33.9837929Z Prisma schema loaded from prisma/schema.prisma
2025-12-16T22:44:34.9625744Z ┌─────────────────────────────────────────────────────────┐
2025-12-16T22:44:34.9626154Z 
2025-12-16T22:44:34.9626836Z │  Update available 6.16.2 -> 7.1.0                       │
2025-12-16T22:44:34.9627711Z │                                                         │
2025-12-16T22:44:34.9628648Z ✔ Generated Prisma Client (v6.16.2) to ./node_modules/@prisma/client in 423ms
2025-12-16T22:44:34.9631716Z 
2025-12-16T22:44:34.9632754Z Start by importing your Prisma Client (See: https://pris.ly/d/importing-client)
2025-12-16T22:44:34.9633523Z 
2025-12-16T22:44:34.9639168Z Tip: Need your database queries to be 1000x faster? Accelerate offers you that and more: https://pris.ly/tip-2-accelerate
2025-12-16T22:44:34.9639920Z 
2025-12-16T22:44:34.9642779Z │  This is a major update - please follow the guide at    │
2025-12-16T22:44:34.9643623Z │  https://pris.ly/d/major-version-upgrade                │
2025-12-16T22:44:34.9672570Z │                                                         │
2025-12-16T22:44:34.9673308Z │  Run the following to update                            │
2025-12-16T22:44:34.9674050Z │    npm i --save-dev prisma@latest                       │
2025-12-16T22:44:34.9674739Z │    npm i @prisma/client@latest                          │
2025-12-16T22:44:34.9675492Z └─────────────────────────────────────────────────────────┘
2025-12-16T22:44:35.5094491Z ⚠ No build cache found. Please configure build caching for faster rebuilds. Read more: https://nextjs.org/docs/messages/no-cache
2025-12-16T22:44:35.5232879Z Attention: Next.js now collects completely anonymous telemetry regarding usage.
2025-12-16T22:44:35.5233997Z This information is used to shape Next.js' roadmap and prioritize features.
2025-12-16T22:44:35.5235350Z You can learn more, including how to opt-out if you'd not like to participate in this anonymous program, by visiting the following URL:
2025-12-16T22:44:35.5236334Z https://nextjs.org/telemetry
2025-12-16T22:44:35.5236635Z 
2025-12-16T22:44:35.5871377Z   ▲ Next.js 14.2.33
2025-12-16T22:44:35.5872338Z 
2025-12-16T22:44:35.6612850Z    Creating an optimized production build ...
2025-12-16T22:45:32.1323494Z  ✓ Compiled successfully
2025-12-16T22:45:32.1332470Z    Linting and checking validity of types ...
2025-12-16T22:45:51.5813421Z    Collecting page data ...
2025-12-16T22:45:52.1646074Z [Telemetry] Application Insights desabilitado: nenhuma connection string encontrada nas variáveis de ambiente
2025-12-16T22:45:52.1673145Z [Auth] NEXTAUTH_SECRET ausente. Usando fallback derivado do host. Configure NEXTAUTH_SECRET nas variáveis de ambiente para produção. { fallbackSeed: 'vitrine-de-craques' }
2025-12-16T22:45:52.1676080Z [Auth] NEXTAUTH_URL ausente. Recuando para localhost. Configure NEXTAUTH_URL para o domínio de produção. { localUrl: 'http://localhost:3000' }
2025-12-16T22:45:54.7364852Z    Generating static pages (0/58) ...
2025-12-16T22:45:55.7979815Z    Generating static pages (14/58) 
2025-12-16T22:45:57.9660133Z    Generating static pages (28/58) 
2025-12-16T22:45:59.1118218Z    Generating static pages (43/58) 
2025-12-16T22:45:59.9796693Z  ✓ Generating static pages (58/58)
2025-12-16T22:46:00.9777944Z    Finalizing page optimization ...
2025-12-16T22:46:00.9783113Z    Collecting build traces ...
2025-12-16T22:46:17.1025247Z 
2025-12-16T22:46:17.1124810Z Route (app)                                      Size     First Load JS
2025-12-16T22:46:17.1126313Z ┌ ƒ /                                            1.83 kB         110 kB
2025-12-16T22:46:17.1134650Z ├ ƒ /_not-found                                  876 B          88.2 kB
2025-12-16T22:46:17.1135721Z ├ ƒ /administrator                               155 B          87.5 kB
2025-12-16T22:46:17.1138138Z ├ ƒ /administrator/clubes                        6.46 kB         117 kB
2025-12-16T22:46:17.1139245Z ├ ƒ /administrator/users                         5.68 kB         111 kB
2025-12-16T22:46:17.1140166Z ├ ƒ /administrator/videos                        5.24 kB         111 kB
2025-12-16T22:46:17.1141109Z ├ ƒ /agentes                                     2.7 kB         98.7 kB
2025-12-16T22:46:17.1142180Z ├ ƒ /agentes/[id]                                1.84 kB         117 kB
2025-12-16T22:46:17.1143086Z ├ ƒ /api/admin/clubes                            0 B                0 B
2025-12-16T22:46:17.1143948Z ├ ƒ /api/admin/clubes/[id]                       0 B                0 B
2025-12-16T22:46:17.1144751Z ├ ƒ /api/admin/summary                           0 B                0 B
2025-12-16T22:46:17.1145587Z ├ ƒ /api/admin/users                             0 B                0 B
2025-12-16T22:46:17.1146434Z ├ ƒ /api/admin/users/[userId]/block              0 B                0 B
2025-12-16T22:46:17.1147264Z ├ ƒ /api/admin/videos                            0 B                0 B
2025-12-16T22:46:17.1148186Z ├ ƒ /api/admin/videos/[videoId]/appeal-response  0 B                0 B
2025-12-16T22:46:17.1149195Z ├ ƒ /api/admin/videos/[videoId]/block            0 B                0 B
2025-12-16T22:46:17.1150145Z ├ ƒ /api/agentes                                 0 B                0 B
2025-12-16T22:46:17.1151063Z ├ ƒ /api/agentes/[id]                            0 B                0 B
2025-12-16T22:46:17.1152206Z ├ ƒ /api/atletas                                 0 B                0 B
2025-12-16T22:46:17.1153164Z ├ ƒ /api/atletas/[id]                            0 B                0 B
2025-12-16T22:46:17.1154046Z ├ ƒ /api/auth/[...nextauth]                      0 B                0 B
2025-12-16T22:46:17.1154983Z ├ ƒ /api/blocks/[targetUserId]                   0 B                0 B
2025-12-16T22:46:17.1156388Z ├ ƒ /api/clubes                                  0 B                0 B
2025-12-16T22:46:17.1157272Z ├ ƒ /api/clubes/[slug]                           0 B                0 B
2025-12-16T22:46:17.1158171Z ├ ƒ /api/confederacoes                           0 B                0 B
2025-12-16T22:46:17.1159108Z ├ ƒ /api/confederacoes/[slug]                    0 B                0 B
2025-12-16T22:46:17.1160058Z ├ ƒ /api/db-check                                0 B                0 B
2025-12-16T22:46:17.1160900Z ├ ƒ /api/env                                     0 B                0 B
2025-12-16T22:46:17.1161732Z ├ ƒ /api/errors                                  0 B                0 B
2025-12-16T22:46:17.1167364Z ├ ƒ /api/follows/[targetUserId]                  0 B                0 B
2025-12-16T22:46:17.1168322Z ├ ƒ /api/games                                   0 B                0 B
2025-12-16T22:46:17.1169217Z ├ ƒ /api/games/[slug]                            0 B                0 B
2025-12-16T22:46:17.1170179Z ├ ƒ /api/games/[slug]/comments                   0 B                0 B
2025-12-16T22:46:17.1171155Z ├ ƒ /api/games/[slug]/engagement                 0 B                0 B
2025-12-16T22:46:17.1172291Z ├ ƒ /api/health                                  0 B                0 B
2025-12-16T22:46:17.1173188Z ├ ƒ /api/messages                                0 B                0 B
2025-12-16T22:46:17.1174425Z ├ ƒ /api/messages/unread-count                   0 B                0 B
2025-12-16T22:46:17.1175376Z ├ ƒ /api/news                                    0 B                0 B
2025-12-16T22:46:17.1176189Z ├ ƒ /api/news/[id]                               0 B                0 B
2025-12-16T22:46:17.1177022Z ├ ƒ /api/news/cover                              0 B                0 B
2025-12-16T22:46:17.1177901Z ├ ƒ /api/noticias                                0 B                0 B
2025-12-16T22:46:17.1178799Z ├ ƒ /api/noticias/[slug]                         0 B                0 B
2025-12-16T22:46:17.1179738Z ├ ƒ /api/noticias/[slug]/comments                0 B                0 B
2025-12-16T22:46:17.1180655Z ├ ƒ /api/noticias/[slug]/engagement              0 B                0 B
2025-12-16T22:46:17.1181548Z ├ ƒ /api/pg-check                                0 B                0 B
2025-12-16T22:46:17.1182677Z ├ ƒ /api/profile                                 0 B                0 B
2025-12-16T22:46:17.1183571Z ├ ƒ /api/profile/avatar                          0 B                0 B
2025-12-16T22:46:17.1184543Z ├ ƒ /api/profile/personal-info                   0 B                0 B
2025-12-16T22:46:17.1185499Z ├ ƒ /api/register                                0 B                0 B
2025-12-16T22:46:17.1186435Z ├ ƒ /api/register/atleta-18                      0 B                0 B
2025-12-16T22:46:17.1187401Z ├ ƒ /api/register/clube                          0 B                0 B
2025-12-16T22:46:17.1188372Z ├ ƒ /api/register/de-agentes-licenciados         0 B                0 B
2025-12-16T22:46:17.1194192Z ├ ƒ /api/register/imprensa-jornalistablogueiro   0 B                0 B
2025-12-16T22:46:17.1195147Z ├ ƒ /api/register/responsavel                    0 B                0 B
2025-12-16T22:46:17.1196028Z ├ ƒ /api/register/responsavel/documents          0 B                0 B
2025-12-16T22:46:17.1196903Z ├ ƒ /api/register/torcedor                       0 B                0 B
2025-12-16T22:46:17.1197685Z ├ ƒ /api/times                                   0 B                0 B
2025-12-16T22:46:17.1198402Z ├ ƒ /api/videos                                  0 B                0 B
2025-12-16T22:46:17.1199114Z ├ ƒ /api/videos/[id]                             0 B                0 B
2025-12-16T22:46:17.1199945Z ├ ƒ /api/videos/[id]/appeal                      0 B                0 B
2025-12-16T22:46:17.1200704Z ├ ƒ /api/videos/[id]/comments                    0 B                0 B
2025-12-16T22:46:17.1201475Z ├ ƒ /api/videos/proxy                            0 B                0 B
2025-12-16T22:46:17.1202683Z ├ ƒ /arquibancada                                4.49 kB        98.6 kB
2025-12-16T22:46:17.1203660Z ├ ƒ /atletas                                     4.5 kB          107 kB
2025-12-16T22:46:17.1204318Z ├ ƒ /atletas/[id]                                5.24 kB         138 kB
2025-12-16T22:46:17.1205090Z ├ ƒ /cadastro                                    2.21 kB         129 kB
2025-12-16T22:46:17.1205886Z ├ ƒ /cadastro/[slug]                             2.92 kB         121 kB
2025-12-16T22:46:17.1206734Z ├ ƒ /cadastro/atleta-18                          3.91 kB         137 kB
2025-12-16T22:46:17.1207576Z ├ ƒ /cadastro/clube                              4.04 kB         137 kB
2025-12-16T22:46:17.1208449Z ├ ƒ /cadastro/de-agentes-licenciados             4.04 kB         137 kB
2025-12-16T22:46:17.1209404Z ├ ƒ /cadastro/imprensa-jornalistablogueiro       4.19 kB         137 kB
2025-12-16T22:46:17.1210360Z ├ ƒ /cadastro/responsavel                        4.23 kB         137 kB
2025-12-16T22:46:17.1211267Z ├ ƒ /cadastro/responsavel/uploads                3.69 kB         137 kB
2025-12-16T22:46:17.1212434Z ├ ƒ /cadastro/sucesso                            155 B          87.5 kB
2025-12-16T22:46:17.1213306Z ├ ƒ /cadastro/torcedor                           5.13 kB         147 kB
2025-12-16T22:46:17.1214118Z ├ ƒ /clubes                                      3.35 kB         111 kB
2025-12-16T22:46:17.1214890Z ├ ƒ /clubes/[slug]                               807 B           109 kB
2025-12-16T22:46:17.1215912Z ├ ƒ /confederacoes                               807 B           109 kB
2025-12-16T22:46:17.1216793Z ├ ƒ /confederacoes/[slug]                        807 B           109 kB
2025-12-16T22:46:17.1217594Z ├ ƒ /feed                                        12.2 kB         145 kB
2025-12-16T22:46:17.1218293Z ├ ƒ /games                                       197 B           121 kB
2025-12-16T22:46:17.1219000Z ├ ƒ /games/[slug]                                211 B           128 kB
2025-12-16T22:46:17.1219707Z ├ ○ /icon                                        0 B                0 B
2025-12-16T22:46:17.1220417Z ├ ƒ /login                                       3.73 kB         145 kB
2025-12-16T22:46:17.1221135Z ├ ƒ /noticias                                    203 B           121 kB
2025-12-16T22:46:17.1221899Z ├ ƒ /noticias/[slug]                             614 B           129 kB
2025-12-16T22:46:17.1222923Z ├ ƒ /perfil                                      27.3 kB         171 kB
2025-12-16T22:46:17.1223655Z ├ ƒ /perfis/[id]                                 1.84 kB         117 kB
2025-12-16T22:46:17.1224375Z ├ ƒ /player/[id]                                 9.15 kB         127 kB
2025-12-16T22:46:17.1225124Z ├ ƒ /privacidade                                 188 B          96.2 kB
2025-12-16T22:46:17.1225953Z ├ ƒ /registrar-escolha-perfil                    188 B          96.2 kB
2025-12-16T22:46:17.1226737Z ├ ƒ /sobre                                       188 B          96.2 kB
2025-12-16T22:46:17.1227450Z ├ ƒ /torcida                                     155 B          87.5 kB
2025-12-16T22:46:17.1228186Z └ ƒ /upload                                      10.4 kB         119 kB
2025-12-16T22:46:17.1228808Z + First Load JS shared by all                    87.3 kB
2025-12-16T22:46:17.1229505Z   ├ chunks/2117-8600b608bfb46d0e.js              31.7 kB
2025-12-16T22:46:17.1230152Z   ├ chunks/fd9d1056-55796e42a8a57fc6.js          53.6 kB
2025-12-16T22:46:17.1230783Z   └ other shared chunks (total)                  1.97 kB
2025-12-16T22:46:17.1231128Z 
2025-12-16T22:46:17.1231138Z 
2025-12-16T22:46:17.1231487Z ƒ Middleware                                     48.3 kB
2025-12-16T22:46:17.1231788Z 
2025-12-16T22:46:17.1232476Z ○  (Static)   prerendered as static content
2025-12-16T22:46:17.1233049Z ƒ  (Dynamic)  server-rendered on demand
2025-12-16T22:46:17.1233322Z 
2025-12-16T22:46:17.1590885Z ##[debug]Finishing: Build web app
2025-12-16T22:46:17.1602378Z ##[debug]Evaluating condition for step: 'Prepare standalone artifact for deployment'
2025-12-16T22:46:17.1604758Z ##[debug]Evaluating: success()
2025-12-16T22:46:17.1605325Z ##[debug]Evaluating success:
2025-12-16T22:46:17.1605942Z ##[debug]=> true
2025-12-16T22:46:17.1606485Z ##[debug]Result: true
2025-12-16T22:46:17.1607368Z ##[debug]Starting: Prepare standalone artifact for deployment
2025-12-16T22:46:17.1616952Z ##[debug]Loading inputs
2025-12-16T22:46:17.1617739Z ##[debug]Loading env
2025-12-16T22:46:17.1621419Z ##[group]Run set -euo pipefail
2025-12-16T22:46:17.1621724Z [36;1mset -euo pipefail[0m
2025-12-16T22:46:17.1622682Z [36;1m[0m
2025-12-16T22:46:17.1622925Z [36;1mecho "--- 1. REGERANDO CLIENTE PRISMA ---"[0m
2025-12-16T22:46:17.1623211Z [36;1mnpx prisma generate[0m
2025-12-16T22:46:17.1623409Z [36;1m[0m
2025-12-16T22:46:17.1623598Z [36;1mecho "--- 2. MONTAGEM DO PACOTE ---"[0m
2025-12-16T22:46:17.1623848Z [36;1mrm -rf deploy[0m
2025-12-16T22:46:17.1624101Z [36;1mmkdir -p deploy[0m
2025-12-16T22:46:17.1624294Z [36;1m[0m
2025-12-16T22:46:17.1624469Z [36;1m# Copia o App Next.js[0m
2025-12-16T22:46:17.1624710Z [36;1mcp -R .next/standalone/. deploy/[0m
2025-12-16T22:46:17.1624940Z [36;1m[0m
2025-12-16T22:46:17.1625205Z [36;1m# Copia estáticos (mas vamos limpar os pesados depois)[0m
2025-12-16T22:46:17.1625575Z [36;1mif [ -d public ]; then cp -R public deploy/public; fi[0m
2025-12-16T22:46:17.1625889Z [36;1mmkdir -p deploy/.next/static[0m
2025-12-16T22:46:17.1626171Z [36;1mcp -R .next/static/. deploy/.next/static[0m
2025-12-16T22:46:17.1626419Z [36;1m[0m
2025-12-16T22:46:17.1626707Z [36;1mcp staticwebapp.config.json deploy/staticwebapp.config.json[0m
2025-12-16T22:46:17.1627031Z [36;1m[0m
2025-12-16T22:46:17.1627266Z [36;1mecho "--- 2.1. Ajustando start script para standalone ---"[0m
2025-12-16T22:46:17.1627564Z [36;1mnode <<'NODE'[0m
2025-12-16T22:46:17.1627773Z [36;1mconst fs = require('fs');[0m
2025-12-16T22:46:17.1628026Z [36;1mconst path = require('path');[0m
2025-12-16T22:46:17.1628323Z [36;1mconst pkgPath = path.join('deploy', 'package.json');[0m
2025-12-16T22:46:17.1628703Z [36;1mconst pkg = JSON.parse(fs.readFileSync(pkgPath, 'utf8'));[0m
2025-12-16T22:46:17.1629003Z [36;1m[0m
2025-12-16T22:46:17.1629164Z [36;1mpkg.scripts = {[0m
2025-12-16T22:46:17.1629371Z [36;1m  ...pkg.scripts,[0m
2025-12-16T22:46:17.1629581Z [36;1m  start: 'node server.js',[0m
2025-12-16T22:46:17.1629798Z [36;1m};[0m
2025-12-16T22:46:17.1629954Z [36;1m[0m
2025-12-16T22:46:17.1649256Z [36;1mfs.writeFileSync(pkgPath, JSON.stringify(pkg, null, 2));[0m
2025-12-16T22:46:17.1650155Z [36;1mconsole.log('package.json atualizado com "start": "node server.js" para o artefato standalone');[0m
2025-12-16T22:46:17.1650719Z [36;1mNODE[0m
2025-12-16T22:46:17.1650905Z [36;1m[0m
2025-12-16T22:46:17.1651120Z [36;1mecho "--- 3. OTIMIZAÇÃO DO ARTEFATO ---"[0m
2025-12-16T22:46:17.1651558Z [36;1m# Mantemos o node_modules já empacotado pelo output "standalone" do Next.js[0m
2025-12-16T22:46:17.1652341Z [36;1m# (ele já contém apenas as dependências necessárias em produção).[0m
2025-12-16T22:46:17.1652798Z [36;1m# Depois removemos metadados de repositório e realizamos a poda fina.[0m
2025-12-16T22:46:17.1653238Z [36;1mrm -rf deploy/.git deploy/.github deploy/.husky deploy/.vscode[0m
2025-12-16T22:46:17.1653553Z [36;1m[0m
2025-12-16T22:46:17.1653827Z [36;1m# Mantemos os binários Debian do Prisma (compatíveis com o runner do SWA)[0m
2025-12-16T22:46:17.1654231Z [36;1m# e removemos apenas arquivos grandes ou não usados.[0m
2025-12-16T22:46:17.1654570Z [36;1mbash scripts/prune-deploy-artifact.sh deploy[0m
2025-12-16T22:46:17.1654837Z [36;1m[0m
2025-12-16T22:46:17.1655012Z [36;1mecho "--- 4. AÇÕES EXTRA ---"[0m
2025-12-16T22:46:17.1655269Z [36;1m# Esvaziar pasta Public da FUNCTION[0m
2025-12-16T22:46:17.1655668Z [36;1m# (Os arquivos estáticos já foram subidos para o CDN na etapa de build padrão)[0m
2025-12-16T22:46:17.1656353Z [36;1m# A Function não precisa dos vídeos MP4/MOV, apenas o navegador precisa.[0m
2025-12-16T22:46:17.1656739Z [36;1mfind deploy/public -name "*.mp4" -delete[0m
2025-12-16T22:46:17.1657161Z [36;1mfind deploy/public -name "*.mov" -delete[0m
2025-12-16T22:46:17.1657443Z [36;1mfind deploy/public -name "*.jpg" -delete[0m
2025-12-16T22:46:17.1657718Z [36;1mfind deploy/public -name "*.png" -delete[0m
2025-12-16T22:46:17.1657962Z [36;1m[0m
2025-12-16T22:46:17.1658126Z [36;1m# Limpeza Geral[0m
2025-12-16T22:46:17.1658335Z [36;1mrm -rf deploy/docs[0m
2025-12-16T22:46:17.1658549Z [36;1mrm -rf deploy/logs[0m
2025-12-16T22:46:17.1658781Z [36;1mrm -rf deploy/Vitrine-De-Craques-App[0m
2025-12-16T22:46:17.1659077Z [36;1mrm -rf deploy/Vitrine-De-Craques-App-iOS[0m
2025-12-16T22:46:17.1659325Z [36;1m[0m
2025-12-16T22:46:17.1659507Z [36;1mecho "--- 5. RELATÓRIO FINAL ---"[0m
2025-12-16T22:46:17.1659774Z [36;1mecho "Tamanho Total (Meta: < 100MB):"[0m
2025-12-16T22:46:17.1660023Z [36;1mdu -sh deploy[0m
2025-12-16T22:46:17.1660221Z [36;1m[0m
2025-12-16T22:46:17.1660481Z [36;1mecho "Conteúdo de @next (bins presentes no artefato final):"[0m
2025-12-16T22:46:17.1660907Z [36;1mls deploy/node_modules/@next || echo "Pasta @next não encontrada"[0m
2025-12-16T22:46:17.1693919Z shell: /usr/bin/bash -e {0}
2025-12-16T22:46:17.1694155Z ##[endgroup]
2025-12-16T22:46:17.1726509Z ##[debug]/usr/bin/bash -e /home/runner/work/_temp/776e9e0b-142b-4ad2-812e-8ed31dea747f.sh
2025-12-16T22:46:17.1747206Z --- 1. REGERANDO CLIENTE PRISMA ---
2025-12-16T22:46:18.5986080Z Prisma schema loaded from prisma/schema.prisma
2025-12-16T22:46:19.5852506Z 
2025-12-16T22:46:19.5853956Z ✔ Generated Prisma Client (v6.16.2) to ./node_modules/@prisma/client in 445ms
2025-12-16T22:46:19.5854731Z 
2025-12-16T22:46:19.5855437Z Start by importing your Prisma Client (See: https://pris.ly/d/importing-client)
2025-12-16T22:46:19.5860335Z 
2025-12-16T22:46:19.5860793Z Tip: Want to turn off tips and other hints? https://pris.ly/tip-4-nohints
2025-12-16T22:46:19.5861298Z 
2025-12-16T22:46:19.6108589Z --- 2. MONTAGEM DO PACOTE ---
2025-12-16T22:46:20.8629611Z --- 2.1. Ajustando start script para standalone ---
2025-12-16T22:46:20.8962465Z package.json atualizado com "start": "node server.js" para o artefato standalone
2025-12-16T22:46:20.8999546Z --- 3. OTIMIZAÇÃO DO ARTEFATO ---
2025-12-16T22:46:20.9583169Z === 🚀 INICIANDO OTIMIZAÇÃO AGRESSIVA DO ARTEFATO ===
2025-12-16T22:46:20.9587019Z 📂 Diretório alvo: deploy
2025-12-16T22:46:20.9587279Z 
2025-12-16T22:46:20.9838786Z 📏 Tamanho inicial: 503MB
2025-12-16T22:46:20.9842160Z 
2025-12-16T22:46:20.9842656Z 🗑️  [1/10] Removendo pastas de desenvolvimento...
2025-12-16T22:46:21.0612588Z 📐 [2/10] Otimizando Sharp (maior culpado:  33MB → ~10MB)...
2025-12-16T22:46:21.0632733Z   🔸 Removendo: @img/colour
2025-12-16T22:46:21.0660994Z   🔸 Removendo: @img/sharp-libvips-linux-x64
2025-12-16T22:46:21.0715044Z   🔸 Removendo: @img/sharp-libvips-linuxmusl-x64
2025-12-16T22:46:21.0779474Z   🔸 Removendo: @img/sharp-linuxmusl-x64
2025-12-16T22:46:21.0802411Z 🔧 [3/10] Otimizando Prisma...
2025-12-16T22:46:21.0805541Z ☁️  [4/10] Otimizando AWS SDK...
2025-12-16T22:46:21.0892703Z   📦 Encontrados 30 pacotes AWS SDK
2025-12-16T22:46:21.0918424Z   🔸 Removendo:  @aws-sdk/client-sso
2025-12-16T22:46:21.0943858Z   🔸 Removendo:  @aws-sdk/core
2025-12-16T22:46:21.0970839Z   🔸 Removendo:  @aws-sdk/credential-provider-env
2025-12-16T22:46:21.0995305Z   🔸 Removendo:  @aws-sdk/credential-provider-http
2025-12-16T22:46:21.1021082Z   🔸 Removendo:  @aws-sdk/credential-provider-ini
2025-12-16T22:46:21.1045066Z   🔸 Removendo:  @aws-sdk/credential-provider-login
2025-12-16T22:46:21.1068877Z   🔸 Removendo:  @aws-sdk/credential-provider-node
2025-12-16T22:46:21.1093381Z   🔸 Removendo:  @aws-sdk/credential-provider-process
2025-12-16T22:46:21.1117261Z   🔸 Removendo:  @aws-sdk/credential-provider-sso
2025-12-16T22:46:21.1141483Z   🔸 Removendo:  @aws-sdk/credential-provider-web-identity
2025-12-16T22:46:21.1291693Z   🔸 Removendo:  @aws-sdk/nested-clients
2025-12-16T22:46:21.1324510Z   🔸 Removendo:  @aws-sdk/region-config-resolver
2025-12-16T22:46:21.1363390Z   🔸 Removendo:  @aws-sdk/token-providers
2025-12-16T22:46:21.1423770Z   🔸 Removendo:  @aws-sdk/xml-builder
2025-12-16T22:46:21.1435684Z 📚 [5/10] Removendo testes e documentação...
2025-12-16T22:46:21.1741517Z 🗺️  [6/10] Removendo source maps e TypeScript...
2025-12-16T22:46:21.1943000Z ⚙️  [7/10] Removendo binários desnecessários...
2025-12-16T22:46:21.1945737Z 🧹 [8/10] Removendo devDependencies residuais...
2025-12-16T22:46:21.2074285Z ⚡ [9/10] Otimizando Next.js...
2025-12-16T22:46:21.2195954Z 🧽 [10/10] Limpeza final...
2025-12-16T22:46:21.2524500Z 
2025-12-16T22:46:21.2525693Z === ✅ OTIMIZAÇÃO CONCLUÍDA ===
2025-12-16T22:46:21.2526020Z 
2025-12-16T22:46:21.2526208Z 📊 Resumo:
2025-12-16T22:46:21.2526523Z    Tamanho inicial: 503MB
2025-12-16T22:46:21.2526904Z    Tamanho final:    147MB
2025-12-16T22:46:21.2527442Z    Redução:         356MB
2025-12-16T22:46:21.2528947Z 
2025-12-16T22:46:21.2529534Z ⚠️  Meta não atingida. Artefato com 147MB (meta: < 100MB)
2025-12-16T22:46:21.2529934Z 
2025-12-16T22:46:21.2530194Z 🔍 Top 10 maiores pastas:
2025-12-16T22:46:21.2649770Z 20	deploy/node_modules/next
2025-12-16T22:46:21.2650300Z 3	deploy/node_modules/caniuse-lite
2025-12-16T22:46:21.2650755Z 2	deploy/node_modules/@smithy
2025-12-16T22:46:21.2651188Z 1	deploy/node_modules/xtend
2025-12-16T22:46:21.2651594Z 1	deploy/node_modules/tslib
2025-12-16T22:46:21.2652299Z 1	deploy/node_modules/styled-jsx
2025-12-16T22:46:21.2652792Z 1	deploy/node_modules/streamsearch
2025-12-16T22:46:21.2653234Z 1	deploy/node_modules/split2
2025-12-16T22:46:21.2654013Z 1	deploy/node_modules/source-map-js
2025-12-16T22:46:21.2658247Z 1	deploy/node_modules/sharp
2025-12-16T22:46:21.2658703Z Prune aplicado com sucesso
2025-12-16T22:46:21.2659263Z --- 4. AÇÕES EXTRA ---
2025-12-16T22:46:21.2798635Z --- 5. RELATÓRIO FINAL ---
2025-12-16T22:46:21.2800074Z Tamanho Total (Meta: < 100MB):
2025-12-16T22:46:21.2934460Z 132M	deploy
2025-12-16T22:46:21.2937017Z Conteúdo de @next (bins presentes no artefato final):
2025-12-16T22:46:21.2948830Z env
2025-12-16T22:46:21.2958360Z ##[debug]Finishing: Prepare standalone artifact for deployment
2025-12-16T22:46:21.2968962Z ##[debug]Evaluating condition for step: 'Build And Deploy'
2025-12-16T22:46:21.2971085Z ##[debug]Evaluating: success()
2025-12-16T22:46:21.2971659Z ##[debug]Evaluating success:
2025-12-16T22:46:21.2972785Z ##[debug]=> true
2025-12-16T22:46:21.2973412Z ##[debug]Result: true
2025-12-16T22:46:21.2974232Z ##[debug]Starting: Build And Deploy
2025-12-16T22:46:21.3010600Z ##[debug]Loading inputs
2025-12-16T22:46:21.3013878Z ##[debug]Evaluating: secrets.AZURE_STATIC_WEB_APPS_API_TOKEN_PROUD_SKY_0A8107810
2025-12-16T22:46:21.3014314Z ##[debug]Evaluating Index:
2025-12-16T22:46:21.3014543Z ##[debug]..Evaluating secrets:
2025-12-16T22:46:21.3014796Z ##[debug]..=> Object
2025-12-16T22:46:21.3015019Z ##[debug]..Evaluating String:
2025-12-16T22:46:21.3015346Z ##[debug]..=> 'AZURE_STATIC_WEB_APPS_API_TOKEN_PROUD_SKY_0A8107810'
2025-12-16T22:46:21.3016294Z ##[debug]=> '***'
2025-12-16T22:46:21.3016886Z ##[debug]Result: '***'
2025-12-16T22:46:21.3017428Z ##[debug]Evaluating: secrets.GITHUB_TOKEN
2025-12-16T22:46:21.3017733Z ##[debug]Evaluating Index:
2025-12-16T22:46:21.3017950Z ##[debug]..Evaluating secrets:
2025-12-16T22:46:21.3018188Z ##[debug]..=> Object
2025-12-16T22:46:21.3018403Z ##[debug]..Evaluating String:
2025-12-16T22:46:21.3018632Z ##[debug]..=> 'GITHUB_TOKEN'
2025-12-16T22:46:21.3018983Z ##[debug]=> '***'
2025-12-16T22:46:21.3019272Z ##[debug]Result: '***'
2025-12-16T22:46:21.3022861Z ##[debug]Loading env
2025-12-16T22:46:21.3029608Z ##[group]Run Azure/static-web-apps-deploy@v1
2025-12-16T22:46:21.3029875Z with:
2025-12-16T22:46:21.3030517Z   azure_static_web_apps_api_token: ***
2025-12-16T22:46:21.3030865Z   repo_token: ***
2025-12-16T22:46:21.3031098Z   action: upload
2025-12-16T22:46:21.3031279Z   app_location: deploy
2025-12-16T22:46:21.3031474Z   skip_app_build: true
2025-12-16T22:46:21.3031658Z   skip_api_build: true
2025-12-16T22:46:21.3031841Z ##[endgroup]
2025-12-16T22:46:21.3125629Z ##[command]/usr/bin/docker run --name b8fac128adaaf1e034bef828e3cced3572e5c_4bd16e --label 4b8fac --workdir /github/workspace --rm -e "INPUT_AZURE_STATIC_WEB_APPS_API_TOKEN" -e "INPUT_REPO_TOKEN" -e "INPUT_ACTION" -e "INPUT_APP_LOCATION" -e "INPUT_API_LOCATION" -e "INPUT_OUTPUT_LOCATION" -e "INPUT_SKIP_APP_BUILD" -e "INPUT_SKIP_API_BUILD" -e "INPUT_API_BUILD_COMMAND" -e "INPUT_APP_ARTIFACT_LOCATION" -e "INPUT_APP_BUILD_COMMAND" -e "INPUT_ROUTES_LOCATION" -e "INPUT_CONFIG_FILE_LOCATION" -e "INPUT_PRODUCTION_BRANCH" -e "INPUT_DEPLOYMENT_ENVIRONMENT" -e "INPUT_IS_STATIC_EXPORT" -e "INPUT_DATA_API_LOCATION" -e "INPUT_GITHUB_ID_TOKEN" -e "HOME" -e "GITHUB_JOB" -e "GITHUB_REF" -e "GITHUB_SHA" -e "GITHUB_REPOSITORY" -e "GITHUB_REPOSITORY_OWNER" -e "GITHUB_REPOSITORY_OWNER_ID" -e "GITHUB_RUN_ID" -e "GITHUB_RUN_NUMBER" -e "GITHUB_RETENTION_DAYS" -e "GITHUB_RUN_ATTEMPT" -e "GITHUB_ACTOR_ID" -e "GITHUB_ACTOR" -e "GITHUB_WORKFLOW" -e "GITHUB_HEAD_REF" -e "GITHUB_BASE_REF" -e "GITHUB_EVENT_NAME" -e "GITHUB_SERVER_URL" -e "GITHUB_API_URL" -e "GITHUB_GRAPHQL_URL" -e "GITHUB_REF_NAME" -e "GITHUB_REF_PROTECTED" -e "GITHUB_REF_TYPE" -e "GITHUB_WORKFLOW_REF" -e "GITHUB_WORKFLOW_SHA" -e "GITHUB_REPOSITORY_ID" -e "GITHUB_TRIGGERING_ACTOR" -e "GITHUB_WORKSPACE" -e "GITHUB_ACTION" -e "GITHUB_EVENT_PATH" -e "GITHUB_ACTION_REPOSITORY" -e "GITHUB_ACTION_REF" -e "GITHUB_PATH" -e "GITHUB_ENV" -e "GITHUB_STEP_SUMMARY" -e "GITHUB_STATE" -e "GITHUB_OUTPUT" -e "RUNNER_DEBUG" -e "RUNNER_OS" -e "RUNNER_ARCH" -e "RUNNER_NAME" -e "RUNNER_ENVIRONMENT" -e "RUNNER_TOOL_CACHE" -e "RUNNER_TEMP" -e "RUNNER_WORKSPACE" -e "ACTIONS_RUNTIME_URL" -e "ACTIONS_RUNTIME_TOKEN" -e "ACTIONS_CACHE_URL" -e "ACTIONS_RESULTS_URL" -e GITHUB_ACTIONS=true -e CI=true -v "/var/run/docker.sock":"/var/run/docker.sock" -v "/home/runner/work/_temp":"/github/runner_temp" -v "/home/runner/work/_temp/_github_home":"/github/home" -v "/home/runner/work/_temp/_github_workflow":"/github/workflow" -v "/home/runner/work/_temp/_runner_file_commands":"/github/file_commands" -v "/home/runner/work/vitrine-de-craques-web-site/vitrine-de-craques-web-site":"/github/workspace" 4b8fac:128adaaf1e034bef828e3cced3572e5c
2025-12-16T22:46:21.9508174Z DeploymentId: 29b9c19d-172a-4216-874e-011581ef3fd9
2025-12-16T22:46:21.9509719Z 
2025-12-16T22:46:22.0683654Z [37mTry to validate location at: '/github/workspace/deploy'.[0m
2025-12-16T22:46:22.0700426Z [37mApp Directory Location: 'deploy' was found.[0m
2025-12-16T22:46:22.0702904Z [37mTry to validate location at: '/github/workspace/swa-db-connections'.[0m
2025-12-16T22:46:22.0703758Z [37mLooking for event info[0m
2025-12-16T22:46:22.6543804Z [37mSkipping step to build /github/workspace/deploy with Oryx[0m
2025-12-16T22:46:22.6701657Z [37mDetected the following framework: Next.js[0m
2025-12-16T22:46:22.6704054Z [37mTry to validate location at: '/github/workspace/deploy/.next'.[0m
2025-12-16T22:46:22.6986672Z [37mUsing 'staticwebapp.config.json' file for configuration information, 'routes.json' will be ignored.[0m
2025-12-16T22:46:22.7788651Z [33m[WARNING] For Next.js apps, staticwebapp.config.json features are not fully supported yet![0m
2025-12-16T22:46:22.7809033Z [37mPlease note: For Next.js applications if skip_api_build=true, Static Web Apps will not remove dev dependencies or add the sharp package by default. If you want these optimizations, kindly add them to your custom build steps before passing skip_app_build=true[0m
2025-12-16T22:46:22.7838495Z [37mRepackaged Next.js app to deploy on the backend.[0m
2025-12-16T22:46:22.7846719Z [37mSkipping step to build /github/workspace/deploy with Oryx[0m
2025-12-16T22:46:22.7849872Z [33mWeb App Runtime Information. OS: linux, node version: 20[0m
2025-12-16T22:46:23.1769673Z [37mZipping Api Artifacts[0m
2025-12-16T22:46:29.4775410Z [37mDone Zipping Api Artifacts[0m
2025-12-16T22:46:30.1767869Z [37mZipping App Artifacts[0m
2025-12-16T22:46:30.2545302Z [37mDone Zipping App Artifacts[0m
2025-12-16T22:46:30.2547296Z [37mUploading build artifacts.[0m
2025-12-16T22:46:32.5263250Z [32mFinished Upload. Polling on deployment.[0m
2025-12-16T22:46:32.6909635Z [37mStatus: InProgress. Time: 0.1622944(s)[0m
2025-12-16T22:46:47.8308848Z [37mStatus: InProgress. Time: 15.3045382(s)[0m
2025-12-16T22:47:02.9954214Z [37mStatus: InProgress. Time: 30.4689394(s)[0m
2025-12-16T22:47:18.2096731Z [37mStatus: InProgress. Time: 45.6830906(s)[0m
2025-12-16T22:47:33.3462970Z [37mStatus: InProgress. Time: 60.8192458(s)[0m
2025-12-16T22:47:48.4965014Z [37mStatus: InProgress. Time: 75.9698993(s)[0m
2025-12-16T22:48:04.2642147Z [37mStatus: InProgress. Time: 91.7377333(s)[0m
2025-12-16T22:48:19.8560878Z [37mStatus: InProgress. Time: 107.329533(s)[0m
2025-12-16T22:48:35.0176063Z [37mStatus: InProgress. Time: 122.4910488(s)[0m
2025-12-16T22:48:50.3887341Z [37mStatus: InProgress. Time: 137.8621592(s)[0m
2025-12-16T22:49:05.5285188Z [37mStatus: InProgress. Time: 153.0019948(s)[0m
2025-12-16T22:49:20.6667464Z [37mStatus: InProgress. Time: 168.1403661(s)[0m
2025-12-16T22:49:35.8090249Z [37mStatus: InProgress. Time: 183.2823563(s)[0m
2025-12-16T22:49:51.0547320Z [37mStatus: InProgress. Time: 198.5281054(s)[0m
2025-12-16T22:50:09.5994496Z [37mStatus: InProgress. Time: 217.073031(s)[0m
2025-12-16T22:50:24.7817060Z [37mStatus: InProgress. Time: 232.2551205(s)[0m
2025-12-16T22:50:39.9373545Z [37mStatus: InProgress. Time: 247.4097903(s)[0m
2025-12-16T22:50:55.0792981Z [37mStatus: InProgress. Time: 262.552596(s)[0m
2025-12-16T22:51:10.2489823Z [37mStatus: InProgress. Time: 277.7224228(s)[0m
2025-12-16T22:51:25.4449171Z [37mStatus: InProgress. Time: 292.9184152(s)[0m
2025-12-16T22:51:40.6050717Z [37mStatus: InProgress. Time: 308.0785575(s)[0m
2025-12-16T22:51:55.7634038Z [37mStatus: InProgress. Time: 323.2369833(s)[0m
2025-12-16T22:52:10.9503748Z [37mStatus: InProgress. Time: 338.423877(s)[0m
2025-12-16T22:52:26.1178630Z [37mStatus: InProgress. Time: 353.591202(s)[0m
2025-12-16T22:52:41.2534311Z [37mStatus: InProgress. Time: 368.7268284(s)[0m
2025-12-16T22:52:56.3960399Z [37mStatus: InProgress. Time: 383.8694793(s)[0m
2025-12-16T22:53:11.5361092Z [37mStatus: InProgress. Time: 399.0098122(s)[0m
2025-12-16T22:53:26.7704942Z [37mStatus: InProgress. Time: 414.2436353(s)[0m
2025-12-16T22:53:42.0525913Z [37mStatus: InProgress. Time: 429.5263499(s)[0m
2025-12-16T22:53:57.2030410Z [37mStatus: InProgress. Time: 444.6764411(s)[0m
2025-12-16T22:54:12.3637968Z [37mStatus: InProgress. Time: 459.837026(s)[0m
2025-12-16T22:54:27.5229210Z [37mStatus: InProgress. Time: 474.9965718(s)[0m
2025-12-16T22:54:42.6728945Z [37mStatus: InProgress. Time: 490.1464382(s)[0m
2025-12-16T22:54:57.8252693Z [37mStatus: InProgress. Time: 505.298944(s)[0m
2025-12-16T22:55:13.0524637Z [37mStatus: InProgress. Time: 520.5261817(s)[0m
2025-12-16T22:55:28.2011752Z [37mStatus: InProgress. Time: 535.6748783(s)[0m
2025-12-16T22:55:43.3549770Z [37mStatus: InProgress. Time: 550.8286451(s)[0m
2025-12-16T22:55:58.5232536Z [37mStatus: InProgress. Time: 565.9969417(s)[0m
2025-12-16T22:56:13.7068427Z [37mStatus: InProgress. Time: 581.1805151(s)[0m
2025-12-16T22:56:28.8810414Z [37mStatus: Failed. Time: 596.3545362(s)[0m
2025-12-16T22:56:28.8812411Z [31mDeployment Failed :([0m
2025-12-16T22:56:28.8813435Z [31mDeployment Failure Reason: Web app warm up timed out. Please try again later.[0m
2025-12-16T22:56:28.9308388Z [37m[0m
2025-12-16T22:56:28.9309860Z [33mFor further information, please visit the Azure Static Web Apps documentation at https://docs.microsoft.com/en-us/azure/static-web-apps/[0m
2025-12-16T22:56:28.9311791Z [33mIf you believe this behavior is unexpected, please raise a GitHub issue at https://github.com/azure/static-web-apps/issues/[0m
2025-12-16T22:56:28.9312889Z [33mExiting[0m
2025-12-16T22:56:29.0385316Z ##[debug]Docker Action run completed with exit code 1
2025-12-16T22:56:29.0390414Z ##[debug]Finishing: Build And Deploy
2025-12-16T22:56:29.0400133Z ##[debug]Evaluating condition for step: 'Post Setup Node'
2025-12-16T22:56:29.0401552Z ##[debug]Evaluating: success()
2025-12-16T22:56:29.0401903Z ##[debug]Evaluating success:
2025-12-16T22:56:29.0402668Z ##[debug]=> false
2025-12-16T22:56:29.0403022Z ##[debug]Result: false
2025-12-16T22:56:29.0407952Z ##[debug]Evaluating condition for step: 'Post Run actions/checkout@v4'
2025-12-16T22:56:29.0410014Z ##[debug]Evaluating: always()
2025-12-16T22:56:29.0410369Z ##[debug]Evaluating always:
2025-12-16T22:56:29.0411097Z ##[debug]=> true
2025-12-16T22:56:29.0411477Z ##[debug]Result: true
2025-12-16T22:56:29.0412227Z ##[debug]Starting: Post Run actions/checkout@v4
2025-12-16T22:56:29.0440671Z ##[debug]Loading inputs
2025-12-16T22:56:29.0441799Z ##[debug]Evaluating: github.repository
2025-12-16T22:56:29.0442437Z ##[debug]Evaluating Index:
2025-12-16T22:56:29.0442679Z ##[debug]..Evaluating github:
2025-12-16T22:56:29.0442936Z ##[debug]..=> Object
2025-12-16T22:56:29.0443165Z ##[debug]..Evaluating String:
2025-12-16T22:56:29.0443404Z ##[debug]..=> 'repository'
2025-12-16T22:56:29.0443736Z ##[debug]=> 'aspepper/vitrine-de-craques-web-site'
2025-12-16T22:56:29.0444083Z ##[debug]Result: 'aspepper/vitrine-de-craques-web-site'
2025-12-16T22:56:29.0445552Z ##[debug]Evaluating: github.token
2025-12-16T22:56:29.0445852Z ##[debug]Evaluating Index:
2025-12-16T22:56:29.0446074Z ##[debug]..Evaluating github:
2025-12-16T22:56:29.0446311Z ##[debug]..=> Object
2025-12-16T22:56:29.0446520Z ##[debug]..Evaluating String:
2025-12-16T22:56:29.0446735Z ##[debug]..=> 'token'
2025-12-16T22:56:29.0447346Z ##[debug]=> '***'
2025-12-16T22:56:29.0447653Z ##[debug]Result: '***'
2025-12-16T22:56:29.0453965Z ##[debug]Loading env
2025-12-16T22:56:29.0457536Z Post job cleanup.
2025-12-16T22:56:29.1449034Z ##[debug]Getting git version
2025-12-16T22:56:29.1464176Z [command]/usr/bin/git version
2025-12-16T22:56:29.1507891Z git version 2.52.0
2025-12-16T22:56:29.1531585Z ##[debug]0
2025-12-16T22:56:29.1532937Z ##[debug]git version 2.52.0
2025-12-16T22:56:29.1533323Z ##[debug]
2025-12-16T22:56:29.1534555Z ##[debug]Set git useragent to: git/2.52.0 (github-actions-checkout)
2025-12-16T22:56:29.1538429Z ::add-mask::***
2025-12-16T22:56:29.1557681Z Temporarily overriding HOME='/home/runner/work/_temp/75a1f0d8-4302-4165-90ab-e85cdff4b688' before making global git config changes
2025-12-16T22:56:29.1560110Z Adding repository directory to the temporary git global config as a safe directory
2025-12-16T22:56:29.1564150Z [command]/usr/bin/git config --global --add safe.directory /home/runner/work/vitrine-de-craques-web-site/vitrine-de-craques-web-site
2025-12-16T22:56:29.1605543Z ##[debug]0
2025-12-16T22:56:29.1606998Z ##[debug]
2025-12-16T22:56:29.1607955Z [command]/usr/bin/git config --local --name-only --get-regexp core\.sshCommand
2025-12-16T22:56:29.1634841Z ##[debug]1
2025-12-16T22:56:29.1636569Z ##[debug]
2025-12-16T22:56:29.1642590Z [command]/usr/bin/git submodule foreach --recursive sh -c "git config --local --name-only --get-regexp 'core\.sshCommand' && git config --local --unset-all 'core.sshCommand' || :"
2025-12-16T22:56:29.1920107Z ##[debug]0
2025-12-16T22:56:29.1921811Z ##[debug]
2025-12-16T22:56:29.1929223Z [command]/usr/bin/git config --local --name-only --get-regexp http\.https\:\/\/github\.com\/\.extraheader
2025-12-16T22:56:29.1953040Z http.https://github.com/.extraheader
2025-12-16T22:56:29.2024998Z ##[debug]0
2025-12-16T22:56:29.2026582Z ##[debug]http.https://github.com/.extraheader
2025-12-16T22:56:29.2027053Z ##[debug]
2025-12-16T22:56:29.2027844Z [command]/usr/bin/git config --local --unset-all http.https://github.com/.extraheader
2025-12-16T22:56:29.2028773Z ##[debug]0
2025-12-16T22:56:29.2029275Z ##[debug]
2025-12-16T22:56:29.2030964Z [command]/usr/bin/git submodule foreach --recursive sh -c "git config --local --name-only --get-regexp 'http\.https\:\/\/github\.com\/\.extraheader' && git config --local --unset-all 'http.https://github.com/.extraheader' || :"
2025-12-16T22:56:29.2229990Z ##[debug]0
2025-12-16T22:56:29.2231478Z ##[debug]
2025-12-16T22:56:29.2237421Z [command]/usr/bin/git config --local --name-only --get-regexp ^includeIf\.gitdir:
2025-12-16T22:56:29.2264772Z ##[debug]1
2025-12-16T22:56:29.2266229Z ##[debug]
2025-12-16T22:56:29.2272637Z [command]/usr/bin/git submodule foreach --recursive git config --local --show-origin --name-only --get-regexp remote.origin.url
2025-12-16T22:56:29.2497241Z ##[debug]0
2025-12-16T22:56:29.2498725Z ##[debug]
2025-12-16T22:56:29.2499944Z ##[debug]Unsetting HOME override
2025-12-16T22:56:29.2571742Z ##[debug]Node Action run completed with exit code 0
2025-12-16T22:56:29.2574329Z ##[debug]Finishing: Post Run actions/checkout@v4
2025-12-16T22:56:29.2612781Z ##[debug]Starting: Complete job
2025-12-16T22:56:29.2614214Z Cleaning up orphan processes
2025-12-16T22:56:29.2988189Z ##[debug]Finishing: Complete job
2025-12-16T22:56:29.3029596Z ##[debug]Finishing: Build and Deploy Job