2025-11-24T01:59:47.6359971Z Current runner version: '2.329.0'
2025-11-24T01:59:47.6396682Z ##[group]Runner Image Provisioner
2025-11-24T01:59:47.6398291Z Hosted Compute Agent
2025-11-24T01:59:47.6399206Z Version: 20251016.436
2025-11-24T01:59:47.6400191Z Commit: 8ab8ac8bfd662a3739dab9fe09456aba92132568
2025-11-24T01:59:47.6401432Z Build Date: 2025-10-15T20:44:12Z
2025-11-24T01:59:47.6402364Z ##[endgroup]
2025-11-24T01:59:47.6403240Z ##[group]Operating System
2025-11-24T01:59:47.6404183Z Ubuntu
2025-11-24T01:59:47.6404985Z 24.04.3
2025-11-24T01:59:47.6405909Z LTS
2025-11-24T01:59:47.6406734Z ##[endgroup]
2025-11-24T01:59:47.6407523Z ##[group]Runner Image
2025-11-24T01:59:47.6409253Z Image: ubuntu-24.04
2025-11-24T01:59:47.6410193Z Version: 20251112.124.1
2025-11-24T01:59:47.6412249Z Included Software: https://github.com/actions/runner-images/blob/ubuntu24/20251112.124/images/ubuntu/Ubuntu2404-Readme.md
2025-11-24T01:59:47.6414923Z Image Release: https://github.com/actions/runner-images/releases/tag/ubuntu24%2F20251112.124
2025-11-24T01:59:47.6416988Z ##[endgroup]
2025-11-24T01:59:47.6419119Z ##[group]GITHUB_TOKEN Permissions
2025-11-24T01:59:47.6422143Z Contents: read
2025-11-24T01:59:47.6423000Z Metadata: read
2025-11-24T01:59:47.6423864Z Packages: read
2025-11-24T01:59:47.6424796Z ##[endgroup]
2025-11-24T01:59:47.6427718Z Secret source: Actions
2025-11-24T01:59:47.6429726Z Prepare workflow directory
2025-11-24T01:59:47.7160935Z Prepare all required actions
2025-11-24T01:59:47.7216330Z Getting action download info
2025-11-24T01:59:48.0098557Z Download action repository 'actions/checkout@v3' (SHA:f43a0e5ff2bd294095638e18286ca9a3d1956744)
2025-11-24T01:59:48.1623412Z Download action repository 'actions/setup-node@v4' (SHA:49933ea5288caeca8642d1e84afbd3f7d6820020)
2025-11-24T01:59:48.2610960Z Download action repository 'Azure/static-web-apps-deploy@v1' (SHA:4d27395796ac319302594769cfe812bd207490b1)
2025-11-24T01:59:48.5303607Z Complete job name: Build and Deploy Job
2025-11-24T01:59:48.5704850Z ##[group]Build container for action use: '/home/runner/work/_actions/Azure/static-web-apps-deploy/v1/Dockerfile'.
2025-11-24T01:59:48.5756631Z ##[command]/usr/bin/docker build -t 28e3c3:80755e720b5246e794ccdda11ac1c891 -f "/home/runner/work/_actions/Azure/static-web-apps-deploy/v1/Dockerfile" "/home/runner/work/_actions/Azure/static-web-apps-deploy/v1"
2025-11-24T01:59:49.1883356Z #0 building with "default" instance using docker driver
2025-11-24T01:59:49.1884897Z 
2025-11-24T01:59:49.1885607Z #1 [internal] load build definition from Dockerfile
2025-11-24T01:59:49.1887197Z #1 transferring dockerfile: 160B done
2025-11-24T01:59:49.1889862Z #1 DONE 0.0s
2025-11-24T01:59:49.1890308Z 
2025-11-24T01:59:49.1890975Z #2 [internal] load metadata for mcr.microsoft.com/appsvc/staticappsclient:stable
2025-11-24T01:59:49.2046887Z #2 DONE 0.2s
2025-11-24T01:59:49.3310504Z 
2025-11-24T01:59:49.3312247Z #3 [internal] load .dockerignore
2025-11-24T01:59:49.3314946Z #3 transferring context: 2B done
2025-11-24T01:59:49.3315882Z #3 DONE 0.0s
2025-11-24T01:59:49.3316270Z 
2025-11-24T01:59:49.3316637Z #4 [internal] load build context
2025-11-24T01:59:49.3317586Z #4 transferring context: 107B done
2025-11-24T01:59:49.3318668Z #4 DONE 0.0s
2025-11-24T01:59:49.3319041Z 
2025-11-24T01:59:49.3320500Z #5 [1/2] FROM mcr.microsoft.com/appsvc/staticappsclient:stable@sha256:3178a283e885dc45a0c7b4c6e9f728f0331ae7fb93de75db4181fa38651170f2
2025-11-24T01:59:49.3323615Z #5 resolve mcr.microsoft.com/appsvc/staticappsclient:stable@sha256:3178a283e885dc45a0c7b4c6e9f728f0331ae7fb93de75db4181fa38651170f2 done
2025-11-24T01:59:49.3326343Z #5 sha256:1df8e0748f30e89b0c0477edfc706fc39242e1d6008433c0494113de267e7ca8 15.34kB / 15.34kB done
2025-11-24T01:59:49.3350682Z #5 sha256:5ee26b7a209f9a26720207792b237af3e19c0efeed8695e1e630fcd0feef9230 3.19MB / 54.75MB 0.1s
2025-11-24T01:59:49.3352951Z #5 sha256:3178a283e885dc45a0c7b4c6e9f728f0331ae7fb93de75db4181fa38651170f2 2.88kB / 2.88kB done
2025-11-24T01:59:49.3355231Z #5 sha256:5d6e107a26c2ffb6e234f04132358dea70a691a64c1152f984d2f2ba0e218c58 14.68MB / 53.74MB 0.1s
2025-11-24T01:59:49.3358298Z #5 sha256:2377065f3b700cf1b5e391d26c572c8b91892dd44acd75deebdab5e403b23175 8.39MB / 15.56MB 0.1s
2025-11-24T01:59:49.4322290Z #5 sha256:5ee26b7a209f9a26720207792b237af3e19c0efeed8695e1e630fcd0feef9230 18.87MB / 54.75MB 0.2s
2025-11-24T01:59:49.4325293Z #5 sha256:5d6e107a26c2ffb6e234f04132358dea70a691a64c1152f984d2f2ba0e218c58 38.80MB / 53.74MB 0.2s
2025-11-24T01:59:49.4327605Z #5 sha256:2377065f3b700cf1b5e391d26c572c8b91892dd44acd75deebdab5e403b23175 15.56MB / 15.56MB 0.2s done
2025-11-24T01:59:49.4360826Z #5 sha256:41c7cd6fb37363fd1ec16dad3463ecc5820eda12c418a82b4849604252d29b88 0B / 197.07MB 0.2s
2025-11-24T01:59:49.5901326Z #5 sha256:5ee26b7a209f9a26720207792b237af3e19c0efeed8695e1e630fcd0feef9230 37.75MB / 54.75MB 0.3s
2025-11-24T01:59:49.5904636Z #5 sha256:5d6e107a26c2ffb6e234f04132358dea70a691a64c1152f984d2f2ba0e218c58 53.74MB / 53.74MB 0.3s
2025-11-24T01:59:49.5907767Z #5 sha256:41c7cd6fb37363fd1ec16dad3463ecc5820eda12c418a82b4849604252d29b88 17.56MB / 197.07MB 0.3s
2025-11-24T01:59:49.5920940Z #5 extracting sha256:5d6e107a26c2ffb6e234f04132358dea70a691a64c1152f984d2f2ba0e218c58
2025-11-24T01:59:49.6875922Z #5 sha256:5ee26b7a209f9a26720207792b237af3e19c0efeed8695e1e630fcd0feef9230 54.75MB / 54.75MB 0.4s
2025-11-24T01:59:49.6896085Z #5 sha256:5d6e107a26c2ffb6e234f04132358dea70a691a64c1152f984d2f2ba0e218c58 53.74MB / 53.74MB 0.3s done
2025-11-24T01:59:49.6907932Z #5 sha256:41c7cd6fb37363fd1ec16dad3463ecc5820eda12c418a82b4849604252d29b88 31.46MB / 197.07MB 0.4s
2025-11-24T01:59:49.6922285Z #5 sha256:4f4fb700ef54461cfa02571ae0db9a0dc1e0cdb5577484a6d75e68dc38e8acc1 32B / 32B 0.4s done
2025-11-24T01:59:49.6926224Z #5 sha256:aede74d79976f9d1be608a1286cdb2ca61aad25185440263691db6a0880adadd 0B / 24.46MB 0.4s
2025-11-24T01:59:49.8290894Z #5 sha256:5ee26b7a209f9a26720207792b237af3e19c0efeed8695e1e630fcd0feef9230 54.75MB / 54.75MB 0.5s done
2025-11-24T01:59:49.8295315Z #5 sha256:41c7cd6fb37363fd1ec16dad3463ecc5820eda12c418a82b4849604252d29b88 58.72MB / 197.07MB 0.6s
2025-11-24T01:59:49.8299749Z #5 sha256:aede74d79976f9d1be608a1286cdb2ca61aad25185440263691db6a0880adadd 24.46MB / 24.46MB 0.6s
2025-11-24T01:59:49.8303921Z #5 sha256:c279a6399750ee20e802fb2c47da034ccee5eb4f3b89087f32618f10e8af074a 1.56MB / 1.56MB 0.6s
2025-11-24T01:59:49.9378237Z #5 sha256:41c7cd6fb37363fd1ec16dad3463ecc5820eda12c418a82b4849604252d29b88 89.13MB / 197.07MB 0.7s
2025-11-24T01:59:49.9385717Z #5 sha256:aede74d79976f9d1be608a1286cdb2ca61aad25185440263691db6a0880adadd 24.46MB / 24.46MB 0.7s done
2025-11-24T01:59:49.9390094Z #5 sha256:c279a6399750ee20e802fb2c47da034ccee5eb4f3b89087f32618f10e8af074a 1.56MB / 1.56MB 0.7s done
2025-11-24T01:59:49.9396326Z #5 sha256:351447e6e3829fac25a761f87d07dc5bfc289f38908901d05fa53aaab54dbdcd 115.52kB / 115.52kB 0.7s done
2025-11-24T01:59:49.9410691Z #5 sha256:ec0af1da0a0576de654092a28624c0565c6d854216944f18159460338af43293 1.05MB / 72.99MB 0.7s
2025-11-24T01:59:50.0884309Z #5 sha256:41c7cd6fb37363fd1ec16dad3463ecc5820eda12c418a82b4849604252d29b88 104.62MB / 197.07MB 0.8s
2025-11-24T01:59:50.0919221Z #5 sha256:ec0af1da0a0576de654092a28624c0565c6d854216944f18159460338af43293 14.68MB / 72.99MB 0.8s
2025-11-24T01:59:50.0924159Z #5 sha256:eec8099d3f58ba87e25216a07db18b5a0de40b6921ee61ea8ab9b4c29b53a12f 1.16MB / 1.16MB 0.8s done
2025-11-24T01:59:50.0953736Z #5 sha256:cddc70a1cccef26d55fcf9242759c41404c305acea0b4c3a30961c99846a0a55 0B / 637.94kB 0.8s
2025-11-24T01:59:50.2035172Z #5 sha256:41c7cd6fb37363fd1ec16dad3463ecc5820eda12c418a82b4849604252d29b88 117.37MB / 197.07MB 0.9s
2025-11-24T01:59:50.2041454Z #5 sha256:ec0af1da0a0576de654092a28624c0565c6d854216944f18159460338af43293 29.36MB / 72.99MB 0.9s
2025-11-24T01:59:50.2045290Z #5 sha256:cddc70a1cccef26d55fcf9242759c41404c305acea0b4c3a30961c99846a0a55 637.94kB / 637.94kB 0.8s done
2025-11-24T01:59:50.2069454Z #5 sha256:36312d7930e0666f8cfc7940823ac101235e873b7cbb8b20d9481fd404095767 1.05MB / 35.20MB 0.9s
2025-11-24T01:59:50.3374763Z #5 sha256:41c7cd6fb37363fd1ec16dad3463ecc5820eda12c418a82b4849604252d29b88 145.75MB / 197.07MB 1.1s
2025-11-24T01:59:50.3378958Z #5 sha256:ec0af1da0a0576de654092a28624c0565c6d854216944f18159460338af43293 56.62MB / 72.99MB 1.1s
2025-11-24T01:59:50.3382463Z #5 sha256:36312d7930e0666f8cfc7940823ac101235e873b7cbb8b20d9481fd404095767 28.85MB / 35.20MB 1.1s
2025-11-24T01:59:50.5203344Z #5 sha256:41c7cd6fb37363fd1ec16dad3463ecc5820eda12c418a82b4849604252d29b88 156.24MB / 197.07MB 1.2s
2025-11-24T01:59:50.5206860Z #5 sha256:ec0af1da0a0576de654092a28624c0565c6d854216944f18159460338af43293 67.11MB / 72.99MB 1.2s
2025-11-24T01:59:50.5215029Z #5 sha256:36312d7930e0666f8cfc7940823ac101235e873b7cbb8b20d9481fd404095767 35.20MB / 35.20MB 1.2s done
2025-11-24T01:59:50.6272019Z #5 sha256:41c7cd6fb37363fd1ec16dad3463ecc5820eda12c418a82b4849604252d29b88 197.07MB / 197.07MB 1.4s
2025-11-24T01:59:50.6276493Z #5 sha256:ec0af1da0a0576de654092a28624c0565c6d854216944f18159460338af43293 72.99MB / 72.99MB 1.4s
2025-11-24T01:59:50.6280643Z #5 sha256:8023cb51985fccd3faa4be6340cdc75b72240277850569aa974767dda5176159 168B / 168B 1.4s
2025-11-24T01:59:50.6284611Z #5 sha256:4a1fde1690fe113870084a3224c66554fc9cbd2310abb9593b0244ec21f4b76d 168B / 168B 1.2s done
2025-11-24T01:59:51.6986115Z #5 sha256:8023cb51985fccd3faa4be6340cdc75b72240277850569aa974767dda5176159 168B / 168B 2.4s done
2025-11-24T01:59:51.8121952Z #5 sha256:41c7cd6fb37363fd1ec16dad3463ecc5820eda12c418a82b4849604252d29b88 197.07MB / 197.07MB 2.4s done
2025-11-24T01:59:51.8127130Z #5 sha256:ec0af1da0a0576de654092a28624c0565c6d854216944f18159460338af43293 72.99MB / 72.99MB 2.4s done
2025-11-24T01:59:51.8129541Z #5 sha256:4836a863d60df9ca0cedad0eb5e729c4a7f755449fbfbd6d4ea6443e64c990e0 16.78MB / 118.65MB 2.5s
2025-11-24T01:59:51.9185237Z #5 sha256:4836a863d60df9ca0cedad0eb5e729c4a7f755449fbfbd6d4ea6443e64c990e0 42.99MB / 118.65MB 2.6s
2025-11-24T01:59:52.0262591Z #5 sha256:4836a863d60df9ca0cedad0eb5e729c4a7f755449fbfbd6d4ea6443e64c990e0 68.16MB / 118.65MB 2.7s
2025-11-24T01:59:52.1353226Z #5 sha256:4836a863d60df9ca0cedad0eb5e729c4a7f755449fbfbd6d4ea6443e64c990e0 118.65MB / 118.65MB 2.9s
2025-11-24T01:59:52.5023469Z #5 sha256:4836a863d60df9ca0cedad0eb5e729c4a7f755449fbfbd6d4ea6443e64c990e0 118.65MB / 118.65MB 3.2s done
2025-11-24T01:59:53.7235618Z #5 extracting sha256:5d6e107a26c2ffb6e234f04132358dea70a691a64c1152f984d2f2ba0e218c58 4.1s done
2025-11-24T01:59:53.8610192Z #5 extracting sha256:2377065f3b700cf1b5e391d26c572c8b91892dd44acd75deebdab5e403b23175 0.1s
2025-11-24T01:59:54.3968452Z #5 extracting sha256:2377065f3b700cf1b5e391d26c572c8b91892dd44acd75deebdab5e403b23175 0.5s done
2025-11-24T01:59:54.9218370Z #5 extracting sha256:5ee26b7a209f9a26720207792b237af3e19c0efeed8695e1e630fcd0feef9230
2025-11-24T01:59:57.1310896Z #5 extracting sha256:5ee26b7a209f9a26720207792b237af3e19c0efeed8695e1e630fcd0feef9230 2.1s done
2025-11-24T01:59:57.6526570Z #5 extracting sha256:41c7cd6fb37363fd1ec16dad3463ecc5820eda12c418a82b4849604252d29b88
2025-11-24T02:00:02.7156313Z #5 extracting sha256:41c7cd6fb37363fd1ec16dad3463ecc5820eda12c418a82b4849604252d29b88 5.1s
2025-11-24T02:00:02.8870324Z #5 extracting sha256:41c7cd6fb37363fd1ec16dad3463ecc5820eda12c418a82b4849604252d29b88 5.2s done
2025-11-24T02:00:05.4123354Z #5 extracting sha256:4f4fb700ef54461cfa02571ae0db9a0dc1e0cdb5577484a6d75e68dc38e8acc1
2025-11-24T02:00:05.5863567Z #5 extracting sha256:4f4fb700ef54461cfa02571ae0db9a0dc1e0cdb5577484a6d75e68dc38e8acc1 done
2025-11-24T02:00:05.5866371Z #5 extracting sha256:aede74d79976f9d1be608a1286cdb2ca61aad25185440263691db6a0880adadd 0.1s
2025-11-24T02:00:06.3407464Z #5 extracting sha256:aede74d79976f9d1be608a1286cdb2ca61aad25185440263691db6a0880adadd 0.8s done
2025-11-24T02:00:06.3408909Z #5 extracting sha256:c279a6399750ee20e802fb2c47da034ccee5eb4f3b89087f32618f10e8af074a
2025-11-24T02:00:06.5931448Z #5 extracting sha256:c279a6399750ee20e802fb2c47da034ccee5eb4f3b89087f32618f10e8af074a 0.1s done
2025-11-24T02:00:06.5932532Z #5 extracting sha256:ec0af1da0a0576de654092a28624c0565c6d854216944f18159460338af43293 0.1s
2025-11-24T02:00:07.7405420Z #5 extracting sha256:ec0af1da0a0576de654092a28624c0565c6d854216944f18159460338af43293 1.1s done
2025-11-24T02:00:08.3028409Z #5 extracting sha256:351447e6e3829fac25a761f87d07dc5bfc289f38908901d05fa53aaab54dbdcd
2025-11-24T02:00:08.4294064Z #5 extracting sha256:351447e6e3829fac25a761f87d07dc5bfc289f38908901d05fa53aaab54dbdcd done
2025-11-24T02:00:08.4303754Z #5 extracting sha256:eec8099d3f58ba87e25216a07db18b5a0de40b6921ee61ea8ab9b4c29b53a12f 0.1s done
2025-11-24T02:00:08.4305100Z #5 extracting sha256:cddc70a1cccef26d55fcf9242759c41404c305acea0b4c3a30961c99846a0a55 0.0s done
2025-11-24T02:00:08.5543414Z #5 extracting sha256:36312d7930e0666f8cfc7940823ac101235e873b7cbb8b20d9481fd404095767 0.1s
2025-11-24T02:00:08.9924198Z #5 extracting sha256:36312d7930e0666f8cfc7940823ac101235e873b7cbb8b20d9481fd404095767 0.5s done
2025-11-24T02:00:08.9925554Z #5 extracting sha256:4a1fde1690fe113870084a3224c66554fc9cbd2310abb9593b0244ec21f4b76d
2025-11-24T02:00:09.1941332Z #5 extracting sha256:4a1fde1690fe113870084a3224c66554fc9cbd2310abb9593b0244ec21f4b76d done
2025-11-24T02:00:09.1942337Z #5 extracting sha256:8023cb51985fccd3faa4be6340cdc75b72240277850569aa974767dda5176159 done
2025-11-24T02:00:09.1943483Z #5 extracting sha256:4836a863d60df9ca0cedad0eb5e729c4a7f755449fbfbd6d4ea6443e64c990e0 0.1s
2025-11-24T02:00:12.8119790Z #5 extracting sha256:4836a863d60df9ca0cedad0eb5e729c4a7f755449fbfbd6d4ea6443e64c990e0 3.6s done
2025-11-24T02:00:14.1555909Z #5 DONE 24.9s
2025-11-24T02:00:14.3258140Z 
2025-11-24T02:00:14.3261288Z #6 [2/2] COPY entrypoint.sh /entrypoint.sh
2025-11-24T02:00:14.3263861Z #6 DONE 0.0s
2025-11-24T02:00:14.3265356Z 
2025-11-24T02:00:14.3266753Z #7 exporting to image
2025-11-24T02:00:14.3269119Z #7 exporting layers
2025-11-24T02:00:15.5029449Z #7 exporting layers 1.3s done
2025-11-24T02:00:15.5031366Z #7 writing image sha256:dd0da5366f2df5ab9654eafc2dbc3059a3925f712c11b58fd735d658f7f9bf2f
2025-11-24T02:00:15.5208720Z #7 writing image sha256:dd0da5366f2df5ab9654eafc2dbc3059a3925f712c11b58fd735d658f7f9bf2f done
2025-11-24T02:00:15.5210546Z #7 naming to docker.io/library/28e3c3:80755e720b5246e794ccdda11ac1c891 done
2025-11-24T02:00:15.5211183Z #7 DONE 1.3s
2025-11-24T02:00:15.5261533Z ##[endgroup]
2025-11-24T02:00:15.5497177Z ##[group]Run actions/checkout@v3
2025-11-24T02:00:15.5497719Z with:
2025-11-24T02:00:15.5497903Z   submodules: false
2025-11-24T02:00:15.5498262Z   lfs: false
2025-11-24T02:00:15.5498596Z   sparse-checkout: *
!Vitrine-De-Craques-App/
!Vitrine-De-Craques-App-iOS/
!docs/

2025-11-24T02:00:15.5498997Z   sparse-checkout-cone-mode: false
2025-11-24T02:00:15.5499294Z   repository: aspepper/vitrine-de-craques-web-site
2025-11-24T02:00:15.5499737Z   token: ***
2025-11-24T02:00:15.5499922Z   ssh-strict: true
2025-11-24T02:00:15.5500128Z   persist-credentials: true
2025-11-24T02:00:15.5500345Z   clean: true
2025-11-24T02:00:15.5500522Z   fetch-depth: 1
2025-11-24T02:00:15.5500704Z   fetch-tags: false
2025-11-24T02:00:15.5500896Z   set-safe-directory: true
2025-11-24T02:00:15.5501333Z env:
2025-11-24T02:00:15.5502027Z   DATABASE_URL: ***
2025-11-24T02:00:15.5502346Z   NEXTAUTH_URL: ***
2025-11-24T02:00:15.5502872Z   NEXTAUTH_SECRET: ***
2025-11-24T02:00:15.5503262Z   AUTH_TRUST_HOST: true
2025-11-24T02:00:15.5503667Z ##[endgroup]
2025-11-24T02:00:15.6451990Z Syncing repository: aspepper/vitrine-de-craques-web-site
2025-11-24T02:00:15.6457940Z ##[group]Getting Git version info
2025-11-24T02:00:15.6459276Z Working directory is '/home/runner/work/vitrine-de-craques-web-site/vitrine-de-craques-web-site'
2025-11-24T02:00:15.6460501Z [command]/usr/bin/git version
2025-11-24T02:00:15.6460936Z git version 2.51.2
2025-11-24T02:00:15.6486944Z ##[endgroup]
2025-11-24T02:00:15.6501342Z Temporarily overriding HOME='/home/runner/work/_temp/28e5949f-2784-46de-b6ad-94f8c248af66' before making global git config changes
2025-11-24T02:00:15.6504581Z Adding repository directory to the temporary git global config as a safe directory
2025-11-24T02:00:15.6507650Z [command]/usr/bin/git config --global --add safe.directory /home/runner/work/vitrine-de-craques-web-site/vitrine-de-craques-web-site
2025-11-24T02:00:15.6548471Z Deleting the contents of '/home/runner/work/vitrine-de-craques-web-site/vitrine-de-craques-web-site'
2025-11-24T02:00:15.6552677Z ##[group]Initializing the repository
2025-11-24T02:00:15.6555959Z [command]/usr/bin/git init /home/runner/work/vitrine-de-craques-web-site/vitrine-de-craques-web-site
2025-11-24T02:00:15.6684662Z hint: Using 'master' as the name for the initial branch. This default branch name
2025-11-24T02:00:15.6688754Z hint: is subject to change. To configure the initial branch name to use in all
2025-11-24T02:00:15.6690764Z hint: of your new repositories, which will suppress this warning, call:
2025-11-24T02:00:15.6691331Z hint:
2025-11-24T02:00:15.6691793Z hint: 	git config --global init.defaultBranch <name>
2025-11-24T02:00:15.6692324Z hint:
2025-11-24T02:00:15.6692820Z hint: Names commonly chosen instead of 'master' are 'main', 'trunk' and
2025-11-24T02:00:15.6693671Z hint: 'development'. The just-created branch can be renamed via this command:
2025-11-24T02:00:15.6694361Z hint:
2025-11-24T02:00:15.6694738Z hint: 	git branch -m <name>
2025-11-24T02:00:15.6695127Z hint:
2025-11-24T02:00:15.6695691Z hint: Disable this message with "git config set advice.defaultBranchName false"
2025-11-24T02:00:15.6702837Z Initialized empty Git repository in /home/runner/work/vitrine-de-craques-web-site/vitrine-de-craques-web-site/.git/
2025-11-24T02:00:15.6709848Z [command]/usr/bin/git remote add origin https://github.com/aspepper/vitrine-de-craques-web-site
2025-11-24T02:00:15.6750479Z ##[endgroup]
2025-11-24T02:00:15.6751705Z ##[group]Disabling automatic garbage collection
2025-11-24T02:00:15.6752451Z [command]/usr/bin/git config --local gc.auto 0
2025-11-24T02:00:15.6779731Z ##[endgroup]
2025-11-24T02:00:15.6789154Z ##[group]Setting up auth
2025-11-24T02:00:15.6789934Z [command]/usr/bin/git config --local --name-only --get-regexp core\.sshCommand
2025-11-24T02:00:15.6824434Z [command]/usr/bin/git submodule foreach --recursive sh -c "git config --local --name-only --get-regexp 'core\.sshCommand' && git config --local --unset-all 'core.sshCommand' || :"
2025-11-24T02:00:15.7211146Z [command]/usr/bin/git config --local --name-only --get-regexp http\.https\:\/\/github\.com\/\.extraheader
2025-11-24T02:00:15.7242444Z [command]/usr/bin/git submodule foreach --recursive sh -c "git config --local --name-only --get-regexp 'http\.https\:\/\/github\.com\/\.extraheader' && git config --local --unset-all 'http.https://github.com/.extraheader' || :"
2025-11-24T02:00:15.7483937Z [command]/usr/bin/git config --local http.https://github.com/.extraheader AUTHORIZATION: basic ***
2025-11-24T02:00:15.7520997Z ##[endgroup]
2025-11-24T02:00:15.7522140Z ##[group]Fetching the repository
2025-11-24T02:00:15.7531797Z [command]/usr/bin/git -c protocol.version=2 fetch --no-tags --prune --progress --no-recurse-submodules --filter=blob:none --depth=1 origin +360f114a913b85e6f7010ade7db4e26a4196071b:refs/remotes/origin/main
2025-11-24T02:00:15.9558799Z remote: Enumerating objects: 200, done.        
2025-11-24T02:00:15.9559643Z remote: Counting objects:   0% (1/200)        
2025-11-24T02:00:15.9560270Z remote: Counting objects:   1% (2/200)        
2025-11-24T02:00:15.9560754Z remote: Counting objects:   2% (4/200)        
2025-11-24T02:00:15.9561230Z remote: Counting objects:   3% (6/200)        
2025-11-24T02:00:15.9561667Z remote: Counting objects:   4% (8/200)        
2025-11-24T02:00:15.9562144Z remote: Counting objects:   5% (10/200)        
2025-11-24T02:00:15.9562620Z remote: Counting objects:   6% (12/200)        
2025-11-24T02:00:15.9580995Z remote: Counting objects:   7% (14/200)        
2025-11-24T02:00:15.9581567Z remote: Counting objects:   8% (16/200)        
2025-11-24T02:00:15.9582099Z remote: Counting objects:   9% (18/200)        
2025-11-24T02:00:15.9582627Z remote: Counting objects:  10% (20/200)        
2025-11-24T02:00:15.9583165Z remote: Counting objects:  11% (22/200)        
2025-11-24T02:00:15.9583675Z remote: Counting objects:  12% (24/200)        
2025-11-24T02:00:15.9584191Z remote: Counting objects:  13% (26/200)        
2025-11-24T02:00:15.9585200Z remote: Counting objects:  14% (28/200)        
2025-11-24T02:00:15.9585723Z remote: Counting objects:  15% (30/200)        
2025-11-24T02:00:15.9586237Z remote: Counting objects:  16% (32/200)        
2025-11-24T02:00:15.9586743Z remote: Counting objects:  17% (34/200)        
2025-11-24T02:00:15.9587259Z remote: Counting objects:  18% (36/200)        
2025-11-24T02:00:15.9587768Z remote: Counting objects:  19% (38/200)        
2025-11-24T02:00:15.9588566Z remote: Counting objects:  20% (40/200)        
2025-11-24T02:00:15.9589134Z remote: Counting objects:  21% (42/200)        
2025-11-24T02:00:15.9589665Z remote: Counting objects:  22% (44/200)        
2025-11-24T02:00:15.9590192Z remote: Counting objects:  23% (46/200)        
2025-11-24T02:00:15.9590704Z remote: Counting objects:  24% (48/200)        
2025-11-24T02:00:15.9591238Z remote: Counting objects:  25% (50/200)        
2025-11-24T02:00:15.9591745Z remote: Counting objects:  26% (52/200)        
2025-11-24T02:00:15.9592247Z remote: Counting objects:  27% (54/200)        
2025-11-24T02:00:15.9592790Z remote: Counting objects:  28% (56/200)        
2025-11-24T02:00:15.9593288Z remote: Counting objects:  29% (58/200)        
2025-11-24T02:00:15.9593798Z remote: Counting objects:  30% (60/200)        
2025-11-24T02:00:15.9594305Z remote: Counting objects:  31% (62/200)        
2025-11-24T02:00:15.9594793Z remote: Counting objects:  32% (64/200)        
2025-11-24T02:00:15.9595295Z remote: Counting objects:  33% (66/200)        
2025-11-24T02:00:15.9595801Z remote: Counting objects:  34% (68/200)        
2025-11-24T02:00:15.9596302Z remote: Counting objects:  35% (70/200)        
2025-11-24T02:00:15.9596840Z remote: Counting objects:  36% (72/200)        
2025-11-24T02:00:15.9597373Z remote: Counting objects:  37% (74/200)        
2025-11-24T02:00:15.9597955Z remote: Counting objects:  38% (76/200)        
2025-11-24T02:00:15.9599841Z remote: Counting objects:  39% (78/200)        
2025-11-24T02:00:15.9600363Z remote: Counting objects:  40% (80/200)        
2025-11-24T02:00:15.9601222Z remote: Counting objects:  41% (82/200)        
2025-11-24T02:00:15.9601792Z remote: Counting objects:  42% (84/200)        
2025-11-24T02:00:15.9602318Z remote: Counting objects:  43% (86/200)        
2025-11-24T02:00:15.9602819Z remote: Counting objects:  44% (88/200)        
2025-11-24T02:00:15.9603325Z remote: Counting objects:  45% (90/200)        
2025-11-24T02:00:15.9603831Z remote: Counting objects:  46% (92/200)        
2025-11-24T02:00:15.9604337Z remote: Counting objects:  47% (94/200)        
2025-11-24T02:00:15.9604829Z remote: Counting objects:  48% (96/200)        
2025-11-24T02:00:15.9605325Z remote: Counting objects:  49% (98/200)        
2025-11-24T02:00:15.9605836Z remote: Counting objects:  50% (100/200)        
2025-11-24T02:00:15.9606373Z remote: Counting objects:  51% (102/200)        
2025-11-24T02:00:15.9606892Z remote: Counting objects:  52% (104/200)        
2025-11-24T02:00:15.9607424Z remote: Counting objects:  53% (106/200)        
2025-11-24T02:00:15.9607955Z remote: Counting objects:  54% (108/200)        
2025-11-24T02:00:15.9608707Z remote: Counting objects:  55% (110/200)        
2025-11-24T02:00:15.9609251Z remote: Counting objects:  56% (112/200)        
2025-11-24T02:00:15.9609790Z remote: Counting objects:  57% (114/200)        
2025-11-24T02:00:15.9610322Z remote: Counting objects:  58% (116/200)        
2025-11-24T02:00:15.9610852Z remote: Counting objects:  59% (118/200)        
2025-11-24T02:00:15.9611380Z remote: Counting objects:  60% (120/200)        
2025-11-24T02:00:15.9611924Z remote: Counting objects:  61% (122/200)        
2025-11-24T02:00:15.9612448Z remote: Counting objects:  62% (124/200)        
2025-11-24T02:00:15.9612983Z remote: Counting objects:  63% (126/200)        
2025-11-24T02:00:15.9613522Z remote: Counting objects:  64% (128/200)        
2025-11-24T02:00:15.9614037Z remote: Counting objects:  65% (130/200)        
2025-11-24T02:00:15.9614553Z remote: Counting objects:  66% (132/200)        
2025-11-24T02:00:15.9615475Z remote: Counting objects:  67% (134/200)        
2025-11-24T02:00:15.9616010Z remote: Counting objects:  68% (136/200)        
2025-11-24T02:00:15.9616551Z remote: Counting objects:  69% (138/200)        
2025-11-24T02:00:15.9617079Z remote: Counting objects:  70% (140/200)        
2025-11-24T02:00:15.9703905Z remote: Counting objects:  71% (142/200)        
2025-11-24T02:00:15.9704439Z remote: Counting objects:  72% (144/200)        
2025-11-24T02:00:15.9704916Z remote: Counting objects:  73% (146/200)        
2025-11-24T02:00:15.9705387Z remote: Counting objects:  74% (148/200)        
2025-11-24T02:00:15.9705847Z remote: Counting objects:  75% (150/200)        
2025-11-24T02:00:15.9706319Z remote: Counting objects:  76% (152/200)        
2025-11-24T02:00:15.9706779Z remote: Counting objects:  77% (154/200)        
2025-11-24T02:00:15.9707244Z remote: Counting objects:  78% (156/200)        
2025-11-24T02:00:15.9707711Z remote: Counting objects:  79% (158/200)        
2025-11-24T02:00:15.9728563Z remote: Counting objects:  80% (160/200)        
2025-11-24T02:00:15.9729112Z remote: Counting objects:  81% (162/200)        
2025-11-24T02:00:15.9729646Z remote: Counting objects:  82% (164/200)        
2025-11-24T02:00:15.9730114Z remote: Counting objects:  83% (166/200)        
2025-11-24T02:00:15.9730571Z remote: Counting objects:  84% (168/200)        
2025-11-24T02:00:15.9731016Z remote: Counting objects:  85% (170/200)        
2025-11-24T02:00:15.9731466Z remote: Counting objects:  86% (172/200)        
2025-11-24T02:00:15.9731936Z remote: Counting objects:  87% (174/200)        
2025-11-24T02:00:15.9732401Z remote: Counting objects:  88% (176/200)        
2025-11-24T02:00:15.9732873Z remote: Counting objects:  89% (178/200)        
2025-11-24T02:00:15.9733360Z remote: Counting objects:  90% (180/200)        
2025-11-24T02:00:15.9733842Z remote: Counting objects:  91% (182/200)        
2025-11-24T02:00:15.9734317Z remote: Counting objects:  92% (184/200)        
2025-11-24T02:00:15.9734798Z remote: Counting objects:  93% (186/200)        
2025-11-24T02:00:15.9735492Z remote: Counting objects:  94% (188/200)        
2025-11-24T02:00:15.9735966Z remote: Counting objects:  95% (190/200)        
2025-11-24T02:00:15.9736419Z remote: Counting objects:  96% (192/200)        
2025-11-24T02:00:15.9736885Z remote: Counting objects:  97% (194/200)        
2025-11-24T02:00:15.9737349Z remote: Counting objects:  98% (196/200)        
2025-11-24T02:00:15.9737823Z remote: Counting objects:  99% (198/200)        
2025-11-24T02:00:15.9738709Z remote: Counting objects: 100% (200/200)        
2025-11-24T02:00:15.9739261Z remote: Counting objects: 100% (200/200), done.        
2025-11-24T02:00:15.9739823Z remote: Compressing objects:   0% (1/111)        
2025-11-24T02:00:15.9740348Z remote: Compressing objects:   1% (2/111)        
2025-11-24T02:00:15.9740854Z remote: Compressing objects:   2% (3/111)        
2025-11-24T02:00:15.9741332Z remote: Compressing objects:   3% (4/111)        
2025-11-24T02:00:15.9741928Z remote: Compressing objects:   4% (5/111)        
2025-11-24T02:00:15.9742409Z remote: Compressing objects:   5% (6/111)        
2025-11-24T02:00:15.9742901Z remote: Compressing objects:   6% (7/111)        
2025-11-24T02:00:15.9743442Z remote: Compressing objects:   7% (8/111)        
2025-11-24T02:00:15.9743976Z remote: Compressing objects:   8% (9/111)        
2025-11-24T02:00:15.9744484Z remote: Compressing objects:   9% (10/111)        
2025-11-24T02:00:15.9744980Z remote: Compressing objects:  10% (12/111)        
2025-11-24T02:00:15.9745467Z remote: Compressing objects:  11% (13/111)        
2025-11-24T02:00:15.9745967Z remote: Compressing objects:  12% (14/111)        
2025-11-24T02:00:15.9746470Z remote: Compressing objects:  13% (15/111)        
2025-11-24T02:00:15.9746963Z remote: Compressing objects:  14% (16/111)        
2025-11-24T02:00:15.9747532Z remote: Compressing objects:  15% (17/111)        
2025-11-24T02:00:15.9748248Z remote: Compressing objects:  16% (18/111)        
2025-11-24T02:00:15.9749679Z remote: Compressing objects:  17% (19/111)        
2025-11-24T02:00:15.9750231Z remote: Compressing objects:  18% (20/111)        
2025-11-24T02:00:15.9750766Z remote: Compressing objects:  19% (22/111)        
2025-11-24T02:00:15.9751315Z remote: Compressing objects:  20% (23/111)        
2025-11-24T02:00:15.9751827Z remote: Compressing objects:  21% (24/111)        
2025-11-24T02:00:15.9752324Z remote: Compressing objects:  22% (25/111)        
2025-11-24T02:00:15.9752819Z remote: Compressing objects:  23% (26/111)        
2025-11-24T02:00:15.9753304Z remote: Compressing objects:  24% (27/111)        
2025-11-24T02:00:15.9753775Z remote: Compressing objects:  25% (28/111)        
2025-11-24T02:00:15.9754240Z remote: Compressing objects:  26% (29/111)        
2025-11-24T02:00:15.9754717Z remote: Compressing objects:  27% (30/111)        
2025-11-24T02:00:15.9755211Z remote: Compressing objects:  28% (32/111)        
2025-11-24T02:00:15.9755699Z remote: Compressing objects:  29% (33/111)        
2025-11-24T02:00:15.9756205Z remote: Compressing objects:  30% (34/111)        
2025-11-24T02:00:15.9756705Z remote: Compressing objects:  31% (35/111)        
2025-11-24T02:00:15.9757196Z remote: Compressing objects:  32% (36/111)        
2025-11-24T02:00:15.9757685Z remote: Compressing objects:  33% (37/111)        
2025-11-24T02:00:15.9759769Z remote: Compressing objects:  34% (38/111)        
2025-11-24T02:00:15.9760304Z remote: Compressing objects:  35% (39/111)        
2025-11-24T02:00:15.9760807Z remote: Compressing objects:  36% (40/111)        
2025-11-24T02:00:15.9761276Z remote: Compressing objects:  37% (42/111)        
2025-11-24T02:00:15.9761733Z remote: Compressing objects:  38% (43/111)        
2025-11-24T02:00:15.9762183Z remote: Compressing objects:  39% (44/111)        
2025-11-24T02:00:15.9762651Z remote: Compressing objects:  40% (45/111)        
2025-11-24T02:00:15.9763128Z remote: Compressing objects:  41% (46/111)        
2025-11-24T02:00:15.9763642Z remote: Compressing objects:  42% (47/111)        
2025-11-24T02:00:15.9764355Z remote: Compressing objects:  43% (48/111)        
2025-11-24T02:00:15.9764894Z remote: Compressing objects:  44% (49/111)        
2025-11-24T02:00:15.9765399Z remote: Compressing objects:  45% (50/111)        
2025-11-24T02:00:15.9765885Z remote: Compressing objects:  46% (52/111)        
2025-11-24T02:00:15.9766369Z remote: Compressing objects:  47% (53/111)        
2025-11-24T02:00:15.9766866Z remote: Compressing objects:  48% (54/111)        
2025-11-24T02:00:15.9767256Z remote: Compressing objects:  49% (55/111)        
2025-11-24T02:00:15.9767770Z remote: Compressing objects:  50% (56/111)        
2025-11-24T02:00:15.9768530Z remote: Compressing objects:  51% (57/111)        
2025-11-24T02:00:15.9768830Z remote: Compressing objects:  52% (58/111)        
2025-11-24T02:00:15.9769111Z remote: Compressing objects:  53% (59/111)        
2025-11-24T02:00:15.9769392Z remote: Compressing objects:  54% (60/111)        
2025-11-24T02:00:15.9769685Z remote: Compressing objects:  55% (62/111)        
2025-11-24T02:00:15.9769978Z remote: Compressing objects:  56% (63/111)        
2025-11-24T02:00:15.9770257Z remote: Compressing objects:  57% (64/111)        
2025-11-24T02:00:15.9770534Z remote: Compressing objects:  58% (65/111)        
2025-11-24T02:00:15.9770848Z remote: Compressing objects:  59% (66/111)        
2025-11-24T02:00:15.9771364Z remote: Compressing objects:  60% (67/111)        
2025-11-24T02:00:15.9771757Z remote: Compressing objects:  61% (68/111)        
2025-11-24T02:00:15.9772064Z remote: Compressing objects:  62% (69/111)        
2025-11-24T02:00:15.9772512Z remote: Compressing objects:  63% (70/111)        
2025-11-24T02:00:15.9772809Z remote: Compressing objects:  64% (72/111)        
2025-11-24T02:00:15.9773337Z remote: Compressing objects:  65% (73/111)        
2025-11-24T02:00:15.9773859Z remote: Compressing objects:  66% (74/111)        
2025-11-24T02:00:15.9774368Z remote: Compressing objects:  67% (75/111)        
2025-11-24T02:00:15.9775093Z remote: Compressing objects:  68% (76/111)        
2025-11-24T02:00:15.9775614Z remote: Compressing objects:  69% (77/111)        
2025-11-24T02:00:15.9776114Z remote: Compressing objects:  70% (78/111)        
2025-11-24T02:00:15.9776608Z remote: Compressing objects:  71% (79/111)        
2025-11-24T02:00:15.9777101Z remote: Compressing objects:  72% (80/111)        
2025-11-24T02:00:15.9777602Z remote: Compressing objects:  73% (82/111)        
2025-11-24T02:00:15.9778383Z remote: Compressing objects:  74% (83/111)        
2025-11-24T02:00:15.9778890Z remote: Compressing objects:  75% (84/111)        
2025-11-24T02:00:15.9779382Z remote: Compressing objects:  76% (85/111)        
2025-11-24T02:00:15.9779873Z remote: Compressing objects:  77% (86/111)        
2025-11-24T02:00:15.9780386Z remote: Compressing objects:  78% (87/111)        
2025-11-24T02:00:15.9780914Z remote: Compressing objects:  79% (88/111)        
2025-11-24T02:00:15.9781418Z remote: Compressing objects:  80% (89/111)        
2025-11-24T02:00:15.9781884Z remote: Compressing objects:  81% (90/111)        
2025-11-24T02:00:15.9782181Z remote: Compressing objects:  82% (92/111)        
2025-11-24T02:00:15.9782454Z remote: Compressing objects:  83% (93/111)        
2025-11-24T02:00:15.9782736Z remote: Compressing objects:  84% (94/111)        
2025-11-24T02:00:15.9783014Z remote: Compressing objects:  85% (95/111)        
2025-11-24T02:00:15.9783293Z remote: Compressing objects:  86% (96/111)        
2025-11-24T02:00:15.9783571Z remote: Compressing objects:  87% (97/111)        
2025-11-24T02:00:15.9783848Z remote: Compressing objects:  88% (98/111)        
2025-11-24T02:00:15.9784133Z remote: Compressing objects:  89% (99/111)        
2025-11-24T02:00:15.9784442Z remote: Compressing objects:  90% (100/111)        
2025-11-24T02:00:15.9784733Z remote: Compressing objects:  91% (102/111)        
2025-11-24T02:00:15.9785212Z remote: Compressing objects:  92% (103/111)        
2025-11-24T02:00:15.9785725Z remote: Compressing objects:  93% (104/111)        
2025-11-24T02:00:15.9786414Z remote: Compressing objects:  94% (105/111)        
2025-11-24T02:00:15.9786943Z remote: Compressing objects:  95% (106/111)        
2025-11-24T02:00:15.9787442Z remote: Compressing objects:  96% (107/111)        
2025-11-24T02:00:15.9787943Z remote: Compressing objects:  97% (108/111)        
2025-11-24T02:00:15.9788690Z remote: Compressing objects:  98% (109/111)        
2025-11-24T02:00:15.9789246Z remote: Compressing objects:  99% (110/111)        
2025-11-24T02:00:15.9789796Z remote: Compressing objects: 100% (111/111)        
2025-11-24T02:00:15.9790338Z remote: Compressing objects: 100% (111/111), done.        
2025-11-24T02:00:15.9790852Z Receiving objects:   0% (1/200)
2025-11-24T02:00:15.9791229Z Receiving objects:   1% (2/200)
2025-11-24T02:00:15.9791609Z Receiving objects:   2% (4/200)
2025-11-24T02:00:15.9792007Z Receiving objects:   3% (6/200)
2025-11-24T02:00:15.9792396Z Receiving objects:   4% (8/200)
2025-11-24T02:00:15.9792788Z Receiving objects:   5% (10/200)
2025-11-24T02:00:15.9793199Z Receiving objects:   6% (12/200)
2025-11-24T02:00:15.9793610Z Receiving objects:   7% (14/200)
2025-11-24T02:00:15.9794010Z Receiving objects:   8% (16/200)
2025-11-24T02:00:15.9794409Z Receiving objects:   9% (18/200)
2025-11-24T02:00:15.9794811Z Receiving objects:  10% (20/200)
2025-11-24T02:00:15.9795210Z Receiving objects:  11% (22/200)
2025-11-24T02:00:15.9795602Z Receiving objects:  12% (24/200)
2025-11-24T02:00:15.9795980Z Receiving objects:  13% (26/200)
2025-11-24T02:00:15.9796373Z Receiving objects:  14% (28/200)
2025-11-24T02:00:15.9796751Z Receiving objects:  15% (30/200)
2025-11-24T02:00:15.9797126Z Receiving objects:  16% (32/200)
2025-11-24T02:00:15.9797533Z Receiving objects:  17% (34/200)
2025-11-24T02:00:15.9797928Z Receiving objects:  18% (36/200)
2025-11-24T02:00:15.9798667Z Receiving objects:  19% (38/200)
2025-11-24T02:00:15.9799099Z Receiving objects:  20% (40/200)
2025-11-24T02:00:15.9799548Z Receiving objects:  21% (42/200)
2025-11-24T02:00:15.9800147Z Receiving objects:  22% (44/200)
2025-11-24T02:00:15.9800534Z Receiving objects:  23% (46/200)
2025-11-24T02:00:15.9800910Z Receiving objects:  24% (48/200)
2025-11-24T02:00:15.9801281Z Receiving objects:  25% (50/200)
2025-11-24T02:00:15.9801650Z Receiving objects:  26% (52/200)
2025-11-24T02:00:15.9802045Z Receiving objects:  27% (54/200)
2025-11-24T02:00:15.9802426Z Receiving objects:  28% (56/200)
2025-11-24T02:00:15.9802806Z Receiving objects:  29% (58/200)
2025-11-24T02:00:15.9803185Z Receiving objects:  30% (60/200)
2025-11-24T02:00:15.9803554Z Receiving objects:  31% (62/200)
2025-11-24T02:00:15.9803864Z Receiving objects:  32% (64/200)
2025-11-24T02:00:15.9804170Z Receiving objects:  33% (66/200)
2025-11-24T02:00:15.9804520Z Receiving objects:  34% (68/200)
2025-11-24T02:00:15.9804905Z Receiving objects:  35% (70/200)
2025-11-24T02:00:15.9805290Z Receiving objects:  36% (72/200)
2025-11-24T02:00:15.9805674Z Receiving objects:  37% (74/200)
2025-11-24T02:00:15.9806070Z Receiving objects:  38% (76/200)
2025-11-24T02:00:15.9806470Z Receiving objects:  39% (78/200)
2025-11-24T02:00:15.9806880Z Receiving objects:  40% (80/200)
2025-11-24T02:00:15.9807358Z Receiving objects:  41% (82/200)
2025-11-24T02:00:15.9807745Z Receiving objects:  42% (84/200)
2025-11-24T02:00:15.9808345Z Receiving objects:  43% (86/200)
2025-11-24T02:00:15.9808745Z Receiving objects:  44% (88/200)
2025-11-24T02:00:15.9809139Z Receiving objects:  45% (90/200)
2025-11-24T02:00:15.9809536Z Receiving objects:  46% (92/200)
2025-11-24T02:00:15.9809928Z Receiving objects:  47% (94/200)
2025-11-24T02:00:15.9810329Z Receiving objects:  48% (96/200)
2025-11-24T02:00:15.9810688Z Receiving objects:  49% (98/200)
2025-11-24T02:00:15.9811065Z Receiving objects:  50% (100/200)
2025-11-24T02:00:15.9811466Z Receiving objects:  51% (102/200)
2025-11-24T02:00:15.9811855Z Receiving objects:  52% (104/200)
2025-11-24T02:00:15.9812212Z Receiving objects:  53% (106/200)
2025-11-24T02:00:15.9812563Z Receiving objects:  54% (108/200)
2025-11-24T02:00:15.9812965Z Receiving objects:  55% (110/200)
2025-11-24T02:00:15.9813543Z Receiving objects:  56% (112/200)
2025-11-24T02:00:15.9813957Z Receiving objects:  57% (114/200)
2025-11-24T02:00:15.9814365Z Receiving objects:  58% (116/200)
2025-11-24T02:00:15.9814759Z Receiving objects:  59% (118/200)
2025-11-24T02:00:15.9815155Z Receiving objects:  60% (120/200)
2025-11-24T02:00:15.9815557Z Receiving objects:  61% (122/200)
2025-11-24T02:00:15.9815949Z Receiving objects:  62% (124/200)
2025-11-24T02:00:15.9816344Z Receiving objects:  63% (126/200)
2025-11-24T02:00:15.9816726Z Receiving objects:  64% (128/200)
2025-11-24T02:00:15.9817115Z Receiving objects:  65% (130/200)
2025-11-24T02:00:15.9817507Z Receiving objects:  66% (132/200)
2025-11-24T02:00:15.9817912Z Receiving objects:  67% (134/200)
2025-11-24T02:00:15.9818619Z Receiving objects:  68% (136/200)
2025-11-24T02:00:15.9819033Z Receiving objects:  69% (138/200)
2025-11-24T02:00:15.9819403Z Receiving objects:  70% (140/200)
2025-11-24T02:00:15.9819640Z Receiving objects:  71% (142/200)
2025-11-24T02:00:15.9819860Z Receiving objects:  72% (144/200)
2025-11-24T02:00:15.9820090Z Receiving objects:  73% (146/200)
2025-11-24T02:00:15.9820322Z Receiving objects:  74% (148/200)
2025-11-24T02:00:15.9820543Z Receiving objects:  75% (150/200)
2025-11-24T02:00:15.9820762Z Receiving objects:  76% (152/200)
2025-11-24T02:00:15.9820981Z Receiving objects:  77% (154/200)
2025-11-24T02:00:15.9821201Z Receiving objects:  78% (156/200)
2025-11-24T02:00:15.9821418Z Receiving objects:  79% (158/200)
2025-11-24T02:00:15.9821635Z Receiving objects:  80% (160/200)
2025-11-24T02:00:15.9821850Z Receiving objects:  81% (162/200)
2025-11-24T02:00:15.9822067Z Receiving objects:  82% (164/200)
2025-11-24T02:00:15.9822320Z Receiving objects:  83% (166/200)
2025-11-24T02:00:15.9822738Z Receiving objects:  84% (168/200)
2025-11-24T02:00:15.9823140Z Receiving objects:  85% (170/200)
2025-11-24T02:00:15.9823742Z remote: Total 200 (delta 0), reused 142 (delta 0), pack-reused 0 (from 0)        
2025-11-24T02:00:15.9824583Z Receiving objects:  86% (172/200)
2025-11-24T02:00:15.9825002Z Receiving objects:  87% (174/200)
2025-11-24T02:00:15.9825412Z Receiving objects:  88% (176/200)
2025-11-24T02:00:15.9825806Z Receiving objects:  89% (178/200)
2025-11-24T02:00:15.9826199Z Receiving objects:  90% (180/200)
2025-11-24T02:00:15.9826595Z Receiving objects:  91% (182/200)
2025-11-24T02:00:15.9826982Z Receiving objects:  92% (184/200)
2025-11-24T02:00:15.9827377Z Receiving objects:  93% (186/200)
2025-11-24T02:00:15.9827800Z Receiving objects:  94% (188/200)
2025-11-24T02:00:15.9828384Z Receiving objects:  95% (190/200)
2025-11-24T02:00:15.9828770Z Receiving objects:  96% (192/200)
2025-11-24T02:00:15.9829153Z Receiving objects:  97% (194/200)
2025-11-24T02:00:15.9829561Z Receiving objects:  98% (196/200)
2025-11-24T02:00:15.9829963Z Receiving objects:  99% (198/200)
2025-11-24T02:00:15.9830359Z Receiving objects: 100% (200/200)
2025-11-24T02:00:15.9830869Z Receiving objects: 100% (200/200), 32.48 KiB | 4.06 MiB/s, done.
2025-11-24T02:00:15.9831581Z From https://github.com/aspepper/vitrine-de-craques-web-site
2025-11-24T02:00:15.9832250Z  * [new ref]         360f114a913b85e6f7010ade7db4e26a4196071b -> origin/main
2025-11-24T02:00:15.9841339Z ##[endgroup]
2025-11-24T02:00:15.9844680Z ##[group]Determining the checkout info
2025-11-24T02:00:15.9845707Z ##[endgroup]
2025-11-24T02:00:15.9847096Z ##[group]Setting up sparse checkout
2025-11-24T02:00:15.9849998Z [command]/usr/bin/git config core.sparseCheckout true
2025-11-24T02:00:15.9882380Z [command]/usr/bin/git rev-parse --git-path info/sparse-checkout
2025-11-24T02:00:15.9903640Z .git/info/sparse-checkout
2025-11-24T02:00:15.9916399Z ##[endgroup]
2025-11-24T02:00:15.9917392Z ##[group]Checking out the ref
2025-11-24T02:00:15.9921475Z [command]/usr/bin/git checkout --progress --force -B main refs/remotes/origin/main
2025-11-24T02:00:22.8070672Z Updating files:   0% (1/667)
2025-11-24T02:00:22.8075946Z Updating files:   1% (7/667)
2025-11-24T02:00:22.8080868Z Updating files:   2% (14/667)
2025-11-24T02:00:22.8087093Z Updating files:   3% (21/667)
2025-11-24T02:00:22.8095357Z Updating files:   4% (27/667)
2025-11-24T02:00:22.8100776Z Updating files:   5% (34/667)
2025-11-24T02:00:22.8108774Z Updating files:   6% (41/667)
2025-11-24T02:00:22.8115626Z Updating files:   7% (47/667)
2025-11-24T02:00:22.8120525Z Updating files:   8% (54/667)
2025-11-24T02:00:22.8124417Z Updating files:   9% (61/667)
2025-11-24T02:00:22.8128826Z Updating files:  10% (67/667)
2025-11-24T02:00:22.8133037Z Updating files:  11% (74/667)
2025-11-24T02:00:22.8136611Z Updating files:  12% (81/667)
2025-11-24T02:00:22.8143899Z Updating files:  13% (87/667)
2025-11-24T02:00:22.8169618Z Updating files:  14% (94/667)
2025-11-24T02:00:22.8189840Z Updating files:  15% (101/667)
2025-11-24T02:00:22.8190589Z Updating files:  16% (107/667)
2025-11-24T02:00:22.8194076Z Updating files:  17% (114/667)
2025-11-24T02:00:22.8208733Z Updating files:  18% (121/667)
2025-11-24T02:00:22.8215031Z Updating files:  19% (127/667)
2025-11-24T02:00:22.8222728Z Updating files:  20% (134/667)
2025-11-24T02:00:22.8228428Z Updating files:  21% (141/667)
2025-11-24T02:00:22.8235528Z Updating files:  22% (147/667)
2025-11-24T02:00:22.8242988Z Updating files:  23% (154/667)
2025-11-24T02:00:22.8249531Z Updating files:  24% (161/667)
2025-11-24T02:00:22.8256103Z Updating files:  25% (167/667)
2025-11-24T02:00:22.8262138Z Updating files:  26% (174/667)
2025-11-24T02:00:22.8269766Z Updating files:  27% (181/667)
2025-11-24T02:00:22.8277895Z Updating files:  28% (187/667)
2025-11-24T02:00:22.8319782Z Updating files:  29% (194/667)
2025-11-24T02:00:22.8320503Z Updating files:  30% (201/667)
2025-11-24T02:00:22.8321225Z Updating files:  31% (207/667)
2025-11-24T02:00:22.8321971Z Updating files:  32% (214/667)
2025-11-24T02:00:22.8323502Z Updating files:  33% (221/667)
2025-11-24T02:00:22.8348630Z Updating files:  34% (227/667)
2025-11-24T02:00:22.8352068Z Updating files:  35% (234/667)
2025-11-24T02:00:22.8352717Z Updating files:  36% (241/667)
2025-11-24T02:00:22.8356008Z Updating files:  37% (247/667)
2025-11-24T02:00:22.8398794Z Updating files:  38% (254/667)
2025-11-24T02:00:22.8488898Z Updating files:  39% (261/667)
2025-11-24T02:00:22.8724469Z Updating files:  40% (267/667)
2025-11-24T02:00:22.8865786Z Updating files:  41% (274/667)
2025-11-24T02:00:23.0144265Z Updating files:  42% (281/667)
2025-11-24T02:00:23.0220386Z Updating files:  42% (283/667)
2025-11-24T02:00:23.0426462Z Updating files:  43% (287/667)
2025-11-24T02:00:23.0540570Z Updating files:  44% (294/667)
2025-11-24T02:00:23.0872626Z Updating files:  45% (301/667)
2025-11-24T02:00:23.1168286Z Updating files:  46% (307/667)
2025-11-24T02:00:23.1469804Z Updating files:  47% (314/667)
2025-11-24T02:00:23.1506793Z Updating files:  48% (321/667)
2025-11-24T02:00:23.1572123Z Updating files:  49% (327/667)
2025-11-24T02:00:23.1615286Z Updating files:  50% (334/667)
2025-11-24T02:00:23.1722171Z Updating files:  51% (341/667)
2025-11-24T02:00:23.1867914Z Updating files:  52% (347/667)
2025-11-24T02:00:23.1891125Z Updating files:  53% (354/667)
2025-11-24T02:00:23.1902065Z Updating files:  54% (361/667)
2025-11-24T02:00:23.2386086Z Updating files:  55% (367/667)
2025-11-24T02:00:23.2596191Z Updating files:  56% (374/667)
2025-11-24T02:00:23.2676350Z Updating files:  57% (381/667)
2025-11-24T02:00:23.3051919Z Updating files:  58% (387/667)
2025-11-24T02:00:23.3223281Z Updating files:  59% (394/667)
2025-11-24T02:00:23.3226601Z Updating files:  60% (401/667)
2025-11-24T02:00:23.3229292Z Updating files:  61% (407/667)
2025-11-24T02:00:23.3431350Z Updating files:  62% (414/667)
2025-11-24T02:00:23.3485258Z Updating files:  63% (421/667)
2025-11-24T02:00:23.3765211Z Updating files:  64% (427/667)
2025-11-24T02:00:23.3770306Z Updating files:  65% (434/667)
2025-11-24T02:00:23.3773518Z Updating files:  66% (441/667)
2025-11-24T02:00:23.3872764Z Updating files:  67% (447/667)
2025-11-24T02:00:23.3950103Z Updating files:  68% (454/667)
2025-11-24T02:00:23.3954052Z Updating files:  69% (461/667)
2025-11-24T02:00:23.3956653Z Updating files:  70% (467/667)
2025-11-24T02:00:23.3995043Z Updating files:  71% (474/667)
2025-11-24T02:00:23.4047384Z Updating files:  72% (481/667)
2025-11-24T02:00:23.4157822Z Updating files:  73% (487/667)
2025-11-24T02:00:23.4350129Z Updating files:  74% (494/667)
2025-11-24T02:00:23.4404874Z Updating files:  75% (501/667)
2025-11-24T02:00:23.4428853Z Updating files:  76% (507/667)
2025-11-24T02:00:23.4448466Z Updating files:  77% (514/667)
2025-11-24T02:00:23.4464524Z Updating files:  78% (521/667)
2025-11-24T02:00:23.4489596Z Updating files:  79% (527/667)
2025-11-24T02:00:23.4523443Z Updating files:  80% (534/667)
2025-11-24T02:00:23.4527428Z Updating files:  81% (541/667)
2025-11-24T02:00:23.4532015Z Updating files:  82% (547/667)
2025-11-24T02:00:23.4536014Z Updating files:  83% (554/667)
2025-11-24T02:00:23.4541095Z Updating files:  84% (561/667)
2025-11-24T02:00:23.4557398Z Updating files:  85% (567/667)
2025-11-24T02:00:23.4563579Z Updating files:  86% (574/667)
2025-11-24T02:00:23.4570902Z Updating files:  87% (581/667)
2025-11-24T02:00:23.4577767Z Updating files:  88% (587/667)
2025-11-24T02:00:23.4581705Z Updating files:  89% (594/667)
2025-11-24T02:00:23.4585519Z Updating files:  90% (601/667)
2025-11-24T02:00:23.4589213Z Updating files:  91% (607/667)
2025-11-24T02:00:23.4593147Z Updating files:  92% (614/667)
2025-11-24T02:00:23.4597239Z Updating files:  93% (621/667)
2025-11-24T02:00:23.4601064Z Updating files:  94% (627/667)
2025-11-24T02:00:23.4604238Z Updating files:  95% (634/667)
2025-11-24T02:00:23.5350412Z Updating files:  96% (641/667)
2025-11-24T02:00:23.5471679Z Updating files:  97% (647/667)
2025-11-24T02:00:23.5472472Z Updating files:  98% (654/667)
2025-11-24T02:00:23.5473257Z Updating files:  99% (661/667)
2025-11-24T02:00:23.5473886Z Updating files: 100% (667/667)
2025-11-24T02:00:23.5474280Z Updating files: 100% (667/667), done.
2025-11-24T02:00:23.5501057Z Switched to a new branch 'main'
2025-11-24T02:00:23.5505751Z branch 'main' set up to track 'origin/main'.
2025-11-24T02:00:23.5647035Z ##[endgroup]
2025-11-24T02:00:23.5682466Z [command]/usr/bin/git log -1 --format='%H'
2025-11-24T02:00:23.5706027Z '360f114a913b85e6f7010ade7db4e26a4196071b'
2025-11-24T02:00:23.5917831Z ##[group]Run actions/setup-node@v4
2025-11-24T02:00:23.5918272Z with:
2025-11-24T02:00:23.5918454Z   node-version: 20
2025-11-24T02:00:23.5918643Z   cache: npm
2025-11-24T02:00:23.5918820Z   always-auth: false
2025-11-24T02:00:23.5919019Z   check-latest: false
2025-11-24T02:00:23.5919327Z   token: ***
2025-11-24T02:00:23.5919500Z env:
2025-11-24T02:00:23.5920186Z   DATABASE_URL: ***
2025-11-24T02:00:23.5920484Z   NEXTAUTH_URL: ***
2025-11-24T02:00:23.5920768Z   NEXTAUTH_SECRET: ***
2025-11-24T02:00:23.5920967Z   AUTH_TRUST_HOST: true
2025-11-24T02:00:23.5921157Z ##[endgroup]
2025-11-24T02:00:23.7838162Z Found in cache @ /opt/hostedtoolcache/node/20.19.5/x64
2025-11-24T02:00:23.7846849Z ##[group]Environment details
2025-11-24T02:00:24.2574595Z node: v20.19.5
2025-11-24T02:00:24.2579476Z npm: 10.8.2
2025-11-24T02:00:24.2583633Z yarn: 1.22.22
2025-11-24T02:00:24.2589177Z ##[endgroup]
2025-11-24T02:00:24.2604027Z [command]/opt/hostedtoolcache/node/20.19.5/x64/bin/npm config get cache
2025-11-24T02:00:24.4251505Z /home/runner/.npm
2025-11-24T02:00:24.5880011Z Cache hit for: node-cache-Linux-x64-npm-7a37f00dbb49b213ff9469b7d87cb9481db306262f95e4f112cc6aec83ba8a27
2025-11-24T02:00:25.6500141Z Received 167772160 of 256886524 (65.3%), 159.8 MBs/sec
2025-11-24T02:00:26.0386998Z Received 256886524 of 256886524 (100.0%), 176.2 MBs/sec
2025-11-24T02:00:26.0390041Z Cache Size: ~245 MB (256886524 B)
2025-11-24T02:00:26.0425605Z [command]/usr/bin/tar -xf /home/runner/work/_temp/677b631c-130b-4fb4-a5d8-4509c3ab5706/cache.tzst -P -C /home/runner/work/vitrine-de-craques-web-site/vitrine-de-craques-web-site --use-compress-program unzstd
2025-11-24T02:00:27.1981743Z Cache restored successfully
2025-11-24T02:00:27.2495433Z Cache restored from key: node-cache-Linux-x64-npm-7a37f00dbb49b213ff9469b7d87cb9481db306262f95e4f112cc6aec83ba8a27
2025-11-24T02:00:27.2689365Z ##[group]Run npm ci
2025-11-24T02:00:27.2689666Z [36;1mnpm ci[0m
2025-11-24T02:00:27.2740607Z shell: /usr/bin/bash -e {0}
2025-11-24T02:00:27.2740870Z env:
2025-11-24T02:00:27.2741716Z   DATABASE_URL: ***
2025-11-24T02:00:27.2742056Z   NEXTAUTH_URL: ***
2025-11-24T02:00:27.2742358Z   NEXTAUTH_SECRET: ***
2025-11-24T02:00:27.2742574Z   AUTH_TRUST_HOST: true
2025-11-24T02:00:27.2742780Z ##[endgroup]
2025-11-24T02:00:35.2001473Z npm warn deprecated inflight@1.0.6: This module is not supported, and leaks memory. Do not use it. Check out lru-cache if you want a good and tested way to coalesce async requests by a key value, which is much more comprehensive and powerful.
2025-11-24T02:00:35.4051968Z npm warn deprecated @humanwhocodes/config-array@0.13.0: Use @eslint/config-array instead
2025-11-24T02:00:35.4222841Z npm warn deprecated rimraf@3.0.2: Rimraf versions prior to v4 are no longer supported
2025-11-24T02:00:35.5747361Z npm warn deprecated @humanwhocodes/object-schema@2.0.3: Use @eslint/object-schema instead
2025-11-24T02:00:35.5806430Z npm warn deprecated glob@7.2.3: Glob versions prior to v9 are no longer supported
2025-11-24T02:00:40.6807633Z npm warn deprecated eslint@8.57.1: This version is no longer supported. Please see https://eslint.org/version-support for other options.
2025-11-24T02:00:41.2380945Z npm warn deprecated fluent-ffmpeg@2.1.3: Package no longer supported. Contact Support at https://www.npmjs.com/support for more info.
2025-11-24T02:00:58.1183857Z 
2025-11-24T02:00:58.1193981Z > vitrine-de-craques-web-site@0.1.0 postinstall
2025-11-24T02:00:58.1197435Z > npx prisma generate
2025-11-24T02:00:58.1199199Z 
2025-11-24T02:00:59.5278886Z Prisma schema loaded from prisma/schema.prisma
2025-11-24T02:01:00.4523022Z ┌─────────────────────────────────────────────────────────┐
2025-11-24T02:01:00.4523472Z 
2025-11-24T02:01:00.4524109Z │  Update available 6.16.2 -> 7.0.0                       │
2025-11-24T02:01:00.4524940Z │                                                         │
2025-11-24T02:01:00.4526133Z │  This is a major update - please follow the guide at    │
2025-11-24T02:01:00.4527053Z │  https://pris.ly/d/major-version-upgrade                │
2025-11-24T02:01:00.4527835Z │                                                         │
2025-11-24T02:01:00.4528783Z │  Run the following to update                            │
2025-11-24T02:01:00.4529619Z │    npm i --save-dev prisma@latest                       │
2025-11-24T02:01:00.4530447Z │    npm i @prisma/client@latest                          │
2025-11-24T02:01:00.4570797Z └─────────────────────────────────────────────────────────┘
2025-11-24T02:01:00.4576026Z ✔ Generated Prisma Client (v6.16.2) to ./node_modules/@prisma/client in 395ms
2025-11-24T02:01:00.4576565Z 
2025-11-24T02:01:00.4577154Z Start by importing your Prisma Client (See: https://pris.ly/d/importing-client)
2025-11-24T02:01:00.4577688Z 
2025-11-24T02:01:00.4589014Z Tip: Need your database queries to be 1000x faster? Accelerate offers you that and more: https://pris.ly/tip-2-accelerate
2025-11-24T02:01:00.4589775Z 
2025-11-24T02:01:00.4835710Z 
2025-11-24T02:01:00.4836785Z > vitrine-de-craques-web-site@0.1.0 prepare
2025-11-24T02:01:00.4837313Z > husky install
2025-11-24T02:01:00.4837507Z 
2025-11-24T02:01:00.5448783Z husky - Git hooks installed
2025-11-24T02:01:00.5642456Z 
2025-11-24T02:01:00.5643530Z added 832 packages, and audited 833 packages in 33s
2025-11-24T02:01:00.5644175Z 
2025-11-24T02:01:00.5644560Z 195 packages are looking for funding
2025-11-24T02:01:00.5646163Z   run `npm fund` for details
2025-11-24T02:01:00.6271702Z 
2025-11-24T02:01:00.6285885Z 8 vulnerabilities (2 low, 3 moderate, 3 high)
2025-11-24T02:01:00.6286720Z 
2025-11-24T02:01:00.6287256Z To address issues that do not require attention, run:
2025-11-24T02:01:00.6288893Z   npm audit fix
2025-11-24T02:01:00.6289181Z 
2025-11-24T02:01:00.6290078Z To address all issues (including breaking changes), run:
2025-11-24T02:01:00.6290873Z   npm audit fix --force
2025-11-24T02:01:00.6292820Z 
2025-11-24T02:01:00.6293100Z Run `npm audit` for details.
2025-11-24T02:01:00.7421392Z ##[group]Run npm run build
2025-11-24T02:01:00.7421689Z [36;1mnpm run build[0m
2025-11-24T02:01:00.7479381Z shell: /usr/bin/bash -e {0}
2025-11-24T02:01:00.7479623Z env:
2025-11-24T02:01:00.7480423Z   DATABASE_URL: ***
2025-11-24T02:01:00.7480758Z   NEXTAUTH_URL: ***
2025-11-24T02:01:00.7481090Z   NEXTAUTH_SECRET: ***
2025-11-24T02:01:00.7481313Z   AUTH_TRUST_HOST: true
2025-11-24T02:01:00.7481517Z ##[endgroup]
2025-11-24T02:01:00.8634379Z 
2025-11-24T02:01:00.8636441Z > vitrine-de-craques-web-site@0.1.0 build
2025-11-24T02:01:00.8637950Z > npx prisma generate && next build
2025-11-24T02:01:00.8639433Z 
2025-11-24T02:01:02.2444629Z Prisma schema loaded from prisma/schema.prisma
2025-11-24T02:01:03.1938364Z 
2025-11-24T02:01:03.1939556Z ✔ Generated Prisma Client (v6.16.2) to ./node_modules/@prisma/client in 421ms
2025-11-24T02:01:03.1940163Z 
2025-11-24T02:01:03.1940777Z Start by importing your Prisma Client (See: https://pris.ly/d/importing-client)
2025-11-24T02:01:03.1941399Z 
2025-11-24T02:01:03.1942370Z Tip: Need your database queries to be 1000x faster? Accelerate offers you that and more: https://pris.ly/tip-2-accelerate
2025-11-24T02:01:03.1943054Z 
2025-11-24T02:01:03.7436703Z ⚠ No build cache found. Please configure build caching for faster rebuilds. Read more: https://nextjs.org/docs/messages/no-cache
2025-11-24T02:01:03.7558740Z Attention: Next.js now collects completely anonymous telemetry regarding usage.
2025-11-24T02:01:03.7561693Z This information is used to shape Next.js' roadmap and prioritize features.
2025-11-24T02:01:03.7563062Z You can learn more, including how to opt-out if you'd not like to participate in this anonymous program, by visiting the following URL:
2025-11-24T02:01:03.7564055Z https://nextjs.org/telemetry
2025-11-24T02:01:03.7564367Z 
2025-11-24T02:01:03.8151666Z   ▲ Next.js 14.2.33
2025-11-24T02:01:03.8156734Z 
2025-11-24T02:01:03.8940203Z    Creating an optimized production build ...
2025-11-24T02:01:46.4169892Z  ⚠ Compiled with warnings
2025-11-24T02:01:46.4170295Z 
2025-11-24T02:01:46.4170681Z ./node_modules/@ffmpeg-installer/ffmpeg/index.js
2025-11-24T02:01:46.4171496Z Critical dependency: the request of a dependency is an expression
2025-11-24T02:01:46.4171930Z 
2025-11-24T02:01:46.4172147Z Import trace for requested module:
2025-11-24T02:01:46.4172753Z ./node_modules/@ffmpeg-installer/ffmpeg/index.js
2025-11-24T02:01:46.4173242Z ./app/api/videos/route.ts
2025-11-24T02:01:46.4173468Z 
2025-11-24T02:01:46.4173758Z ./node_modules/fluent-ffmpeg/lib/options/misc.js
2025-11-24T02:01:46.4174505Z Critical dependency: the request of a dependency is an expression
2025-11-24T02:01:46.4174932Z 
2025-11-24T02:01:46.4175159Z Import trace for requested module:
2025-11-24T02:01:46.4175741Z ./node_modules/fluent-ffmpeg/lib/options/misc.js
2025-11-24T02:01:46.4176397Z ./node_modules/fluent-ffmpeg/lib/fluent-ffmpeg.js
2025-11-24T02:01:46.4176973Z ./node_modules/fluent-ffmpeg/index.js
2025-11-24T02:01:46.4177458Z ./app/api/videos/route.ts
2025-11-24T02:01:46.4177705Z 
2025-11-24T02:02:01.5385062Z  ✓ Compiled successfully
2025-11-24T02:02:01.5394372Z    Linting and checking validity of types ...
2025-11-24T02:02:20.5498961Z Failed to compile.
2025-11-24T02:02:20.5502298Z 
2025-11-24T02:02:20.5503286Z ./components/media/SafeMedia.tsx:68:25
2025-11-24T02:02:20.5506561Z Type error: Expected 2 type arguments, but got 1.
2025-11-24T02:02:20.5507939Z 
2025-11-24T02:02:20.5512363Z [0m [90m 66 |[39m     )[33m;[39m[0m
2025-11-24T02:02:20.5512907Z [0m [90m 67 |[39m[0m
2025-11-24T02:02:20.5514416Z [0m[31m[1m>[22m[39m[90m 68 |[39m     useImperativeHandle[33m<[39m[33mHTMLVideoElement[39m [33m|[39m [36mnull[39m[33m>[39m([0m
2025-11-24T02:02:20.5515385Z [0m [90m    |[39m                         [31m[1m^[22m[39m[0m
2025-11-24T02:02:20.5515999Z [0m [90m 69 |[39m       forwardedRef[33m,[39m[0m
2025-11-24T02:02:20.5516707Z [0m [90m 70 |[39m       () [33m=>[39m videoRef[33m.[39mcurrent[33m,[39m[0m
2025-11-24T02:02:20.5517931Z [0m [90m 71 |[39m     )[33m;[39m[0m
2025-11-24T02:02:20.6205425Z Next.js build worker exited with code: 1 and signal: null
2025-11-24T02:02:20.6372276Z ##[error]Process completed with exit code 1.
2025-11-24T02:02:20.6508388Z Post job cleanup.
2025-11-24T02:02:20.7407407Z [command]/usr/bin/git version
2025-11-24T02:02:20.7450267Z git version 2.51.2
2025-11-24T02:02:20.7504037Z Temporarily overriding HOME='/home/runner/work/_temp/b45b7c57-e661-4478-b083-b26ab81db508' before making global git config changes
2025-11-24T02:02:20.7505839Z Adding repository directory to the temporary git global config as a safe directory
2025-11-24T02:02:20.7510234Z [command]/usr/bin/git config --global --add safe.directory /home/runner/work/vitrine-de-craques-web-site/vitrine-de-craques-web-site
2025-11-24T02:02:20.7547402Z [command]/usr/bin/git config --local --name-only --get-regexp core\.sshCommand
2025-11-24T02:02:20.7583349Z [command]/usr/bin/git submodule foreach --recursive sh -c "git config --local --name-only --get-regexp 'core\.sshCommand' && git config --local --unset-all 'core.sshCommand' || :"
2025-11-24T02:02:20.7845128Z fatal: No url found for submodule path 'Vitrine-De-Craques-App-iOS/Vitrine-De-Craques-App-iOS' in .gitmodules
2025-11-24T02:02:20.7893171Z ##[warning]The process '/usr/bin/git' failed with exit code 128
2025-11-24T02:02:20.7972603Z Cleaning up orphan processes
