2025-11-23T16:54:37.1191776Z Current runner version: '2.329.0'
2025-11-23T16:54:37.1228463Z ##[group]Runner Image Provisioner
2025-11-23T16:54:37.1229737Z Hosted Compute Agent
2025-11-23T16:54:37.1230567Z Version: 20251016.436
2025-11-23T16:54:37.1231463Z Commit: 8ab8ac8bfd662a3739dab9fe09456aba92132568
2025-11-23T16:54:37.1232586Z Build Date: 2025-10-15T20:44:12Z
2025-11-23T16:54:37.1233515Z ##[endgroup]
2025-11-23T16:54:37.1234253Z ##[group]Operating System
2025-11-23T16:54:37.1235141Z Ubuntu
2025-11-23T16:54:37.1235870Z 24.04.3
2025-11-23T16:54:37.1236593Z LTS
2025-11-23T16:54:37.1237256Z ##[endgroup]
2025-11-23T16:54:37.1238274Z ##[group]Runner Image
2025-11-23T16:54:37.1239192Z Image: ubuntu-24.04
2025-11-23T16:54:37.1240032Z Version: 20251112.124.1
2025-11-23T16:54:37.1241688Z Included Software: https://github.com/actions/runner-images/blob/ubuntu24/20251112.124/images/ubuntu/Ubuntu2404-Readme.md
2025-11-23T16:54:37.1244366Z Image Release: https://github.com/actions/runner-images/releases/tag/ubuntu24%2F20251112.124
2025-11-23T16:54:37.1245991Z ##[endgroup]
2025-11-23T16:54:37.1248013Z ##[group]GITHUB_TOKEN Permissions
2025-11-23T16:54:37.1251130Z Contents: read
2025-11-23T16:54:37.1252035Z Metadata: read
2025-11-23T16:54:37.1252772Z Packages: read
2025-11-23T16:54:37.1253566Z ##[endgroup]
2025-11-23T16:54:37.1256610Z Secret source: Actions
2025-11-23T16:54:37.1257912Z Prepare workflow directory
2025-11-23T16:54:37.2230256Z Prepare all required actions
2025-11-23T16:54:37.2460325Z Getting action download info
2025-11-23T16:54:37.6596581Z Download action repository 'actions/checkout@v3' (SHA:f43a0e5ff2bd294095638e18286ca9a3d1956744)
2025-11-23T16:54:37.8303999Z Download action repository 'actions/setup-node@v4' (SHA:49933ea5288caeca8642d1e84afbd3f7d6820020)
2025-11-23T16:54:37.9094996Z Download action repository 'Azure/static-web-apps-deploy@v1' (SHA:4d27395796ac319302594769cfe812bd207490b1)
2025-11-23T16:54:38.4241503Z Complete job name: Build and Deploy Job
2025-11-23T16:54:38.4590776Z ##[group]Build container for action use: '/home/runner/work/_actions/Azure/static-web-apps-deploy/v1/Dockerfile'.
2025-11-23T16:54:38.4629844Z ##[command]/usr/bin/docker build -t d01a21:61f805e2d06b4c759d7f867f0cc5539c -f "/home/runner/work/_actions/Azure/static-web-apps-deploy/v1/Dockerfile" "/home/runner/work/_actions/Azure/static-web-apps-deploy/v1"
2025-11-23T16:54:41.9205322Z #0 building with "default" instance using docker driver
2025-11-23T16:54:41.9206828Z 
2025-11-23T16:54:41.9207300Z #1 [internal] load build definition from Dockerfile
2025-11-23T16:54:41.9208162Z #1 transferring dockerfile: 160B done
2025-11-23T16:54:41.9208538Z #1 DONE 0.0s
2025-11-23T16:54:41.9208728Z 
2025-11-23T16:54:41.9209121Z #2 [internal] load metadata for mcr.microsoft.com/appsvc/staticappsclient:stable
2025-11-23T16:54:41.9955782Z #2 DONE 0.2s
2025-11-23T16:54:42.1196106Z 
2025-11-23T16:54:42.1197435Z #3 [internal] load .dockerignore
2025-11-23T16:54:42.1198680Z #3 transferring context: 2B done
2025-11-23T16:54:42.1199355Z #3 DONE 0.0s
2025-11-23T16:54:42.1199655Z 
2025-11-23T16:54:42.1199946Z #4 [internal] load build context
2025-11-23T16:54:42.1200597Z #4 transferring context: 107B done
2025-11-23T16:54:42.1201195Z #4 DONE 0.0s
2025-11-23T16:54:42.1201444Z 
2025-11-23T16:54:42.1202303Z #5 [1/2] FROM mcr.microsoft.com/appsvc/staticappsclient:stable@sha256:3178a283e885dc45a0c7b4c6e9f728f0331ae7fb93de75db4181fa38651170f2
2025-11-23T16:54:42.1204015Z #5 resolve mcr.microsoft.com/appsvc/staticappsclient:stable@sha256:3178a283e885dc45a0c7b4c6e9f728f0331ae7fb93de75db4181fa38651170f2 done
2025-11-23T16:54:42.1205368Z #5 sha256:1df8e0748f30e89b0c0477edfc706fc39242e1d6008433c0494113de267e7ca8 15.34kB / 15.34kB done
2025-11-23T16:54:42.1208445Z #5 sha256:2377065f3b700cf1b5e391d26c572c8b91892dd44acd75deebdab5e403b23175 0B / 15.56MB 0.1s
2025-11-23T16:54:42.1209591Z #5 sha256:5ee26b7a209f9a26720207792b237af3e19c0efeed8695e1e630fcd0feef9230 0B / 54.75MB 0.1s
2025-11-23T16:54:42.1210714Z #5 sha256:3178a283e885dc45a0c7b4c6e9f728f0331ae7fb93de75db4181fa38651170f2 2.88kB / 2.88kB done
2025-11-23T16:54:42.2216333Z #5 sha256:2377065f3b700cf1b5e391d26c572c8b91892dd44acd75deebdab5e403b23175 6.29MB / 15.56MB 0.2s
2025-11-23T16:54:42.2218183Z #5 sha256:5ee26b7a209f9a26720207792b237af3e19c0efeed8695e1e630fcd0feef9230 3.15MB / 54.75MB 0.2s
2025-11-23T16:54:42.2224415Z #5 sha256:5d6e107a26c2ffb6e234f04132358dea70a691a64c1152f984d2f2ba0e218c58 23.07MB / 53.74MB 0.2s
2025-11-23T16:54:42.3795037Z #5 sha256:2377065f3b700cf1b5e391d26c572c8b91892dd44acd75deebdab5e403b23175 15.56MB / 15.56MB 0.3s done
2025-11-23T16:54:42.3805232Z #5 sha256:5ee26b7a209f9a26720207792b237af3e19c0efeed8695e1e630fcd0feef9230 15.73MB / 54.75MB 0.3s
2025-11-23T16:54:42.3809699Z #5 sha256:5d6e107a26c2ffb6e234f04132358dea70a691a64c1152f984d2f2ba0e218c58 48.23MB / 53.74MB 0.3s
2025-11-23T16:54:42.3811009Z #5 sha256:41c7cd6fb37363fd1ec16dad3463ecc5820eda12c418a82b4849604252d29b88 0B / 197.07MB 0.3s
2025-11-23T16:54:42.3812348Z #5 extracting sha256:5d6e107a26c2ffb6e234f04132358dea70a691a64c1152f984d2f2ba0e218c58
2025-11-23T16:54:42.4840533Z #5 sha256:5ee26b7a209f9a26720207792b237af3e19c0efeed8695e1e630fcd0feef9230 37.75MB / 54.75MB 0.4s
2025-11-23T16:54:42.4842171Z #5 sha256:5d6e107a26c2ffb6e234f04132358dea70a691a64c1152f984d2f2ba0e218c58 53.74MB / 53.74MB 0.3s done
2025-11-23T16:54:42.4843433Z #5 sha256:41c7cd6fb37363fd1ec16dad3463ecc5820eda12c418a82b4849604252d29b88 14.68MB / 197.07MB 0.4s
2025-11-23T16:54:42.4844518Z #5 sha256:aede74d79976f9d1be608a1286cdb2ca61aad25185440263691db6a0880adadd 0B / 24.46MB 0.4s
2025-11-23T16:54:42.4845519Z #5 sha256:4f4fb700ef54461cfa02571ae0db9a0dc1e0cdb5577484a6d75e68dc38e8acc1 32B / 32B 0.4s done
2025-11-23T16:54:42.6201386Z #5 sha256:5ee26b7a209f9a26720207792b237af3e19c0efeed8695e1e630fcd0feef9230 54.75MB / 54.75MB 0.5s
2025-11-23T16:54:42.6202848Z #5 sha256:41c7cd6fb37363fd1ec16dad3463ecc5820eda12c418a82b4849604252d29b88 55.57MB / 197.07MB 0.6s
2025-11-23T16:54:42.7120215Z #5 sha256:aede74d79976f9d1be608a1286cdb2ca61aad25185440263691db6a0880adadd 24.46MB / 24.46MB 0.6s
2025-11-23T16:54:42.7204546Z #5 sha256:5ee26b7a209f9a26720207792b237af3e19c0efeed8695e1e630fcd0feef9230 54.75MB / 54.75MB 0.7s done
2025-11-23T16:54:42.9074075Z #5 sha256:41c7cd6fb37363fd1ec16dad3463ecc5820eda12c418a82b4849604252d29b88 90.18MB / 197.07MB 0.8s
2025-11-23T16:54:42.9097446Z #5 sha256:aede74d79976f9d1be608a1286cdb2ca61aad25185440263691db6a0880adadd 24.46MB / 24.46MB 0.7s done
2025-11-23T16:54:42.9100923Z #5 sha256:ec0af1da0a0576de654092a28624c0565c6d854216944f18159460338af43293 7.34MB / 72.99MB 0.8s
2025-11-23T16:54:42.9102038Z #5 sha256:351447e6e3829fac25a761f87d07dc5bfc289f38908901d05fa53aaab54dbdcd 0B / 115.52kB 0.8s
2025-11-23T16:54:42.9103329Z #5 sha256:c279a6399750ee20e802fb2c47da034ccee5eb4f3b89087f32618f10e8af074a 1.56MB / 1.56MB 0.8s done
2025-11-23T16:54:43.0194409Z #5 sha256:41c7cd6fb37363fd1ec16dad3463ecc5820eda12c418a82b4849604252d29b88 130.02MB / 197.07MB 1.0s
2025-11-23T16:54:43.0204510Z #5 sha256:ec0af1da0a0576de654092a28624c0565c6d854216944f18159460338af43293 59.77MB / 72.99MB 1.0s
2025-11-23T16:54:43.0226395Z #5 sha256:351447e6e3829fac25a761f87d07dc5bfc289f38908901d05fa53aaab54dbdcd 115.52kB / 115.52kB 0.8s done
2025-11-23T16:54:43.0238343Z #5 sha256:36312d7930e0666f8cfc7940823ac101235e873b7cbb8b20d9481fd404095767 0B / 35.20MB 1.0s
2025-11-23T16:54:43.0240164Z #5 sha256:cddc70a1cccef26d55fcf9242759c41404c305acea0b4c3a30961c99846a0a55 637.94kB / 637.94kB 1.0s done
2025-11-23T16:54:43.0242857Z #5 sha256:eec8099d3f58ba87e25216a07db18b5a0de40b6921ee61ea8ab9b4c29b53a12f 1.16MB / 1.16MB 0.9s done
2025-11-23T16:54:43.1241927Z #5 sha256:41c7cd6fb37363fd1ec16dad3463ecc5820eda12c418a82b4849604252d29b88 146.99MB / 197.07MB 1.1s
2025-11-23T16:54:43.1280256Z #5 sha256:ec0af1da0a0576de654092a28624c0565c6d854216944f18159460338af43293 72.99MB / 72.99MB 1.1s
2025-11-23T16:54:43.1282206Z #5 sha256:36312d7930e0666f8cfc7940823ac101235e873b7cbb8b20d9481fd404095767 12.58MB / 35.20MB 1.1s
2025-11-23T16:54:43.2271501Z #5 sha256:41c7cd6fb37363fd1ec16dad3463ecc5820eda12c418a82b4849604252d29b88 167.89MB / 197.07MB 1.2s
2025-11-23T16:54:43.2274848Z #5 sha256:ec0af1da0a0576de654092a28624c0565c6d854216944f18159460338af43293 72.99MB / 72.99MB 1.2s done
2025-11-23T16:54:43.2278613Z #5 sha256:36312d7930e0666f8cfc7940823ac101235e873b7cbb8b20d9481fd404095767 35.20MB / 35.20MB 1.2s
2025-11-23T16:54:43.2280377Z #5 sha256:4a1fde1690fe113870084a3224c66554fc9cbd2310abb9593b0244ec21f4b76d 168B / 168B 1.2s
2025-11-23T16:54:43.4198072Z #5 sha256:41c7cd6fb37363fd1ec16dad3463ecc5820eda12c418a82b4849604252d29b88 197.07MB / 197.07MB 1.4s
2025-11-23T16:54:43.4237536Z #5 sha256:36312d7930e0666f8cfc7940823ac101235e873b7cbb8b20d9481fd404095767 35.20MB / 35.20MB 1.3s done
2025-11-23T16:54:43.4264026Z #5 sha256:4a1fde1690fe113870084a3224c66554fc9cbd2310abb9593b0244ec21f4b76d 168B / 168B 1.2s done
2025-11-23T16:54:43.4267568Z #5 sha256:4836a863d60df9ca0cedad0eb5e729c4a7f755449fbfbd6d4ea6443e64c990e0 2.25MB / 118.65MB 1.4s
2025-11-23T16:54:43.5199496Z #5 sha256:4836a863d60df9ca0cedad0eb5e729c4a7f755449fbfbd6d4ea6443e64c990e0 33.71MB / 118.65MB 1.5s
2025-11-23T16:54:43.5203121Z #5 sha256:8023cb51985fccd3faa4be6340cdc75b72240277850569aa974767dda5176159 168B / 168B 1.4s done
2025-11-23T16:54:43.6208093Z #5 sha256:4836a863d60df9ca0cedad0eb5e729c4a7f755449fbfbd6d4ea6443e64c990e0 67.11MB / 118.65MB 1.6s
2025-11-23T16:54:43.8201939Z #5 sha256:4836a863d60df9ca0cedad0eb5e729c4a7f755449fbfbd6d4ea6443e64c990e0 118.65MB / 118.65MB 1.8s
2025-11-23T16:54:44.4194586Z #5 sha256:41c7cd6fb37363fd1ec16dad3463ecc5820eda12c418a82b4849604252d29b88 197.07MB / 197.07MB 2.3s done
2025-11-23T16:54:45.0032922Z #5 sha256:4836a863d60df9ca0cedad0eb5e729c4a7f755449fbfbd6d4ea6443e64c990e0 118.65MB / 118.65MB 2.9s done
2025-11-23T16:54:45.8630741Z #5 extracting sha256:5d6e107a26c2ffb6e234f04132358dea70a691a64c1152f984d2f2ba0e218c58 3.5s done
2025-11-23T16:54:45.8633044Z #5 extracting sha256:2377065f3b700cf1b5e391d26c572c8b91892dd44acd75deebdab5e403b23175
2025-11-23T16:54:46.3745882Z #5 extracting sha256:2377065f3b700cf1b5e391d26c572c8b91892dd44acd75deebdab5e403b23175 0.3s done
2025-11-23T16:54:46.9451212Z #5 extracting sha256:5ee26b7a209f9a26720207792b237af3e19c0efeed8695e1e630fcd0feef9230
2025-11-23T16:54:48.6369062Z #5 extracting sha256:5ee26b7a209f9a26720207792b237af3e19c0efeed8695e1e630fcd0feef9230 1.5s done
2025-11-23T16:54:49.1253336Z #5 extracting sha256:41c7cd6fb37363fd1ec16dad3463ecc5820eda12c418a82b4849604252d29b88
2025-11-23T16:54:53.1427512Z #5 extracting sha256:41c7cd6fb37363fd1ec16dad3463ecc5820eda12c418a82b4849604252d29b88 4.0s done
2025-11-23T16:54:55.6465515Z #5 extracting sha256:4f4fb700ef54461cfa02571ae0db9a0dc1e0cdb5577484a6d75e68dc38e8acc1
2025-11-23T16:54:55.7891203Z #5 extracting sha256:4f4fb700ef54461cfa02571ae0db9a0dc1e0cdb5577484a6d75e68dc38e8acc1 done
2025-11-23T16:54:55.7892392Z #5 extracting sha256:aede74d79976f9d1be608a1286cdb2ca61aad25185440263691db6a0880adadd 0.1s
2025-11-23T16:54:56.3710409Z #5 extracting sha256:aede74d79976f9d1be608a1286cdb2ca61aad25185440263691db6a0880adadd 0.6s done
2025-11-23T16:54:56.3712482Z #5 extracting sha256:c279a6399750ee20e802fb2c47da034ccee5eb4f3b89087f32618f10e8af074a
2025-11-23T16:54:56.4884855Z #5 extracting sha256:c279a6399750ee20e802fb2c47da034ccee5eb4f3b89087f32618f10e8af074a 0.1s done
2025-11-23T16:54:56.4885944Z #5 extracting sha256:ec0af1da0a0576de654092a28624c0565c6d854216944f18159460338af43293
2025-11-23T16:54:57.6249005Z #5 extracting sha256:ec0af1da0a0576de654092a28624c0565c6d854216944f18159460338af43293 1.0s done
2025-11-23T16:54:58.1650357Z #5 extracting sha256:351447e6e3829fac25a761f87d07dc5bfc289f38908901d05fa53aaab54dbdcd
2025-11-23T16:54:58.2822520Z #5 extracting sha256:351447e6e3829fac25a761f87d07dc5bfc289f38908901d05fa53aaab54dbdcd done
2025-11-23T16:54:58.2826062Z #5 extracting sha256:eec8099d3f58ba87e25216a07db18b5a0de40b6921ee61ea8ab9b4c29b53a12f 0.0s done
2025-11-23T16:54:58.2827280Z #5 extracting sha256:cddc70a1cccef26d55fcf9242759c41404c305acea0b4c3a30961c99846a0a55 0.0s done
2025-11-23T16:54:58.4021915Z #5 extracting sha256:36312d7930e0666f8cfc7940823ac101235e873b7cbb8b20d9481fd404095767 0.1s
2025-11-23T16:54:58.8263350Z #5 extracting sha256:36312d7930e0666f8cfc7940823ac101235e873b7cbb8b20d9481fd404095767 0.4s done
2025-11-23T16:54:58.8264638Z #5 extracting sha256:4a1fde1690fe113870084a3224c66554fc9cbd2310abb9593b0244ec21f4b76d
2025-11-23T16:54:59.0045404Z #5 extracting sha256:4a1fde1690fe113870084a3224c66554fc9cbd2310abb9593b0244ec21f4b76d done
2025-11-23T16:54:59.0050784Z #5 extracting sha256:8023cb51985fccd3faa4be6340cdc75b72240277850569aa974767dda5176159 done
2025-11-23T16:54:59.0051974Z #5 extracting sha256:4836a863d60df9ca0cedad0eb5e729c4a7f755449fbfbd6d4ea6443e64c990e0 0.1s
2025-11-23T16:55:01.8557371Z #5 extracting sha256:4836a863d60df9ca0cedad0eb5e729c4a7f755449fbfbd6d4ea6443e64c990e0 2.8s done
2025-11-23T16:55:03.1929110Z #5 DONE 21.2s
2025-11-23T16:55:03.3620770Z 
2025-11-23T16:55:03.3622604Z #6 [2/2] COPY entrypoint.sh /entrypoint.sh
2025-11-23T16:55:03.3629145Z #6 DONE 0.0s
2025-11-23T16:55:03.3629384Z 
2025-11-23T16:55:03.3629554Z #7 exporting to image
2025-11-23T16:55:03.3629915Z #7 exporting layers
2025-11-23T16:55:04.0055534Z #7 exporting layers 0.8s done
2025-11-23T16:55:04.0327232Z #7 writing image sha256:fb8e222bac741972eba2828266bb0a318961704f73ed72036ab8f21540777082 done
2025-11-23T16:55:04.0328424Z #7 naming to docker.io/library/d01a21:61f805e2d06b4c759d7f867f0cc5539c done
2025-11-23T16:55:04.0329942Z #7 DONE 0.8s
2025-11-23T16:55:04.0367071Z ##[endgroup]
2025-11-23T16:55:04.0599166Z ##[group]Run actions/checkout@v3
2025-11-23T16:55:04.0599669Z with:
2025-11-23T16:55:04.0599879Z   submodules: false
2025-11-23T16:55:04.0600074Z   lfs: false
2025-11-23T16:55:04.0600311Z   repository: aspepper/vitrine-de-craques-web-site
2025-11-23T16:55:04.0600828Z   token: ***
2025-11-23T16:55:04.0601015Z   ssh-strict: true
2025-11-23T16:55:04.0601215Z   persist-credentials: true
2025-11-23T16:55:04.0601423Z   clean: true
2025-11-23T16:55:04.0601624Z   sparse-checkout-cone-mode: true
2025-11-23T16:55:04.0601874Z   fetch-depth: 1
2025-11-23T16:55:04.0602065Z   fetch-tags: false
2025-11-23T16:55:04.0602273Z   set-safe-directory: true
2025-11-23T16:55:04.0602648Z env:
2025-11-23T16:55:04.0603360Z   DATABASE_URL: ***
2025-11-23T16:55:04.0603668Z   NEXTAUTH_URL: ***
2025-11-23T16:55:04.0603953Z   NEXTAUTH_SECRET: ***
2025-11-23T16:55:04.0604156Z   AUTH_TRUST_HOST: true
2025-11-23T16:55:04.0604352Z ##[endgroup]
2025-11-23T16:55:04.1576336Z Syncing repository: aspepper/vitrine-de-craques-web-site
2025-11-23T16:55:04.1578683Z ##[group]Getting Git version info
2025-11-23T16:55:04.1579437Z Working directory is '/home/runner/work/vitrine-de-craques-web-site/vitrine-de-craques-web-site'
2025-11-23T16:55:04.1580521Z [command]/usr/bin/git version
2025-11-23T16:55:04.1581944Z git version 2.51.2
2025-11-23T16:55:04.1583329Z ##[endgroup]
2025-11-23T16:55:04.1589162Z Temporarily overriding HOME='/home/runner/work/_temp/561331b5-22ab-49a5-b58e-9d8a0ccb72f9' before making global git config changes
2025-11-23T16:55:04.1590271Z Adding repository directory to the temporary git global config as a safe directory
2025-11-23T16:55:04.1591401Z [command]/usr/bin/git config --global --add safe.directory /home/runner/work/vitrine-de-craques-web-site/vitrine-de-craques-web-site
2025-11-23T16:55:04.1594121Z Deleting the contents of '/home/runner/work/vitrine-de-craques-web-site/vitrine-de-craques-web-site'
2025-11-23T16:55:04.1595580Z ##[group]Initializing the repository
2025-11-23T16:55:04.1596750Z [command]/usr/bin/git init /home/runner/work/vitrine-de-craques-web-site/vitrine-de-craques-web-site
2025-11-23T16:55:04.1701036Z hint: Using 'master' as the name for the initial branch. This default branch name
2025-11-23T16:55:04.1703728Z hint: is subject to change. To configure the initial branch name to use in all
2025-11-23T16:55:04.1704497Z hint: of your new repositories, which will suppress this warning, call:
2025-11-23T16:55:04.1704984Z hint:
2025-11-23T16:55:04.1705385Z hint: 	git config --global init.defaultBranch <name>
2025-11-23T16:55:04.1705770Z hint:
2025-11-23T16:55:04.1706179Z hint: Names commonly chosen instead of 'master' are 'main', 'trunk' and
2025-11-23T16:55:04.1707144Z hint: 'development'. The just-created branch can be renamed via this command:
2025-11-23T16:55:04.1707940Z hint:
2025-11-23T16:55:04.1708237Z hint: 	git branch -m <name>
2025-11-23T16:55:04.1708578Z hint:
2025-11-23T16:55:04.1709059Z hint: Disable this message with "git config set advice.defaultBranchName false"
2025-11-23T16:55:04.1710135Z Initialized empty Git repository in /home/runner/work/vitrine-de-craques-web-site/vitrine-de-craques-web-site/.git/
2025-11-23T16:55:04.1715825Z [command]/usr/bin/git remote add origin https://github.com/aspepper/vitrine-de-craques-web-site
2025-11-23T16:55:04.1747021Z ##[endgroup]
2025-11-23T16:55:04.1747973Z ##[group]Disabling automatic garbage collection
2025-11-23T16:55:04.1752967Z [command]/usr/bin/git config --local gc.auto 0
2025-11-23T16:55:04.1782642Z ##[endgroup]
2025-11-23T16:55:04.1783234Z ##[group]Setting up auth
2025-11-23T16:55:04.1787067Z [command]/usr/bin/git config --local --name-only --get-regexp core\.sshCommand
2025-11-23T16:55:04.1813845Z [command]/usr/bin/git submodule foreach --recursive sh -c "git config --local --name-only --get-regexp 'core\.sshCommand' && git config --local --unset-all 'core.sshCommand' || :"
2025-11-23T16:55:04.2126408Z [command]/usr/bin/git config --local --name-only --get-regexp http\.https\:\/\/github\.com\/\.extraheader
2025-11-23T16:55:04.2155245Z [command]/usr/bin/git submodule foreach --recursive sh -c "git config --local --name-only --get-regexp 'http\.https\:\/\/github\.com\/\.extraheader' && git config --local --unset-all 'http.https://github.com/.extraheader' || :"
2025-11-23T16:55:04.2337323Z [command]/usr/bin/git config --local http.https://github.com/.extraheader AUTHORIZATION: basic ***
2025-11-23T16:55:04.2369489Z ##[endgroup]
2025-11-23T16:55:04.2370804Z ##[group]Fetching the repository
2025-11-23T16:55:04.2379320Z [command]/usr/bin/git -c protocol.version=2 fetch --no-tags --prune --progress --no-recurse-submodules --depth=1 origin +3063d7386c023f8554ce0f9e1d776e79425a8335:refs/remotes/origin/main
2025-11-23T16:55:04.6536935Z remote: Enumerating objects: 827, done.        
2025-11-23T16:55:04.6539442Z remote: Counting objects:   0% (1/827)        
2025-11-23T16:55:04.6540357Z remote: Counting objects:   1% (9/827)        
2025-11-23T16:55:04.6541015Z remote: Counting objects:   2% (17/827)        
2025-11-23T16:55:04.6541734Z remote: Counting objects:   3% (25/827)        
2025-11-23T16:55:04.6542299Z remote: Counting objects:   4% (34/827)        
2025-11-23T16:55:04.6542785Z remote: Counting objects:   5% (42/827)        
2025-11-23T16:55:04.6543376Z remote: Counting objects:   6% (50/827)        
2025-11-23T16:55:04.6543941Z remote: Counting objects:   7% (58/827)        
2025-11-23T16:55:04.6544419Z remote: Counting objects:   8% (67/827)        
2025-11-23T16:55:04.6544956Z remote: Counting objects:   9% (75/827)        
2025-11-23T16:55:04.6545432Z remote: Counting objects:  10% (83/827)        
2025-11-23T16:55:04.6545923Z remote: Counting objects:  11% (91/827)        
2025-11-23T16:55:04.6546438Z remote: Counting objects:  12% (100/827)        
2025-11-23T16:55:04.6547016Z remote: Counting objects:  13% (108/827)        
2025-11-23T16:55:04.6547524Z remote: Counting objects:  14% (116/827)        
2025-11-23T16:55:04.6548230Z remote: Counting objects:  15% (125/827)        
2025-11-23T16:55:04.6548774Z remote: Counting objects:  16% (133/827)        
2025-11-23T16:55:04.6549285Z remote: Counting objects:  17% (141/827)        
2025-11-23T16:55:04.6549756Z remote: Counting objects:  18% (149/827)        
2025-11-23T16:55:04.6550211Z remote: Counting objects:  19% (158/827)        
2025-11-23T16:55:04.6550681Z remote: Counting objects:  20% (166/827)        
2025-11-23T16:55:04.6551133Z remote: Counting objects:  21% (174/827)        
2025-11-23T16:55:04.6551672Z remote: Counting objects:  22% (182/827)        
2025-11-23T16:55:04.6552139Z remote: Counting objects:  23% (191/827)        
2025-11-23T16:55:04.6552606Z remote: Counting objects:  24% (199/827)        
2025-11-23T16:55:04.6553065Z remote: Counting objects:  25% (207/827)        
2025-11-23T16:55:04.6553988Z remote: Counting objects:  26% (216/827)        
2025-11-23T16:55:04.6554502Z remote: Counting objects:  27% (224/827)        
2025-11-23T16:55:04.6555053Z remote: Counting objects:  28% (232/827)        
2025-11-23T16:55:04.6555579Z remote: Counting objects:  29% (240/827)        
2025-11-23T16:55:04.6558360Z remote: Counting objects:  30% (249/827)        
2025-11-23T16:55:04.6559084Z remote: Counting objects:  31% (257/827)        
2025-11-23T16:55:04.6559730Z remote: Counting objects:  32% (265/827)        
2025-11-23T16:55:04.6560267Z remote: Counting objects:  33% (273/827)        
2025-11-23T16:55:04.6560786Z remote: Counting objects:  34% (282/827)        
2025-11-23T16:55:04.6561277Z remote: Counting objects:  35% (290/827)        
2025-11-23T16:55:04.6561735Z remote: Counting objects:  36% (298/827)        
2025-11-23T16:55:04.6562201Z remote: Counting objects:  37% (306/827)        
2025-11-23T16:55:04.6562679Z remote: Counting objects:  38% (315/827)        
2025-11-23T16:55:04.6563181Z remote: Counting objects:  39% (323/827)        
2025-11-23T16:55:04.6563664Z remote: Counting objects:  40% (331/827)        
2025-11-23T16:55:04.6564118Z remote: Counting objects:  41% (340/827)        
2025-11-23T16:55:04.6564572Z remote: Counting objects:  42% (348/827)        
2025-11-23T16:55:04.6565314Z remote: Counting objects:  43% (356/827)        
2025-11-23T16:55:04.6565824Z remote: Counting objects:  44% (364/827)        
2025-11-23T16:55:04.6566338Z remote: Counting objects:  45% (373/827)        
2025-11-23T16:55:04.6566792Z remote: Counting objects:  46% (381/827)        
2025-11-23T16:55:04.6567262Z remote: Counting objects:  47% (389/827)        
2025-11-23T16:55:04.6567885Z remote: Counting objects:  48% (397/827)        
2025-11-23T16:55:04.6568376Z remote: Counting objects:  49% (406/827)        
2025-11-23T16:55:04.6568851Z remote: Counting objects:  50% (414/827)        
2025-11-23T16:55:04.6569351Z remote: Counting objects:  51% (422/827)        
2025-11-23T16:55:04.6569859Z remote: Counting objects:  52% (431/827)        
2025-11-23T16:55:04.6570352Z remote: Counting objects:  53% (439/827)        
2025-11-23T16:55:04.6570834Z remote: Counting objects:  54% (447/827)        
2025-11-23T16:55:04.6571320Z remote: Counting objects:  55% (455/827)        
2025-11-23T16:55:04.6571792Z remote: Counting objects:  56% (464/827)        
2025-11-23T16:55:04.6608140Z remote: Counting objects:  57% (472/827)        
2025-11-23T16:55:04.6609780Z remote: Counting objects:  58% (480/827)        
2025-11-23T16:55:04.6611110Z remote: Counting objects:  59% (488/827)        
2025-11-23T16:55:04.6620961Z remote: Counting objects:  60% (497/827)        
2025-11-23T16:55:04.6621527Z remote: Counting objects:  61% (505/827)        
2025-11-23T16:55:04.6622051Z remote: Counting objects:  62% (513/827)        
2025-11-23T16:55:04.6622583Z remote: Counting objects:  63% (522/827)        
2025-11-23T16:55:04.6623124Z remote: Counting objects:  64% (530/827)        
2025-11-23T16:55:04.6623693Z remote: Counting objects:  65% (538/827)        
2025-11-23T16:55:04.6624224Z remote: Counting objects:  66% (546/827)        
2025-11-23T16:55:04.6624745Z remote: Counting objects:  67% (555/827)        
2025-11-23T16:55:04.6625240Z remote: Counting objects:  68% (563/827)        
2025-11-23T16:55:04.6625704Z remote: Counting objects:  69% (571/827)        
2025-11-23T16:55:04.6626192Z remote: Counting objects:  70% (579/827)        
2025-11-23T16:55:04.6626681Z remote: Counting objects:  71% (588/827)        
2025-11-23T16:55:04.6627217Z remote: Counting objects:  72% (596/827)        
2025-11-23T16:55:04.6627871Z remote: Counting objects:  73% (604/827)        
2025-11-23T16:55:04.6628376Z remote: Counting objects:  74% (612/827)        
2025-11-23T16:55:04.6628882Z remote: Counting objects:  75% (621/827)        
2025-11-23T16:55:04.6629388Z remote: Counting objects:  76% (629/827)        
2025-11-23T16:55:04.6629920Z remote: Counting objects:  77% (637/827)        
2025-11-23T16:55:04.6631026Z remote: Counting objects:  78% (646/827)        
2025-11-23T16:55:04.6631547Z remote: Counting objects:  79% (654/827)        
2025-11-23T16:55:04.6632057Z remote: Counting objects:  80% (662/827)        
2025-11-23T16:55:04.6632553Z remote: Counting objects:  81% (670/827)        
2025-11-23T16:55:04.6633101Z remote: Counting objects:  82% (679/827)        
2025-11-23T16:55:04.6633616Z remote: Counting objects:  83% (687/827)        
2025-11-23T16:55:04.6634112Z remote: Counting objects:  84% (695/827)        
2025-11-23T16:55:04.6634641Z remote: Counting objects:  85% (703/827)        
2025-11-23T16:55:04.6635175Z remote: Counting objects:  86% (712/827)        
2025-11-23T16:55:04.6635717Z remote: Counting objects:  87% (720/827)        
2025-11-23T16:55:04.6636234Z remote: Counting objects:  88% (728/827)        
2025-11-23T16:55:04.6636771Z remote: Counting objects:  89% (737/827)        
2025-11-23T16:55:04.6637299Z remote: Counting objects:  90% (745/827)        
2025-11-23T16:55:04.6642529Z remote: Counting objects:  91% (753/827)        
2025-11-23T16:55:04.6643146Z remote: Counting objects:  92% (761/827)        
2025-11-23T16:55:04.6643684Z remote: Counting objects:  93% (770/827)        
2025-11-23T16:55:04.6644226Z remote: Counting objects:  94% (778/827)        
2025-11-23T16:55:04.6645022Z remote: Counting objects:  95% (786/827)        
2025-11-23T16:55:04.6645563Z remote: Counting objects:  96% (794/827)        
2025-11-23T16:55:04.6646084Z remote: Counting objects:  97% (803/827)        
2025-11-23T16:55:04.6646616Z remote: Counting objects:  98% (811/827)        
2025-11-23T16:55:04.6647144Z remote: Counting objects:  99% (819/827)        
2025-11-23T16:55:04.6647773Z remote: Counting objects: 100% (827/827)        
2025-11-23T16:55:04.6648289Z remote: Counting objects: 100% (827/827), done.        
2025-11-23T16:55:04.6648853Z remote: Compressing objects:   0% (1/664)        
2025-11-23T16:55:04.6649379Z remote: Compressing objects:   1% (7/664)        
2025-11-23T16:55:04.6649916Z remote: Compressing objects:   2% (14/664)        
2025-11-23T16:55:04.6650507Z remote: Compressing objects:   3% (20/664)        
2025-11-23T16:55:04.6651056Z remote: Compressing objects:   4% (27/664)        
2025-11-23T16:55:04.6651670Z remote: Compressing objects:   5% (34/664)        
2025-11-23T16:55:04.6652310Z remote: Compressing objects:   6% (40/664)        
2025-11-23T16:55:04.6652895Z remote: Compressing objects:   7% (47/664)        
2025-11-23T16:55:04.6709855Z remote: Compressing objects:   8% (54/664)        
2025-11-23T16:55:04.6710506Z remote: Compressing objects:   9% (60/664)        
2025-11-23T16:55:04.6711034Z remote: Compressing objects:  10% (67/664)        
2025-11-23T16:55:04.6711548Z remote: Compressing objects:  11% (74/664)        
2025-11-23T16:55:04.6712074Z remote: Compressing objects:  12% (80/664)        
2025-11-23T16:55:04.6712610Z remote: Compressing objects:  13% (87/664)        
2025-11-23T16:55:04.6713130Z remote: Compressing objects:  14% (93/664)        
2025-11-23T16:55:04.6728593Z remote: Compressing objects:  15% (100/664)        
2025-11-23T16:55:04.6731857Z remote: Compressing objects:  16% (107/664)        
2025-11-23T16:55:04.6732459Z remote: Compressing objects:  17% (113/664)        
2025-11-23T16:55:04.6733034Z remote: Compressing objects:  18% (120/664)        
2025-11-23T16:55:04.6733618Z remote: Compressing objects:  19% (127/664)        
2025-11-23T16:55:04.7109416Z remote: Compressing objects:  20% (133/664)        
2025-11-23T16:55:04.7111071Z remote: Compressing objects:  21% (140/664)        
2025-11-23T16:55:04.7111646Z remote: Compressing objects:  22% (147/664)        
2025-11-23T16:55:04.7112222Z remote: Compressing objects:  23% (153/664)        
2025-11-23T16:55:04.7112755Z remote: Compressing objects:  24% (160/664)        
2025-11-23T16:55:04.7113315Z remote: Compressing objects:  25% (166/664)        
2025-11-23T16:55:04.7113794Z remote: Compressing objects:  26% (173/664)        
2025-11-23T16:55:04.7114275Z remote: Compressing objects:  27% (180/664)        
2025-11-23T16:55:04.7115162Z remote: Compressing objects:  28% (186/664)        
2025-11-23T16:55:04.7115665Z remote: Compressing objects:  29% (193/664)        
2025-11-23T16:55:04.7116186Z remote: Compressing objects:  30% (200/664)        
2025-11-23T16:55:04.7116737Z remote: Compressing objects:  31% (206/664)        
2025-11-23T16:55:04.7117265Z remote: Compressing objects:  32% (213/664)        
2025-11-23T16:55:04.7117964Z remote: Compressing objects:  33% (220/664)        
2025-11-23T16:55:04.7118490Z remote: Compressing objects:  34% (226/664)        
2025-11-23T16:55:04.7119027Z remote: Compressing objects:  35% (233/664)        
2025-11-23T16:55:04.7235793Z remote: Compressing objects:  36% (240/664)        
2025-11-23T16:55:04.7498752Z remote: Compressing objects:  37% (246/664)        
2025-11-23T16:55:04.7747546Z remote: Compressing objects:  38% (253/664)        
2025-11-23T16:55:04.8187427Z remote: Compressing objects:  39% (259/664)        
2025-11-23T16:55:04.8189537Z remote: Compressing objects:  40% (266/664)        
2025-11-23T16:55:04.8190657Z remote: Compressing objects:  41% (273/664)        
2025-11-23T16:55:04.8191825Z remote: Compressing objects:  42% (279/664)        
2025-11-23T16:55:04.8192509Z remote: Compressing objects:  43% (286/664)        
2025-11-23T16:55:04.8193554Z remote: Compressing objects:  44% (293/664)        
2025-11-23T16:55:04.8194167Z remote: Compressing objects:  45% (299/664)        
2025-11-23T16:55:04.8194737Z remote: Compressing objects:  46% (306/664)        
2025-11-23T16:55:04.8196077Z remote: Compressing objects:  47% (313/664)        
2025-11-23T16:55:04.8196693Z remote: Compressing objects:  48% (319/664)        
2025-11-23T16:55:04.8197327Z remote: Compressing objects:  49% (326/664)        
2025-11-23T16:55:04.8198119Z remote: Compressing objects:  50% (332/664)        
2025-11-23T16:55:04.8198735Z remote: Compressing objects:  51% (339/664)        
2025-11-23T16:55:04.8199500Z remote: Compressing objects:  52% (346/664)        
2025-11-23T16:55:04.8199989Z remote: Compressing objects:  53% (352/664)        
2025-11-23T16:55:04.8200471Z remote: Compressing objects:  54% (359/664)        
2025-11-23T16:55:04.8201131Z remote: Compressing objects:  55% (366/664)        
2025-11-23T16:55:04.8201595Z remote: Compressing objects:  56% (372/664)        
2025-11-23T16:55:04.8202101Z remote: Compressing objects:  57% (379/664)        
2025-11-23T16:55:04.8202584Z remote: Compressing objects:  58% (386/664)        
2025-11-23T16:55:04.8203051Z remote: Compressing objects:  59% (392/664)        
2025-11-23T16:55:04.8203330Z remote: Compressing objects:  60% (399/664)        
2025-11-23T16:55:04.8203614Z remote: Compressing objects:  61% (406/664)        
2025-11-23T16:55:04.8203896Z remote: Compressing objects:  62% (412/664)        
2025-11-23T16:55:04.8204471Z remote: Compressing objects:  63% (419/664)        
2025-11-23T16:55:04.8204953Z remote: Compressing objects:  64% (425/664)        
2025-11-23T16:55:04.8205500Z remote: Compressing objects:  65% (432/664)        
2025-11-23T16:55:04.8206045Z remote: Compressing objects:  66% (439/664)        
2025-11-23T16:55:04.8206706Z remote: Compressing objects:  67% (445/664)        
2025-11-23T16:55:04.8207275Z remote: Compressing objects:  68% (452/664)        
2025-11-23T16:55:04.8208011Z remote: Compressing objects:  69% (459/664)        
2025-11-23T16:55:04.8208593Z remote: Compressing objects:  70% (465/664)        
2025-11-23T16:55:04.8209151Z remote: Compressing objects:  71% (472/664)        
2025-11-23T16:55:04.8209652Z remote: Compressing objects:  72% (479/664)        
2025-11-23T16:55:04.8210145Z remote: Compressing objects:  73% (485/664)        
2025-11-23T16:55:04.8210785Z remote: Compressing objects:  74% (492/664)        
2025-11-23T16:55:04.8211356Z remote: Compressing objects:  75% (498/664)        
2025-11-23T16:55:04.8211870Z remote: Compressing objects:  76% (505/664)        
2025-11-23T16:55:04.8212366Z remote: Compressing objects:  77% (512/664)        
2025-11-23T16:55:04.8213092Z remote: Compressing objects:  78% (518/664)        
2025-11-23T16:55:04.8213580Z remote: Compressing objects:  79% (525/664)        
2025-11-23T16:55:04.8214082Z remote: Compressing objects:  80% (532/664)        
2025-11-23T16:55:04.8214581Z remote: Compressing objects:  81% (538/664)        
2025-11-23T16:55:04.8215092Z remote: Compressing objects:  82% (545/664)        
2025-11-23T16:55:04.8215596Z remote: Compressing objects:  83% (552/664)        
2025-11-23T16:55:04.8216098Z remote: Compressing objects:  84% (558/664)        
2025-11-23T16:55:04.8216568Z remote: Compressing objects:  85% (565/664)        
2025-11-23T16:55:04.8216918Z remote: Compressing objects:  86% (572/664)        
2025-11-23T16:55:04.8217196Z remote: Compressing objects:  87% (578/664)        
2025-11-23T16:55:04.8217470Z remote: Compressing objects:  88% (585/664)        
2025-11-23T16:55:04.8217940Z remote: Compressing objects:  89% (591/664)        
2025-11-23T16:55:04.8218232Z remote: Compressing objects:  90% (598/664)        
2025-11-23T16:55:04.8218822Z remote: Compressing objects:  91% (605/664)        
2025-11-23T16:55:04.8219379Z remote: Compressing objects:  92% (611/664)        
2025-11-23T16:55:04.8219818Z remote: Compressing objects:  93% (618/664)        
2025-11-23T16:55:04.8220616Z remote: Compressing objects:  94% (625/664)        
2025-11-23T16:55:04.8221484Z remote: Compressing objects:  95% (631/664)        
2025-11-23T16:55:04.8221978Z remote: Compressing objects:  96% (638/664)        
2025-11-23T16:55:04.8222405Z remote: Compressing objects:  97% (645/664)        
2025-11-23T16:55:04.8222844Z remote: Compressing objects:  98% (651/664)        
2025-11-23T16:55:04.8223265Z remote: Compressing objects:  99% (658/664)        
2025-11-23T16:55:04.8223694Z remote: Compressing objects: 100% (664/664)        
2025-11-23T16:55:04.8224191Z remote: Compressing objects: 100% (664/664), done.        
2025-11-23T16:55:04.8263449Z Receiving objects:   0% (1/827)
2025-11-23T16:55:04.8312692Z Receiving objects:   1% (9/827)
2025-11-23T16:55:04.8766993Z Receiving objects:   2% (17/827)
2025-11-23T16:55:04.8771640Z Receiving objects:   3% (25/827)
2025-11-23T16:55:04.8775343Z Receiving objects:   4% (34/827)
2025-11-23T16:55:04.8777548Z Receiving objects:   5% (42/827)
2025-11-23T16:55:04.8780137Z Receiving objects:   6% (50/827)
2025-11-23T16:55:04.8782481Z Receiving objects:   7% (58/827)
2025-11-23T16:55:04.8784862Z Receiving objects:   8% (67/827)
2025-11-23T16:55:04.8799718Z Receiving objects:   9% (75/827)
2025-11-23T16:55:04.8801863Z Receiving objects:  10% (83/827)
2025-11-23T16:55:04.8883205Z Receiving objects:  11% (91/827)
2025-11-23T16:55:04.8885857Z Receiving objects:  12% (100/827)
2025-11-23T16:55:04.8886480Z Receiving objects:  13% (108/827)
2025-11-23T16:55:04.9338061Z Receiving objects:  14% (116/827)
2025-11-23T16:55:04.9943015Z Receiving objects:  15% (125/827)
2025-11-23T16:55:04.9945355Z Receiving objects:  16% (133/827)
2025-11-23T16:55:04.9946772Z Receiving objects:  17% (141/827)
2025-11-23T16:55:04.9955777Z Receiving objects:  18% (149/827)
2025-11-23T16:55:04.9960188Z Receiving objects:  19% (158/827)
2025-11-23T16:55:04.9963845Z Receiving objects:  20% (166/827)
2025-11-23T16:55:04.9966881Z Receiving objects:  21% (174/827)
2025-11-23T16:55:04.9969279Z Receiving objects:  22% (182/827)
2025-11-23T16:55:04.9971675Z Receiving objects:  23% (191/827)
2025-11-23T16:55:04.9973075Z Receiving objects:  24% (199/827)
2025-11-23T16:55:04.9973695Z Receiving objects:  25% (207/827)
2025-11-23T16:55:04.9974996Z Receiving objects:  26% (216/827)
2025-11-23T16:55:04.9976112Z Receiving objects:  27% (224/827)
2025-11-23T16:55:04.9977295Z Receiving objects:  28% (232/827)
2025-11-23T16:55:04.9977952Z Receiving objects:  29% (240/827)
2025-11-23T16:55:04.9979223Z Receiving objects:  30% (249/827)
2025-11-23T16:55:04.9982295Z Receiving objects:  31% (257/827)
2025-11-23T16:55:04.9983484Z Receiving objects:  32% (265/827)
2025-11-23T16:55:04.9985229Z Receiving objects:  33% (273/827)
2025-11-23T16:55:04.9986451Z Receiving objects:  34% (282/827)
2025-11-23T16:55:04.9991307Z Receiving objects:  35% (290/827)
2025-11-23T16:55:04.9994296Z Receiving objects:  36% (298/827)
2025-11-23T16:55:04.9996568Z Receiving objects:  37% (306/827)
2025-11-23T16:55:04.9999041Z Receiving objects:  38% (315/827)
2025-11-23T16:55:05.0003526Z Receiving objects:  39% (323/827)
2025-11-23T16:55:05.0033611Z Receiving objects:  40% (331/827)
2025-11-23T16:55:05.0037930Z Receiving objects:  41% (340/827)
2025-11-23T16:55:05.0043633Z Receiving objects:  42% (348/827)
2025-11-23T16:55:05.0492432Z Receiving objects:  43% (356/827)
2025-11-23T16:55:05.0518489Z Receiving objects:  44% (364/827)
2025-11-23T16:55:05.0519026Z Receiving objects:  45% (373/827)
2025-11-23T16:55:05.0519482Z Receiving objects:  46% (381/827)
2025-11-23T16:55:05.0519914Z Receiving objects:  47% (389/827)
2025-11-23T16:55:05.0525180Z Receiving objects:  48% (397/827)
2025-11-23T16:55:05.0554236Z Receiving objects:  49% (406/827)
2025-11-23T16:55:05.3310598Z Receiving objects:  50% (414/827)
2025-11-23T16:55:05.3370440Z Receiving objects:  51% (422/827), 12.89 MiB | 25.77 MiB/s
2025-11-23T16:55:05.8255079Z Receiving objects:  52% (431/827), 12.89 MiB | 25.77 MiB/s
2025-11-23T16:55:06.8269480Z Receiving objects:  52% (434/827), 44.40 MiB | 44.40 MiB/s
2025-11-23T16:55:06.9953738Z Receiving objects:  52% (435/827), 110.27 MiB | 55.11 MiB/s
2025-11-23T16:55:07.0738481Z Receiving objects:  53% (439/827), 110.27 MiB | 55.11 MiB/s
2025-11-23T16:55:07.0896279Z Receiving objects:  54% (447/827), 110.27 MiB | 55.11 MiB/s
2025-11-23T16:55:07.1928524Z Receiving objects:  55% (455/827), 110.27 MiB | 55.11 MiB/s
2025-11-23T16:55:07.3625894Z Receiving objects:  56% (464/827), 110.27 MiB | 55.11 MiB/s
2025-11-23T16:55:07.5333146Z Receiving objects:  57% (472/827), 140.45 MiB | 56.15 MiB/s
2025-11-23T16:55:07.5762531Z Receiving objects:  58% (480/827), 140.45 MiB | 56.15 MiB/s
2025-11-23T16:55:07.5958219Z Receiving objects:  59% (488/827), 140.45 MiB | 56.15 MiB/s
2025-11-23T16:55:07.6271317Z Receiving objects:  60% (497/827), 140.45 MiB | 56.15 MiB/s
2025-11-23T16:55:07.6525254Z Receiving objects:  61% (505/827), 140.45 MiB | 56.15 MiB/s
2025-11-23T16:55:07.6545739Z Receiving objects:  62% (513/827), 140.45 MiB | 56.15 MiB/s
2025-11-23T16:55:07.8292986Z Receiving objects:  63% (522/827), 140.45 MiB | 56.15 MiB/s
2025-11-23T16:55:07.8624738Z Receiving objects:  63% (528/827), 170.62 MiB | 56.85 MiB/s
2025-11-23T16:55:07.9327004Z Receiving objects:  64% (530/827), 170.62 MiB | 56.85 MiB/s
2025-11-23T16:55:07.9636304Z Receiving objects:  65% (538/827), 170.62 MiB | 56.85 MiB/s
2025-11-23T16:55:08.0585773Z Receiving objects:  66% (546/827), 170.62 MiB | 56.85 MiB/s
2025-11-23T16:55:08.0794664Z Receiving objects:  67% (555/827), 170.62 MiB | 56.85 MiB/s
2025-11-23T16:55:08.0799655Z Receiving objects:  68% (563/827), 170.62 MiB | 56.85 MiB/s
2025-11-23T16:55:08.0921082Z Receiving objects:  69% (571/827), 170.62 MiB | 56.85 MiB/s
2025-11-23T16:55:08.2063493Z Receiving objects:  70% (579/827), 170.62 MiB | 56.85 MiB/s
2025-11-23T16:55:08.2845130Z Receiving objects:  71% (588/827), 170.62 MiB | 56.85 MiB/s
2025-11-23T16:55:08.2848855Z Receiving objects:  72% (596/827), 170.62 MiB | 56.85 MiB/s
2025-11-23T16:55:08.3098948Z Receiving objects:  73% (604/827), 170.62 MiB | 56.85 MiB/s
2025-11-23T16:55:08.3554698Z Receiving objects:  74% (612/827), 170.62 MiB | 56.85 MiB/s
2025-11-23T16:55:08.3558850Z Receiving objects:  75% (621/827), 198.85 MiB | 56.80 MiB/s
2025-11-23T16:55:08.3559518Z Receiving objects:  76% (629/827), 198.85 MiB | 56.80 MiB/s
2025-11-23T16:55:08.3725206Z Receiving objects:  77% (637/827), 198.85 MiB | 56.80 MiB/s
2025-11-23T16:55:08.4045405Z Receiving objects:  78% (646/827), 198.85 MiB | 56.80 MiB/s
2025-11-23T16:55:08.4403744Z Receiving objects:  79% (654/827), 198.85 MiB | 56.80 MiB/s
2025-11-23T16:55:08.4506870Z Receiving objects:  80% (662/827), 198.85 MiB | 56.80 MiB/s
2025-11-23T16:55:08.4540869Z Receiving objects:  81% (670/827), 198.85 MiB | 56.80 MiB/s
2025-11-23T16:55:08.4541804Z Receiving objects:  82% (679/827), 198.85 MiB | 56.80 MiB/s
2025-11-23T16:55:08.4581802Z Receiving objects:  83% (687/827), 198.85 MiB | 56.80 MiB/s
2025-11-23T16:55:08.4588998Z Receiving objects:  84% (695/827), 198.85 MiB | 56.80 MiB/s
2025-11-23T16:55:08.4592156Z Receiving objects:  85% (703/827), 198.85 MiB | 56.80 MiB/s
2025-11-23T16:55:08.4595443Z Receiving objects:  86% (712/827), 198.85 MiB | 56.80 MiB/s
2025-11-23T16:55:08.4599267Z Receiving objects:  87% (720/827), 198.85 MiB | 56.80 MiB/s
2025-11-23T16:55:08.4632828Z Receiving objects:  88% (728/827), 198.85 MiB | 56.80 MiB/s
2025-11-23T16:55:08.4634290Z Receiving objects:  89% (737/827), 198.85 MiB | 56.80 MiB/s
2025-11-23T16:55:08.4640592Z Receiving objects:  90% (745/827), 198.85 MiB | 56.80 MiB/s
2025-11-23T16:55:08.4659576Z Receiving objects:  91% (753/827), 198.85 MiB | 56.80 MiB/s
2025-11-23T16:55:08.4661241Z Receiving objects:  92% (761/827), 198.85 MiB | 56.80 MiB/s
2025-11-23T16:55:08.4666281Z Receiving objects:  93% (770/827), 198.85 MiB | 56.80 MiB/s
2025-11-23T16:55:08.4676424Z Receiving objects:  94% (778/827), 198.85 MiB | 56.80 MiB/s
2025-11-23T16:55:08.4683213Z Receiving objects:  95% (786/827), 198.85 MiB | 56.80 MiB/s
2025-11-23T16:55:08.4971504Z Receiving objects:  96% (794/827), 198.85 MiB | 56.80 MiB/s
2025-11-23T16:55:08.4972612Z remote: Total 827 (delta 100), reused 673 (delta 67), pack-reused 0 (from 0)        
2025-11-23T16:55:08.4994208Z Receiving objects:  97% (803/827), 198.85 MiB | 56.80 MiB/s
2025-11-23T16:55:08.5002585Z Receiving objects:  98% (811/827), 198.85 MiB | 56.80 MiB/s
2025-11-23T16:55:08.5003338Z Receiving objects:  99% (819/827), 198.85 MiB | 56.80 MiB/s
2025-11-23T16:55:08.5003967Z Receiving objects: 100% (827/827), 198.85 MiB | 56.80 MiB/s
2025-11-23T16:55:08.5004646Z Receiving objects: 100% (827/827), 207.82 MiB | 56.58 MiB/s, done.
2025-11-23T16:55:08.5005218Z Resolving deltas:   0% (0/100)
2025-11-23T16:55:08.5005631Z Resolving deltas:   1% (1/100)
2025-11-23T16:55:08.5006071Z Resolving deltas:   2% (2/100)
2025-11-23T16:55:08.5006486Z Resolving deltas:   3% (3/100)
2025-11-23T16:55:08.5006892Z Resolving deltas:   4% (4/100)
2025-11-23T16:55:08.5007290Z Resolving deltas:   5% (5/100)
2025-11-23T16:55:08.5007895Z Resolving deltas:   6% (6/100)
2025-11-23T16:55:08.5008318Z Resolving deltas:   7% (7/100)
2025-11-23T16:55:08.5008741Z Resolving deltas:   8% (8/100)
2025-11-23T16:55:08.5009135Z Resolving deltas:   9% (9/100)
2025-11-23T16:55:08.5009541Z Resolving deltas:  10% (10/100)
2025-11-23T16:55:08.5009952Z Resolving deltas:  11% (11/100)
2025-11-23T16:55:08.5010354Z Resolving deltas:  12% (12/100)
2025-11-23T16:55:08.5022964Z Resolving deltas:  13% (13/100)
2025-11-23T16:55:08.5023609Z Resolving deltas:  14% (14/100)
2025-11-23T16:55:08.5023989Z Resolving deltas:  15% (15/100)
2025-11-23T16:55:08.5024373Z Resolving deltas:  16% (16/100)
2025-11-23T16:55:08.5024753Z Resolving deltas:  17% (17/100)
2025-11-23T16:55:08.5025131Z Resolving deltas:  18% (18/100)
2025-11-23T16:55:08.5025506Z Resolving deltas:  19% (19/100)
2025-11-23T16:55:08.5025894Z Resolving deltas:  20% (20/100)
2025-11-23T16:55:08.5026268Z Resolving deltas:  21% (21/100)
2025-11-23T16:55:08.5026632Z Resolving deltas:  22% (22/100)
2025-11-23T16:55:08.5027020Z Resolving deltas:  23% (23/100)
2025-11-23T16:55:08.5027416Z Resolving deltas:  24% (24/100)
2025-11-23T16:55:08.5027986Z Resolving deltas:  25% (25/100)
2025-11-23T16:55:08.5028431Z Resolving deltas:  26% (26/100)
2025-11-23T16:55:08.5028807Z Resolving deltas:  27% (27/100)
2025-11-23T16:55:08.5029203Z Resolving deltas:  28% (28/100)
2025-11-23T16:55:08.5029598Z Resolving deltas:  29% (29/100)
2025-11-23T16:55:08.5029998Z Resolving deltas:  30% (30/100)
2025-11-23T16:55:08.5030398Z Resolving deltas:  31% (31/100)
2025-11-23T16:55:08.5030808Z Resolving deltas:  32% (32/100)
2025-11-23T16:55:08.5031170Z Resolving deltas:  33% (33/100)
2025-11-23T16:55:08.5031545Z Resolving deltas:  34% (34/100)
2025-11-23T16:55:08.5031924Z Resolving deltas:  35% (35/100)
2025-11-23T16:55:08.5032308Z Resolving deltas:  36% (36/100)
2025-11-23T16:55:08.5032955Z Resolving deltas:  37% (37/100)
2025-11-23T16:55:08.5033345Z Resolving deltas:  38% (38/100)
2025-11-23T16:55:08.5037998Z Resolving deltas:  39% (39/100)
2025-11-23T16:55:08.5038417Z Resolving deltas:  41% (41/100)
2025-11-23T16:55:08.5040532Z Resolving deltas:  42% (42/100)
2025-11-23T16:55:08.5409370Z Resolving deltas:  43% (43/100)
2025-11-23T16:55:08.5485935Z Resolving deltas:  44% (44/100)
2025-11-23T16:55:08.5568316Z Resolving deltas:  45% (45/100)
2025-11-23T16:55:08.5680536Z Resolving deltas:  46% (46/100)
2025-11-23T16:55:08.5725235Z Resolving deltas:  47% (47/100)
2025-11-23T16:55:08.5770257Z Resolving deltas:  48% (48/100)
2025-11-23T16:55:08.5886217Z Resolving deltas:  49% (49/100)
2025-11-23T16:55:08.5896317Z Resolving deltas:  50% (50/100)
2025-11-23T16:55:08.5970811Z Resolving deltas:  51% (51/100)
2025-11-23T16:55:08.6015710Z Resolving deltas:  52% (52/100)
2025-11-23T16:55:08.6088036Z Resolving deltas:  53% (53/100)
2025-11-23T16:55:08.6387027Z Resolving deltas:  54% (54/100)
2025-11-23T16:55:08.6450300Z Resolving deltas:  55% (55/100)
2025-11-23T16:55:08.6459564Z Resolving deltas:  56% (56/100)
2025-11-23T16:55:08.6480957Z Resolving deltas:  57% (57/100)
2025-11-23T16:55:08.6700553Z Resolving deltas:  58% (58/100)
2025-11-23T16:55:08.6731325Z Resolving deltas:  59% (59/100)
2025-11-23T16:55:08.6800855Z Resolving deltas:  60% (60/100)
2025-11-23T16:55:08.6801353Z Resolving deltas:  61% (61/100)
2025-11-23T16:55:08.6801795Z Resolving deltas:  62% (62/100)
2025-11-23T16:55:08.6802230Z Resolving deltas:  63% (63/100)
2025-11-23T16:55:08.6802662Z Resolving deltas:  64% (64/100)
2025-11-23T16:55:08.6831414Z Resolving deltas:  65% (65/100)
2025-11-23T16:55:08.6837042Z Resolving deltas:  66% (66/100)
2025-11-23T16:55:08.6853696Z Resolving deltas:  67% (67/100)
2025-11-23T16:55:08.6868619Z Resolving deltas:  68% (68/100)
2025-11-23T16:55:08.6899514Z Resolving deltas:  69% (69/100)
2025-11-23T16:55:08.6899992Z Resolving deltas:  70% (70/100)
2025-11-23T16:55:08.6900458Z Resolving deltas:  71% (71/100)
2025-11-23T16:55:08.6901046Z Resolving deltas:  72% (72/100)
2025-11-23T16:55:08.6914414Z Resolving deltas:  73% (73/100)
2025-11-23T16:55:08.6928227Z Resolving deltas:  74% (74/100)
2025-11-23T16:55:08.6932924Z Resolving deltas:  75% (75/100)
2025-11-23T16:55:08.6939898Z Resolving deltas:  76% (76/100)
2025-11-23T16:55:08.6949821Z Resolving deltas:  77% (77/100)
2025-11-23T16:55:08.6963114Z Resolving deltas:  78% (78/100)
2025-11-23T16:55:08.6966894Z Resolving deltas:  79% (79/100)
2025-11-23T16:55:08.6983013Z Resolving deltas:  80% (80/100)
2025-11-23T16:55:08.6988655Z Resolving deltas:  81% (81/100)
2025-11-23T16:55:08.7008157Z Resolving deltas:  82% (82/100)
2025-11-23T16:55:08.7008916Z Resolving deltas:  83% (83/100)
2025-11-23T16:55:08.7025856Z Resolving deltas:  84% (84/100)
2025-11-23T16:55:08.7030985Z Resolving deltas:  85% (85/100)
2025-11-23T16:55:08.7048446Z Resolving deltas:  86% (86/100)
2025-11-23T16:55:08.7062055Z Resolving deltas:  87% (87/100)
2025-11-23T16:55:08.7069515Z Resolving deltas:  88% (88/100)
2025-11-23T16:55:08.7078360Z Resolving deltas:  89% (89/100)
2025-11-23T16:55:08.7093850Z Resolving deltas:  90% (90/100)
2025-11-23T16:55:08.7119176Z Resolving deltas:  91% (91/100)
2025-11-23T16:55:08.7119857Z Resolving deltas:  92% (92/100)
2025-11-23T16:55:08.7120384Z Resolving deltas:  93% (93/100)
2025-11-23T16:55:08.7129471Z Resolving deltas:  94% (94/100)
2025-11-23T16:55:08.7130819Z Resolving deltas:  95% (95/100)
2025-11-23T16:55:08.7131791Z Resolving deltas:  96% (96/100)
2025-11-23T16:55:08.7133269Z Resolving deltas:  97% (97/100)
2025-11-23T16:55:08.7133592Z Resolving deltas:  98% (98/100)
2025-11-23T16:55:08.7140036Z Resolving deltas:  99% (99/100)
2025-11-23T16:55:08.7142735Z Resolving deltas: 100% (100/100)
2025-11-23T16:55:08.7143237Z Resolving deltas: 100% (100/100), done.
2025-11-23T16:55:09.4801082Z From https://github.com/aspepper/vitrine-de-craques-web-site
2025-11-23T16:55:09.4801807Z  * [new ref]         3063d7386c023f8554ce0f9e1d776e79425a8335 -> origin/main
2025-11-23T16:55:09.4832471Z ##[endgroup]
2025-11-23T16:55:09.4833015Z ##[group]Determining the checkout info
2025-11-23T16:55:09.4833607Z ##[endgroup]
2025-11-23T16:55:09.4834332Z ##[group]Checking out the ref
2025-11-23T16:55:09.4838530Z [command]/usr/bin/git checkout --progress --force -B main refs/remotes/origin/main
2025-11-23T16:55:10.1488961Z Switched to a new branch 'main'
2025-11-23T16:55:10.1493589Z branch 'main' set up to track 'origin/main'.
2025-11-23T16:55:10.1538896Z ##[endgroup]
2025-11-23T16:55:10.1581077Z [command]/usr/bin/git log -1 --format='%H'
2025-11-23T16:55:10.1595766Z '3063d7386c023f8554ce0f9e1d776e79425a8335'
2025-11-23T16:55:10.1781348Z ##[group]Run actions/setup-node@v4
2025-11-23T16:55:10.1781603Z with:
2025-11-23T16:55:10.1781771Z   node-version: 20
2025-11-23T16:55:10.1781956Z   cache: npm
2025-11-23T16:55:10.1782133Z   always-auth: false
2025-11-23T16:55:10.1782322Z   check-latest: false
2025-11-23T16:55:10.1782638Z   token: ***
2025-11-23T16:55:10.1782818Z env:
2025-11-23T16:55:10.1783459Z   DATABASE_URL: ***
2025-11-23T16:55:10.1783742Z   NEXTAUTH_URL: ***
2025-11-23T16:55:10.1784023Z   NEXTAUTH_SECRET: ***
2025-11-23T16:55:10.1784219Z   AUTH_TRUST_HOST: true
2025-11-23T16:55:10.1784410Z ##[endgroup]
2025-11-23T16:55:10.3503097Z Found in cache @ /opt/hostedtoolcache/node/20.19.5/x64
2025-11-23T16:55:10.3509189Z ##[group]Environment details
2025-11-23T16:55:10.7829209Z node: v20.19.5
2025-11-23T16:55:10.7830488Z npm: 10.8.2
2025-11-23T16:55:10.7831505Z yarn: 1.22.22
2025-11-23T16:55:10.7833070Z ##[endgroup]
2025-11-23T16:55:10.7855673Z [command]/opt/hostedtoolcache/node/20.19.5/x64/bin/npm config get cache
2025-11-23T16:55:11.0895958Z /home/runner/.npm
2025-11-23T16:55:11.3772694Z Cache hit for: node-cache-Linux-x64-npm-7a37f00dbb49b213ff9469b7d87cb9481db306262f95e4f112cc6aec83ba8a27
2025-11-23T16:55:12.6418349Z Received 25165824 of 256886524 (9.8%), 24.0 MBs/sec
2025-11-23T16:55:13.6418142Z Received 134217728 of 256886524 (52.2%), 64.0 MBs/sec
2025-11-23T16:55:14.4434002Z Received 256886524 of 256886524 (100.0%), 87.4 MBs/sec
2025-11-23T16:55:14.4435852Z Cache Size: ~245 MB (256886524 B)
2025-11-23T16:55:14.4470165Z [command]/usr/bin/tar -xf /home/runner/work/_temp/0741d7f7-6111-4411-a77f-80cfa8c76ff1/cache.tzst -P -C /home/runner/work/vitrine-de-craques-web-site/vitrine-de-craques-web-site --use-compress-program unzstd
2025-11-23T16:55:15.3407451Z Cache restored successfully
2025-11-23T16:55:15.3693407Z Cache restored from key: node-cache-Linux-x64-npm-7a37f00dbb49b213ff9469b7d87cb9481db306262f95e4f112cc6aec83ba8a27
2025-11-23T16:55:15.3832447Z ##[group]Run npm ci
2025-11-23T16:55:15.3832725Z [36;1mnpm ci[0m
2025-11-23T16:55:15.3866515Z shell: /usr/bin/bash -e {0}
2025-11-23T16:55:15.3866763Z env:
2025-11-23T16:55:15.3867580Z   DATABASE_URL: ***
2025-11-23T16:55:15.3868178Z   NEXTAUTH_URL: ***
2025-11-23T16:55:15.3868481Z   NEXTAUTH_SECRET: ***
2025-11-23T16:55:15.3868681Z   AUTH_TRUST_HOST: true
2025-11-23T16:55:15.3868888Z ##[endgroup]
2025-11-23T16:55:24.3421476Z npm warn deprecated inflight@1.0.6: This module is not supported, and leaks memory. Do not use it. Check out lru-cache if you want a good and tested way to coalesce async requests by a key value, which is much more comprehensive and powerful.
2025-11-23T16:55:24.5936199Z npm warn deprecated @humanwhocodes/config-array@0.13.0: Use @eslint/config-array instead
2025-11-23T16:55:24.6149457Z npm warn deprecated rimraf@3.0.2: Rimraf versions prior to v4 are no longer supported
2025-11-23T16:55:24.7827452Z npm warn deprecated @humanwhocodes/object-schema@2.0.3: Use @eslint/object-schema instead
2025-11-23T16:55:24.7925848Z npm warn deprecated glob@7.2.3: Glob versions prior to v9 are no longer supported
2025-11-23T16:55:28.2670871Z npm warn deprecated eslint@8.57.1: This version is no longer supported. Please see https://eslint.org/version-support for other options.
2025-11-23T16:55:28.6472594Z npm warn deprecated fluent-ffmpeg@2.1.3: Package no longer supported. Contact Support at https://www.npmjs.com/support for more info.
2025-11-23T16:55:41.9121146Z 
2025-11-23T16:55:41.9123151Z > vitrine-de-craques-web-site@0.1.0 postinstall
2025-11-23T16:55:41.9123744Z > npx prisma generate
2025-11-23T16:55:41.9124732Z 
2025-11-23T16:55:43.1651312Z Prisma schema loaded from prisma/schema.prisma
2025-11-23T16:55:44.1345636Z ┌─────────────────────────────────────────────────────────┐
2025-11-23T16:55:44.1346507Z │  Update available 6.16.2 -> 7.0.0                       │
2025-11-23T16:55:44.1347294Z │                                                         │
2025-11-23T16:55:44.1348258Z │  This is a major update - please follow the guide at    │
2025-11-23T16:55:44.1349144Z │  https://pris.ly/d/major-version-upgrade                │
2025-11-23T16:55:44.1349906Z │                                                         │
2025-11-23T16:55:44.1350701Z │  Run the following to update                            │
2025-11-23T16:55:44.1351573Z │    npm i --save-dev prisma@latest                       │
2025-11-23T16:55:44.1352427Z │    npm i @prisma/client@latest                          │
2025-11-23T16:55:44.1353276Z └─────────────────────────────────────────────────────────┘
2025-11-23T16:55:44.1369637Z 
2025-11-23T16:55:44.1372826Z ✔ Generated Prisma Client (v6.16.2) to ./node_modules/@prisma/client in 425ms
2025-11-23T16:55:44.1373371Z 
2025-11-23T16:55:44.1397783Z Start by importing your Prisma Client (See: https://pris.ly/d/importing-client)
2025-11-23T16:55:44.1403391Z 
2025-11-23T16:55:44.1403941Z Tip: Want to turn off tips and other hints? https://pris.ly/tip-4-nohints
2025-11-23T16:55:44.1404488Z 
2025-11-23T16:55:44.1576226Z 
2025-11-23T16:55:44.1577974Z > vitrine-de-craques-web-site@0.1.0 prepare
2025-11-23T16:55:44.1581686Z > husky install
2025-11-23T16:55:44.1581906Z 
2025-11-23T16:55:44.5254179Z husky - Git hooks installed
2025-11-23T16:55:44.5456666Z 
2025-11-23T16:55:44.5458630Z added 832 packages, and audited 833 packages in 29s
2025-11-23T16:55:44.5464301Z 
2025-11-23T16:55:44.5464640Z 195 packages are looking for funding
2025-11-23T16:55:44.5465203Z   run `npm fund` for details
2025-11-23T16:55:44.6089325Z 
2025-11-23T16:55:44.6090545Z 8 vulnerabilities (2 low, 3 moderate, 3 high)
2025-11-23T16:55:44.6090917Z 
2025-11-23T16:55:44.6091308Z To address issues that do not require attention, run:
2025-11-23T16:55:44.6091808Z   npm audit fix
2025-11-23T16:55:44.6092018Z 
2025-11-23T16:55:44.6092375Z To address all issues (including breaking changes), run:
2025-11-23T16:55:44.6092897Z   npm audit fix --force
2025-11-23T16:55:44.6093106Z 
2025-11-23T16:55:44.6093768Z Run `npm audit` for details.
2025-11-23T16:55:44.6692937Z ##[group]Run npm run build
2025-11-23T16:55:44.6693203Z [36;1mnpm run build[0m
2025-11-23T16:55:44.7763264Z shell: /usr/bin/bash -e {0}
2025-11-23T16:55:44.7763532Z env:
2025-11-23T16:55:44.7764414Z   DATABASE_URL: ***
2025-11-23T16:55:44.7764743Z   NEXTAUTH_URL: ***
2025-11-23T16:55:44.7765053Z   NEXTAUTH_SECRET: ***
2025-11-23T16:55:44.7765267Z   AUTH_TRUST_HOST: true
2025-11-23T16:55:44.7765494Z ##[endgroup]
2025-11-23T16:55:44.9351357Z 
2025-11-23T16:55:44.9352659Z > vitrine-de-craques-web-site@0.1.0 build
2025-11-23T16:55:44.9353869Z > npx prisma generate && next build
2025-11-23T16:55:44.9354186Z 
2025-11-23T16:55:46.2073005Z Prisma schema loaded from prisma/schema.prisma
2025-11-23T16:55:47.1028345Z 
2025-11-23T16:55:47.1029517Z ✔ Generated Prisma Client (v6.16.2) to ./node_modules/@prisma/client in 355ms
2025-11-23T16:55:47.1029989Z 
2025-11-23T16:55:47.1030531Z Start by importing your Prisma Client (See: https://pris.ly/d/importing-client)
2025-11-23T16:55:47.1031032Z 
2025-11-23T16:55:47.1031824Z Tip: Need your database queries to be 1000x faster? Accelerate offers you that and more: https://pris.ly/tip-2-accelerate
2025-11-23T16:55:47.1032438Z 
2025-11-23T16:55:47.5810982Z ⚠ No build cache found. Please configure build caching for faster rebuilds. Read more: https://nextjs.org/docs/messages/no-cache
2025-11-23T16:55:47.5878584Z Attention: Next.js now collects completely anonymous telemetry regarding usage.
2025-11-23T16:55:47.5881388Z This information is used to shape Next.js' roadmap and prioritize features.
2025-11-23T16:55:47.5882666Z You can learn more, including how to opt-out if you'd not like to participate in this anonymous program, by visiting the following URL:
2025-11-23T16:55:47.5883580Z https://nextjs.org/telemetry
2025-11-23T16:55:47.5883865Z 
2025-11-23T16:55:47.6441149Z   ▲ Next.js 14.2.33
2025-11-23T16:55:47.6454407Z 
2025-11-23T16:55:47.7028707Z    Creating an optimized production build ...
2025-11-23T16:56:22.6436998Z  ⚠ Compiled with warnings
2025-11-23T16:56:22.6438870Z 
2025-11-23T16:56:22.6439280Z ./node_modules/@ffmpeg-installer/ffmpeg/index.js
2025-11-23T16:56:22.6441859Z Critical dependency: the request of a dependency is an expression
2025-11-23T16:56:22.6442318Z 
2025-11-23T16:56:22.6442558Z Import trace for requested module:
2025-11-23T16:56:22.6443108Z ./node_modules/@ffmpeg-installer/ffmpeg/index.js
2025-11-23T16:56:22.6443622Z ./app/api/videos/route.ts
2025-11-23T16:56:22.6443884Z 
2025-11-23T16:56:22.6444165Z ./node_modules/fluent-ffmpeg/lib/options/misc.js
2025-11-23T16:56:22.6444981Z Critical dependency: the request of a dependency is an expression
2025-11-23T16:56:22.6445444Z 
2025-11-23T16:56:22.6445694Z Import trace for requested module:
2025-11-23T16:56:22.6446296Z ./node_modules/fluent-ffmpeg/lib/options/misc.js
2025-11-23T16:56:22.6446955Z ./node_modules/fluent-ffmpeg/lib/fluent-ffmpeg.js
2025-11-23T16:56:22.6447587Z ./node_modules/fluent-ffmpeg/index.js
2025-11-23T16:56:22.6448221Z ./app/api/videos/route.ts
2025-11-23T16:56:22.6448487Z 
2025-11-23T16:56:36.2014393Z  ✓ Compiled successfully
2025-11-23T16:56:36.2023033Z    Linting and checking validity of types ...
2025-11-23T16:56:54.5009181Z    Collecting page data ...
2025-11-23T16:56:55.4037098Z FFmpeg installer package not available. Falling back to system ffmpeg binary. O pacote opcional @ffmpeg-installer/ffmpeg não foi instalado para esta plataforma. Certifique-se de ter o FFmpeg disponível no sistema ou defina a variável FFMPEG_PATH.
2025-11-23T16:56:57.4531784Z    Generating static pages (0/57) ...
2025-11-23T16:56:58.5106115Z    Generating static pages (14/57) 
2025-11-23T16:57:01.2421470Z    Generating static pages (28/57) 
2025-11-23T16:57:01.7837831Z    Generating static pages (42/57) 
2025-11-23T16:57:02.7208500Z  ✓ Generating static pages (57/57)
2025-11-23T16:57:03.6226214Z    Finalizing page optimization ...
2025-11-23T16:57:03.6228527Z    Collecting build traces ...
2025-11-23T16:57:21.2871880Z 
2025-11-23T16:57:21.2962493Z Route (app)                                      Size     First Load JS
2025-11-23T16:57:21.2963983Z ┌ ƒ /                                            1.33 kB         103 kB
2025-11-23T16:57:21.2965032Z ├ ƒ /_not-found                                  876 B          88.2 kB
2025-11-23T16:57:21.2973086Z ├ ƒ /administrator                               155 B          87.5 kB
2025-11-23T16:57:21.2973889Z ├ ƒ /administrator/clubes                        6.28 kB         117 kB
2025-11-23T16:57:21.2974793Z ├ ƒ /administrator/users                         5.58 kB         111 kB
2025-11-23T16:57:21.2975645Z ├ ƒ /administrator/videos                        5.33 kB         110 kB
2025-11-23T16:57:21.2976459Z ├ ƒ /agentes                                     2.7 kB         98.7 kB
2025-11-23T16:57:21.2977215Z ├ ƒ /agentes/[id]                                1.73 kB         117 kB
2025-11-23T16:57:21.2978165Z ├ ƒ /api/admin/clubes                            0 B                0 B
2025-11-23T16:57:21.2979013Z ├ ƒ /api/admin/clubes/[id]                       0 B                0 B
2025-11-23T16:57:21.2979820Z ├ ƒ /api/admin/summary                           0 B                0 B
2025-11-23T16:57:21.2980665Z ├ ƒ /api/admin/users                             0 B                0 B
2025-11-23T16:57:21.2981510Z ├ ƒ /api/admin/users/[userId]/block              0 B                0 B
2025-11-23T16:57:21.2982241Z ├ ƒ /api/admin/videos                            0 B                0 B
2025-11-23T16:57:21.2983250Z ├ ƒ /api/admin/videos/[videoId]/appeal-response  0 B                0 B
2025-11-23T16:57:21.2984024Z ├ ƒ /api/admin/videos/[videoId]/block            0 B                0 B
2025-11-23T16:57:21.2985050Z ├ ƒ /api/agentes                                 0 B                0 B
2025-11-23T16:57:21.2985846Z ├ ƒ /api/agentes/[id]                            0 B                0 B
2025-11-23T16:57:21.2986602Z ├ ƒ /api/atletas                                 0 B                0 B
2025-11-23T16:57:21.2987408Z ├ ƒ /api/atletas/[id]                            0 B                0 B
2025-11-23T16:57:21.2988416Z ├ ƒ /api/auth/[...nextauth]                      0 B                0 B
2025-11-23T16:57:21.2989225Z ├ ƒ /api/blocks/[targetUserId]                   0 B                0 B
2025-11-23T16:57:21.2990013Z ├ ƒ /api/clubes                                  0 B                0 B
2025-11-23T16:57:21.2990737Z ├ ƒ /api/clubes/[slug]                           0 B                0 B
2025-11-23T16:57:21.2991548Z ├ ƒ /api/confederacoes                           0 B                0 B
2025-11-23T16:57:21.2992409Z ├ ƒ /api/confederacoes/[slug]                    0 B                0 B
2025-11-23T16:57:21.2993298Z ├ ƒ /api/db-check                                0 B                0 B
2025-11-23T16:57:21.2994046Z ├ ƒ /api/env                                     0 B                0 B
2025-11-23T16:57:21.2994826Z ├ ƒ /api/follows/[targetUserId]                  0 B                0 B
2025-11-23T16:57:21.2995577Z ├ ƒ /api/games                                   0 B                0 B
2025-11-23T16:57:21.2996323Z ├ ƒ /api/games/[slug]                            0 B                0 B
2025-11-23T16:57:21.2997058Z ├ ƒ /api/games/[slug]/comments                   0 B                0 B
2025-11-23T16:57:21.2998276Z ├ ƒ /api/games/[slug]/engagement                 0 B                0 B
2025-11-23T16:57:21.2998962Z ├ ƒ /api/health                                  0 B                0 B
2025-11-23T16:57:21.2999771Z ├ ƒ /api/messages                                0 B                0 B
2025-11-23T16:57:21.3000696Z ├ ƒ /api/messages/unread-count                   0 B                0 B
2025-11-23T16:57:21.3001577Z ├ ƒ /api/news                                    0 B                0 B
2025-11-23T16:57:21.3002400Z ├ ƒ /api/news/[id]                               0 B                0 B
2025-11-23T16:57:21.3003234Z ├ ƒ /api/news/cover                              0 B                0 B
2025-11-23T16:57:21.3004076Z ├ ƒ /api/noticias                                0 B                0 B
2025-11-23T16:57:21.3005202Z ├ ƒ /api/noticias/[slug]                         0 B                0 B
2025-11-23T16:57:21.3006067Z ├ ƒ /api/noticias/[slug]/comments                0 B                0 B
2025-11-23T16:57:21.3006925Z ├ ƒ /api/noticias/[slug]/engagement              0 B                0 B
2025-11-23T16:57:21.3007964Z ├ ƒ /api/pg-check                                0 B                0 B
2025-11-23T16:57:21.3008777Z ├ ƒ /api/profile                                 0 B                0 B
2025-11-23T16:57:21.3009540Z ├ ƒ /api/profile/avatar                          0 B                0 B
2025-11-23T16:57:21.3010340Z ├ ƒ /api/profile/personal-info                   0 B                0 B
2025-11-23T16:57:21.3011112Z ├ ƒ /api/register                                0 B                0 B
2025-11-23T16:57:21.3011914Z ├ ƒ /api/register/atleta-18                      0 B                0 B
2025-11-23T16:57:21.3012714Z ├ ƒ /api/register/clube                          0 B                0 B
2025-11-23T16:57:21.3013570Z ├ ƒ /api/register/de-agentes-licenciados         0 B                0 B
2025-11-23T16:57:21.3014421Z ├ ƒ /api/register/imprensa-jornalistablogueiro   0 B                0 B
2025-11-23T16:57:21.3015252Z ├ ƒ /api/register/responsavel                    0 B                0 B
2025-11-23T16:57:21.3016116Z ├ ƒ /api/register/responsavel/documents          0 B                0 B
2025-11-23T16:57:21.3016955Z ├ ƒ /api/register/torcedor                       0 B                0 B
2025-11-23T16:57:21.3018027Z ├ ○ /api/times                                   0 B                0 B
2025-11-23T16:57:21.3018766Z ├ ƒ /api/videos                                  0 B                0 B
2025-11-23T16:57:21.3019511Z ├ ƒ /api/videos/[id]                             0 B                0 B
2025-11-23T16:57:21.3020336Z ├ ƒ /api/videos/[id]/appeal                      0 B                0 B
2025-11-23T16:57:21.3021189Z ├ ƒ /api/videos/[id]/comments                    0 B                0 B
2025-11-23T16:57:21.3022082Z ├ ƒ /api/videos/proxy                            0 B                0 B
2025-11-23T16:57:21.3022971Z ├ ƒ /arquibancada                                4.47 kB        98.6 kB
2025-11-23T16:57:21.3023812Z ├ ƒ /atletas                                     4.48 kB         107 kB
2025-11-23T16:57:21.3024610Z ├ ƒ /atletas/[id]                                6.98 kB         136 kB
2025-11-23T16:57:21.3025417Z ├ ƒ /cadastro                                    2.21 kB         129 kB
2025-11-23T16:57:21.3026264Z ├ ƒ /cadastro/[slug]                             2.92 kB         121 kB
2025-11-23T16:57:21.3027143Z ├ ƒ /cadastro/atleta-18                          3.78 kB         136 kB
2025-11-23T16:57:21.3028144Z ├ ƒ /cadastro/clube                              3.91 kB         137 kB
2025-11-23T16:57:21.3029107Z ├ ƒ /cadastro/de-agentes-licenciados             3.91 kB         137 kB
2025-11-23T16:57:21.3030144Z ├ ƒ /cadastro/imprensa-jornalistablogueiro       4.07 kB         137 kB
2025-11-23T16:57:21.3031171Z ├ ƒ /cadastro/responsavel                        4.1 kB          137 kB
2025-11-23T16:57:21.3032151Z ├ ƒ /cadastro/responsavel/uploads                3.58 kB         136 kB
2025-11-23T16:57:21.3032931Z ├ ƒ /cadastro/sucesso                            155 B          87.5 kB
2025-11-23T16:57:21.3033668Z ├ ƒ /cadastro/torcedor                           5.05 kB         146 kB
2025-11-23T16:57:21.3034541Z ├ ƒ /clubes                                      2.8 kB          111 kB
2025-11-23T16:57:21.3035381Z ├ ƒ /clubes/[slug]                               194 B           101 kB
2025-11-23T16:57:21.3036121Z ├ ƒ /confederacoes                               194 B           101 kB
2025-11-23T16:57:21.3036941Z ├ ƒ /confederacoes/[slug]                        194 B           101 kB
2025-11-23T16:57:21.3038240Z ├ ƒ /feed                                        14.6 kB         143 kB
2025-11-23T16:57:21.3038943Z ├ ƒ /games                                       582 B           121 kB
2025-11-23T16:57:21.3039797Z ├ ƒ /games/[slug]                                210 B           128 kB
2025-11-23T16:57:21.3040479Z ├ ○ /icon                                        0 B                0 B
2025-11-23T16:57:21.3041182Z ├ ƒ /login                                       3.64 kB         145 kB
2025-11-23T16:57:21.3041911Z ├ ƒ /noticias                                    587 B           121 kB
2025-11-23T16:57:21.3042663Z ├ ƒ /noticias/[slug]                             616 B           128 kB
2025-11-23T16:57:21.3043444Z ├ ƒ /perfil                                      26.9 kB         170 kB
2025-11-23T16:57:21.3044178Z ├ ƒ /perfis/[id]                                 1.73 kB         117 kB
2025-11-23T16:57:21.3044899Z ├ ƒ /player/[id]                                 9.1 kB          127 kB
2025-11-23T16:57:21.3045649Z ├ ƒ /privacidade                                 188 B          96.2 kB
2025-11-23T16:57:21.3046502Z ├ ƒ /registrar-escolha-perfil                    188 B          96.2 kB
2025-11-23T16:57:21.3047307Z ├ ƒ /sobre                                       188 B          96.2 kB
2025-11-23T16:57:21.3048169Z ├ ƒ /torcida                                     155 B          87.5 kB
2025-11-23T16:57:21.3048972Z └ ƒ /upload                                      9.94 kB         113 kB
2025-11-23T16:57:21.3049651Z + First Load JS shared by all                    87.3 kB
2025-11-23T16:57:21.3050320Z   ├ chunks/2117-14ae4ae7e705def5.js              31.7 kB
2025-11-23T16:57:21.3050941Z   ├ chunks/fd9d1056-34631afcb5c7f147.js          53.6 kB
2025-11-23T16:57:21.3051782Z   └ other shared chunks (total)                  1.97 kB
2025-11-23T16:57:21.3052157Z 
2025-11-23T16:57:21.3052169Z 
2025-11-23T16:57:21.3052572Z ƒ Middleware                                     48.3 kB
2025-11-23T16:57:21.3052919Z 
2025-11-23T16:57:21.3053269Z ○  (Static)   prerendered as static content
2025-11-23T16:57:21.3053910Z ƒ  (Dynamic)  server-rendered on demand
2025-11-23T16:57:21.3054223Z 
2025-11-23T16:57:21.3276234Z 
2025-11-23T16:57:21.3277348Z > vitrine-de-craques-web-site@0.1.0 postbuild
2025-11-23T16:57:21.3278552Z > node scripts/copy-prisma-artifacts.js
2025-11-23T16:57:21.3279092Z 
2025-11-23T16:57:21.4136125Z [copy-prisma-artifacts] Copied Prisma artifacts to /home/runner/work/vitrine-de-craques-web-site/vitrine-de-craques-web-site/.next/standalone/node_modules/.prisma/client
2025-11-23T16:57:21.4595352Z [copy-prisma-artifacts] Copied Prisma artifacts to /home/runner/work/vitrine-de-craques-web-site/vitrine-de-craques-web-site/.next/server/.prisma/client
2025-11-23T16:57:21.8599909Z [copy-prisma-artifacts] Copied Prisma artifacts to /home/runner/work/vitrine-de-craques-web-site/vitrine-de-craques-web-site/.next/server/chunks/.prisma/client
2025-11-23T16:57:22.4619220Z [copy-prisma-artifacts] Copied Prisma artifacts to /home/runner/work/vitrine-de-craques-web-site/vitrine-de-craques-web-site/.next/standalone/node_modules/@prisma/client
2025-11-23T16:57:22.7536117Z [copy-prisma-artifacts] Copied Prisma artifacts to /home/runner/work/vitrine-de-craques-web-site/vitrine-de-craques-web-site/.next/server/@prisma/client
2025-11-23T16:57:23.3402183Z [copy-prisma-artifacts] Copied Prisma artifacts to /home/runner/work/vitrine-de-craques-web-site/vitrine-de-craques-web-site/.next/server/chunks/@prisma/client
2025-11-23T16:57:23.3496959Z ##[group]Run rm -rf deploy
2025-11-23T16:57:23.3497236Z [36;1mrm -rf deploy[0m
2025-11-23T16:57:23.3497457Z [36;1mmkdir -p deploy[0m
2025-11-23T16:57:23.3498574Z [36;1mcp -R .next/standalone/. deploy/[0m
2025-11-23T16:57:23.3498879Z [36;1mmkdir -p deploy/.next/static[0m
2025-11-23T16:57:23.3499178Z [36;1mcp -R .next/static/. deploy/.next/static[0m
2025-11-23T16:57:23.3499492Z [36;1mcp package.json deploy/package.json[0m
2025-11-23T16:57:23.3499799Z [36;1mcp next.config.mjs deploy/next.config.mjs[0m
2025-11-23T16:57:23.3500086Z [36;1mcp -R prisma deploy/prisma[0m
2025-11-23T16:57:23.3500337Z [36;1mif [ -d public ]; then[0m
2025-11-23T16:57:23.3500575Z [36;1m  cp -R public deploy/public[0m
2025-11-23T16:57:23.3500809Z [36;1mfi[0m
2025-11-23T16:57:23.3501034Z [36;1m./scripts/prune-deploy-artifact.sh deploy[0m
2025-11-23T16:57:23.3521027Z shell: /usr/bin/bash -e {0}
2025-11-23T16:57:23.3521279Z env:
2025-11-23T16:57:23.3522167Z   DATABASE_URL: ***
2025-11-23T16:57:23.3522558Z   NEXTAUTH_URL: ***
2025-11-23T16:57:23.3522846Z   NEXTAUTH_SECRET: ***
2025-11-23T16:57:23.3523055Z   AUTH_TRUST_HOST: true
2025-11-23T16:57:23.3523256Z ##[endgroup]
2025-11-23T16:57:23.9924933Z Pruning unused Prisma runtime binaries...
2025-11-23T16:57:24.4739601Z deploy/node_modules/@prisma/client/runtime/query_engine_bg.cockroachdb.js
2025-11-23T16:57:24.4740921Z deploy/node_modules/@prisma/client/runtime/query_engine_bg.cockroachdb.mjs
2025-11-23T16:57:24.4742628Z deploy/node_modules/@prisma/client/runtime/query_engine_bg.cockroachdb.wasm-base64.js
2025-11-23T16:57:24.4746171Z deploy/node_modules/@prisma/client/runtime/query_engine_bg.cockroachdb.wasm-base64.mjs
2025-11-23T16:57:24.4761602Z deploy/node_modules/@prisma/client/runtime/query_engine_bg.mysql.wasm-base64.mjs
2025-11-23T16:57:24.4762756Z deploy/node_modules/@prisma/client/runtime/query_engine_bg.mysql.mjs
2025-11-23T16:57:24.4764165Z deploy/node_modules/@prisma/client/runtime/query_engine_bg.mysql.js
2025-11-23T16:57:24.4765068Z deploy/node_modules/@prisma/client/runtime/query_engine_bg.mysql.wasm-base64.js
2025-11-23T16:57:24.4781385Z deploy/node_modules/@prisma/client/runtime/query_engine_bg.sqlite.wasm-base64.js
2025-11-23T16:57:24.4783431Z deploy/node_modules/@prisma/client/runtime/query_engine_bg.sqlite.mjs
2025-11-23T16:57:24.4784529Z deploy/node_modules/@prisma/client/runtime/query_engine_bg.sqlite.js
2025-11-23T16:57:24.4785492Z deploy/node_modules/@prisma/client/runtime/query_engine_bg.sqlite.wasm-base64.mjs
2025-11-23T16:57:24.4801200Z deploy/node_modules/@prisma/client/runtime/query_engine_bg.sqlserver.wasm-base64.js
2025-11-23T16:57:24.4803996Z deploy/node_modules/@prisma/client/runtime/query_engine_bg.sqlserver.wasm-base64.mjs
2025-11-23T16:57:24.4804979Z deploy/node_modules/@prisma/client/runtime/query_engine_bg.sqlserver.mjs
2025-11-23T16:57:24.4805896Z deploy/node_modules/@prisma/client/runtime/query_engine_bg.sqlserver.js
2025-11-23T16:57:24.4819327Z deploy/node_modules/@prisma/client/runtime/query_compiler_bg.cockroachdb.js
2025-11-23T16:57:24.4821218Z deploy/node_modules/@prisma/client/runtime/query_compiler_bg.cockroachdb.mjs
2025-11-23T16:57:24.4822236Z deploy/node_modules/@prisma/client/runtime/query_compiler_bg.cockroachdb.wasm-base64.mjs
2025-11-23T16:57:24.4823378Z deploy/node_modules/@prisma/client/runtime/query_compiler_bg.cockroachdb.wasm-base64.js
2025-11-23T16:57:24.4837130Z deploy/node_modules/@prisma/client/runtime/query_compiler_bg.mysql.js
2025-11-23T16:57:24.4840021Z deploy/node_modules/@prisma/client/runtime/query_compiler_bg.mysql.wasm-base64.mjs
2025-11-23T16:57:24.4840944Z deploy/node_modules/@prisma/client/runtime/query_compiler_bg.mysql.mjs
2025-11-23T16:57:24.4841961Z deploy/node_modules/@prisma/client/runtime/query_compiler_bg.mysql.wasm-base64.js
2025-11-23T16:57:24.4856892Z deploy/node_modules/@prisma/client/runtime/query_compiler_bg.sqlite.mjs
2025-11-23T16:57:24.4858932Z deploy/node_modules/@prisma/client/runtime/query_compiler_bg.sqlite.js
2025-11-23T16:57:24.4860187Z deploy/node_modules/@prisma/client/runtime/query_compiler_bg.sqlite.wasm-base64.mjs
2025-11-23T16:57:24.4861287Z deploy/node_modules/@prisma/client/runtime/query_compiler_bg.sqlite.wasm-base64.js
2025-11-23T16:57:24.4875568Z deploy/node_modules/@prisma/client/runtime/query_compiler_bg.sqlserver.wasm-base64.mjs
2025-11-23T16:57:24.4878636Z deploy/node_modules/@prisma/client/runtime/query_compiler_bg.sqlserver.wasm-base64.js
2025-11-23T16:57:24.4879629Z deploy/node_modules/@prisma/client/runtime/query_compiler_bg.sqlserver.mjs
2025-11-23T16:57:24.4880545Z deploy/node_modules/@prisma/client/runtime/query_compiler_bg.sqlserver.js
2025-11-23T16:57:24.4881305Z Removing unused Prisma client engines...
2025-11-23T16:57:24.4929757Z deploy/node_modules/.prisma/client/libquery_engine-darwin-arm64.dylib.node
2025-11-23T16:57:24.4931685Z deploy/node_modules/.prisma/client/libquery_engine-darwin.dylib.node
2025-11-23T16:57:24.4932369Z Cleaning up optional sharp binaries...
2025-11-23T16:57:24.4961866Z Deleting dependency source maps...
2025-11-23T16:57:24.5229280Z Pruning finished.
2025-11-23T16:57:24.5264324Z ##[group]Run node -v
2025-11-23T16:57:24.5264714Z [36;1mnode -v[0m
2025-11-23T16:57:24.5265041Z [36;1mnpx prisma -v[0m
2025-11-23T16:57:24.5305886Z shell: /usr/bin/bash -e {0}
2025-11-23T16:57:24.5306295Z env:
2025-11-23T16:57:24.5307526Z   DATABASE_URL: ***
2025-11-23T16:57:24.5308244Z   NEXTAUTH_URL: ***
2025-11-23T16:57:24.5308773Z   NEXTAUTH_SECRET: ***
2025-11-23T16:57:24.5309098Z   AUTH_TRUST_HOST: true
2025-11-23T16:57:24.5309416Z ##[endgroup]
2025-11-23T16:57:24.5404416Z v20.19.5
2025-11-23T16:57:26.1495998Z Prisma schema loaded from prisma/schema.prisma
2025-11-23T16:57:26.1534241Z prisma                  : 6.16.2
2025-11-23T16:57:26.1537005Z @prisma/client          : 6.16.2
2025-11-23T16:57:26.1541871Z Computed binaryTarget   : debian-openssl-3.0.x
2025-11-23T16:57:26.1542426Z Operating System        : linux
2025-11-23T16:57:26.1542833Z Architecture            : x64
2025-11-23T16:57:26.1543221Z Node.js                 : v20.19.5
2025-11-23T16:57:26.1543729Z TypeScript              : 5.9.2
2025-11-23T16:57:26.1544974Z Query Engine (Node-API) : libquery-engine 1c57fdcd7e44b29b9313256c76699e91c3ac3c43 (at node_modules/@prisma/engines/libquery_engine-debian-openssl-3.0.x.so.node)
2025-11-23T16:57:26.1546702Z PSL                     : @prisma/prisma-schema-wasm 6.16.0-7.1c57fdcd7e44b29b9313256c76699e91c3ac3c43
2025-11-23T16:57:26.1548350Z Schema Engine           : schema-engine-cli 1c57fdcd7e44b29b9313256c76699e91c3ac3c43 (at node_modules/@prisma/engines/schema-engine-debian-openssl-3.0.x)
2025-11-23T16:57:26.1549625Z Default Engines Hash    : 1c57fdcd7e44b29b9313256c76699e91c3ac3c43
2025-11-23T16:57:26.1550103Z Studio                  : 0.511.0
2025-11-23T16:57:26.1752188Z ##[group]Run Azure/static-web-apps-deploy@v1
2025-11-23T16:57:26.1752474Z with:
2025-11-23T16:57:26.1753152Z   azure_static_web_apps_api_token: ***
2025-11-23T16:57:26.1753506Z   repo_token: ***
2025-11-23T16:57:26.1753697Z   action: upload
2025-11-23T16:57:26.1753891Z   app_location: deploy
2025-11-23T16:57:26.1754093Z   skip_app_build: true
2025-11-23T16:57:26.1754288Z   skip_api_build: true
2025-11-23T16:57:26.1754486Z   is_static_export: false
2025-11-23T16:57:26.1754685Z env:
2025-11-23T16:57:26.1755301Z   DATABASE_URL: ***
2025-11-23T16:57:26.1755601Z   NEXTAUTH_URL: ***
2025-11-23T16:57:26.1755888Z   NEXTAUTH_SECRET: ***
2025-11-23T16:57:26.1756084Z   AUTH_TRUST_HOST: true
2025-11-23T16:57:26.1756281Z ##[endgroup]
2025-11-23T16:57:26.1858606Z ##[command]/usr/bin/docker run --name d01a2161f805e2d06b4c759d7f867f0cc5539c_cb1dc0 --label d01a21 --workdir /github/workspace --rm -e "DATABASE_URL" -e "NEXTAUTH_URL" -e "NEXTAUTH_SECRET" -e "AUTH_TRUST_HOST" -e "INPUT_AZURE_STATIC_WEB_APPS_API_TOKEN" -e "INPUT_REPO_TOKEN" -e "INPUT_ACTION" -e "INPUT_APP_LOCATION" -e "INPUT_API_LOCATION" -e "INPUT_SKIP_APP_BUILD" -e "INPUT_SKIP_API_BUILD" -e "INPUT_OUTPUT_LOCATION" -e "INPUT_IS_STATIC_EXPORT" -e "INPUT_API_BUILD_COMMAND" -e "INPUT_APP_ARTIFACT_LOCATION" -e "INPUT_APP_BUILD_COMMAND" -e "INPUT_ROUTES_LOCATION" -e "INPUT_CONFIG_FILE_LOCATION" -e "INPUT_PRODUCTION_BRANCH" -e "INPUT_DEPLOYMENT_ENVIRONMENT" -e "INPUT_DATA_API_LOCATION" -e "INPUT_GITHUB_ID_TOKEN" -e "HOME" -e "GITHUB_JOB" -e "GITHUB_REF" -e "GITHUB_SHA" -e "GITHUB_REPOSITORY" -e "GITHUB_REPOSITORY_OWNER" -e "GITHUB_REPOSITORY_OWNER_ID" -e "GITHUB_RUN_ID" -e "GITHUB_RUN_NUMBER" -e "GITHUB_RETENTION_DAYS" -e "GITHUB_RUN_ATTEMPT" -e "GITHUB_ACTOR_ID" -e "GITHUB_ACTOR" -e "GITHUB_WORKFLOW" -e "GITHUB_HEAD_REF" -e "GITHUB_BASE_REF" -e "GITHUB_EVENT_NAME" -e "GITHUB_SERVER_URL" -e "GITHUB_API_URL" -e "GITHUB_GRAPHQL_URL" -e "GITHUB_REF_NAME" -e "GITHUB_REF_PROTECTED" -e "GITHUB_REF_TYPE" -e "GITHUB_WORKFLOW_REF" -e "GITHUB_WORKFLOW_SHA" -e "GITHUB_REPOSITORY_ID" -e "GITHUB_TRIGGERING_ACTOR" -e "GITHUB_WORKSPACE" -e "GITHUB_ACTION" -e "GITHUB_EVENT_PATH" -e "GITHUB_ACTION_REPOSITORY" -e "GITHUB_ACTION_REF" -e "GITHUB_PATH" -e "GITHUB_ENV" -e "GITHUB_STEP_SUMMARY" -e "GITHUB_STATE" -e "GITHUB_OUTPUT" -e "RUNNER_OS" -e "RUNNER_ARCH" -e "RUNNER_NAME" -e "RUNNER_ENVIRONMENT" -e "RUNNER_TOOL_CACHE" -e "RUNNER_TEMP" -e "RUNNER_WORKSPACE" -e "ACTIONS_RUNTIME_URL" -e "ACTIONS_RUNTIME_TOKEN" -e "ACTIONS_CACHE_URL" -e "ACTIONS_RESULTS_URL" -e GITHUB_ACTIONS=true -e CI=true -v "/var/run/docker.sock":"/var/run/docker.sock" -v "/home/runner/work/_temp/_github_home":"/github/home" -v "/home/runner/work/_temp/_github_workflow":"/github/workflow" -v "/home/runner/work/_temp/_runner_file_commands":"/github/file_commands" -v "/home/runner/work/vitrine-de-craques-web-site/vitrine-de-craques-web-site":"/github/workspace" d01a21:61f805e2d06b4c759d7f867f0cc5539c
2025-11-23T16:57:29.3220699Z DeploymentId: ce1aa4e3-e38a-44b6-b73d-c20d40f58064
2025-11-23T16:57:29.3221634Z 
2025-11-23T16:57:29.4265853Z [37mTry to validate location at: '/github/workspace/deploy'.[0m
2025-11-23T16:57:29.4278746Z [37mApp Directory Location: 'deploy' was found.[0m
2025-11-23T16:57:29.4282775Z [37mTry to validate location at: '/github/workspace/swa-db-connections'.[0m
2025-11-23T16:57:29.4283577Z [37mLooking for event info[0m
2025-11-23T16:57:29.9758837Z [37mSkipping step to build /github/workspace/deploy with Oryx[0m
2025-11-23T16:57:29.9890916Z [37mDetected the following framework: Next.js[0m
2025-11-23T16:57:29.9892925Z [37mTry to validate location at: '/github/workspace/deploy/.next'.[0m
2025-11-23T16:57:30.0274573Z [37mUsing 'staticwebapp.config.json' file for configuration information, 'routes.json' will be ignored.[0m
2025-11-23T16:57:30.1629205Z [33m[WARNING] For Next.js apps, staticwebapp.config.json features are not fully supported yet![0m
2025-11-23T16:57:30.1649430Z [37mPlease note: For Next.js applications if skip_api_build=true, Static Web Apps will not remove dev dependencies or add the sharp package by default. If you want these optimizations, kindly add them to your custom build steps before passing skip_app_build=true[0m
2025-11-23T16:57:30.1680799Z [37mRepackaged Next.js app to deploy on the backend.[0m
2025-11-23T16:57:30.1689508Z [37mSkipping step to build /github/workspace/deploy with Oryx[0m
2025-11-23T16:57:30.1692276Z [33mWeb App Runtime Information. OS: linux, node version: 20[0m
2025-11-23T16:57:31.4986110Z [37mZipping Api Artifacts[0m
2025-11-23T16:57:52.7491511Z [37mDone Zipping Api Artifacts[0m
2025-11-23T16:57:52.9591989Z [31mThe content server has rejected the request with: BadRequest[0m
2025-11-23T16:57:52.9593397Z [31mReason: The size of the function content was too large. The limit for this Static Web App is 262144000 bytes.[0m
2025-11-23T16:57:53.0172895Z [37m[0m
2025-11-23T16:57:53.0174566Z [33mFor further information, please visit the Azure Static Web Apps documentation at https://docs.microsoft.com/en-us/azure/static-web-apps/[0m
2025-11-23T16:57:53.0177379Z [33mIf you believe this behavior is unexpected, please raise a GitHub issue at https://github.com/azure/static-web-apps/issues/[0m
2025-11-23T16:57:53.0178561Z [33mExiting[0m
2025-11-23T16:57:54.8389493Z Post job cleanup.
2025-11-23T16:57:54.9097819Z [command]/usr/bin/git version
2025-11-23T16:57:54.9132451Z git version 2.51.2
2025-11-23T16:57:54.9173747Z Temporarily overriding HOME='/home/runner/work/_temp/0f9de663-9259-4c1c-96cc-9d24f094e9fd' before making global git config changes
2025-11-23T16:57:54.9177123Z Adding repository directory to the temporary git global config as a safe directory
2025-11-23T16:57:54.9180619Z [command]/usr/bin/git config --global --add safe.directory /home/runner/work/vitrine-de-craques-web-site/vitrine-de-craques-web-site
2025-11-23T16:57:54.9210294Z [command]/usr/bin/git config --local --name-only --get-regexp core\.sshCommand
2025-11-23T16:57:54.9237290Z [command]/usr/bin/git submodule foreach --recursive sh -c "git config --local --name-only --get-regexp 'core\.sshCommand' && git config --local --unset-all 'core.sshCommand' || :"
2025-11-23T16:57:54.9453787Z fatal: No url found for submodule path 'Vitrine-De-Craques-App-iOS/Vitrine-De-Craques-App-iOS' in .gitmodules
2025-11-23T16:57:54.9504380Z ##[warning]The process '/usr/bin/git' failed with exit code 128
2025-11-23T16:57:54.9586288Z Cleaning up orphan processes
