2025-11-23T14:48:36.6278002Z Current runner version: '2.329.0'
2025-11-23T14:48:36.6315646Z ##[group]Runner Image Provisioner
2025-11-23T14:48:36.6317494Z Hosted Compute Agent
2025-11-23T14:48:36.6318487Z Version: 20251016.436
2025-11-23T14:48:36.6319557Z Commit: 8ab8ac8bfd662a3739dab9fe09456aba92132568
2025-11-23T14:48:36.6320894Z Build Date: 2025-10-15T20:44:12Z
2025-11-23T14:48:36.6322043Z ##[endgroup]
2025-11-23T14:48:36.6322973Z ##[group]Operating System
2025-11-23T14:48:36.6324245Z Ubuntu
2025-11-23T14:48:36.6325120Z 24.04.3
2025-11-23T14:48:36.6326448Z LTS
2025-11-23T14:48:36.6327486Z ##[endgroup]
2025-11-23T14:48:36.6328365Z ##[group]Runner Image
2025-11-23T14:48:36.6329415Z Image: ubuntu-24.04
2025-11-23T14:48:36.6330319Z Version: 20251112.124.1
2025-11-23T14:48:36.6332099Z Included Software: https://github.com/actions/runner-images/blob/ubuntu24/20251112.124/images/ubuntu/Ubuntu2404-Readme.md
2025-11-23T14:48:36.6335041Z Image Release: https://github.com/actions/runner-images/releases/tag/ubuntu24%2F20251112.124
2025-11-23T14:48:36.6337228Z ##[endgroup]
2025-11-23T14:48:36.6339313Z ##[group]GITHUB_TOKEN Permissions
2025-11-23T14:48:36.6342455Z Contents: read
2025-11-23T14:48:36.6343355Z Metadata: read
2025-11-23T14:48:36.6344225Z Packages: read
2025-11-23T14:48:36.6345196Z ##[endgroup]
2025-11-23T14:48:36.6348615Z Secret source: Actions
2025-11-23T14:48:36.6349887Z Prepare workflow directory
2025-11-23T14:48:36.7340175Z Prepare all required actions
2025-11-23T14:48:36.7398750Z Getting action download info
2025-11-23T14:48:37.1957392Z Download action repository 'actions/checkout@v3' (SHA:f43a0e5ff2bd294095638e18286ca9a3d1956744)
2025-11-23T14:48:37.3499586Z Download action repository 'actions/setup-node@v4' (SHA:49933ea5288caeca8642d1e84afbd3f7d6820020)
2025-11-23T14:48:37.4505782Z Download action repository 'Azure/static-web-apps-deploy@v1' (SHA:4d27395796ac319302594769cfe812bd207490b1)
2025-11-23T14:48:37.9880990Z Complete job name: Build and Deploy Job
2025-11-23T14:48:38.0297609Z ##[group]Build container for action use: '/home/runner/work/_actions/Azure/static-web-apps-deploy/v1/Dockerfile'.
2025-11-23T14:48:38.0349873Z ##[command]/usr/bin/docker build -t 01b62c:88a25c7699aa4c42a08e7c6305376968 -f "/home/runner/work/_actions/Azure/static-web-apps-deploy/v1/Dockerfile" "/home/runner/work/_actions/Azure/static-web-apps-deploy/v1"
2025-11-23T14:48:42.1039752Z #0 building with "default" instance using docker driver
2025-11-23T14:48:42.1041257Z 
2025-11-23T14:48:42.1041919Z #1 [internal] load build definition from Dockerfile
2025-11-23T14:48:42.1043295Z #1 transferring dockerfile: 160B done
2025-11-23T14:48:42.1044644Z #1 DONE 0.0s
2025-11-23T14:48:42.1045338Z 
2025-11-23T14:48:42.1046289Z #2 [internal] load metadata for mcr.microsoft.com/appsvc/staticappsclient:stable
2025-11-23T14:48:42.1047703Z #2 DONE 0.1s
2025-11-23T14:48:42.2418970Z 
2025-11-23T14:48:42.2419870Z #3 [internal] load .dockerignore
2025-11-23T14:48:42.2421361Z #3 transferring context: 2B done
2025-11-23T14:48:42.2422542Z #3 DONE 0.0s
2025-11-23T14:48:42.2423139Z 
2025-11-23T14:48:42.2423658Z #4 [internal] load build context
2025-11-23T14:48:42.2424917Z #4 transferring context: 107B done
2025-11-23T14:48:42.2426199Z #4 DONE 0.0s
2025-11-23T14:48:42.2426801Z 
2025-11-23T14:48:42.2427944Z #5 [1/2] FROM mcr.microsoft.com/appsvc/staticappsclient:stable@sha256:3178a283e885dc45a0c7b4c6e9f728f0331ae7fb93de75db4181fa38651170f2
2025-11-23T14:48:42.2430781Z #5 resolve mcr.microsoft.com/appsvc/staticappsclient:stable@sha256:3178a283e885dc45a0c7b4c6e9f728f0331ae7fb93de75db4181fa38651170f2 done
2025-11-23T14:48:42.2433050Z #5 sha256:1df8e0748f30e89b0c0477edfc706fc39242e1d6008433c0494113de267e7ca8 15.34kB / 15.34kB done
2025-11-23T14:48:42.2457829Z #5 sha256:5ee26b7a209f9a26720207792b237af3e19c0efeed8695e1e630fcd0feef9230 16.78MB / 54.75MB 0.1s
2025-11-23T14:48:42.2460695Z #5 sha256:3178a283e885dc45a0c7b4c6e9f728f0331ae7fb93de75db4181fa38651170f2 2.88kB / 2.88kB done
2025-11-23T14:48:42.2462764Z #5 sha256:5d6e107a26c2ffb6e234f04132358dea70a691a64c1152f984d2f2ba0e218c58 18.01MB / 53.74MB 0.1s
2025-11-23T14:48:42.2466469Z #5 sha256:2377065f3b700cf1b5e391d26c572c8b91892dd44acd75deebdab5e403b23175 4.19MB / 15.56MB 0.1s
2025-11-23T14:48:42.4269332Z #5 sha256:5ee26b7a209f9a26720207792b237af3e19c0efeed8695e1e630fcd0feef9230 52.03MB / 54.75MB 0.3s
2025-11-23T14:48:42.4278503Z #5 sha256:5d6e107a26c2ffb6e234f04132358dea70a691a64c1152f984d2f2ba0e218c58 53.74MB / 53.74MB 0.3s done
2025-11-23T14:48:42.4283346Z #5 sha256:2377065f3b700cf1b5e391d26c572c8b91892dd44acd75deebdab5e403b23175 15.56MB / 15.56MB 0.2s done
2025-11-23T14:48:42.4285710Z #5 sha256:41c7cd6fb37363fd1ec16dad3463ecc5820eda12c418a82b4849604252d29b88 12.58MB / 197.07MB 0.3s
2025-11-23T14:48:42.4292712Z #5 sha256:aede74d79976f9d1be608a1286cdb2ca61aad25185440263691db6a0880adadd 0B / 24.46MB 0.3s
2025-11-23T14:48:42.4295314Z #5 sha256:4f4fb700ef54461cfa02571ae0db9a0dc1e0cdb5577484a6d75e68dc38e8acc1 32B / 32B 0.3s done
2025-11-23T14:48:42.5349498Z #5 sha256:41c7cd6fb37363fd1ec16dad3463ecc5820eda12c418a82b4849604252d29b88 32.51MB / 197.07MB 0.4s
2025-11-23T14:48:42.5370056Z #5 sha256:aede74d79976f9d1be608a1286cdb2ca61aad25185440263691db6a0880adadd 13.63MB / 24.46MB 0.4s
2025-11-23T14:48:42.5375000Z #5 extracting sha256:5d6e107a26c2ffb6e234f04132358dea70a691a64c1152f984d2f2ba0e218c58
2025-11-23T14:48:42.7268316Z #5 sha256:41c7cd6fb37363fd1ec16dad3463ecc5820eda12c418a82b4849604252d29b88 66.06MB / 197.07MB 0.6s
2025-11-23T14:48:42.7269396Z #5 sha256:aede74d79976f9d1be608a1286cdb2ca61aad25185440263691db6a0880adadd 24.46MB / 24.46MB 0.6s
2025-11-23T14:48:42.8359174Z #5 sha256:5ee26b7a209f9a26720207792b237af3e19c0efeed8695e1e630fcd0feef9230 54.75MB / 54.75MB 0.6s done
2025-11-23T14:48:42.8360654Z #5 sha256:41c7cd6fb37363fd1ec16dad3463ecc5820eda12c418a82b4849604252d29b88 76.55MB / 197.07MB 0.7s
2025-11-23T14:48:42.8362002Z #5 sha256:aede74d79976f9d1be608a1286cdb2ca61aad25185440263691db6a0880adadd 24.46MB / 24.46MB 0.6s done
2025-11-23T14:48:42.8363824Z #5 sha256:c279a6399750ee20e802fb2c47da034ccee5eb4f3b89087f32618f10e8af074a 1.56MB / 1.56MB 0.7s done
2025-11-23T14:48:42.8365222Z #5 sha256:351447e6e3829fac25a761f87d07dc5bfc289f38908901d05fa53aaab54dbdcd 0B / 115.52kB 0.7s
2025-11-23T14:48:42.8366816Z #5 sha256:ec0af1da0a0576de654092a28624c0565c6d854216944f18159460338af43293 5.09MB / 72.99MB 0.7s
2025-11-23T14:48:43.0094090Z #5 sha256:41c7cd6fb37363fd1ec16dad3463ecc5820eda12c418a82b4849604252d29b88 95.42MB / 197.07MB 0.8s
2025-11-23T14:48:43.0096892Z #5 sha256:351447e6e3829fac25a761f87d07dc5bfc289f38908901d05fa53aaab54dbdcd 115.52kB / 115.52kB 0.7s done
2025-11-23T14:48:43.0125775Z #5 sha256:ec0af1da0a0576de654092a28624c0565c6d854216944f18159460338af43293 20.01MB / 72.99MB 0.8s
2025-11-23T14:48:43.0127323Z #5 sha256:eec8099d3f58ba87e25216a07db18b5a0de40b6921ee61ea8ab9b4c29b53a12f 1.16MB / 1.16MB 0.8s done
2025-11-23T14:48:43.1291936Z #5 sha256:41c7cd6fb37363fd1ec16dad3463ecc5820eda12c418a82b4849604252d29b88 127.93MB / 197.07MB 1.0s
2025-11-23T14:48:43.1293438Z #5 sha256:ec0af1da0a0576de654092a28624c0565c6d854216944f18159460338af43293 48.38MB / 72.99MB 1.0s
2025-11-23T14:48:43.1294597Z #5 sha256:36312d7930e0666f8cfc7940823ac101235e873b7cbb8b20d9481fd404095767 24.12MB / 35.20MB 1.0s
2025-11-23T14:48:43.1296680Z #5 sha256:cddc70a1cccef26d55fcf9242759c41404c305acea0b4c3a30961c99846a0a55 637.94kB / 637.94kB 0.8s done
2025-11-23T14:48:43.3015566Z #5 sha256:41c7cd6fb37363fd1ec16dad3463ecc5820eda12c418a82b4849604252d29b88 143.65MB / 197.07MB 1.1s
2025-11-23T14:48:43.3017395Z #5 sha256:ec0af1da0a0576de654092a28624c0565c6d854216944f18159460338af43293 61.87MB / 72.99MB 1.1s
2025-11-23T14:48:43.3039323Z #5 sha256:36312d7930e0666f8cfc7940823ac101235e873b7cbb8b20d9481fd404095767 35.20MB / 35.20MB 1.1s
2025-11-23T14:48:43.4268043Z #5 sha256:41c7cd6fb37363fd1ec16dad3463ecc5820eda12c418a82b4849604252d29b88 197.07MB / 197.07MB 1.3s
2025-11-23T14:48:43.4272880Z #5 sha256:ec0af1da0a0576de654092a28624c0565c6d854216944f18159460338af43293 72.99MB / 72.99MB 1.3s
2025-11-23T14:48:43.4277770Z #5 sha256:36312d7930e0666f8cfc7940823ac101235e873b7cbb8b20d9481fd404095767 35.20MB / 35.20MB 1.1s done
2025-11-23T14:48:43.4281937Z #5 sha256:4a1fde1690fe113870084a3224c66554fc9cbd2310abb9593b0244ec21f4b76d 168B / 168B 1.2s done
2025-11-23T14:48:43.4285203Z #5 sha256:8023cb51985fccd3faa4be6340cdc75b72240277850569aa974767dda5176159 168B / 168B 1.2s done
2025-11-23T14:48:44.1270236Z #5 sha256:4836a863d60df9ca0cedad0eb5e729c4a7f755449fbfbd6d4ea6443e64c990e0 0B / 118.65MB 2.0s
2025-11-23T14:48:44.4270616Z #5 sha256:41c7cd6fb37363fd1ec16dad3463ecc5820eda12c418a82b4849604252d29b88 197.07MB / 197.07MB 2.3s done
2025-11-23T14:48:44.4284067Z #5 sha256:ec0af1da0a0576de654092a28624c0565c6d854216944f18159460338af43293 72.99MB / 72.99MB 2.3s done
2025-11-23T14:48:44.5281485Z #5 sha256:4836a863d60df9ca0cedad0eb5e729c4a7f755449fbfbd6d4ea6443e64c990e0 33.55MB / 118.65MB 2.4s
2025-11-23T14:48:44.6630853Z #5 sha256:4836a863d60df9ca0cedad0eb5e729c4a7f755449fbfbd6d4ea6443e64c990e0 62.62MB / 118.65MB 2.5s
2025-11-23T14:48:44.7802739Z #5 sha256:4836a863d60df9ca0cedad0eb5e729c4a7f755449fbfbd6d4ea6443e64c990e0 93.32MB / 118.65MB 2.6s
2025-11-23T14:48:44.8970593Z #5 sha256:4836a863d60df9ca0cedad0eb5e729c4a7f755449fbfbd6d4ea6443e64c990e0 118.65MB / 118.65MB 2.7s
2025-11-23T14:48:45.2131159Z #5 sha256:4836a863d60df9ca0cedad0eb5e729c4a7f755449fbfbd6d4ea6443e64c990e0 118.65MB / 118.65MB 3.0s done
2025-11-23T14:48:46.4364949Z #5 extracting sha256:5d6e107a26c2ffb6e234f04132358dea70a691a64c1152f984d2f2ba0e218c58 4.0s done
2025-11-23T14:48:46.5726646Z #5 extracting sha256:2377065f3b700cf1b5e391d26c572c8b91892dd44acd75deebdab5e403b23175 0.1s
2025-11-23T14:48:47.0417248Z #5 extracting sha256:2377065f3b700cf1b5e391d26c572c8b91892dd44acd75deebdab5e403b23175 0.4s done
2025-11-23T14:48:47.6338418Z #5 extracting sha256:5ee26b7a209f9a26720207792b237af3e19c0efeed8695e1e630fcd0feef9230
2025-11-23T14:48:49.8783975Z #5 extracting sha256:5ee26b7a209f9a26720207792b237af3e19c0efeed8695e1e630fcd0feef9230 2.1s done
2025-11-23T14:48:50.4243200Z #5 extracting sha256:41c7cd6fb37363fd1ec16dad3463ecc5820eda12c418a82b4849604252d29b88
2025-11-23T14:48:55.4451173Z #5 extracting sha256:41c7cd6fb37363fd1ec16dad3463ecc5820eda12c418a82b4849604252d29b88 5.0s
2025-11-23T14:48:55.7832720Z #5 extracting sha256:41c7cd6fb37363fd1ec16dad3463ecc5820eda12c418a82b4849604252d29b88 5.4s done
2025-11-23T14:48:58.2687050Z #5 extracting sha256:4f4fb700ef54461cfa02571ae0db9a0dc1e0cdb5577484a6d75e68dc38e8acc1
2025-11-23T14:48:58.4508078Z #5 extracting sha256:4f4fb700ef54461cfa02571ae0db9a0dc1e0cdb5577484a6d75e68dc38e8acc1 done
2025-11-23T14:48:58.4509268Z #5 extracting sha256:aede74d79976f9d1be608a1286cdb2ca61aad25185440263691db6a0880adadd 0.1s
2025-11-23T14:48:59.2065455Z #5 extracting sha256:aede74d79976f9d1be608a1286cdb2ca61aad25185440263691db6a0880adadd 0.8s done
2025-11-23T14:48:59.2072428Z #5 extracting sha256:c279a6399750ee20e802fb2c47da034ccee5eb4f3b89087f32618f10e8af074a
2025-11-23T14:48:59.4658674Z #5 extracting sha256:c279a6399750ee20e802fb2c47da034ccee5eb4f3b89087f32618f10e8af074a 0.1s done
2025-11-23T14:48:59.4660614Z #5 extracting sha256:ec0af1da0a0576de654092a28624c0565c6d854216944f18159460338af43293 0.1s
2025-11-23T14:49:00.6227186Z #5 extracting sha256:ec0af1da0a0576de654092a28624c0565c6d854216944f18159460338af43293 1.1s done
2025-11-23T14:49:01.1708720Z #5 extracting sha256:351447e6e3829fac25a761f87d07dc5bfc289f38908901d05fa53aaab54dbdcd
2025-11-23T14:49:01.3071475Z #5 extracting sha256:351447e6e3829fac25a761f87d07dc5bfc289f38908901d05fa53aaab54dbdcd done
2025-11-23T14:49:01.3075221Z #5 extracting sha256:eec8099d3f58ba87e25216a07db18b5a0de40b6921ee61ea8ab9b4c29b53a12f 0.1s done
2025-11-23T14:49:01.3076649Z #5 extracting sha256:cddc70a1cccef26d55fcf9242759c41404c305acea0b4c3a30961c99846a0a55 0.0s done
2025-11-23T14:49:01.4282818Z #5 extracting sha256:36312d7930e0666f8cfc7940823ac101235e873b7cbb8b20d9481fd404095767 0.1s
2025-11-23T14:49:01.9219506Z #5 extracting sha256:36312d7930e0666f8cfc7940823ac101235e873b7cbb8b20d9481fd404095767 0.5s done
2025-11-23T14:49:01.9224377Z #5 extracting sha256:4a1fde1690fe113870084a3224c66554fc9cbd2310abb9593b0244ec21f4b76d
2025-11-23T14:49:02.1002121Z #5 extracting sha256:4a1fde1690fe113870084a3224c66554fc9cbd2310abb9593b0244ec21f4b76d done
2025-11-23T14:49:02.1003331Z #5 extracting sha256:8023cb51985fccd3faa4be6340cdc75b72240277850569aa974767dda5176159 done
2025-11-23T14:49:02.1004306Z #5 extracting sha256:4836a863d60df9ca0cedad0eb5e729c4a7f755449fbfbd6d4ea6443e64c990e0 0.1s
2025-11-23T14:49:05.8547970Z #5 extracting sha256:4836a863d60df9ca0cedad0eb5e729c4a7f755449fbfbd6d4ea6443e64c990e0 3.7s done
2025-11-23T14:49:07.1629860Z #5 DONE 25.0s
2025-11-23T14:49:07.3389263Z 
2025-11-23T14:49:07.3390453Z #6 [2/2] COPY entrypoint.sh /entrypoint.sh
2025-11-23T14:49:07.3391916Z #6 DONE 0.0s
2025-11-23T14:49:07.3392112Z 
2025-11-23T14:49:07.3392247Z #7 exporting to image
2025-11-23T14:49:07.3392588Z #7 exporting layers
2025-11-23T14:49:08.5085714Z #7 exporting layers 1.3s done
2025-11-23T14:49:08.5355444Z #7 writing image sha256:cb132bb2ffbe468f470e4fa2412fdef8ec6e22677f23b6880c3fb1ddf8aa1be2 done
2025-11-23T14:49:08.5359562Z #7 naming to docker.io/library/01b62c:88a25c7699aa4c42a08e7c6305376968 done
2025-11-23T14:49:08.5360234Z #7 DONE 1.3s
2025-11-23T14:49:08.5421020Z ##[endgroup]
2025-11-23T14:49:08.5659135Z ##[group]Run actions/checkout@v3
2025-11-23T14:49:08.5659671Z with:
2025-11-23T14:49:08.5659862Z   submodules: false
2025-11-23T14:49:08.5660060Z   lfs: false
2025-11-23T14:49:08.5660296Z   repository: aspepper/vitrine-de-craques-web-site
2025-11-23T14:49:08.5660771Z   token: ***
2025-11-23T14:49:08.5660955Z   ssh-strict: true
2025-11-23T14:49:08.5661160Z   persist-credentials: true
2025-11-23T14:49:08.5661371Z   clean: true
2025-11-23T14:49:08.5661567Z   sparse-checkout-cone-mode: true
2025-11-23T14:49:08.5661802Z   fetch-depth: 1
2025-11-23T14:49:08.5661988Z   fetch-tags: false
2025-11-23T14:49:08.5662181Z   set-safe-directory: true
2025-11-23T14:49:08.5662572Z env:
2025-11-23T14:49:08.5663314Z   DATABASE_URL: ***
2025-11-23T14:49:08.5663626Z   NEXTAUTH_URL: ***
2025-11-23T14:49:08.5663915Z   NEXTAUTH_SECRET: ***
2025-11-23T14:49:08.5664131Z   AUTH_TRUST_HOST: true
2025-11-23T14:49:08.5664338Z ##[endgroup]
2025-11-23T14:49:08.6638136Z Syncing repository: aspepper/vitrine-de-craques-web-site
2025-11-23T14:49:08.6640238Z ##[group]Getting Git version info
2025-11-23T14:49:08.6641111Z Working directory is '/home/runner/work/vitrine-de-craques-web-site/vitrine-de-craques-web-site'
2025-11-23T14:49:08.6642295Z [command]/usr/bin/git version
2025-11-23T14:49:08.6645667Z git version 2.51.2
2025-11-23T14:49:08.6677330Z ##[endgroup]
2025-11-23T14:49:08.6692535Z Temporarily overriding HOME='/home/runner/work/_temp/7cc423f2-f66f-4c17-bfa5-d3c8691c9eaa' before making global git config changes
2025-11-23T14:49:08.6694439Z Adding repository directory to the temporary git global config as a safe directory
2025-11-23T14:49:08.6697632Z [command]/usr/bin/git config --global --add safe.directory /home/runner/work/vitrine-de-craques-web-site/vitrine-de-craques-web-site
2025-11-23T14:49:08.6738300Z Deleting the contents of '/home/runner/work/vitrine-de-craques-web-site/vitrine-de-craques-web-site'
2025-11-23T14:49:08.6742127Z ##[group]Initializing the repository
2025-11-23T14:49:08.6746331Z [command]/usr/bin/git init /home/runner/work/vitrine-de-craques-web-site/vitrine-de-craques-web-site
2025-11-23T14:49:08.6883728Z hint: Using 'master' as the name for the initial branch. This default branch name
2025-11-23T14:49:08.6886415Z hint: is subject to change. To configure the initial branch name to use in all
2025-11-23T14:49:08.6887313Z hint: of your new repositories, which will suppress this warning, call:
2025-11-23T14:49:08.6887956Z hint:
2025-11-23T14:49:08.6888412Z hint: 	git config --global init.defaultBranch <name>
2025-11-23T14:49:08.6888962Z hint:
2025-11-23T14:49:08.6889443Z hint: Names commonly chosen instead of 'master' are 'main', 'trunk' and
2025-11-23T14:49:08.6890295Z hint: 'development'. The just-created branch can be renamed via this command:
2025-11-23T14:49:08.6890943Z hint:
2025-11-23T14:49:08.6895119Z hint: 	git branch -m <name>
2025-11-23T14:49:08.6895607Z hint:
2025-11-23T14:49:08.6896713Z hint: Disable this message with "git config set advice.defaultBranchName false"
2025-11-23T14:49:08.6897949Z Initialized empty Git repository in /home/runner/work/vitrine-de-craques-web-site/vitrine-de-craques-web-site/.git/
2025-11-23T14:49:08.6907115Z [command]/usr/bin/git remote add origin https://github.com/aspepper/vitrine-de-craques-web-site
2025-11-23T14:49:08.6944688Z ##[endgroup]
2025-11-23T14:49:08.6945656Z ##[group]Disabling automatic garbage collection
2025-11-23T14:49:08.6948670Z [command]/usr/bin/git config --local gc.auto 0
2025-11-23T14:49:08.6981148Z ##[endgroup]
2025-11-23T14:49:08.6982190Z ##[group]Setting up auth
2025-11-23T14:49:08.6987283Z [command]/usr/bin/git config --local --name-only --get-regexp core\.sshCommand
2025-11-23T14:49:08.7019585Z [command]/usr/bin/git submodule foreach --recursive sh -c "git config --local --name-only --get-regexp 'core\.sshCommand' && git config --local --unset-all 'core.sshCommand' || :"
2025-11-23T14:49:08.7401507Z [command]/usr/bin/git config --local --name-only --get-regexp http\.https\:\/\/github\.com\/\.extraheader
2025-11-23T14:49:08.7433579Z [command]/usr/bin/git submodule foreach --recursive sh -c "git config --local --name-only --get-regexp 'http\.https\:\/\/github\.com\/\.extraheader' && git config --local --unset-all 'http.https://github.com/.extraheader' || :"
2025-11-23T14:49:08.7668497Z [command]/usr/bin/git config --local http.https://github.com/.extraheader AUTHORIZATION: basic ***
2025-11-23T14:49:08.7705041Z ##[endgroup]
2025-11-23T14:49:08.7707706Z ##[group]Fetching the repository
2025-11-23T14:49:08.7714861Z [command]/usr/bin/git -c protocol.version=2 fetch --no-tags --prune --progress --no-recurse-submodules --depth=1 origin +c63f8486c0d2294e8a4d9b696bee74a87e838e40:refs/remotes/origin/main
2025-11-23T14:49:09.1489559Z remote: Enumerating objects: 812, done.        
2025-11-23T14:49:09.1490182Z remote: Counting objects:   0% (1/812)        
2025-11-23T14:49:09.1490726Z remote: Counting objects:   1% (9/812)        
2025-11-23T14:49:09.1491298Z remote: Counting objects:   2% (17/812)        
2025-11-23T14:49:09.1491859Z remote: Counting objects:   3% (25/812)        
2025-11-23T14:49:09.1492381Z remote: Counting objects:   4% (33/812)        
2025-11-23T14:49:09.1492907Z remote: Counting objects:   5% (41/812)        
2025-11-23T14:49:09.1493431Z remote: Counting objects:   6% (49/812)        
2025-11-23T14:49:09.1493949Z remote: Counting objects:   7% (57/812)        
2025-11-23T14:49:09.1494466Z remote: Counting objects:   8% (65/812)        
2025-11-23T14:49:09.1494982Z remote: Counting objects:   9% (74/812)        
2025-11-23T14:49:09.1495498Z remote: Counting objects:  10% (82/812)        
2025-11-23T14:49:09.1496223Z remote: Counting objects:  11% (90/812)        
2025-11-23T14:49:09.1496822Z remote: Counting objects:  12% (98/812)        
2025-11-23T14:49:09.1497399Z remote: Counting objects:  13% (106/812)        
2025-11-23T14:49:09.1497930Z remote: Counting objects:  14% (114/812)        
2025-11-23T14:49:09.1498466Z remote: Counting objects:  15% (122/812)        
2025-11-23T14:49:09.1498998Z remote: Counting objects:  16% (130/812)        
2025-11-23T14:49:09.1499530Z remote: Counting objects:  17% (139/812)        
2025-11-23T14:49:09.1500061Z remote: Counting objects:  18% (147/812)        
2025-11-23T14:49:09.1500584Z remote: Counting objects:  19% (155/812)        
2025-11-23T14:49:09.1501126Z remote: Counting objects:  20% (163/812)        
2025-11-23T14:49:09.1501648Z remote: Counting objects:  21% (171/812)        
2025-11-23T14:49:09.1502172Z remote: Counting objects:  22% (179/812)        
2025-11-23T14:49:09.1502718Z remote: Counting objects:  23% (187/812)        
2025-11-23T14:49:09.1503252Z remote: Counting objects:  24% (195/812)        
2025-11-23T14:49:09.1503758Z remote: Counting objects:  25% (203/812)        
2025-11-23T14:49:09.1504322Z remote: Counting objects:  26% (212/812)        
2025-11-23T14:49:09.1504845Z remote: Counting objects:  27% (220/812)        
2025-11-23T14:49:09.1505413Z remote: Counting objects:  28% (228/812)        
2025-11-23T14:49:09.1506387Z remote: Counting objects:  29% (236/812)        
2025-11-23T14:49:09.1506966Z remote: Counting objects:  30% (244/812)        
2025-11-23T14:49:09.1507533Z remote: Counting objects:  31% (252/812)        
2025-11-23T14:49:09.1508081Z remote: Counting objects:  32% (260/812)        
2025-11-23T14:49:09.1508634Z remote: Counting objects:  33% (268/812)        
2025-11-23T14:49:09.1509189Z remote: Counting objects:  34% (277/812)        
2025-11-23T14:49:09.1509737Z remote: Counting objects:  35% (285/812)        
2025-11-23T14:49:09.1510286Z remote: Counting objects:  36% (293/812)        
2025-11-23T14:49:09.1510835Z remote: Counting objects:  37% (301/812)        
2025-11-23T14:49:09.1511411Z remote: Counting objects:  38% (309/812)        
2025-11-23T14:49:09.1511969Z remote: Counting objects:  39% (317/812)        
2025-11-23T14:49:09.1512519Z remote: Counting objects:  40% (325/812)        
2025-11-23T14:49:09.1513073Z remote: Counting objects:  41% (333/812)        
2025-11-23T14:49:09.1513643Z remote: Counting objects:  42% (342/812)        
2025-11-23T14:49:09.1514481Z remote: Counting objects:  43% (350/812)        
2025-11-23T14:49:09.1515017Z remote: Counting objects:  44% (358/812)        
2025-11-23T14:49:09.1515576Z remote: Counting objects:  45% (366/812)        
2025-11-23T14:49:09.1516312Z remote: Counting objects:  46% (374/812)        
2025-11-23T14:49:09.1516854Z remote: Counting objects:  47% (382/812)        
2025-11-23T14:49:09.1517411Z remote: Counting objects:  48% (390/812)        
2025-11-23T14:49:09.1517982Z remote: Counting objects:  49% (398/812)        
2025-11-23T14:49:09.2052904Z remote: Counting objects:  50% (406/812)        
2025-11-23T14:49:09.2053928Z remote: Counting objects:  51% (415/812)        
2025-11-23T14:49:09.2054742Z remote: Counting objects:  52% (423/812)        
2025-11-23T14:49:09.2055487Z remote: Counting objects:  53% (431/812)        
2025-11-23T14:49:09.2056425Z remote: Counting objects:  54% (439/812)        
2025-11-23T14:49:09.3052102Z remote: Counting objects:  55% (447/812)        
2025-11-23T14:49:09.3053892Z remote: Counting objects:  56% (455/812)        
2025-11-23T14:49:09.3054458Z remote: Counting objects:  57% (463/812)        
2025-11-23T14:49:09.3055009Z remote: Counting objects:  58% (471/812)        
2025-11-23T14:49:09.3055552Z remote: Counting objects:  59% (480/812)        
2025-11-23T14:49:09.3056382Z remote: Counting objects:  60% (488/812)        
2025-11-23T14:49:09.3056921Z remote: Counting objects:  61% (496/812)        
2025-11-23T14:49:09.3057456Z remote: Counting objects:  62% (504/812)        
2025-11-23T14:49:09.3058007Z remote: Counting objects:  63% (512/812)        
2025-11-23T14:49:09.3125183Z remote: Counting objects:  64% (520/812)        
2025-11-23T14:49:09.3125711Z remote: Counting objects:  65% (528/812)        
2025-11-23T14:49:09.3126372Z remote: Counting objects:  66% (536/812)        
2025-11-23T14:49:09.3126830Z remote: Counting objects:  67% (545/812)        
2025-11-23T14:49:09.3207864Z remote: Counting objects:  68% (553/812)        
2025-11-23T14:49:09.3209148Z remote: Counting objects:  69% (561/812)        
2025-11-23T14:49:09.3209940Z remote: Counting objects:  70% (569/812)        
2025-11-23T14:49:09.3210482Z remote: Counting objects:  71% (577/812)        
2025-11-23T14:49:09.3211110Z remote: Counting objects:  72% (585/812)        
2025-11-23T14:49:09.3211605Z remote: Counting objects:  73% (593/812)        
2025-11-23T14:49:09.3211990Z remote: Counting objects:  74% (601/812)        
2025-11-23T14:49:09.3212296Z remote: Counting objects:  75% (609/812)        
2025-11-23T14:49:09.3212581Z remote: Counting objects:  76% (618/812)        
2025-11-23T14:49:09.3212880Z remote: Counting objects:  77% (626/812)        
2025-11-23T14:49:09.3213167Z remote: Counting objects:  78% (634/812)        
2025-11-23T14:49:09.3213458Z remote: Counting objects:  79% (642/812)        
2025-11-23T14:49:09.3213747Z remote: Counting objects:  80% (650/812)        
2025-11-23T14:49:09.3214281Z remote: Counting objects:  81% (658/812)        
2025-11-23T14:49:09.3214575Z remote: Counting objects:  82% (666/812)        
2025-11-23T14:49:09.3214853Z remote: Counting objects:  83% (674/812)        
2025-11-23T14:49:09.3215141Z remote: Counting objects:  84% (683/812)        
2025-11-23T14:49:09.3215427Z remote: Counting objects:  85% (691/812)        
2025-11-23T14:49:09.3215711Z remote: Counting objects:  86% (699/812)        
2025-11-23T14:49:09.3216220Z remote: Counting objects:  87% (707/812)        
2025-11-23T14:49:09.3216530Z remote: Counting objects:  88% (715/812)        
2025-11-23T14:49:09.3216835Z remote: Counting objects:  89% (723/812)        
2025-11-23T14:49:09.3217135Z remote: Counting objects:  90% (731/812)        
2025-11-23T14:49:09.3217433Z remote: Counting objects:  91% (739/812)        
2025-11-23T14:49:09.3217734Z remote: Counting objects:  92% (748/812)        
2025-11-23T14:49:09.3218036Z remote: Counting objects:  93% (756/812)        
2025-11-23T14:49:09.3218336Z remote: Counting objects:  94% (764/812)        
2025-11-23T14:49:09.3218775Z remote: Counting objects:  95% (772/812)        
2025-11-23T14:49:09.3219081Z remote: Counting objects:  96% (780/812)        
2025-11-23T14:49:09.3326195Z remote: Counting objects:  97% (788/812)        
2025-11-23T14:49:09.3328930Z remote: Counting objects:  98% (796/812)        
2025-11-23T14:49:09.3329528Z remote: Counting objects:  99% (804/812)        
2025-11-23T14:49:09.3330099Z remote: Counting objects: 100% (812/812)        
2025-11-23T14:49:09.3330668Z remote: Counting objects: 100% (812/812), done.        
2025-11-23T14:49:09.3331248Z remote: Compressing objects:   0% (1/652)        
2025-11-23T14:49:09.3331791Z remote: Compressing objects:   1% (7/652)        
2025-11-23T14:49:09.3332336Z remote: Compressing objects:   2% (14/652)        
2025-11-23T14:49:09.3332886Z remote: Compressing objects:   3% (20/652)        
2025-11-23T14:49:09.3333425Z remote: Compressing objects:   4% (27/652)        
2025-11-23T14:49:09.3333973Z remote: Compressing objects:   5% (33/652)        
2025-11-23T14:49:09.3334530Z remote: Compressing objects:   6% (40/652)        
2025-11-23T14:49:09.3334886Z remote: Compressing objects:   7% (46/652)        
2025-11-23T14:49:09.3335238Z remote: Compressing objects:   8% (53/652)        
2025-11-23T14:49:09.3335577Z remote: Compressing objects:   9% (59/652)        
2025-11-23T14:49:09.3336116Z remote: Compressing objects:  10% (66/652)        
2025-11-23T14:49:09.3336463Z remote: Compressing objects:  11% (72/652)        
2025-11-23T14:49:09.3336793Z remote: Compressing objects:  12% (79/652)        
2025-11-23T14:49:09.3337156Z remote: Compressing objects:  13% (85/652)        
2025-11-23T14:49:09.3337495Z remote: Compressing objects:  14% (92/652)        
2025-11-23T14:49:09.3337828Z remote: Compressing objects:  15% (98/652)        
2025-11-23T14:49:09.3338179Z remote: Compressing objects:  16% (105/652)        
2025-11-23T14:49:09.3338531Z remote: Compressing objects:  17% (111/652)        
2025-11-23T14:49:09.3338855Z remote: Compressing objects:  18% (118/652)        
2025-11-23T14:49:09.3339171Z remote: Compressing objects:  19% (124/652)        
2025-11-23T14:49:09.3339486Z remote: Compressing objects:  20% (131/652)        
2025-11-23T14:49:09.3339794Z remote: Compressing objects:  21% (137/652)        
2025-11-23T14:49:09.3340123Z remote: Compressing objects:  22% (144/652)        
2025-11-23T14:49:09.3633615Z remote: Compressing objects:  23% (150/652)        
2025-11-23T14:49:09.3634688Z remote: Compressing objects:  24% (157/652)        
2025-11-23T14:49:09.3635473Z remote: Compressing objects:  25% (163/652)        
2025-11-23T14:49:09.3636465Z remote: Compressing objects:  26% (170/652)        
2025-11-23T14:49:09.3637115Z remote: Compressing objects:  27% (177/652)        
2025-11-23T14:49:09.3637603Z remote: Compressing objects:  28% (183/652)        
2025-11-23T14:49:09.3638081Z remote: Compressing objects:  29% (190/652)        
2025-11-23T14:49:09.3638552Z remote: Compressing objects:  30% (196/652)        
2025-11-23T14:49:09.3639228Z remote: Compressing objects:  31% (203/652)        
2025-11-23T14:49:09.3639630Z remote: Compressing objects:  32% (209/652)        
2025-11-23T14:49:09.3640012Z remote: Compressing objects:  33% (216/652)        
2025-11-23T14:49:09.3640395Z remote: Compressing objects:  34% (222/652)        
2025-11-23T14:49:09.3919371Z remote: Compressing objects:  35% (229/652)        
2025-11-23T14:49:09.4216577Z remote: Compressing objects:  36% (235/652)        
2025-11-23T14:49:09.4492642Z remote: Compressing objects:  37% (242/652)        
2025-11-23T14:49:09.4776608Z remote: Compressing objects:  38% (248/652)        
2025-11-23T14:49:09.4779060Z remote: Compressing objects:  39% (255/652)        
2025-11-23T14:49:09.4779797Z remote: Compressing objects:  40% (261/652)        
2025-11-23T14:49:09.4780489Z remote: Compressing objects:  41% (268/652)        
2025-11-23T14:49:09.4781027Z remote: Compressing objects:  42% (274/652)        
2025-11-23T14:49:09.4781415Z remote: Compressing objects:  43% (281/652)        
2025-11-23T14:49:09.4782119Z remote: Compressing objects:  44% (287/652)        
2025-11-23T14:49:09.4782498Z remote: Compressing objects:  45% (294/652)        
2025-11-23T14:49:09.4782865Z remote: Compressing objects:  46% (300/652)        
2025-11-23T14:49:09.4783239Z remote: Compressing objects:  47% (307/652)        
2025-11-23T14:49:09.4783605Z remote: Compressing objects:  48% (313/652)        
2025-11-23T14:49:09.4783970Z remote: Compressing objects:  49% (320/652)        
2025-11-23T14:49:09.4784334Z remote: Compressing objects:  50% (326/652)        
2025-11-23T14:49:09.4784693Z remote: Compressing objects:  51% (333/652)        
2025-11-23T14:49:09.4785043Z remote: Compressing objects:  52% (340/652)        
2025-11-23T14:49:09.4785398Z remote: Compressing objects:  53% (346/652)        
2025-11-23T14:49:09.4785758Z remote: Compressing objects:  54% (353/652)        
2025-11-23T14:49:09.4786395Z remote: Compressing objects:  55% (359/652)        
2025-11-23T14:49:09.4786922Z remote: Compressing objects:  56% (366/652)        
2025-11-23T14:49:09.4787279Z remote: Compressing objects:  57% (372/652)        
2025-11-23T14:49:09.4787721Z remote: Compressing objects:  58% (379/652)        
2025-11-23T14:49:09.4788349Z remote: Compressing objects:  59% (385/652)        
2025-11-23T14:49:09.4788904Z remote: Compressing objects:  60% (392/652)        
2025-11-23T14:49:09.4789456Z remote: Compressing objects:  61% (398/652)        
2025-11-23T14:49:09.4789995Z remote: Compressing objects:  62% (405/652)        
2025-11-23T14:49:09.4790955Z remote: Compressing objects:  63% (411/652)        
2025-11-23T14:49:09.4791516Z remote: Compressing objects:  64% (418/652)        
2025-11-23T14:49:09.4792055Z remote: Compressing objects:  65% (424/652)        
2025-11-23T14:49:09.4792579Z remote: Compressing objects:  66% (431/652)        
2025-11-23T14:49:09.4793129Z remote: Compressing objects:  67% (437/652)        
2025-11-23T14:49:09.4793851Z remote: Compressing objects:  68% (444/652)        
2025-11-23T14:49:09.4794415Z remote: Compressing objects:  69% (450/652)        
2025-11-23T14:49:09.4794929Z remote: Compressing objects:  70% (457/652)        
2025-11-23T14:49:09.4795454Z remote: Compressing objects:  71% (463/652)        
2025-11-23T14:49:09.4795811Z remote: Compressing objects:  72% (470/652)        
2025-11-23T14:49:09.4796863Z remote: Compressing objects:  73% (476/652)        
2025-11-23T14:49:09.4797417Z remote: Compressing objects:  74% (483/652)        
2025-11-23T14:49:09.4797974Z remote: Compressing objects:  75% (489/652)        
2025-11-23T14:49:09.4799119Z remote: Compressing objects:  76% (496/652)        
2025-11-23T14:49:09.4799650Z remote: Compressing objects:  77% (503/652)        
2025-11-23T14:49:09.4800184Z remote: Compressing objects:  78% (509/652)        
2025-11-23T14:49:09.4800727Z remote: Compressing objects:  79% (516/652)        
2025-11-23T14:49:09.4801246Z remote: Compressing objects:  80% (522/652)        
2025-11-23T14:49:09.4802087Z remote: Compressing objects:  81% (529/652)        
2025-11-23T14:49:09.4802571Z remote: Compressing objects:  82% (535/652)        
2025-11-23T14:49:09.4803084Z remote: Compressing objects:  83% (542/652)        
2025-11-23T14:49:09.4803569Z remote: Compressing objects:  84% (548/652)        
2025-11-23T14:49:09.4804057Z remote: Compressing objects:  85% (555/652)        
2025-11-23T14:49:09.4804539Z remote: Compressing objects:  86% (561/652)        
2025-11-23T14:49:09.4805049Z remote: Compressing objects:  87% (568/652)        
2025-11-23T14:49:09.4805575Z remote: Compressing objects:  88% (574/652)        
2025-11-23T14:49:09.4806280Z remote: Compressing objects:  89% (581/652)        
2025-11-23T14:49:09.4806816Z remote: Compressing objects:  90% (587/652)        
2025-11-23T14:49:09.4807338Z remote: Compressing objects:  91% (594/652)        
2025-11-23T14:49:09.4807833Z remote: Compressing objects:  92% (600/652)        
2025-11-23T14:49:09.4808250Z remote: Compressing objects:  93% (607/652)        
2025-11-23T14:49:09.4808759Z remote: Compressing objects:  94% (613/652)        
2025-11-23T14:49:09.4809506Z remote: Compressing objects:  95% (620/652)        
2025-11-23T14:49:09.4810025Z remote: Compressing objects:  96% (626/652)        
2025-11-23T14:49:09.4810555Z remote: Compressing objects:  97% (633/652)        
2025-11-23T14:49:09.4811083Z remote: Compressing objects:  98% (639/652)        
2025-11-23T14:49:09.4811708Z remote: Compressing objects:  99% (646/652)        
2025-11-23T14:49:09.4812216Z remote: Compressing objects: 100% (652/652)        
2025-11-23T14:49:09.4812810Z remote: Compressing objects: 100% (652/652), done.        
2025-11-23T14:49:09.4849713Z Receiving objects:   0% (1/812)
2025-11-23T14:49:09.4998428Z Receiving objects:   1% (9/812)
2025-11-23T14:49:09.5000481Z Receiving objects:   2% (17/812)
2025-11-23T14:49:09.5003210Z Receiving objects:   3% (25/812)
2025-11-23T14:49:09.5005382Z Receiving objects:   4% (33/812)
2025-11-23T14:49:09.5007272Z Receiving objects:   5% (41/812)
2025-11-23T14:49:09.5148175Z Receiving objects:   6% (49/812)
2025-11-23T14:49:09.5197899Z Receiving objects:   7% (57/812)
2025-11-23T14:49:09.5198721Z Receiving objects:   8% (65/812)
2025-11-23T14:49:09.5200280Z Receiving objects:   9% (74/812)
2025-11-23T14:49:09.5200745Z Receiving objects:  10% (82/812)
2025-11-23T14:49:09.5208484Z Receiving objects:  11% (90/812)
2025-11-23T14:49:09.5208998Z Receiving objects:  12% (98/812)
2025-11-23T14:49:09.5739289Z Receiving objects:  13% (106/812)
2025-11-23T14:49:09.5740682Z Receiving objects:  14% (114/812)
2025-11-23T14:49:09.5743500Z Receiving objects:  15% (122/812)
2025-11-23T14:49:09.5774752Z Receiving objects:  16% (130/812)
2025-11-23T14:49:09.5783554Z Receiving objects:  17% (139/812)
2025-11-23T14:49:09.5789633Z Receiving objects:  18% (147/812)
2025-11-23T14:49:09.5797166Z Receiving objects:  19% (155/812)
2025-11-23T14:49:09.5801748Z Receiving objects:  20% (163/812)
2025-11-23T14:49:09.5817977Z Receiving objects:  21% (171/812)
2025-11-23T14:49:09.5818502Z Receiving objects:  22% (179/812)
2025-11-23T14:49:09.5818942Z Receiving objects:  23% (187/812)
2025-11-23T14:49:09.5819359Z Receiving objects:  24% (195/812)
2025-11-23T14:49:09.5819759Z Receiving objects:  25% (203/812)
2025-11-23T14:49:09.5820175Z Receiving objects:  26% (212/812)
2025-11-23T14:49:09.5820580Z Receiving objects:  27% (220/812)
2025-11-23T14:49:09.5820980Z Receiving objects:  28% (228/812)
2025-11-23T14:49:09.5821394Z Receiving objects:  29% (236/812)
2025-11-23T14:49:09.5826857Z Receiving objects:  30% (244/812)
2025-11-23T14:49:09.5834222Z Receiving objects:  31% (252/812)
2025-11-23T14:49:09.5841873Z Receiving objects:  32% (260/812)
2025-11-23T14:49:09.5848512Z Receiving objects:  33% (268/812)
2025-11-23T14:49:09.5858717Z Receiving objects:  34% (277/812)
2025-11-23T14:49:09.5888248Z Receiving objects:  35% (285/812)
2025-11-23T14:49:09.5889139Z Receiving objects:  36% (293/812)
2025-11-23T14:49:09.5889762Z Receiving objects:  37% (301/812)
2025-11-23T14:49:09.5890522Z Receiving objects:  38% (309/812)
2025-11-23T14:49:09.5894088Z Receiving objects:  39% (317/812)
2025-11-23T14:49:09.5905079Z Receiving objects:  40% (325/812)
2025-11-23T14:49:09.5920664Z Receiving objects:  41% (333/812)
2025-11-23T14:49:09.5966696Z Receiving objects:  42% (342/812)
2025-11-23T14:49:09.5967557Z Receiving objects:  43% (350/812)
2025-11-23T14:49:09.5968159Z Receiving objects:  44% (358/812)
2025-11-23T14:49:09.5994428Z Receiving objects:  45% (366/812)
2025-11-23T14:49:09.6010952Z Receiving objects:  46% (374/812)
2025-11-23T14:49:09.6020751Z Receiving objects:  47% (382/812)
2025-11-23T14:49:09.6036557Z Receiving objects:  48% (390/812)
2025-11-23T14:49:09.7911808Z Receiving objects:  49% (398/812)
2025-11-23T14:49:09.8555004Z Receiving objects:  50% (406/812)
2025-11-23T14:49:10.4837996Z Receiving objects:  51% (415/812)
2025-11-23T14:49:11.4085127Z Receiving objects:  51% (419/812), 58.27 MiB | 58.32 MiB/s
2025-11-23T14:49:11.4844317Z Receiving objects:  52% (423/812), 90.52 MiB | 60.38 MiB/s
2025-11-23T14:49:11.5297987Z Receiving objects:  52% (425/812), 123.67 MiB | 61.86 MiB/s
2025-11-23T14:49:11.5483369Z Receiving objects:  53% (431/812), 123.67 MiB | 61.86 MiB/s
2025-11-23T14:49:11.6344564Z Receiving objects:  54% (439/812), 123.67 MiB | 61.86 MiB/s
2025-11-23T14:49:11.7827438Z Receiving objects:  55% (447/812), 123.67 MiB | 61.86 MiB/s
2025-11-23T14:49:11.9595841Z Receiving objects:  56% (455/812), 123.67 MiB | 61.86 MiB/s
2025-11-23T14:49:12.0309000Z Receiving objects:  57% (463/812), 123.67 MiB | 61.86 MiB/s
2025-11-23T14:49:12.0440064Z Receiving objects:  58% (471/812), 152.95 MiB | 61.20 MiB/s
2025-11-23T14:49:12.0820464Z Receiving objects:  59% (480/812), 152.95 MiB | 61.20 MiB/s
2025-11-23T14:49:12.1149744Z Receiving objects:  60% (488/812), 152.95 MiB | 61.20 MiB/s
2025-11-23T14:49:12.1207602Z Receiving objects:  61% (496/812), 152.95 MiB | 61.20 MiB/s
2025-11-23T14:49:12.1408746Z Receiving objects:  62% (504/812), 152.95 MiB | 61.20 MiB/s
2025-11-23T14:49:12.4034473Z Receiving objects:  63% (512/812), 152.95 MiB | 61.20 MiB/s
2025-11-23T14:49:12.4609194Z Receiving objects:  64% (520/812), 152.95 MiB | 61.20 MiB/s
2025-11-23T14:49:12.4843542Z Receiving objects:  65% (528/812), 152.95 MiB | 61.20 MiB/s
2025-11-23T14:49:12.5304118Z Receiving objects:  65% (533/812), 180.87 MiB | 60.31 MiB/s
2025-11-23T14:49:12.5851921Z Receiving objects:  66% (536/812), 180.87 MiB | 60.31 MiB/s
2025-11-23T14:49:12.5858235Z Receiving objects:  67% (545/812), 180.87 MiB | 60.31 MiB/s
2025-11-23T14:49:12.5860479Z Receiving objects:  68% (553/812), 180.87 MiB | 60.31 MiB/s
2025-11-23T14:49:12.7102714Z Receiving objects:  69% (561/812), 180.87 MiB | 60.31 MiB/s
2025-11-23T14:49:12.7103883Z Receiving objects:  70% (569/812), 180.87 MiB | 60.31 MiB/s
2025-11-23T14:49:12.7770677Z Receiving objects:  71% (577/812), 180.87 MiB | 60.31 MiB/s
2025-11-23T14:49:12.7773775Z Receiving objects:  72% (585/812), 180.87 MiB | 60.31 MiB/s
2025-11-23T14:49:12.8359085Z Receiving objects:  73% (593/812), 180.87 MiB | 60.31 MiB/s
2025-11-23T14:49:12.8536786Z Receiving objects:  74% (601/812), 180.87 MiB | 60.31 MiB/s
2025-11-23T14:49:12.8539934Z Receiving objects:  75% (609/812), 180.87 MiB | 60.31 MiB/s
2025-11-23T14:49:12.8618555Z Receiving objects:  76% (618/812), 180.87 MiB | 60.31 MiB/s
2025-11-23T14:49:12.8813761Z Receiving objects:  77% (626/812), 180.87 MiB | 60.31 MiB/s
2025-11-23T14:49:12.9240338Z Receiving objects:  78% (634/812), 180.87 MiB | 60.31 MiB/s
2025-11-23T14:49:12.9654683Z Receiving objects:  79% (642/812), 180.87 MiB | 60.31 MiB/s
2025-11-23T14:49:12.9674436Z Receiving objects:  80% (650/812), 180.87 MiB | 60.31 MiB/s
2025-11-23T14:49:12.9688935Z Receiving objects:  81% (658/812), 180.87 MiB | 60.31 MiB/s
2025-11-23T14:49:12.9696267Z Receiving objects:  82% (666/812), 180.87 MiB | 60.31 MiB/s
2025-11-23T14:49:12.9723405Z Receiving objects:  83% (674/812), 180.87 MiB | 60.31 MiB/s
2025-11-23T14:49:12.9726788Z Receiving objects:  84% (683/812), 180.87 MiB | 60.31 MiB/s
2025-11-23T14:49:12.9729319Z Receiving objects:  85% (691/812), 180.87 MiB | 60.31 MiB/s
2025-11-23T14:49:12.9733053Z Receiving objects:  86% (699/812), 180.87 MiB | 60.31 MiB/s
2025-11-23T14:49:12.9735859Z Receiving objects:  87% (707/812), 180.87 MiB | 60.31 MiB/s
2025-11-23T14:49:12.9767635Z Receiving objects:  88% (715/812), 180.87 MiB | 60.31 MiB/s
2025-11-23T14:49:12.9772612Z Receiving objects:  89% (723/812), 180.87 MiB | 60.31 MiB/s
2025-11-23T14:49:12.9778527Z Receiving objects:  90% (731/812), 180.87 MiB | 60.31 MiB/s
2025-11-23T14:49:12.9796981Z Receiving objects:  91% (739/812), 180.87 MiB | 60.31 MiB/s
2025-11-23T14:49:12.9800426Z Receiving objects:  92% (748/812), 180.87 MiB | 60.31 MiB/s
2025-11-23T14:49:12.9805476Z Receiving objects:  93% (756/812), 180.87 MiB | 60.31 MiB/s
2025-11-23T14:49:12.9815311Z Receiving objects:  94% (764/812), 180.87 MiB | 60.31 MiB/s
2025-11-23T14:49:12.9823264Z Receiving objects:  95% (772/812), 180.87 MiB | 60.31 MiB/s
2025-11-23T14:49:13.0130423Z Receiving objects:  96% (780/812), 180.87 MiB | 60.31 MiB/s
2025-11-23T14:49:13.0132015Z remote: Total 812 (delta 96), reused 658 (delta 63), pack-reused 0 (from 0)        
2025-11-23T14:49:13.0156782Z Receiving objects:  97% (788/812), 205.69 MiB | 58.78 MiB/s
2025-11-23T14:49:13.0158460Z Receiving objects:  98% (796/812), 205.69 MiB | 58.78 MiB/s
2025-11-23T14:49:13.0166902Z Receiving objects:  99% (804/812), 205.69 MiB | 58.78 MiB/s
2025-11-23T14:49:13.0167606Z Receiving objects: 100% (812/812), 205.69 MiB | 58.78 MiB/s
2025-11-23T14:49:13.0168315Z Receiving objects: 100% (812/812), 207.79 MiB | 58.84 MiB/s, done.
2025-11-23T14:49:13.0168895Z Resolving deltas:   0% (0/96)
2025-11-23T14:49:13.0169301Z Resolving deltas:   1% (1/96)
2025-11-23T14:49:13.0175403Z Resolving deltas:   2% (2/96)
2025-11-23T14:49:13.0177279Z Resolving deltas:   4% (4/96)
2025-11-23T14:49:13.0177744Z Resolving deltas:   5% (5/96)
2025-11-23T14:49:13.0178741Z Resolving deltas:   6% (6/96)
2025-11-23T14:49:13.0179157Z Resolving deltas:   7% (7/96)
2025-11-23T14:49:13.0179576Z Resolving deltas:   8% (8/96)
2025-11-23T14:49:13.0179961Z Resolving deltas:   9% (9/96)
2025-11-23T14:49:13.0180379Z Resolving deltas:  10% (10/96)
2025-11-23T14:49:13.0180776Z Resolving deltas:  11% (11/96)
2025-11-23T14:49:13.0181160Z Resolving deltas:  12% (12/96)
2025-11-23T14:49:13.0181545Z Resolving deltas:  14% (14/96)
2025-11-23T14:49:13.0181927Z Resolving deltas:  15% (15/96)
2025-11-23T14:49:13.0182306Z Resolving deltas:  16% (16/96)
2025-11-23T14:49:13.0182682Z Resolving deltas:  17% (17/96)
2025-11-23T14:49:13.0189564Z Resolving deltas:  18% (18/96)
2025-11-23T14:49:13.0190029Z Resolving deltas:  19% (19/96)
2025-11-23T14:49:13.0193659Z Resolving deltas:  20% (20/96)
2025-11-23T14:49:13.0196163Z Resolving deltas:  21% (21/96)
2025-11-23T14:49:13.0196801Z Resolving deltas:  22% (22/96)
2025-11-23T14:49:13.0198227Z Resolving deltas:  23% (23/96)
2025-11-23T14:49:13.0198653Z Resolving deltas:  25% (24/96)
2025-11-23T14:49:13.0199040Z Resolving deltas:  26% (25/96)
2025-11-23T14:49:13.0199433Z Resolving deltas:  27% (26/96)
2025-11-23T14:49:13.0199810Z Resolving deltas:  28% (27/96)
2025-11-23T14:49:13.0200194Z Resolving deltas:  29% (28/96)
2025-11-23T14:49:13.0200561Z Resolving deltas:  30% (29/96)
2025-11-23T14:49:13.0200931Z Resolving deltas:  31% (30/96)
2025-11-23T14:49:13.0201308Z Resolving deltas:  32% (31/96)
2025-11-23T14:49:13.0201693Z Resolving deltas:  33% (32/96)
2025-11-23T14:49:13.0202075Z Resolving deltas:  34% (33/96)
2025-11-23T14:49:13.0202444Z Resolving deltas:  35% (34/96)
2025-11-23T14:49:13.0202814Z Resolving deltas:  36% (35/96)
2025-11-23T14:49:13.0203184Z Resolving deltas:  37% (36/96)
2025-11-23T14:49:13.0203554Z Resolving deltas:  39% (38/96)
2025-11-23T14:49:13.0426318Z Resolving deltas:  40% (39/96)
2025-11-23T14:49:13.0618688Z Resolving deltas:  41% (40/96)
2025-11-23T14:49:13.0673792Z Resolving deltas:  42% (41/96)
2025-11-23T14:49:13.0754567Z Resolving deltas:  43% (42/96)
2025-11-23T14:49:13.0807586Z Resolving deltas:  44% (43/96)
2025-11-23T14:49:13.0848459Z Resolving deltas:  45% (44/96)
2025-11-23T14:49:13.0894004Z Resolving deltas:  46% (45/96)
2025-11-23T14:49:13.0935562Z Resolving deltas:  47% (46/96)
2025-11-23T14:49:13.0961084Z Resolving deltas:  48% (47/96)
2025-11-23T14:49:13.1021751Z Resolving deltas:  50% (48/96)
2025-11-23T14:49:13.1137837Z Resolving deltas:  51% (49/96)
2025-11-23T14:49:13.1257416Z Resolving deltas:  52% (50/96)
2025-11-23T14:49:13.1296155Z Resolving deltas:  53% (51/96)
2025-11-23T14:49:13.1302886Z Resolving deltas:  54% (52/96)
2025-11-23T14:49:13.1438753Z Resolving deltas:  55% (53/96)
2025-11-23T14:49:13.1631825Z Resolving deltas:  56% (54/96)
2025-11-23T14:49:13.1697921Z Resolving deltas:  57% (55/96)
2025-11-23T14:49:13.1739432Z Resolving deltas:  58% (56/96)
2025-11-23T14:49:13.1744485Z Resolving deltas:  59% (57/96)
2025-11-23T14:49:13.1749622Z Resolving deltas:  60% (58/96)
2025-11-23T14:49:13.1754225Z Resolving deltas:  61% (59/96)
2025-11-23T14:49:13.1759024Z Resolving deltas:  62% (60/96)
2025-11-23T14:49:13.1774653Z Resolving deltas:  63% (61/96)
2025-11-23T14:49:13.1846596Z Resolving deltas:  64% (62/96)
2025-11-23T14:49:13.1847720Z Resolving deltas:  65% (63/96)
2025-11-23T14:49:13.1848138Z Resolving deltas:  66% (64/96)
2025-11-23T14:49:13.1848587Z Resolving deltas:  67% (65/96)
2025-11-23T14:49:13.1848969Z Resolving deltas:  68% (66/96)
2025-11-23T14:49:13.1849336Z Resolving deltas:  69% (67/96)
2025-11-23T14:49:13.1849711Z Resolving deltas:  70% (68/96)
2025-11-23T14:49:13.1853925Z Resolving deltas:  71% (69/96)
2025-11-23T14:49:13.1864596Z Resolving deltas:  72% (70/96)
2025-11-23T14:49:13.1870026Z Resolving deltas:  73% (71/96)
2025-11-23T14:49:13.1881522Z Resolving deltas:  75% (72/96)
2025-11-23T14:49:13.1894975Z Resolving deltas:  76% (73/96)
2025-11-23T14:49:13.1900119Z Resolving deltas:  77% (74/96)
2025-11-23T14:49:13.1917360Z Resolving deltas:  78% (75/96)
2025-11-23T14:49:13.1917788Z Resolving deltas:  79% (76/96)
2025-11-23T14:49:13.1929230Z Resolving deltas:  80% (77/96)
2025-11-23T14:49:13.1932719Z Resolving deltas:  81% (78/96)
2025-11-23T14:49:13.1943852Z Resolving deltas:  82% (79/96)
2025-11-23T14:49:13.1951242Z Resolving deltas:  83% (80/96)
2025-11-23T14:49:13.1958363Z Resolving deltas:  84% (81/96)
2025-11-23T14:49:13.1986557Z Resolving deltas:  85% (82/96)
2025-11-23T14:49:13.1986977Z Resolving deltas:  86% (83/96)
2025-11-23T14:49:13.1987362Z Resolving deltas:  87% (84/96)
2025-11-23T14:49:13.1989986Z Resolving deltas:  88% (85/96)
2025-11-23T14:49:13.2005606Z Resolving deltas:  89% (86/96)
2025-11-23T14:49:13.2007139Z Resolving deltas:  90% (87/96)
2025-11-23T14:49:13.2012710Z Resolving deltas:  91% (88/96)
2025-11-23T14:49:13.2034833Z Resolving deltas:  92% (89/96)
2025-11-23T14:49:13.2035424Z Resolving deltas:  93% (90/96)
2025-11-23T14:49:13.2035820Z Resolving deltas:  94% (91/96)
2025-11-23T14:49:13.2036514Z Resolving deltas:  95% (92/96)
2025-11-23T14:49:13.2036934Z Resolving deltas:  96% (93/96)
2025-11-23T14:49:13.2037320Z Resolving deltas:  97% (94/96)
2025-11-23T14:49:13.2037693Z Resolving deltas:  98% (95/96)
2025-11-23T14:49:13.2038074Z Resolving deltas: 100% (96/96)
2025-11-23T14:49:13.2038465Z Resolving deltas: 100% (96/96), done.
2025-11-23T14:49:13.9675082Z From https://github.com/aspepper/vitrine-de-craques-web-site
2025-11-23T14:49:13.9676339Z  * [new ref]         c63f8486c0d2294e8a4d9b696bee74a87e838e40 -> origin/main
2025-11-23T14:49:13.9714938Z ##[endgroup]
2025-11-23T14:49:13.9715502Z ##[group]Determining the checkout info
2025-11-23T14:49:13.9719899Z ##[endgroup]
2025-11-23T14:49:13.9720759Z ##[group]Checking out the ref
2025-11-23T14:49:13.9725257Z [command]/usr/bin/git checkout --progress --force -B main refs/remotes/origin/main
2025-11-23T14:49:14.6602493Z Switched to a new branch 'main'
2025-11-23T14:49:14.6608100Z branch 'main' set up to track 'origin/main'.
2025-11-23T14:49:14.6694408Z ##[endgroup]
2025-11-23T14:49:14.6741284Z [command]/usr/bin/git log -1 --format='%H'
2025-11-23T14:49:14.6770570Z 'c63f8486c0d2294e8a4d9b696bee74a87e838e40'
2025-11-23T14:49:14.6981807Z ##[group]Run actions/setup-node@v4
2025-11-23T14:49:14.6982267Z with:
2025-11-23T14:49:14.6982451Z   node-version: 20
2025-11-23T14:49:14.6982648Z   cache: npm
2025-11-23T14:49:14.6982827Z   always-auth: false
2025-11-23T14:49:14.6983025Z   check-latest: false
2025-11-23T14:49:14.6983351Z   token: ***
2025-11-23T14:49:14.6983526Z env:
2025-11-23T14:49:14.6984204Z   DATABASE_URL: ***
2025-11-23T14:49:14.6984504Z   NEXTAUTH_URL: ***
2025-11-23T14:49:14.6984789Z   NEXTAUTH_SECRET: ***
2025-11-23T14:49:14.6984995Z   AUTH_TRUST_HOST: true
2025-11-23T14:49:14.6985195Z ##[endgroup]
2025-11-23T14:49:14.8805733Z Found in cache @ /opt/hostedtoolcache/node/20.19.5/x64
2025-11-23T14:49:14.8814506Z ##[group]Environment details
2025-11-23T14:49:17.1301484Z node: v20.19.5
2025-11-23T14:49:17.1302302Z npm: 10.8.2
2025-11-23T14:49:17.1303514Z yarn: 1.22.22
2025-11-23T14:49:17.1304830Z ##[endgroup]
2025-11-23T14:49:17.1343124Z [command]/opt/hostedtoolcache/node/20.19.5/x64/bin/npm config get cache
2025-11-23T14:49:17.4528502Z /home/runner/.npm
2025-11-23T14:49:17.8023634Z Cache hit for: node-cache-Linux-x64-npm-7a37f00dbb49b213ff9469b7d87cb9481db306262f95e4f112cc6aec83ba8a27
2025-11-23T14:49:19.1116949Z Received 0 of 256886524 (0.0%), 0.0 MBs/sec
2025-11-23T14:49:20.1097131Z Received 113246208 of 256886524 (44.1%), 54.0 MBs/sec
2025-11-23T14:49:21.1075785Z Received 230686720 of 256886524 (89.8%), 73.3 MBs/sec
2025-11-23T14:49:21.3578686Z Received 256886524 of 256886524 (100.0%), 75.3 MBs/sec
2025-11-23T14:49:21.3582702Z Cache Size: ~245 MB (256886524 B)
2025-11-23T14:49:21.3783734Z [command]/usr/bin/tar -xf /home/runner/work/_temp/34265f8b-0e8b-4b4d-b68b-63f76ccab5f1/cache.tzst -P -C /home/runner/work/vitrine-de-craques-web-site/vitrine-de-craques-web-site --use-compress-program unzstd
2025-11-23T14:49:22.1892675Z Cache restored successfully
2025-11-23T14:49:22.2392091Z Cache restored from key: node-cache-Linux-x64-npm-7a37f00dbb49b213ff9469b7d87cb9481db306262f95e4f112cc6aec83ba8a27
2025-11-23T14:49:22.2577523Z ##[group]Run npm ci
2025-11-23T14:49:22.2577839Z [36;1mnpm ci[0m
2025-11-23T14:49:22.2621230Z shell: /usr/bin/bash -e {0}
2025-11-23T14:49:22.2621491Z env:
2025-11-23T14:49:22.2622321Z   DATABASE_URL: ***
2025-11-23T14:49:22.2622655Z   NEXTAUTH_URL: ***
2025-11-23T14:49:22.2622953Z   NEXTAUTH_SECRET: ***
2025-11-23T14:49:22.2623166Z   AUTH_TRUST_HOST: true
2025-11-23T14:49:22.2623382Z ##[endgroup]
2025-11-23T14:49:30.8972941Z npm warn deprecated inflight@1.0.6: This module is not supported, and leaks memory. Do not use it. Check out lru-cache if you want a good and tested way to coalesce async requests by a key value, which is much more comprehensive and powerful.
2025-11-23T14:49:31.1982329Z npm warn deprecated @humanwhocodes/config-array@0.13.0: Use @eslint/config-array instead
2025-11-23T14:49:31.2223006Z npm warn deprecated rimraf@3.0.2: Rimraf versions prior to v4 are no longer supported
2025-11-23T14:49:31.4297894Z npm warn deprecated @humanwhocodes/object-schema@2.0.3: Use @eslint/object-schema instead
2025-11-23T14:49:31.4418741Z npm warn deprecated glob@7.2.3: Glob versions prior to v9 are no longer supported
2025-11-23T14:49:37.5638342Z npm warn deprecated eslint@8.57.1: This version is no longer supported. Please see https://eslint.org/version-support for other options.
2025-11-23T14:49:37.8757243Z npm warn deprecated fluent-ffmpeg@2.1.3: Package no longer supported. Contact Support at https://www.npmjs.com/support for more info.
2025-11-23T14:49:52.8544866Z 
2025-11-23T14:49:52.8546266Z > vitrine-de-craques-web-site@0.1.0 postinstall
2025-11-23T14:49:52.8548251Z > npx prisma generate
2025-11-23T14:49:52.8549413Z 
2025-11-23T14:49:54.2922145Z Prisma schema loaded from prisma/schema.prisma
2025-11-23T14:49:55.2563222Z ┌─────────────────────────────────────────────────────────┐
2025-11-23T14:49:55.2564205Z 
2025-11-23T14:49:55.2577863Z ✔ Generated Prisma Client (v6.16.2) to ./node_modules/@prisma/client in 424ms
2025-11-23T14:49:55.2579208Z │  Update available 6.16.2 -> 7.0.0                       │
2025-11-23T14:49:55.2580062Z │                                                         │
2025-11-23T14:49:55.2581359Z │  This is a major update - please follow the guide at    │
2025-11-23T14:49:55.2582301Z │  https://pris.ly/d/major-version-upgrade                │
2025-11-23T14:49:55.2583117Z │                                                         │
2025-11-23T14:49:55.2583869Z │  Run the following to update                            │
2025-11-23T14:49:55.2584674Z │    npm i --save-dev prisma@latest                       │
2025-11-23T14:49:55.2585471Z │    npm i @prisma/client@latest                          │
2025-11-23T14:49:55.2586652Z └─────────────────────────────────────────────────────────┘
2025-11-23T14:49:55.2590316Z 
2025-11-23T14:49:55.2591351Z Start by importing your Prisma Client (See: https://pris.ly/d/importing-client)
2025-11-23T14:49:55.2593382Z 
2025-11-23T14:49:55.2594497Z Tip: Interested in query caching in just a few lines of code? Try Accelerate today! https://pris.ly/tip-3-accelerate
2025-11-23T14:49:55.2595459Z 
2025-11-23T14:49:55.2921032Z 
2025-11-23T14:49:55.2923570Z > vitrine-de-craques-web-site@0.1.0 prepare
2025-11-23T14:49:55.2927322Z > husky install
2025-11-23T14:49:55.2927575Z 
2025-11-23T14:49:55.3534547Z husky - Git hooks installed
2025-11-23T14:49:55.3731798Z 
2025-11-23T14:49:55.3734345Z added 832 packages, and audited 833 packages in 33s
2025-11-23T14:49:55.3741508Z 
2025-11-23T14:49:55.3741842Z 195 packages are looking for funding
2025-11-23T14:49:55.3742359Z   run `npm fund` for details
2025-11-23T14:49:55.4382102Z 
2025-11-23T14:49:55.4383047Z 8 vulnerabilities (2 low, 3 moderate, 3 high)
2025-11-23T14:49:55.4383448Z 
2025-11-23T14:49:55.4383861Z To address issues that do not require attention, run:
2025-11-23T14:49:55.4384382Z   npm audit fix
2025-11-23T14:49:55.4384585Z 
2025-11-23T14:49:55.4384946Z To address all issues (including breaking changes), run:
2025-11-23T14:49:55.4385484Z   npm audit fix --force
2025-11-23T14:49:55.4385712Z 
2025-11-23T14:49:55.4386683Z Run `npm audit` for details.
2025-11-23T14:49:55.5487418Z ##[group]Run npm run build
2025-11-23T14:49:55.5487731Z [36;1mnpm run build[0m
2025-11-23T14:49:55.5522149Z shell: /usr/bin/bash -e {0}
2025-11-23T14:49:55.5522398Z env:
2025-11-23T14:49:55.5523202Z   DATABASE_URL: ***
2025-11-23T14:49:55.5523530Z   NEXTAUTH_URL: ***
2025-11-23T14:49:55.5523843Z   NEXTAUTH_SECRET: ***
2025-11-23T14:49:55.5524054Z   AUTH_TRUST_HOST: true
2025-11-23T14:49:55.5524271Z ##[endgroup]
2025-11-23T14:49:55.6730229Z 
2025-11-23T14:49:55.6730833Z > vitrine-de-craques-web-site@0.1.0 build
2025-11-23T14:49:55.6731464Z > npx prisma generate && next build
2025-11-23T14:49:55.6731779Z 
2025-11-23T14:49:57.0938945Z Prisma schema loaded from prisma/schema.prisma
2025-11-23T14:49:58.0357308Z 
2025-11-23T14:49:58.0360281Z ✔ Generated Prisma Client (v6.16.2) to ./node_modules/@prisma/client in 409ms
2025-11-23T14:49:58.0374651Z 
2025-11-23T14:49:58.0375322Z Start by importing your Prisma Client (See: https://pris.ly/d/importing-client)
2025-11-23T14:49:58.0375882Z 
2025-11-23T14:49:58.0377019Z Tip: Need your database queries to be 1000x faster? Accelerate offers you that and more: https://pris.ly/tip-2-accelerate
2025-11-23T14:49:58.0377758Z 
2025-11-23T14:49:58.5882389Z ⚠ No build cache found. Please configure build caching for faster rebuilds. Read more: https://nextjs.org/docs/messages/no-cache
2025-11-23T14:49:58.6010665Z Attention: Next.js now collects completely anonymous telemetry regarding usage.
2025-11-23T14:49:58.6012866Z This information is used to shape Next.js' roadmap and prioritize features.
2025-11-23T14:49:58.6015875Z You can learn more, including how to opt-out if you'd not like to participate in this anonymous program, by visiting the following URL:
2025-11-23T14:49:58.6017028Z https://nextjs.org/telemetry
2025-11-23T14:49:58.6017312Z 
2025-11-23T14:49:58.6645000Z   ▲ Next.js 14.2.33
2025-11-23T14:49:58.6657267Z 
2025-11-23T14:49:58.7302664Z    Creating an optimized production build ...
2025-11-23T14:50:40.7932597Z  ⚠ Compiled with warnings
2025-11-23T14:50:40.7933410Z 
2025-11-23T14:50:40.7933771Z ./node_modules/@ffmpeg-installer/ffmpeg/index.js
2025-11-23T14:50:40.7937717Z Critical dependency: the request of a dependency is an expression
2025-11-23T14:50:40.7938178Z 
2025-11-23T14:50:40.7938434Z Import trace for requested module:
2025-11-23T14:50:40.7939015Z ./node_modules/@ffmpeg-installer/ffmpeg/index.js
2025-11-23T14:50:40.7939527Z ./app/api/videos/route.ts
2025-11-23T14:50:40.7939753Z 
2025-11-23T14:50:40.7940043Z ./node_modules/fluent-ffmpeg/lib/options/misc.js
2025-11-23T14:50:40.7940754Z Critical dependency: the request of a dependency is an expression
2025-11-23T14:50:40.7941174Z 
2025-11-23T14:50:40.7941395Z Import trace for requested module:
2025-11-23T14:50:40.7941977Z ./node_modules/fluent-ffmpeg/lib/options/misc.js
2025-11-23T14:50:40.7942623Z ./node_modules/fluent-ffmpeg/lib/fluent-ffmpeg.js
2025-11-23T14:50:40.7943195Z ./node_modules/fluent-ffmpeg/index.js
2025-11-23T14:50:40.7943677Z ./app/api/videos/route.ts
2025-11-23T14:50:40.7943962Z 
2025-11-23T14:50:56.2157402Z  ✓ Compiled successfully
2025-11-23T14:50:56.2161708Z    Linting and checking validity of types ...
2025-11-23T14:51:15.6238657Z    Collecting page data ...
2025-11-23T14:51:16.6163352Z FFmpeg installer package not available. Falling back to system ffmpeg binary. O pacote opcional @ffmpeg-installer/ffmpeg não foi instalado para esta plataforma. Certifique-se de ter o FFmpeg disponível no sistema ou defina a variável FFMPEG_PATH.
2025-11-23T14:51:18.8311390Z    Generating static pages (0/57) ...
2025-11-23T14:51:20.0221318Z    Generating static pages (14/57) 
2025-11-23T14:51:23.0152309Z    Generating static pages (28/57) 
2025-11-23T14:51:23.7304691Z    Generating static pages (42/57) 
2025-11-23T14:51:24.7203333Z  ✓ Generating static pages (57/57)
2025-11-23T14:51:25.6927260Z    Finalizing page optimization ...
2025-11-23T14:51:25.6928032Z    Collecting build traces ...
2025-11-23T14:51:44.9028821Z 
2025-11-23T14:51:44.9128155Z Route (app)                                      Size     First Load JS
2025-11-23T14:51:44.9130863Z ┌ ƒ /                                            1.33 kB         103 kB
2025-11-23T14:51:44.9140091Z ├ ƒ /_not-found                                  876 B          88.2 kB
2025-11-23T14:51:44.9141046Z ├ ƒ /administrator                               155 B          87.5 kB
2025-11-23T14:51:44.9142005Z ├ ƒ /administrator/clubes                        6.28 kB         117 kB
2025-11-23T14:51:44.9142946Z ├ ƒ /administrator/users                         5.58 kB         111 kB
2025-11-23T14:51:44.9143869Z ├ ƒ /administrator/videos                        5.33 kB         110 kB
2025-11-23T14:51:44.9144719Z ├ ƒ /agentes                                     2.7 kB         98.7 kB
2025-11-23T14:51:44.9145537Z ├ ƒ /agentes/[id]                                1.73 kB         117 kB
2025-11-23T14:51:44.9146616Z ├ ƒ /api/admin/clubes                            0 B                0 B
2025-11-23T14:51:44.9149707Z ├ ƒ /api/admin/clubes/[id]                       0 B                0 B
2025-11-23T14:51:44.9150661Z ├ ƒ /api/admin/summary                           0 B                0 B
2025-11-23T14:51:44.9151523Z ├ ƒ /api/admin/users                             0 B                0 B
2025-11-23T14:51:44.9152401Z ├ ƒ /api/admin/users/[userId]/block              0 B                0 B
2025-11-23T14:51:44.9153263Z ├ ƒ /api/admin/videos                            0 B                0 B
2025-11-23T14:51:44.9154165Z ├ ƒ /api/admin/videos/[videoId]/appeal-response  0 B                0 B
2025-11-23T14:51:44.9155069Z ├ ƒ /api/admin/videos/[videoId]/block            0 B                0 B
2025-11-23T14:51:44.9156091Z ├ ƒ /api/agentes                                 0 B                0 B
2025-11-23T14:51:44.9156862Z ├ ƒ /api/agentes/[id]                            0 B                0 B
2025-11-23T14:51:44.9157606Z ├ ƒ /api/atletas                                 0 B                0 B
2025-11-23T14:51:44.9158395Z ├ ƒ /api/atletas/[id]                            0 B                0 B
2025-11-23T14:51:44.9159530Z ├ ƒ /api/auth/[...nextauth]                      0 B                0 B
2025-11-23T14:51:44.9160323Z ├ ƒ /api/blocks/[targetUserId]                   0 B                0 B
2025-11-23T14:51:44.9161128Z ├ ƒ /api/clubes                                  0 B                0 B
2025-11-23T14:51:44.9161879Z ├ ƒ /api/clubes/[slug]                           0 B                0 B
2025-11-23T14:51:44.9162657Z ├ ƒ /api/confederacoes                           0 B                0 B
2025-11-23T14:51:44.9163477Z ├ ƒ /api/confederacoes/[slug]                    0 B                0 B
2025-11-23T14:51:44.9164663Z ├ ƒ /api/db-check                                0 B                0 B
2025-11-23T14:51:44.9165346Z ├ ƒ /api/env                                     0 B                0 B
2025-11-23T14:51:44.9166352Z ├ ƒ /api/follows/[targetUserId]                  0 B                0 B
2025-11-23T14:51:44.9167230Z ├ ƒ /api/games                                   0 B                0 B
2025-11-23T14:51:44.9168069Z ├ ƒ /api/games/[slug]                            0 B                0 B
2025-11-23T14:51:44.9168920Z ├ ƒ /api/games/[slug]/comments                   0 B                0 B
2025-11-23T14:51:44.9169794Z ├ ƒ /api/games/[slug]/engagement                 0 B                0 B
2025-11-23T14:51:44.9170638Z ├ ƒ /api/health                                  0 B                0 B
2025-11-23T14:51:44.9171444Z ├ ƒ /api/messages                                0 B                0 B
2025-11-23T14:51:44.9172298Z ├ ƒ /api/messages/unread-count                   0 B                0 B
2025-11-23T14:51:44.9173132Z ├ ƒ /api/news                                    0 B                0 B
2025-11-23T14:51:44.9173933Z ├ ƒ /api/news/[id]                               0 B                0 B
2025-11-23T14:51:44.9174743Z ├ ƒ /api/news/cover                              0 B                0 B
2025-11-23T14:51:44.9175578Z ├ ƒ /api/noticias                                0 B                0 B
2025-11-23T14:51:44.9176893Z ├ ƒ /api/noticias/[slug]                         0 B                0 B
2025-11-23T14:51:44.9177846Z ├ ƒ /api/noticias/[slug]/comments                0 B                0 B
2025-11-23T14:51:44.9178781Z ├ ƒ /api/noticias/[slug]/engagement              0 B                0 B
2025-11-23T14:51:44.9179644Z ├ ƒ /api/pg-check                                0 B                0 B
2025-11-23T14:51:44.9180431Z ├ ƒ /api/profile                                 0 B                0 B
2025-11-23T14:51:44.9181245Z ├ ƒ /api/profile/avatar                          0 B                0 B
2025-11-23T14:51:44.9182074Z ├ ƒ /api/profile/personal-info                   0 B                0 B
2025-11-23T14:51:44.9182886Z ├ ƒ /api/register                                0 B                0 B
2025-11-23T14:51:44.9183699Z ├ ƒ /api/register/atleta-18                      0 B                0 B
2025-11-23T14:51:44.9184523Z ├ ƒ /api/register/clube                          0 B                0 B
2025-11-23T14:51:44.9185361Z ├ ƒ /api/register/de-agentes-licenciados         0 B                0 B
2025-11-23T14:51:44.9187666Z ├ ƒ /api/register/imprensa-jornalistablogueiro   0 B                0 B
2025-11-23T14:51:44.9188592Z ├ ƒ /api/register/responsavel                    0 B                0 B
2025-11-23T14:51:44.9189493Z ├ ƒ /api/register/responsavel/documents          0 B                0 B
2025-11-23T14:51:44.9190399Z ├ ƒ /api/register/torcedor                       0 B                0 B
2025-11-23T14:51:44.9191198Z ├ ○ /api/times                                   0 B                0 B
2025-11-23T14:51:44.9191968Z ├ ƒ /api/videos                                  0 B                0 B
2025-11-23T14:51:44.9192742Z ├ ƒ /api/videos/[id]                             0 B                0 B
2025-11-23T14:51:44.9193545Z ├ ƒ /api/videos/[id]/appeal                      0 B                0 B
2025-11-23T14:51:44.9194377Z ├ ƒ /api/videos/[id]/comments                    0 B                0 B
2025-11-23T14:51:44.9195233Z ├ ƒ /api/videos/proxy                            0 B                0 B
2025-11-23T14:51:44.9196704Z ├ ƒ /arquibancada                                4.47 kB        98.6 kB
2025-11-23T14:51:44.9197541Z ├ ƒ /atletas                                     4.48 kB         107 kB
2025-11-23T14:51:44.9198341Z ├ ƒ /atletas/[id]                                6.98 kB         136 kB
2025-11-23T14:51:44.9199139Z ├ ƒ /cadastro                                    2.21 kB         129 kB
2025-11-23T14:51:44.9199957Z ├ ƒ /cadastro/[slug]                             2.92 kB         121 kB
2025-11-23T14:51:44.9200850Z ├ ƒ /cadastro/atleta-18                          3.78 kB         136 kB
2025-11-23T14:51:44.9201713Z ├ ƒ /cadastro/clube                              3.91 kB         137 kB
2025-11-23T14:51:44.9202626Z ├ ƒ /cadastro/de-agentes-licenciados             3.91 kB         137 kB
2025-11-23T14:51:44.9203600Z ├ ƒ /cadastro/imprensa-jornalistablogueiro       4.07 kB         137 kB
2025-11-23T14:51:44.9204569Z ├ ƒ /cadastro/responsavel                        4.1 kB          137 kB
2025-11-23T14:51:44.9205522Z ├ ƒ /cadastro/responsavel/uploads                3.58 kB         136 kB
2025-11-23T14:51:44.9206707Z ├ ƒ /cadastro/sucesso                            155 B          87.5 kB
2025-11-23T14:51:44.9207602Z ├ ƒ /cadastro/torcedor                           5.05 kB         146 kB
2025-11-23T14:51:44.9208454Z ├ ƒ /clubes                                      2.8 kB          111 kB
2025-11-23T14:51:44.9209231Z ├ ƒ /clubes/[slug]                               194 B           101 kB
2025-11-23T14:51:44.9210001Z ├ ƒ /confederacoes                               194 B           101 kB
2025-11-23T14:51:44.9210799Z ├ ƒ /confederacoes/[slug]                        194 B           101 kB
2025-11-23T14:51:44.9211622Z ├ ƒ /feed                                        14.6 kB         143 kB
2025-11-23T14:51:44.9212386Z ├ ƒ /games                                       582 B           121 kB
2025-11-23T14:51:44.9213345Z ├ ƒ /games/[slug]                                210 B           128 kB
2025-11-23T14:51:44.9214144Z ├ ○ /icon                                        0 B                0 B
2025-11-23T14:51:44.9214963Z ├ ƒ /login                                       3.64 kB         145 kB
2025-11-23T14:51:44.9215677Z ├ ƒ /noticias                                    587 B           121 kB
2025-11-23T14:51:44.9216580Z ├ ƒ /noticias/[slug]                             616 B           128 kB
2025-11-23T14:51:44.9217407Z ├ ƒ /perfil                                      26.9 kB         170 kB
2025-11-23T14:51:44.9218186Z ├ ƒ /perfis/[id]                                 1.73 kB         117 kB
2025-11-23T14:51:44.9218943Z ├ ƒ /player/[id]                                 9.1 kB          127 kB
2025-11-23T14:51:44.9219729Z ├ ƒ /privacidade                                 188 B          96.2 kB
2025-11-23T14:51:44.9220542Z ├ ƒ /registrar-escolha-perfil                    188 B          96.2 kB
2025-11-23T14:51:44.9221338Z ├ ƒ /sobre                                       188 B          96.2 kB
2025-11-23T14:51:44.9222113Z ├ ƒ /torcida                                     155 B          87.5 kB
2025-11-23T14:51:44.9222868Z └ ƒ /upload                                      9.94 kB         113 kB
2025-11-23T14:51:44.9223506Z + First Load JS shared by all                    87.3 kB
2025-11-23T14:51:44.9224191Z   ├ chunks/2117-14ae4ae7e705def5.js              31.7 kB
2025-11-23T14:51:44.9224876Z   ├ chunks/fd9d1056-34631afcb5c7f147.js          53.6 kB
2025-11-23T14:51:44.9225539Z   └ other shared chunks (total)                  1.97 kB
2025-11-23T14:51:44.9225877Z 
2025-11-23T14:51:44.9225886Z 
2025-11-23T14:51:44.9226400Z ƒ Middleware                                     48.3 kB
2025-11-23T14:51:44.9226734Z 
2025-11-23T14:51:44.9227070Z ○  (Static)   prerendered as static content
2025-11-23T14:51:44.9227669Z ƒ  (Dynamic)  server-rendered on demand
2025-11-23T14:51:44.9227955Z 
2025-11-23T14:51:44.9515556Z 
2025-11-23T14:51:44.9517047Z > vitrine-de-craques-web-site@0.1.0 postbuild
2025-11-23T14:51:44.9518481Z > node scripts/copy-prisma-artifacts.js
2025-11-23T14:51:44.9519015Z 
2025-11-23T14:51:45.0758955Z [copy-prisma-artifacts] Copied Prisma artifacts to /home/runner/work/vitrine-de-craques-web-site/vitrine-de-craques-web-site/.next/standalone/node_modules/.prisma/client
2025-11-23T14:51:45.1477744Z [copy-prisma-artifacts] Copied Prisma artifacts to /home/runner/work/vitrine-de-craques-web-site/vitrine-de-craques-web-site/.next/server/.prisma/client
2025-11-23T14:51:45.5560078Z [copy-prisma-artifacts] Copied Prisma artifacts to /home/runner/work/vitrine-de-craques-web-site/vitrine-de-craques-web-site/.next/server/chunks/.prisma/client
2025-11-23T14:51:45.9835553Z [copy-prisma-artifacts] Copied Prisma artifacts to /home/runner/work/vitrine-de-craques-web-site/vitrine-de-craques-web-site/.next/standalone/node_modules/@prisma/client
2025-11-23T14:51:46.3769578Z [copy-prisma-artifacts] Copied Prisma artifacts to /home/runner/work/vitrine-de-craques-web-site/vitrine-de-craques-web-site/.next/server/@prisma/client
2025-11-23T14:51:46.7846177Z [copy-prisma-artifacts] Copied Prisma artifacts to /home/runner/work/vitrine-de-craques-web-site/vitrine-de-craques-web-site/.next/server/chunks/@prisma/client
2025-11-23T14:51:46.7969973Z ##[group]Run rm -rf deploy
2025-11-23T14:51:46.7970286Z [36;1mrm -rf deploy[0m
2025-11-23T14:51:46.7970519Z [36;1mmkdir -p deploy[0m
2025-11-23T14:51:46.7970770Z [36;1mcp -R .next/standalone/. deploy/[0m
2025-11-23T14:51:46.7971056Z [36;1mmkdir -p deploy/.next/static[0m
2025-11-23T14:51:46.7971348Z [36;1mcp -R .next/static/. deploy/.next/static[0m
2025-11-23T14:51:46.7971681Z [36;1mcp package.json deploy/package.json[0m
2025-11-23T14:51:46.7971993Z [36;1mcp next.config.mjs deploy/next.config.mjs[0m
2025-11-23T14:51:46.7972290Z [36;1mcp -R prisma deploy/prisma[0m
2025-11-23T14:51:46.7972544Z [36;1mif [ -d public ]; then[0m
2025-11-23T14:51:46.7972792Z [36;1m  cp -R public deploy/public[0m
2025-11-23T14:51:46.7973033Z [36;1mfi[0m
2025-11-23T14:51:46.7973252Z [36;1mnpm prune --omit=dev --prefix deploy[0m
2025-11-23T14:51:46.7973582Z [36;1m./scripts/prune-deploy-artifact.sh deploy[0m
2025-11-23T14:51:46.8007866Z shell: /usr/bin/bash -e {0}
2025-11-23T14:51:46.8008157Z env:
2025-11-23T14:51:46.8009109Z   DATABASE_URL: ***
2025-11-23T14:51:46.8009461Z   NEXTAUTH_URL: ***
2025-11-23T14:51:46.8009760Z   NEXTAUTH_SECRET: ***
2025-11-23T14:51:46.8009971Z   AUTH_TRUST_HOST: true
2025-11-23T14:51:46.8010174Z ##[endgroup]
2025-11-23T14:51:56.3047800Z npm warn deprecated fluent-ffmpeg@2.1.3: Package no longer supported. Contact Support at https://www.npmjs.com/support for more info.
2025-11-23T14:52:01.0460755Z 
2025-11-23T14:52:01.0465518Z added 341 packages, changed 4 packages, and audited 465 packages in 13s
2025-11-23T14:52:01.0470147Z 
2025-11-23T14:52:01.0474367Z 56 packages are looking for funding
2025-11-23T14:52:01.0478060Z   run `npm fund` for details
2025-11-23T14:52:01.0573438Z 
2025-11-23T14:52:01.0575740Z 4 vulnerabilities (2 low, 1 moderate, 1 high)
2025-11-23T14:52:01.0581950Z 
2025-11-23T14:52:01.0582221Z To address all issues, run:
2025-11-23T14:52:01.0582654Z   npm audit fix
2025-11-23T14:52:01.0582857Z 
2025-11-23T14:52:01.0583077Z Run `npm audit` for details.
2025-11-23T14:52:01.1333129Z Pruning unused Prisma runtime binaries...
2025-11-23T14:52:01.1363087Z deploy/node_modules/@prisma/client/runtime/query_engine_bg.cockroachdb.js
2025-11-23T14:52:01.1367841Z deploy/node_modules/@prisma/client/runtime/query_engine_bg.cockroachdb.mjs
2025-11-23T14:52:01.1368993Z deploy/node_modules/@prisma/client/runtime/query_engine_bg.cockroachdb.wasm-base64.js
2025-11-23T14:52:01.1370234Z deploy/node_modules/@prisma/client/runtime/query_engine_bg.cockroachdb.wasm-base64.mjs
2025-11-23T14:52:01.1391877Z deploy/node_modules/@prisma/client/runtime/query_engine_bg.mysql.wasm-base64.mjs
2025-11-23T14:52:01.1398316Z deploy/node_modules/@prisma/client/runtime/query_engine_bg.mysql.mjs
2025-11-23T14:52:01.1399365Z deploy/node_modules/@prisma/client/runtime/query_engine_bg.mysql.js
2025-11-23T14:52:01.1400783Z deploy/node_modules/@prisma/client/runtime/query_engine_bg.mysql.wasm-base64.js
2025-11-23T14:52:01.1419218Z deploy/node_modules/@prisma/client/runtime/query_engine_bg.sqlite.wasm-base64.js
2025-11-23T14:52:01.1424258Z deploy/node_modules/@prisma/client/runtime/query_engine_bg.sqlite.mjs
2025-11-23T14:52:01.1425253Z deploy/node_modules/@prisma/client/runtime/query_engine_bg.sqlite.js
2025-11-23T14:52:01.1426706Z deploy/node_modules/@prisma/client/runtime/query_engine_bg.sqlite.wasm-base64.mjs
2025-11-23T14:52:01.1447323Z deploy/node_modules/@prisma/client/runtime/query_engine_bg.sqlserver.wasm-base64.js
2025-11-23T14:52:01.1451254Z deploy/node_modules/@prisma/client/runtime/query_engine_bg.sqlserver.wasm-base64.mjs
2025-11-23T14:52:01.1452343Z deploy/node_modules/@prisma/client/runtime/query_engine_bg.sqlserver.mjs
2025-11-23T14:52:01.1453310Z deploy/node_modules/@prisma/client/runtime/query_engine_bg.sqlserver.js
2025-11-23T14:52:01.1473408Z deploy/node_modules/@prisma/client/runtime/query_compiler_bg.cockroachdb.js
2025-11-23T14:52:01.1474998Z deploy/node_modules/@prisma/client/runtime/query_compiler_bg.cockroachdb.mjs
2025-11-23T14:52:01.1477947Z deploy/node_modules/@prisma/client/runtime/query_compiler_bg.cockroachdb.wasm-base64.mjs
2025-11-23T14:52:01.1479217Z deploy/node_modules/@prisma/client/runtime/query_compiler_bg.cockroachdb.wasm-base64.js
2025-11-23T14:52:01.1499315Z deploy/node_modules/@prisma/client/runtime/query_compiler_bg.mysql.js
2025-11-23T14:52:01.1502221Z deploy/node_modules/@prisma/client/runtime/query_compiler_bg.mysql.wasm-base64.mjs
2025-11-23T14:52:01.1503265Z deploy/node_modules/@prisma/client/runtime/query_compiler_bg.mysql.mjs
2025-11-23T14:52:01.1504303Z deploy/node_modules/@prisma/client/runtime/query_compiler_bg.mysql.wasm-base64.js
2025-11-23T14:52:01.1524885Z deploy/node_modules/@prisma/client/runtime/query_compiler_bg.sqlite.mjs
2025-11-23T14:52:01.1528384Z deploy/node_modules/@prisma/client/runtime/query_compiler_bg.sqlite.js
2025-11-23T14:52:01.1529453Z deploy/node_modules/@prisma/client/runtime/query_compiler_bg.sqlite.wasm-base64.mjs
2025-11-23T14:52:01.1530644Z deploy/node_modules/@prisma/client/runtime/query_compiler_bg.sqlite.wasm-base64.js
2025-11-23T14:52:01.1551235Z deploy/node_modules/@prisma/client/runtime/query_compiler_bg.sqlserver.wasm-base64.mjs
2025-11-23T14:52:01.1555269Z deploy/node_modules/@prisma/client/runtime/query_compiler_bg.sqlserver.wasm-base64.js
2025-11-23T14:52:01.1556677Z deploy/node_modules/@prisma/client/runtime/query_compiler_bg.sqlserver.mjs
2025-11-23T14:52:01.1557713Z deploy/node_modules/@prisma/client/runtime/query_compiler_bg.sqlserver.js
2025-11-23T14:52:01.1558645Z Removing Prisma schema engines not required at runtime...
2025-11-23T14:52:01.1614298Z deploy/node_modules/@prisma/engines/schema-engine-debian-openssl-3.0.x
2025-11-23T14:52:01.1617383Z Removing unused Prisma client engines...
2025-11-23T14:52:01.1701007Z deploy/node_modules/.prisma/client/libquery_engine-darwin-arm64.dylib.node
2025-11-23T14:52:01.1702275Z deploy/node_modules/.prisma/client/libquery_engine-darwin.dylib.node
2025-11-23T14:52:01.1704510Z Cleaning up optional sharp binaries...
2025-11-23T14:52:01.1751357Z Deleting dependency source maps...
2025-11-23T14:52:01.5795451Z Pruning finished.
2025-11-23T14:52:01.5839800Z ##[group]Run node -v
2025-11-23T14:52:01.5840262Z [36;1mnode -v[0m
2025-11-23T14:52:01.5840622Z [36;1mnpx prisma -v[0m
2025-11-23T14:52:01.5928273Z shell: /usr/bin/bash -e {0}
2025-11-23T14:52:01.5928553Z env:
2025-11-23T14:52:01.5929878Z   DATABASE_URL: ***
2025-11-23T14:52:01.5930450Z   NEXTAUTH_URL: ***
2025-11-23T14:52:01.5930926Z   NEXTAUTH_SECRET: ***
2025-11-23T14:52:01.5931300Z   AUTH_TRUST_HOST: true
2025-11-23T14:52:01.5931665Z ##[endgroup]
2025-11-23T14:52:01.6063859Z v20.19.5
2025-11-23T14:52:03.7860508Z Prisma schema loaded from prisma/schema.prisma
2025-11-23T14:52:03.7900944Z prisma                  : 6.16.2
2025-11-23T14:52:03.7901508Z @prisma/client          : 6.16.2
2025-11-23T14:52:03.7902116Z Computed binaryTarget   : debian-openssl-3.0.x
2025-11-23T14:52:03.7903107Z Operating System        : linux
2025-11-23T14:52:03.7903569Z Architecture            : x64
2025-11-23T14:52:03.7904059Z Node.js                 : v20.19.5
2025-11-23T14:52:03.7904627Z TypeScript              : 5.9.2
2025-11-23T14:52:03.7906303Z Query Engine (Node-API) : libquery-engine 1c57fdcd7e44b29b9313256c76699e91c3ac3c43 (at node_modules/@prisma/engines/libquery_engine-debian-openssl-3.0.x.so.node)
2025-11-23T14:52:03.7907891Z PSL                     : @prisma/prisma-schema-wasm 6.16.0-7.1c57fdcd7e44b29b9313256c76699e91c3ac3c43
2025-11-23T14:52:03.7909452Z Schema Engine           : schema-engine-cli 1c57fdcd7e44b29b9313256c76699e91c3ac3c43 (at node_modules/@prisma/engines/schema-engine-debian-openssl-3.0.x)
2025-11-23T14:52:03.7910723Z Default Engines Hash    : 1c57fdcd7e44b29b9313256c76699e91c3ac3c43
2025-11-23T14:52:03.7911322Z Studio                  : 0.511.0
2025-11-23T14:52:03.8244570Z ##[group]Run Azure/static-web-apps-deploy@v1
2025-11-23T14:52:03.8244905Z with:
2025-11-23T14:52:03.8245613Z   azure_static_web_apps_api_token: ***
2025-11-23T14:52:03.8246279Z   repo_token: ***
2025-11-23T14:52:03.8246486Z   action: upload
2025-11-23T14:52:03.8246678Z   app_location: deploy
2025-11-23T14:52:03.8246881Z   skip_app_build: true
2025-11-23T14:52:03.8247074Z   skip_api_build: true
2025-11-23T14:52:03.8247270Z   is_static_export: false
2025-11-23T14:52:03.8247478Z env:
2025-11-23T14:52:03.8248102Z   DATABASE_URL: ***
2025-11-23T14:52:03.8248409Z   NEXTAUTH_URL: ***
2025-11-23T14:52:03.8248691Z   NEXTAUTH_SECRET: ***
2025-11-23T14:52:03.8248891Z   AUTH_TRUST_HOST: true
2025-11-23T14:52:03.8249087Z ##[endgroup]
2025-11-23T14:52:03.8351110Z ##[command]/usr/bin/docker run --name b62c88a25c7699aa4c42a08e7c6305376968_257ea7 --label 01b62c --workdir /github/workspace --rm -e "DATABASE_URL" -e "NEXTAUTH_URL" -e "NEXTAUTH_SECRET" -e "AUTH_TRUST_HOST" -e "INPUT_AZURE_STATIC_WEB_APPS_API_TOKEN" -e "INPUT_REPO_TOKEN" -e "INPUT_ACTION" -e "INPUT_APP_LOCATION" -e "INPUT_API_LOCATION" -e "INPUT_SKIP_APP_BUILD" -e "INPUT_SKIP_API_BUILD" -e "INPUT_OUTPUT_LOCATION" -e "INPUT_IS_STATIC_EXPORT" -e "INPUT_API_BUILD_COMMAND" -e "INPUT_APP_ARTIFACT_LOCATION" -e "INPUT_APP_BUILD_COMMAND" -e "INPUT_ROUTES_LOCATION" -e "INPUT_CONFIG_FILE_LOCATION" -e "INPUT_PRODUCTION_BRANCH" -e "INPUT_DEPLOYMENT_ENVIRONMENT" -e "INPUT_DATA_API_LOCATION" -e "INPUT_GITHUB_ID_TOKEN" -e "HOME" -e "GITHUB_JOB" -e "GITHUB_REF" -e "GITHUB_SHA" -e "GITHUB_REPOSITORY" -e "GITHUB_REPOSITORY_OWNER" -e "GITHUB_REPOSITORY_OWNER_ID" -e "GITHUB_RUN_ID" -e "GITHUB_RUN_NUMBER" -e "GITHUB_RETENTION_DAYS" -e "GITHUB_RUN_ATTEMPT" -e "GITHUB_ACTOR_ID" -e "GITHUB_ACTOR" -e "GITHUB_WORKFLOW" -e "GITHUB_HEAD_REF" -e "GITHUB_BASE_REF" -e "GITHUB_EVENT_NAME" -e "GITHUB_SERVER_URL" -e "GITHUB_API_URL" -e "GITHUB_GRAPHQL_URL" -e "GITHUB_REF_NAME" -e "GITHUB_REF_PROTECTED" -e "GITHUB_REF_TYPE" -e "GITHUB_WORKFLOW_REF" -e "GITHUB_WORKFLOW_SHA" -e "GITHUB_REPOSITORY_ID" -e "GITHUB_TRIGGERING_ACTOR" -e "GITHUB_WORKSPACE" -e "GITHUB_ACTION" -e "GITHUB_EVENT_PATH" -e "GITHUB_ACTION_REPOSITORY" -e "GITHUB_ACTION_REF" -e "GITHUB_PATH" -e "GITHUB_ENV" -e "GITHUB_STEP_SUMMARY" -e "GITHUB_STATE" -e "GITHUB_OUTPUT" -e "RUNNER_OS" -e "RUNNER_ARCH" -e "RUNNER_NAME" -e "RUNNER_ENVIRONMENT" -e "RUNNER_TOOL_CACHE" -e "RUNNER_TEMP" -e "RUNNER_WORKSPACE" -e "ACTIONS_RUNTIME_URL" -e "ACTIONS_RUNTIME_TOKEN" -e "ACTIONS_CACHE_URL" -e "ACTIONS_RESULTS_URL" -e GITHUB_ACTIONS=true -e CI=true -v "/var/run/docker.sock":"/var/run/docker.sock" -v "/home/runner/work/_temp/_github_home":"/github/home" -v "/home/runner/work/_temp/_github_workflow":"/github/workflow" -v "/home/runner/work/_temp/_runner_file_commands":"/github/file_commands" -v "/home/runner/work/vitrine-de-craques-web-site/vitrine-de-craques-web-site":"/github/workspace" 01b62c:88a25c7699aa4c42a08e7c6305376968
2025-11-23T14:52:05.5141508Z DeploymentId: 68b9caff-d422-4091-b9ed-57f76108c03e
2025-11-23T14:52:05.5142723Z 
2025-11-23T14:52:05.6331959Z [37mTry to validate location at: '/github/workspace/deploy'.[0m
2025-11-23T14:52:05.6349692Z [37mApp Directory Location: 'deploy' was found.[0m
2025-11-23T14:52:05.6350803Z [37mTry to validate location at: '/github/workspace/swa-db-connections'.[0m
2025-11-23T14:52:05.6353579Z [37mLooking for event info[0m
2025-11-23T14:52:06.2653023Z [37mSkipping step to build /github/workspace/deploy with Oryx[0m
2025-11-23T14:52:06.3283565Z [37mDetected the following framework: Next.js[0m
2025-11-23T14:52:06.3284611Z [37mTry to validate location at: '/github/workspace/deploy/.next'.[0m
2025-11-23T14:52:06.3979465Z [37mUsing 'staticwebapp.config.json' file for configuration information, 'routes.json' will be ignored.[0m
2025-11-23T14:52:06.5537465Z [33m[WARNING] For Next.js apps, staticwebapp.config.json features are not fully supported yet![0m
2025-11-23T14:52:06.5559078Z [37mPlease note: For Next.js applications if skip_api_build=true, Static Web Apps will not remove dev dependencies or add the sharp package by default. If you want these optimizations, kindly add them to your custom build steps before passing skip_app_build=true[0m
2025-11-23T14:52:06.5595493Z [37mRepackaged Next.js app to deploy on the backend.[0m
2025-11-23T14:52:06.5604808Z [37mSkipping step to build /github/workspace/deploy with Oryx[0m
2025-11-23T14:52:06.5608961Z [33mWeb App Runtime Information. OS: linux, node version: 20[0m
2025-11-23T14:52:09.9391844Z [37mZipping Api Artifacts[0m
2025-11-23T14:52:56.5142293Z [37mDone Zipping Api Artifacts[0m
2025-11-23T14:52:57.6984653Z [37mZipping App Artifacts[0m
2025-11-23T14:52:58.7738610Z [37mDone Zipping App Artifacts[0m
2025-11-23T14:52:58.7740216Z [37mUploading build artifacts.[0m
2025-11-23T14:53:02.4504581Z [32mFinished Upload. Polling on deployment.[0m
2025-11-23T14:53:03.9051391Z [37mStatus: InProgress. Time: 1.4522625(s)[0m
2025-11-23T14:53:19.0639644Z [37mStatus: Failed. Time: 16.6129622(s)[0m
2025-11-23T14:53:19.0640421Z [31mDeployment Failed :([0m
2025-11-23T14:53:19.0641409Z [31mDeployment Failure Reason: Failed to deploy the Azure Functions.[0m
2025-11-23T14:53:19.1150667Z [37m[0m
2025-11-23T14:53:19.1152919Z [33mFor further information, please visit the Azure Static Web Apps documentation at https://docs.microsoft.com/en-us/azure/static-web-apps/[0m
2025-11-23T14:53:19.1154077Z [33mIf you believe this behavior is unexpected, please raise a GitHub issue at https://github.com/azure/static-web-apps/issues/[0m
2025-11-23T14:53:19.1154634Z [33mExiting[0m
2025-11-23T14:53:19.4282777Z Post job cleanup.
2025-11-23T14:53:19.5092371Z [command]/usr/bin/git version
2025-11-23T14:53:19.5133349Z git version 2.51.2
2025-11-23T14:53:19.5181340Z Temporarily overriding HOME='/home/runner/work/_temp/f75fde69-da31-4832-adbe-10c6e159cfcf' before making global git config changes
2025-11-23T14:53:19.5183722Z Adding repository directory to the temporary git global config as a safe directory
2025-11-23T14:53:19.5188172Z [command]/usr/bin/git config --global --add safe.directory /home/runner/work/vitrine-de-craques-web-site/vitrine-de-craques-web-site
2025-11-23T14:53:19.5224347Z [command]/usr/bin/git config --local --name-only --get-regexp core\.sshCommand
2025-11-23T14:53:19.5258579Z [command]/usr/bin/git submodule foreach --recursive sh -c "git config --local --name-only --get-regexp 'core\.sshCommand' && git config --local --unset-all 'core.sshCommand' || :"
2025-11-23T14:53:19.5551232Z fatal: No url found for submodule path 'Vitrine-De-Craques-App-iOS/Vitrine-De-Craques-App-iOS' in .gitmodules
2025-11-23T14:53:19.5610308Z ##[warning]The process '/usr/bin/git' failed with exit code 128
2025-11-23T14:53:19.5704869Z Cleaning up orphan processes
