2025-11-24T19:08:07.4321849Z Current runner version: '2.329.0'
2025-11-24T19:08:07.4398940Z ##[group]Runner Image Provisioner
2025-11-24T19:08:07.4400365Z Hosted Compute Agent
2025-11-24T19:08:07.4401308Z Version: 20251016.436
2025-11-24T19:08:07.4402303Z Commit: 8ab8ac8bfd662a3739dab9fe09456aba92132568
2025-11-24T19:08:07.4403628Z Build Date: 2025-10-15T20:44:12Z
2025-11-24T19:08:07.4404672Z ##[endgroup]
2025-11-24T19:08:07.4405668Z ##[group]Operating System
2025-11-24T19:08:07.4406672Z Ubuntu
2025-11-24T19:08:07.4428139Z 24.04.3
2025-11-24T19:08:07.4429004Z LTS
2025-11-24T19:08:07.4429783Z ##[endgroup]
2025-11-24T19:08:07.4431281Z ##[group]Runner Image
2025-11-24T19:08:07.4432316Z Image: ubuntu-24.04
2025-11-24T19:08:07.4433196Z Version: 20251112.124.1
2025-11-24T19:08:07.4435174Z Included Software: https://github.com/actions/runner-images/blob/ubuntu24/20251112.124/images/ubuntu/Ubuntu2404-Readme.md
2025-11-24T19:08:07.4438528Z Image Release: https://github.com/actions/runner-images/releases/tag/ubuntu24%2F20251112.124
2025-11-24T19:08:07.4440537Z ##[endgroup]
2025-11-24T19:08:07.4442464Z ##[group]GITHUB_TOKEN Permissions
2025-11-24T19:08:07.4445741Z Contents: read
2025-11-24T19:08:07.4446686Z Metadata: read
2025-11-24T19:08:07.4468369Z Packages: read
2025-11-24T19:08:07.4469412Z ##[endgroup]
2025-11-24T19:08:07.4472931Z Secret source: Actions
2025-11-24T19:08:07.4474636Z Prepare workflow directory
2025-11-24T19:08:07.6066195Z Prepare all required actions
2025-11-24T19:08:07.6250380Z Getting action download info
2025-11-24T19:08:07.9113543Z Download action repository 'actions/checkout@v3' (SHA:f43a0e5ff2bd294095638e18286ca9a3d1956744)
2025-11-24T19:08:08.0928955Z Download action repository 'actions/setup-node@v4' (SHA:49933ea5288caeca8642d1e84afbd3f7d6820020)
2025-11-24T19:08:08.1922555Z Download action repository 'Azure/static-web-apps-deploy@v1' (SHA:4d27395796ac319302594769cfe812bd207490b1)
2025-11-24T19:08:08.4600411Z Complete job name: Build and Deploy Job
2025-11-24T19:08:08.5032439Z ##[group]Build container for action use: '/home/runner/work/_actions/Azure/static-web-apps-deploy/v1/Dockerfile'.
2025-11-24T19:08:08.5091028Z ##[command]/usr/bin/docker build -t ee8ec5:50588fcfa52341a0a9da1bc6c43b5217 -f "/home/runner/work/_actions/Azure/static-web-apps-deploy/v1/Dockerfile" "/home/runner/work/_actions/Azure/static-web-apps-deploy/v1"
2025-11-24T19:08:09.0951458Z #0 building with "default" instance using docker driver
2025-11-24T19:08:09.0953784Z 
2025-11-24T19:08:09.0955998Z #1 [internal] load build definition from Dockerfile
2025-11-24T19:08:09.0961080Z #1 transferring dockerfile: 160B done
2025-11-24T19:08:09.0964335Z #1 DONE 0.0s
2025-11-24T19:08:09.0965153Z 
2025-11-24T19:08:09.0966345Z #2 [internal] load metadata for mcr.microsoft.com/appsvc/staticappsclient:stable
2025-11-24T19:08:09.0968537Z #2 DONE 0.1s
2025-11-24T19:08:09.2178419Z 
2025-11-24T19:08:09.2185649Z #3 [internal] load .dockerignore
2025-11-24T19:08:09.2188777Z #3 transferring context: 2B done
2025-11-24T19:08:09.2193095Z #3 DONE 0.0s
2025-11-24T19:08:09.2193869Z 
2025-11-24T19:08:09.2194448Z #4 [internal] load build context
2025-11-24T19:08:09.2195939Z #4 transferring context: 107B done
2025-11-24T19:08:09.2197564Z #4 DONE 0.0s
2025-11-24T19:08:09.2198189Z 
2025-11-24T19:08:09.2200589Z #5 [1/2] FROM mcr.microsoft.com/appsvc/staticappsclient:stable@sha256:3178a283e885dc45a0c7b4c6e9f728f0331ae7fb93de75db4181fa38651170f2
2025-11-24T19:08:09.2206322Z #5 resolve mcr.microsoft.com/appsvc/staticappsclient:stable@sha256:3178a283e885dc45a0c7b4c6e9f728f0331ae7fb93de75db4181fa38651170f2 done
2025-11-24T19:08:09.2213923Z #5 sha256:2377065f3b700cf1b5e391d26c572c8b91892dd44acd75deebdab5e403b23175 7.34MB / 15.56MB 0.1s
2025-11-24T19:08:09.2219717Z #5 sha256:1df8e0748f30e89b0c0477edfc706fc39242e1d6008433c0494113de267e7ca8 15.34kB / 15.34kB done
2025-11-24T19:08:09.2225578Z #5 sha256:5ee26b7a209f9a26720207792b237af3e19c0efeed8695e1e630fcd0feef9230 3.15MB / 54.75MB 0.1s
2025-11-24T19:08:09.2231664Z #5 sha256:3178a283e885dc45a0c7b4c6e9f728f0331ae7fb93de75db4181fa38651170f2 2.88kB / 2.88kB done
2025-11-24T19:08:09.2238014Z #5 sha256:5d6e107a26c2ffb6e234f04132358dea70a691a64c1152f984d2f2ba0e218c58 16.78MB / 53.74MB 0.1s
2025-11-24T19:08:09.3191446Z #5 sha256:2377065f3b700cf1b5e391d26c572c8b91892dd44acd75deebdab5e403b23175 15.56MB / 15.56MB 0.1s done
2025-11-24T19:08:09.3212804Z #5 sha256:5d6e107a26c2ffb6e234f04132358dea70a691a64c1152f984d2f2ba0e218c58 40.72MB / 53.74MB 0.2s
2025-11-24T19:08:09.3219287Z #5 sha256:41c7cd6fb37363fd1ec16dad3463ecc5820eda12c418a82b4849604252d29b88 5.24MB / 197.07MB 0.2s
2025-11-24T19:08:09.5410491Z #5 sha256:5ee26b7a209f9a26720207792b237af3e19c0efeed8695e1e630fcd0feef9230 16.78MB / 54.75MB 0.3s
2025-11-24T19:08:09.5415391Z #5 sha256:5d6e107a26c2ffb6e234f04132358dea70a691a64c1152f984d2f2ba0e218c58 53.48MB / 53.74MB 0.3s
2025-11-24T19:08:09.5420170Z #5 sha256:41c7cd6fb37363fd1ec16dad3463ecc5820eda12c418a82b4849604252d29b88 24.12MB / 197.07MB 0.3s
2025-11-24T19:08:09.5424970Z #5 sha256:5ee26b7a209f9a26720207792b237af3e19c0efeed8695e1e630fcd0feef9230 25.17MB / 54.75MB 0.4s
2025-11-24T19:08:09.5431534Z #5 sha256:5d6e107a26c2ffb6e234f04132358dea70a691a64c1152f984d2f2ba0e218c58 53.74MB / 53.74MB 0.4s done
2025-11-24T19:08:09.5438248Z #5 sha256:41c7cd6fb37363fd1ec16dad3463ecc5820eda12c418a82b4849604252d29b88 43.16MB / 197.07MB 0.4s
2025-11-24T19:08:09.5442560Z #5 sha256:4f4fb700ef54461cfa02571ae0db9a0dc1e0cdb5577484a6d75e68dc38e8acc1 0B / 32B 0.4s
2025-11-24T19:08:09.6959891Z #5 sha256:5ee26b7a209f9a26720207792b237af3e19c0efeed8695e1e630fcd0feef9230 35.65MB / 54.75MB 0.5s
2025-11-24T19:08:09.6973601Z #5 sha256:41c7cd6fb37363fd1ec16dad3463ecc5820eda12c418a82b4849604252d29b88 58.72MB / 197.07MB 0.5s
2025-11-24T19:08:09.6978950Z #5 sha256:4f4fb700ef54461cfa02571ae0db9a0dc1e0cdb5577484a6d75e68dc38e8acc1 32B / 32B 0.4s done
2025-11-24T19:08:09.6985473Z #5 extracting sha256:5d6e107a26c2ffb6e234f04132358dea70a691a64c1152f984d2f2ba0e218c58 0.2s
2025-11-24T19:08:09.6998372Z #5 sha256:aede74d79976f9d1be608a1286cdb2ca61aad25185440263691db6a0880adadd 8.39MB / 24.46MB 0.5s
2025-11-24T19:08:09.8272283Z #5 sha256:5ee26b7a209f9a26720207792b237af3e19c0efeed8695e1e630fcd0feef9230 47.19MB / 54.75MB 0.6s
2025-11-24T19:08:09.8293446Z #5 sha256:41c7cd6fb37363fd1ec16dad3463ecc5820eda12c418a82b4849604252d29b88 97.76MB / 197.07MB 0.7s
2025-11-24T19:08:09.8302655Z #5 sha256:aede74d79976f9d1be608a1286cdb2ca61aad25185440263691db6a0880adadd 24.46MB / 24.46MB 0.6s done
2025-11-24T19:08:09.8313238Z #5 sha256:c279a6399750ee20e802fb2c47da034ccee5eb4f3b89087f32618f10e8af074a 1.56MB / 1.56MB 0.7s
2025-11-24T19:08:09.9414134Z #5 sha256:5ee26b7a209f9a26720207792b237af3e19c0efeed8695e1e630fcd0feef9230 54.75MB / 54.75MB 0.7s done
2025-11-24T19:08:09.9421141Z #5 sha256:41c7cd6fb37363fd1ec16dad3463ecc5820eda12c418a82b4849604252d29b88 120.59MB / 197.07MB 0.8s
2025-11-24T19:08:09.9451852Z #5 sha256:c279a6399750ee20e802fb2c47da034ccee5eb4f3b89087f32618f10e8af074a 1.56MB / 1.56MB 0.7s done
2025-11-24T19:08:09.9459538Z #5 sha256:351447e6e3829fac25a761f87d07dc5bfc289f38908901d05fa53aaab54dbdcd 115.52kB / 115.52kB 0.7s done
2025-11-24T19:08:09.9476395Z #5 sha256:ec0af1da0a0576de654092a28624c0565c6d854216944f18159460338af43293 8.39MB / 72.99MB 0.8s
2025-11-24T19:08:10.1232489Z #5 sha256:41c7cd6fb37363fd1ec16dad3463ecc5820eda12c418a82b4849604252d29b88 148.90MB / 197.07MB 1.0s
2025-11-24T19:08:10.1239591Z #5 sha256:ec0af1da0a0576de654092a28624c0565c6d854216944f18159460338af43293 39.96MB / 72.99MB 1.0s
2025-11-24T19:08:10.1246454Z #5 sha256:cddc70a1cccef26d55fcf9242759c41404c305acea0b4c3a30961c99846a0a55 637.94kB / 637.94kB 0.9s done
2025-11-24T19:08:10.1259461Z #5 sha256:eec8099d3f58ba87e25216a07db18b5a0de40b6921ee61ea8ab9b4c29b53a12f 1.16MB / 1.16MB 0.8s done
2025-11-24T19:08:10.1265197Z #5 sha256:36312d7930e0666f8cfc7940823ac101235e873b7cbb8b20d9481fd404095767 9.44MB / 35.20MB 1.0s
2025-11-24T19:08:10.2258746Z #5 sha256:41c7cd6fb37363fd1ec16dad3463ecc5820eda12c418a82b4849604252d29b88 159.38MB / 197.07MB 1.1s
2025-11-24T19:08:10.2270722Z #5 sha256:ec0af1da0a0576de654092a28624c0565c6d854216944f18159460338af43293 48.23MB / 72.99MB 1.1s
2025-11-24T19:08:10.2275618Z #5 sha256:36312d7930e0666f8cfc7940823ac101235e873b7cbb8b20d9481fd404095767 17.83MB / 35.20MB 1.1s
2025-11-24T19:08:10.3752570Z #5 sha256:ec0af1da0a0576de654092a28624c0565c6d854216944f18159460338af43293 57.13MB / 72.99MB 1.2s
2025-11-24T19:08:10.3758590Z #5 sha256:36312d7930e0666f8cfc7940823ac101235e873b7cbb8b20d9481fd404095767 26.21MB / 35.20MB 1.2s
2025-11-24T19:08:10.5212014Z #5 sha256:41c7cd6fb37363fd1ec16dad3463ecc5820eda12c418a82b4849604252d29b88 185.60MB / 197.07MB 1.4s
2025-11-24T19:08:10.5230052Z #5 sha256:ec0af1da0a0576de654092a28624c0565c6d854216944f18159460338af43293 72.99MB / 72.99MB 1.4s
2025-11-24T19:08:10.5234979Z #5 sha256:36312d7930e0666f8cfc7940823ac101235e873b7cbb8b20d9481fd404095767 35.20MB / 35.20MB 1.4s done
2025-11-24T19:08:10.5241594Z #5 sha256:4a1fde1690fe113870084a3224c66554fc9cbd2310abb9593b0244ec21f4b76d 0B / 168B 1.4s
2025-11-24T19:08:10.6679255Z #5 sha256:4a1fde1690fe113870084a3224c66554fc9cbd2310abb9593b0244ec21f4b76d 168B / 168B 1.5s done
2025-11-24T19:08:10.8182785Z #5 sha256:41c7cd6fb37363fd1ec16dad3463ecc5820eda12c418a82b4849604252d29b88 197.07MB / 197.07MB 1.7s
2025-11-24T19:08:11.7205902Z #5 sha256:ec0af1da0a0576de654092a28624c0565c6d854216944f18159460338af43293 72.99MB / 72.99MB 2.5s done
2025-11-24T19:08:11.7210608Z #5 sha256:4836a863d60df9ca0cedad0eb5e729c4a7f755449fbfbd6d4ea6443e64c990e0 0B / 118.65MB 2.6s
2025-11-24T19:08:11.9052139Z #5 sha256:41c7cd6fb37363fd1ec16dad3463ecc5820eda12c418a82b4849604252d29b88 197.07MB / 197.07MB 2.6s done
2025-11-24T19:08:11.9068659Z #5 sha256:4836a863d60df9ca0cedad0eb5e729c4a7f755449fbfbd6d4ea6443e64c990e0 13.63MB / 118.65MB 2.7s
2025-11-24T19:08:11.9072083Z #5 sha256:8023cb51985fccd3faa4be6340cdc75b72240277850569aa974767dda5176159 168B / 168B 2.6s done
2025-11-24T19:08:12.0165738Z #5 sha256:4836a863d60df9ca0cedad0eb5e729c4a7f755449fbfbd6d4ea6443e64c990e0 37.75MB / 118.65MB 2.8s
2025-11-24T19:08:12.1179177Z #5 sha256:4836a863d60df9ca0cedad0eb5e729c4a7f755449fbfbd6d4ea6443e64c990e0 87.03MB / 118.65MB 3.0s
2025-11-24T19:08:12.2197982Z #5 sha256:4836a863d60df9ca0cedad0eb5e729c4a7f755449fbfbd6d4ea6443e64c990e0 114.29MB / 118.65MB 3.1s
2025-11-24T19:08:12.6472002Z #5 sha256:4836a863d60df9ca0cedad0eb5e729c4a7f755449fbfbd6d4ea6443e64c990e0 118.65MB / 118.65MB 3.4s done
2025-11-24T19:08:13.9891783Z #5 extracting sha256:5d6e107a26c2ffb6e234f04132358dea70a691a64c1152f984d2f2ba0e218c58 4.5s done
2025-11-24T19:08:14.1263697Z #5 extracting sha256:2377065f3b700cf1b5e391d26c572c8b91892dd44acd75deebdab5e403b23175 0.1s
2025-11-24T19:08:14.6017956Z #5 extracting sha256:2377065f3b700cf1b5e391d26c572c8b91892dd44acd75deebdab5e403b23175 0.4s done
2025-11-24T19:08:16.2891425Z #5 extracting sha256:5ee26b7a209f9a26720207792b237af3e19c0efeed8695e1e630fcd0feef9230
2025-11-24T19:08:18.5557769Z #5 extracting sha256:5ee26b7a209f9a26720207792b237af3e19c0efeed8695e1e630fcd0feef9230 2.1s done
2025-11-24T19:08:19.0735236Z #5 extracting sha256:41c7cd6fb37363fd1ec16dad3463ecc5820eda12c418a82b4849604252d29b88
2025-11-24T19:08:24.1073558Z #5 extracting sha256:41c7cd6fb37363fd1ec16dad3463ecc5820eda12c418a82b4849604252d29b88 5.0s
2025-11-24T19:08:24.4460491Z #5 extracting sha256:41c7cd6fb37363fd1ec16dad3463ecc5820eda12c418a82b4849604252d29b88 5.4s done
2025-11-24T19:08:26.9100454Z #5 extracting sha256:4f4fb700ef54461cfa02571ae0db9a0dc1e0cdb5577484a6d75e68dc38e8acc1
2025-11-24T19:08:27.0617556Z #5 extracting sha256:4f4fb700ef54461cfa02571ae0db9a0dc1e0cdb5577484a6d75e68dc38e8acc1 done
2025-11-24T19:08:27.0622511Z #5 extracting sha256:aede74d79976f9d1be608a1286cdb2ca61aad25185440263691db6a0880adadd 0.1s
2025-11-24T19:08:27.8077377Z #5 extracting sha256:aede74d79976f9d1be608a1286cdb2ca61aad25185440263691db6a0880adadd 0.8s done
2025-11-24T19:08:27.8083499Z #5 extracting sha256:c279a6399750ee20e802fb2c47da034ccee5eb4f3b89087f32618f10e8af074a
2025-11-24T19:08:28.0678776Z #5 extracting sha256:c279a6399750ee20e802fb2c47da034ccee5eb4f3b89087f32618f10e8af074a 0.1s done
2025-11-24T19:08:28.0680008Z #5 extracting sha256:ec0af1da0a0576de654092a28624c0565c6d854216944f18159460338af43293 0.1s
2025-11-24T19:08:29.2397090Z #5 extracting sha256:ec0af1da0a0576de654092a28624c0565c6d854216944f18159460338af43293 1.1s done
2025-11-24T19:08:29.7680846Z #5 extracting sha256:351447e6e3829fac25a761f87d07dc5bfc289f38908901d05fa53aaab54dbdcd
2025-11-24T19:08:29.8742327Z #5 extracting sha256:351447e6e3829fac25a761f87d07dc5bfc289f38908901d05fa53aaab54dbdcd done
2025-11-24T19:08:29.8743700Z #5 extracting sha256:eec8099d3f58ba87e25216a07db18b5a0de40b6921ee61ea8ab9b4c29b53a12f 0.1s done
2025-11-24T19:08:29.8745084Z #5 extracting sha256:cddc70a1cccef26d55fcf9242759c41404c305acea0b4c3a30961c99846a0a55
2025-11-24T19:08:30.0414603Z #5 extracting sha256:cddc70a1cccef26d55fcf9242759c41404c305acea0b4c3a30961c99846a0a55 0.0s done
2025-11-24T19:08:30.0420555Z #5 extracting sha256:36312d7930e0666f8cfc7940823ac101235e873b7cbb8b20d9481fd404095767 0.1s
2025-11-24T19:08:30.5226047Z #5 extracting sha256:36312d7930e0666f8cfc7940823ac101235e873b7cbb8b20d9481fd404095767 0.5s done
2025-11-24T19:08:30.5231091Z #5 extracting sha256:4a1fde1690fe113870084a3224c66554fc9cbd2310abb9593b0244ec21f4b76d
2025-11-24T19:08:30.7185166Z #5 extracting sha256:4a1fde1690fe113870084a3224c66554fc9cbd2310abb9593b0244ec21f4b76d done
2025-11-24T19:08:30.7186203Z #5 extracting sha256:8023cb51985fccd3faa4be6340cdc75b72240277850569aa974767dda5176159 done
2025-11-24T19:08:30.7187427Z #5 extracting sha256:4836a863d60df9ca0cedad0eb5e729c4a7f755449fbfbd6d4ea6443e64c990e0 0.1s
2025-11-24T19:08:34.5391348Z #5 extracting sha256:4836a863d60df9ca0cedad0eb5e729c4a7f755449fbfbd6d4ea6443e64c990e0 3.8s done
2025-11-24T19:08:35.8948230Z #5 DONE 26.8s
2025-11-24T19:08:36.0651977Z 
2025-11-24T19:08:36.0652991Z #6 [2/2] COPY entrypoint.sh /entrypoint.sh
2025-11-24T19:08:36.0653743Z #6 DONE 0.0s
2025-11-24T19:08:36.0654097Z 
2025-11-24T19:08:36.0654767Z #7 exporting to image
2025-11-24T19:08:36.0655411Z #7 exporting layers
2025-11-24T19:08:37.2221569Z #7 exporting layers 1.3s done
2025-11-24T19:08:37.2439845Z #7 writing image sha256:c329756eb9edfb6bf8693e8df9878489c26de37c5c04624cb599ad00e2995bd3 done
2025-11-24T19:08:37.2443789Z #7 naming to docker.io/library/ee8ec5:50588fcfa52341a0a9da1bc6c43b5217 done
2025-11-24T19:08:37.2445110Z #7 DONE 1.3s
2025-11-24T19:08:37.2519246Z ##[endgroup]
2025-11-24T19:08:37.2757671Z ##[group]Run actions/checkout@v3
2025-11-24T19:08:37.2758228Z with:
2025-11-24T19:08:37.2758421Z   submodules: false
2025-11-24T19:08:37.2758624Z   lfs: false
2025-11-24T19:08:37.2758968Z   sparse-checkout: *
!Vitrine-De-Craques-App/
!Vitrine-De-Craques-App-iOS/
!docs/

2025-11-24T19:08:37.2759393Z   sparse-checkout-cone-mode: false
2025-11-24T19:08:37.2759701Z   repository: aspepper/vitrine-de-craques-web-site
2025-11-24T19:08:37.2760192Z   token: ***
2025-11-24T19:08:37.2760390Z   ssh-strict: true
2025-11-24T19:08:37.2760616Z   persist-credentials: true
2025-11-24T19:08:37.2760850Z   clean: true
2025-11-24T19:08:37.2761039Z   fetch-depth: 1
2025-11-24T19:08:37.2761241Z   fetch-tags: false
2025-11-24T19:08:37.2761453Z   set-safe-directory: true
2025-11-24T19:08:37.2761877Z env:
2025-11-24T19:08:37.2762586Z   DATABASE_URL: ***
2025-11-24T19:08:37.2763231Z   NEXTAUTH_URL: ***
2025-11-24T19:08:37.2763763Z   NEXTAUTH_SECRET: ***
2025-11-24T19:08:37.2763996Z   AUTH_TRUST_HOST: true
2025-11-24T19:08:37.2764271Z ##[endgroup]
2025-11-24T19:08:37.3779657Z Syncing repository: aspepper/vitrine-de-craques-web-site
2025-11-24T19:08:37.3840236Z ##[group]Getting Git version info
2025-11-24T19:08:37.3841470Z Working directory is '/home/runner/work/vitrine-de-craques-web-site/vitrine-de-craques-web-site'
2025-11-24T19:08:37.3846151Z [command]/usr/bin/git version
2025-11-24T19:08:37.3846620Z git version 2.51.2
2025-11-24T19:08:37.3848499Z ##[endgroup]
2025-11-24T19:08:37.3854378Z Temporarily overriding HOME='/home/runner/work/_temp/b8513cb0-905e-4d98-b384-cb7e13dd4e99' before making global git config changes
2025-11-24T19:08:37.3855856Z Adding repository directory to the temporary git global config as a safe directory
2025-11-24T19:08:37.3857340Z [command]/usr/bin/git config --global --add safe.directory /home/runner/work/vitrine-de-craques-web-site/vitrine-de-craques-web-site
2025-11-24T19:08:37.3869727Z Deleting the contents of '/home/runner/work/vitrine-de-craques-web-site/vitrine-de-craques-web-site'
2025-11-24T19:08:37.3874623Z ##[group]Initializing the repository
2025-11-24T19:08:37.3879188Z [command]/usr/bin/git init /home/runner/work/vitrine-de-craques-web-site/vitrine-de-craques-web-site
2025-11-24T19:08:37.4014264Z hint: Using 'master' as the name for the initial branch. This default branch name
2025-11-24T19:08:37.4017012Z hint: is subject to change. To configure the initial branch name to use in all
2025-11-24T19:08:37.4017934Z hint: of your new repositories, which will suppress this warning, call:
2025-11-24T19:08:37.4018532Z hint:
2025-11-24T19:08:37.4018970Z hint: 	git config --global init.defaultBranch <name>
2025-11-24T19:08:37.4019465Z hint:
2025-11-24T19:08:37.4019954Z hint: Names commonly chosen instead of 'master' are 'main', 'trunk' and
2025-11-24T19:08:37.4020788Z hint: 'development'. The just-created branch can be renamed via this command:
2025-11-24T19:08:37.4022100Z hint:
2025-11-24T19:08:37.4022456Z hint: 	git branch -m <name>
2025-11-24T19:08:37.4022835Z hint:
2025-11-24T19:08:37.4023421Z hint: Disable this message with "git config set advice.defaultBranchName false"
2025-11-24T19:08:37.4024507Z Initialized empty Git repository in /home/runner/work/vitrine-de-craques-web-site/vitrine-de-craques-web-site/.git/
2025-11-24T19:08:37.4027572Z [command]/usr/bin/git remote add origin https://github.com/aspepper/vitrine-de-craques-web-site
2025-11-24T19:08:37.4067126Z ##[endgroup]
2025-11-24T19:08:37.4069545Z ##[group]Disabling automatic garbage collection
2025-11-24T19:08:37.4071704Z [command]/usr/bin/git config --local gc.auto 0
2025-11-24T19:08:37.4103435Z ##[endgroup]
2025-11-24T19:08:37.4104290Z ##[group]Setting up auth
2025-11-24T19:08:37.4109079Z [command]/usr/bin/git config --local --name-only --get-regexp core\.sshCommand
2025-11-24T19:08:37.4142203Z [command]/usr/bin/git submodule foreach --recursive sh -c "git config --local --name-only --get-regexp 'core\.sshCommand' && git config --local --unset-all 'core.sshCommand' || :"
2025-11-24T19:08:37.4528397Z [command]/usr/bin/git config --local --name-only --get-regexp http\.https\:\/\/github\.com\/\.extraheader
2025-11-24T19:08:37.4560587Z [command]/usr/bin/git submodule foreach --recursive sh -c "git config --local --name-only --get-regexp 'http\.https\:\/\/github\.com\/\.extraheader' && git config --local --unset-all 'http.https://github.com/.extraheader' || :"
2025-11-24T19:08:37.4808213Z [command]/usr/bin/git config --local http.https://github.com/.extraheader AUTHORIZATION: basic ***
2025-11-24T19:08:37.4847998Z ##[endgroup]
2025-11-24T19:08:37.4849968Z ##[group]Fetching the repository
2025-11-24T19:08:37.4858131Z [command]/usr/bin/git -c protocol.version=2 fetch --no-tags --prune --progress --no-recurse-submodules --filter=blob:none --depth=1 origin +b1f73ab755558c9566be5a3858593889b048dae2:refs/remotes/origin/main
2025-11-24T19:08:37.6744882Z remote: Enumerating objects: 202, done.        
2025-11-24T19:08:37.6749705Z remote: Counting objects:   0% (1/202)        
2025-11-24T19:08:37.6750346Z remote: Counting objects:   1% (3/202)        
2025-11-24T19:08:37.6750966Z remote: Counting objects:   2% (5/202)        
2025-11-24T19:08:37.6751547Z remote: Counting objects:   3% (7/202)        
2025-11-24T19:08:37.6752145Z remote: Counting objects:   4% (9/202)        
2025-11-24T19:08:37.6752730Z remote: Counting objects:   5% (11/202)        
2025-11-24T19:08:37.6753333Z remote: Counting objects:   6% (13/202)        
2025-11-24T19:08:37.6753936Z remote: Counting objects:   7% (15/202)        
2025-11-24T19:08:37.6754516Z remote: Counting objects:   8% (17/202)        
2025-11-24T19:08:37.6755086Z remote: Counting objects:   9% (19/202)        
2025-11-24T19:08:37.6755660Z remote: Counting objects:  10% (21/202)        
2025-11-24T19:08:37.6756203Z remote: Counting objects:  11% (23/202)        
2025-11-24T19:08:37.6757377Z remote: Counting objects:  12% (25/202)        
2025-11-24T19:08:37.6757989Z remote: Counting objects:  13% (27/202)        
2025-11-24T19:08:37.6758647Z remote: Counting objects:  14% (29/202)        
2025-11-24T19:08:37.6759255Z remote: Counting objects:  15% (31/202)        
2025-11-24T19:08:37.6759841Z remote: Counting objects:  16% (33/202)        
2025-11-24T19:08:37.6760420Z remote: Counting objects:  17% (35/202)        
2025-11-24T19:08:37.6761220Z remote: Counting objects:  18% (37/202)        
2025-11-24T19:08:37.6761812Z remote: Counting objects:  19% (39/202)        
2025-11-24T19:08:37.6762402Z remote: Counting objects:  20% (41/202)        
2025-11-24T19:08:37.6762987Z remote: Counting objects:  21% (43/202)        
2025-11-24T19:08:37.6763568Z remote: Counting objects:  22% (45/202)        
2025-11-24T19:08:37.6764153Z remote: Counting objects:  23% (47/202)        
2025-11-24T19:08:37.6764737Z remote: Counting objects:  24% (49/202)        
2025-11-24T19:08:37.6765312Z remote: Counting objects:  25% (51/202)        
2025-11-24T19:08:37.6765908Z remote: Counting objects:  26% (53/202)        
2025-11-24T19:08:37.6766506Z remote: Counting objects:  27% (55/202)        
2025-11-24T19:08:37.6767361Z remote: Counting objects:  28% (57/202)        
2025-11-24T19:08:37.6767957Z remote: Counting objects:  29% (59/202)        
2025-11-24T19:08:37.6768557Z remote: Counting objects:  30% (61/202)        
2025-11-24T19:08:37.6769794Z remote: Counting objects:  31% (63/202)        
2025-11-24T19:08:37.6770409Z remote: Counting objects:  32% (65/202)        
2025-11-24T19:08:37.6770985Z remote: Counting objects:  33% (67/202)        
2025-11-24T19:08:37.6771551Z remote: Counting objects:  34% (69/202)        
2025-11-24T19:08:37.6772144Z remote: Counting objects:  35% (71/202)        
2025-11-24T19:08:37.6772684Z remote: Counting objects:  36% (73/202)        
2025-11-24T19:08:37.6773274Z remote: Counting objects:  37% (75/202)        
2025-11-24T19:08:37.6773856Z remote: Counting objects:  38% (77/202)        
2025-11-24T19:08:37.6774458Z remote: Counting objects:  39% (79/202)        
2025-11-24T19:08:37.6775041Z remote: Counting objects:  40% (81/202)        
2025-11-24T19:08:37.6775822Z remote: Counting objects:  41% (83/202)        
2025-11-24T19:08:37.6776385Z remote: Counting objects:  42% (85/202)        
2025-11-24T19:08:37.6777183Z remote: Counting objects:  43% (87/202)        
2025-11-24T19:08:37.6777736Z remote: Counting objects:  44% (89/202)        
2025-11-24T19:08:37.6779423Z remote: Counting objects:  45% (91/202)        
2025-11-24T19:08:37.6780839Z remote: Counting objects:  46% (93/202)        
2025-11-24T19:08:37.6781376Z remote: Counting objects:  47% (95/202)        
2025-11-24T19:08:37.6781880Z remote: Counting objects:  48% (97/202)        
2025-11-24T19:08:37.6782366Z remote: Counting objects:  49% (99/202)        
2025-11-24T19:08:37.6872126Z remote: Counting objects:  50% (101/202)        
2025-11-24T19:08:37.6872626Z remote: Counting objects:  51% (104/202)        
2025-11-24T19:08:37.6873141Z remote: Counting objects:  52% (106/202)        
2025-11-24T19:08:37.6873626Z remote: Counting objects:  53% (108/202)        
2025-11-24T19:08:37.6874112Z remote: Counting objects:  54% (110/202)        
2025-11-24T19:08:37.6874599Z remote: Counting objects:  55% (112/202)        
2025-11-24T19:08:37.6923475Z remote: Counting objects:  56% (114/202)        
2025-11-24T19:08:37.6924130Z remote: Counting objects:  57% (116/202)        
2025-11-24T19:08:37.6924782Z remote: Counting objects:  58% (118/202)        
2025-11-24T19:08:37.6925733Z remote: Counting objects:  59% (120/202)        
2025-11-24T19:08:37.6927515Z remote: Counting objects:  60% (122/202)        
2025-11-24T19:08:37.6929087Z remote: Counting objects:  61% (124/202)        
2025-11-24T19:08:37.6931350Z remote: Counting objects:  62% (126/202)        
2025-11-24T19:08:37.6931903Z remote: Counting objects:  63% (128/202)        
2025-11-24T19:08:37.6932428Z remote: Counting objects:  64% (130/202)        
2025-11-24T19:08:37.6933185Z remote: Counting objects:  65% (132/202)        
2025-11-24T19:08:37.6933694Z remote: Counting objects:  66% (134/202)        
2025-11-24T19:08:37.6934189Z remote: Counting objects:  67% (136/202)        
2025-11-24T19:08:37.6934702Z remote: Counting objects:  68% (138/202)        
2025-11-24T19:08:37.6935207Z remote: Counting objects:  69% (140/202)        
2025-11-24T19:08:37.6935757Z remote: Counting objects:  70% (142/202)        
2025-11-24T19:08:37.6936313Z remote: Counting objects:  71% (144/202)        
2025-11-24T19:08:37.6937085Z remote: Counting objects:  72% (146/202)        
2025-11-24T19:08:37.6937587Z remote: Counting objects:  73% (148/202)        
2025-11-24T19:08:37.6938098Z remote: Counting objects:  74% (150/202)        
2025-11-24T19:08:37.6938644Z remote: Counting objects:  75% (152/202)        
2025-11-24T19:08:37.6939206Z remote: Counting objects:  76% (154/202)        
2025-11-24T19:08:37.6939717Z remote: Counting objects:  77% (156/202)        
2025-11-24T19:08:37.6940201Z remote: Counting objects:  78% (158/202)        
2025-11-24T19:08:37.6940696Z remote: Counting objects:  79% (160/202)        
2025-11-24T19:08:37.6941122Z remote: Counting objects:  80% (162/202)        
2025-11-24T19:08:37.6941513Z remote: Counting objects:  81% (164/202)        
2025-11-24T19:08:37.6941991Z remote: Counting objects:  82% (166/202)        
2025-11-24T19:08:37.6942481Z remote: Counting objects:  83% (168/202)        
2025-11-24T19:08:37.6942981Z remote: Counting objects:  84% (170/202)        
2025-11-24T19:08:37.6943479Z remote: Counting objects:  85% (172/202)        
2025-11-24T19:08:37.6943978Z remote: Counting objects:  86% (174/202)        
2025-11-24T19:08:37.6944570Z remote: Counting objects:  87% (176/202)        
2025-11-24T19:08:37.6945073Z remote: Counting objects:  88% (178/202)        
2025-11-24T19:08:37.6945575Z remote: Counting objects:  89% (180/202)        
2025-11-24T19:08:37.6946084Z remote: Counting objects:  90% (182/202)        
2025-11-24T19:08:37.6946588Z remote: Counting objects:  91% (184/202)        
2025-11-24T19:08:37.6947300Z remote: Counting objects:  92% (186/202)        
2025-11-24T19:08:37.6947800Z remote: Counting objects:  93% (188/202)        
2025-11-24T19:08:37.6948578Z remote: Counting objects:  94% (190/202)        
2025-11-24T19:08:37.6949073Z remote: Counting objects:  95% (192/202)        
2025-11-24T19:08:37.6949549Z remote: Counting objects:  96% (194/202)        
2025-11-24T19:08:37.6950049Z remote: Counting objects:  97% (196/202)        
2025-11-24T19:08:37.6950541Z remote: Counting objects:  98% (198/202)        
2025-11-24T19:08:37.6951044Z remote: Counting objects:  99% (200/202)        
2025-11-24T19:08:37.6951545Z remote: Counting objects: 100% (202/202)        
2025-11-24T19:08:37.6952094Z remote: Counting objects: 100% (202/202), done.        
2025-11-24T19:08:37.6952658Z remote: Compressing objects:   0% (1/111)        
2025-11-24T19:08:37.6953180Z remote: Compressing objects:   1% (2/111)        
2025-11-24T19:08:37.6953696Z remote: Compressing objects:   2% (3/111)        
2025-11-24T19:08:37.6954216Z remote: Compressing objects:   3% (4/111)        
2025-11-24T19:08:37.6954730Z remote: Compressing objects:   4% (5/111)        
2025-11-24T19:08:37.6955267Z remote: Compressing objects:   5% (6/111)        
2025-11-24T19:08:37.6955782Z remote: Compressing objects:   6% (7/111)        
2025-11-24T19:08:37.6956241Z remote: Compressing objects:   7% (8/111)        
2025-11-24T19:08:37.6956556Z remote: Compressing objects:   8% (9/111)        
2025-11-24T19:08:37.6957147Z remote: Compressing objects:   9% (10/111)        
2025-11-24T19:08:37.6957460Z remote: Compressing objects:  10% (12/111)        
2025-11-24T19:08:37.6957752Z remote: Compressing objects:  11% (13/111)        
2025-11-24T19:08:37.6958053Z remote: Compressing objects:  12% (14/111)        
2025-11-24T19:08:37.6958341Z remote: Compressing objects:  13% (15/111)        
2025-11-24T19:08:37.6958634Z remote: Compressing objects:  14% (16/111)        
2025-11-24T19:08:37.6958941Z remote: Compressing objects:  15% (17/111)        
2025-11-24T19:08:37.6959877Z remote: Compressing objects:  16% (18/111)        
2025-11-24T19:08:37.6960411Z remote: Compressing objects:  17% (19/111)        
2025-11-24T19:08:37.6960955Z remote: Compressing objects:  18% (20/111)        
2025-11-24T19:08:37.6961477Z remote: Compressing objects:  19% (22/111)        
2025-11-24T19:08:37.6962011Z remote: Compressing objects:  20% (23/111)        
2025-11-24T19:08:37.6962536Z remote: Compressing objects:  21% (24/111)        
2025-11-24T19:08:37.6963044Z remote: Compressing objects:  22% (25/111)        
2025-11-24T19:08:37.6963552Z remote: Compressing objects:  23% (26/111)        
2025-11-24T19:08:37.6964069Z remote: Compressing objects:  24% (27/111)        
2025-11-24T19:08:37.6964600Z remote: Compressing objects:  25% (28/111)        
2025-11-24T19:08:37.6965107Z remote: Compressing objects:  26% (29/111)        
2025-11-24T19:08:37.6965611Z remote: Compressing objects:  27% (30/111)        
2025-11-24T19:08:37.6966126Z remote: Compressing objects:  28% (32/111)        
2025-11-24T19:08:37.6966639Z remote: Compressing objects:  29% (33/111)        
2025-11-24T19:08:37.6972913Z remote: Compressing objects:  30% (34/111)        
2025-11-24T19:08:37.6973445Z remote: Compressing objects:  31% (35/111)        
2025-11-24T19:08:37.6973983Z remote: Compressing objects:  32% (36/111)        
2025-11-24T19:08:37.6974542Z remote: Compressing objects:  33% (37/111)        
2025-11-24T19:08:37.6975092Z remote: Compressing objects:  34% (38/111)        
2025-11-24T19:08:37.6975622Z remote: Compressing objects:  35% (39/111)        
2025-11-24T19:08:37.6976181Z remote: Compressing objects:  36% (40/111)        
2025-11-24T19:08:37.6976985Z remote: Compressing objects:  37% (42/111)        
2025-11-24T19:08:37.6977603Z remote: Compressing objects:  38% (43/111)        
2025-11-24T19:08:37.6978108Z remote: Compressing objects:  39% (44/111)        
2025-11-24T19:08:37.6978605Z remote: Compressing objects:  40% (45/111)        
2025-11-24T19:08:37.6979134Z remote: Compressing objects:  41% (46/111)        
2025-11-24T19:08:37.6979650Z remote: Compressing objects:  42% (47/111)        
2025-11-24T19:08:37.6980385Z remote: Compressing objects:  43% (48/111)        
2025-11-24T19:08:37.6980906Z remote: Compressing objects:  44% (49/111)        
2025-11-24T19:08:37.6981422Z remote: Compressing objects:  45% (50/111)        
2025-11-24T19:08:37.6981939Z remote: Compressing objects:  46% (52/111)        
2025-11-24T19:08:37.6982476Z remote: Compressing objects:  47% (53/111)        
2025-11-24T19:08:37.6983005Z remote: Compressing objects:  48% (54/111)        
2025-11-24T19:08:37.6983524Z remote: Compressing objects:  49% (55/111)        
2025-11-24T19:08:37.6984057Z remote: Compressing objects:  50% (56/111)        
2025-11-24T19:08:37.6984576Z remote: Compressing objects:  51% (57/111)        
2025-11-24T19:08:37.6985061Z remote: Compressing objects:  52% (58/111)        
2025-11-24T19:08:37.6985526Z remote: Compressing objects:  53% (59/111)        
2025-11-24T19:08:37.6986035Z remote: Compressing objects:  54% (60/111)        
2025-11-24T19:08:37.6986529Z remote: Compressing objects:  55% (62/111)        
2025-11-24T19:08:37.6987234Z remote: Compressing objects:  56% (63/111)        
2025-11-24T19:08:37.6987739Z remote: Compressing objects:  57% (64/111)        
2025-11-24T19:08:37.6988231Z remote: Compressing objects:  58% (65/111)        
2025-11-24T19:08:37.6988716Z remote: Compressing objects:  59% (66/111)        
2025-11-24T19:08:37.6989244Z remote: Compressing objects:  60% (67/111)        
2025-11-24T19:08:37.6989759Z remote: Compressing objects:  61% (68/111)        
2025-11-24T19:08:37.6990263Z remote: Compressing objects:  62% (69/111)        
2025-11-24T19:08:37.6990777Z remote: Compressing objects:  63% (70/111)        
2025-11-24T19:08:37.6991282Z remote: Compressing objects:  64% (72/111)        
2025-11-24T19:08:37.6991694Z remote: Compressing objects:  65% (73/111)        
2025-11-24T19:08:37.6992179Z remote: Compressing objects:  66% (74/111)        
2025-11-24T19:08:37.6992871Z remote: Compressing objects:  67% (75/111)        
2025-11-24T19:08:37.6993381Z remote: Compressing objects:  68% (76/111)        
2025-11-24T19:08:37.6993893Z remote: Compressing objects:  69% (77/111)        
2025-11-24T19:08:37.6994396Z remote: Compressing objects:  70% (78/111)        
2025-11-24T19:08:37.6994917Z remote: Compressing objects:  71% (79/111)        
2025-11-24T19:08:37.6995434Z remote: Compressing objects:  72% (80/111)        
2025-11-24T19:08:37.6996028Z remote: Compressing objects:  73% (82/111)        
2025-11-24T19:08:37.6996610Z remote: Compressing objects:  74% (83/111)        
2025-11-24T19:08:37.6997420Z remote: Compressing objects:  75% (84/111)        
2025-11-24T19:08:37.6997956Z remote: Compressing objects:  76% (85/111)        
2025-11-24T19:08:37.6998485Z remote: Compressing objects:  77% (86/111)        
2025-11-24T19:08:37.6999007Z remote: Compressing objects:  78% (87/111)        
2025-11-24T19:08:37.6999518Z remote: Compressing objects:  79% (88/111)        
2025-11-24T19:08:37.7000051Z remote: Compressing objects:  80% (89/111)        
2025-11-24T19:08:37.7000563Z remote: Compressing objects:  81% (90/111)        
2025-11-24T19:08:37.7001059Z remote: Compressing objects:  82% (92/111)        
2025-11-24T19:08:37.7001579Z remote: Compressing objects:  83% (93/111)        
2025-11-24T19:08:37.7002080Z remote: Compressing objects:  84% (94/111)        
2025-11-24T19:08:37.7002602Z remote: Compressing objects:  85% (95/111)        
2025-11-24T19:08:37.7003126Z remote: Compressing objects:  86% (96/111)        
2025-11-24T19:08:37.7003644Z remote: Compressing objects:  87% (97/111)        
2025-11-24T19:08:37.7004169Z remote: Compressing objects:  88% (98/111)        
2025-11-24T19:08:37.7004687Z remote: Compressing objects:  89% (99/111)        
2025-11-24T19:08:37.7005225Z remote: Compressing objects:  90% (100/111)        
2025-11-24T19:08:37.7005753Z remote: Compressing objects:  91% (102/111)        
2025-11-24T19:08:37.7006280Z remote: Compressing objects:  92% (103/111)        
2025-11-24T19:08:37.7007024Z remote: Compressing objects:  93% (104/111)        
2025-11-24T19:08:37.7007803Z remote: Compressing objects:  94% (105/111)        
2025-11-24T19:08:37.7008364Z remote: Compressing objects:  95% (106/111)        
2025-11-24T19:08:37.7008917Z remote: Compressing objects:  96% (107/111)        
2025-11-24T19:08:37.7009463Z remote: Compressing objects:  97% (108/111)        
2025-11-24T19:08:37.7010027Z remote: Compressing objects:  98% (109/111)        
2025-11-24T19:08:37.7010578Z remote: Compressing objects:  99% (110/111)        
2025-11-24T19:08:37.7011107Z remote: Compressing objects: 100% (111/111)        
2025-11-24T19:08:37.7011708Z remote: Compressing objects: 100% (111/111), done.        
2025-11-24T19:08:37.7012264Z Receiving objects:   0% (1/202)
2025-11-24T19:08:37.7012676Z Receiving objects:   1% (3/202)
2025-11-24T19:08:37.7013596Z remote: Total 202 (delta 0), reused 134 (delta 0), pack-reused 0 (from 0)        
2025-11-24T19:08:37.7014242Z Receiving objects:   2% (5/202)
2025-11-24T19:08:37.7014636Z Receiving objects:   3% (7/202)
2025-11-24T19:08:37.7015036Z Receiving objects:   4% (9/202)
2025-11-24T19:08:37.7015482Z Receiving objects:   5% (11/202)
2025-11-24T19:08:37.7015938Z Receiving objects:   6% (13/202)
2025-11-24T19:08:37.7016376Z Receiving objects:   7% (15/202)
2025-11-24T19:08:37.7017471Z Receiving objects:   8% (17/202)
2025-11-24T19:08:37.7017918Z Receiving objects:   9% (19/202)
2025-11-24T19:08:37.7018346Z Receiving objects:  10% (21/202)
2025-11-24T19:08:37.7018769Z Receiving objects:  11% (23/202)
2025-11-24T19:08:37.7019194Z Receiving objects:  12% (25/202)
2025-11-24T19:08:37.7019606Z Receiving objects:  13% (27/202)
2025-11-24T19:08:37.7020039Z Receiving objects:  14% (29/202)
2025-11-24T19:08:37.7020468Z Receiving objects:  15% (31/202)
2025-11-24T19:08:37.7020883Z Receiving objects:  16% (33/202)
2025-11-24T19:08:37.7021296Z Receiving objects:  17% (35/202)
2025-11-24T19:08:37.7021929Z Receiving objects:  18% (37/202)
2025-11-24T19:08:37.7022343Z Receiving objects:  19% (39/202)
2025-11-24T19:08:37.7022747Z Receiving objects:  20% (41/202)
2025-11-24T19:08:37.7023147Z Receiving objects:  21% (43/202)
2025-11-24T19:08:37.7023552Z Receiving objects:  22% (45/202)
2025-11-24T19:08:37.7023946Z Receiving objects:  23% (47/202)
2025-11-24T19:08:37.7024359Z Receiving objects:  24% (49/202)
2025-11-24T19:08:37.7024785Z Receiving objects:  25% (51/202)
2025-11-24T19:08:37.7025261Z Receiving objects:  26% (53/202)
2025-11-24T19:08:37.7025668Z Receiving objects:  27% (55/202)
2025-11-24T19:08:37.7026098Z Receiving objects:  28% (57/202)
2025-11-24T19:08:37.7026509Z Receiving objects:  29% (59/202)
2025-11-24T19:08:37.7027304Z Receiving objects:  30% (61/202)
2025-11-24T19:08:37.7027711Z Receiving objects:  31% (63/202)
2025-11-24T19:08:37.7028115Z Receiving objects:  32% (65/202)
2025-11-24T19:08:37.7028504Z Receiving objects:  33% (67/202)
2025-11-24T19:08:37.7028889Z Receiving objects:  34% (69/202)
2025-11-24T19:08:37.7029288Z Receiving objects:  35% (71/202)
2025-11-24T19:08:37.7029675Z Receiving objects:  36% (73/202)
2025-11-24T19:08:37.7030069Z Receiving objects:  37% (75/202)
2025-11-24T19:08:37.7030461Z Receiving objects:  38% (77/202)
2025-11-24T19:08:37.7030861Z Receiving objects:  39% (79/202)
2025-11-24T19:08:37.7031265Z Receiving objects:  40% (81/202)
2025-11-24T19:08:37.7031657Z Receiving objects:  41% (83/202)
2025-11-24T19:08:37.7032047Z Receiving objects:  42% (85/202)
2025-11-24T19:08:37.7032442Z Receiving objects:  43% (87/202)
2025-11-24T19:08:37.7032824Z Receiving objects:  44% (89/202)
2025-11-24T19:08:37.7033173Z Receiving objects:  45% (91/202)
2025-11-24T19:08:37.7033529Z Receiving objects:  46% (93/202)
2025-11-24T19:08:37.7033924Z Receiving objects:  47% (95/202)
2025-11-24T19:08:37.7034314Z Receiving objects:  48% (97/202)
2025-11-24T19:08:37.7034701Z Receiving objects:  49% (99/202)
2025-11-24T19:08:37.7035097Z Receiving objects:  50% (101/202)
2025-11-24T19:08:37.7035512Z Receiving objects:  51% (104/202)
2025-11-24T19:08:37.7035907Z Receiving objects:  52% (106/202)
2025-11-24T19:08:37.7036317Z Receiving objects:  53% (108/202)
2025-11-24T19:08:37.7037082Z Receiving objects:  54% (110/202)
2025-11-24T19:08:37.7037615Z Receiving objects:  55% (112/202)
2025-11-24T19:08:37.7038083Z Receiving objects:  56% (114/202)
2025-11-24T19:08:37.7038511Z Receiving objects:  57% (116/202)
2025-11-24T19:08:37.7038947Z Receiving objects:  58% (118/202)
2025-11-24T19:08:37.7039361Z Receiving objects:  59% (120/202)
2025-11-24T19:08:37.7039774Z Receiving objects:  60% (122/202)
2025-11-24T19:08:37.7040190Z Receiving objects:  61% (124/202)
2025-11-24T19:08:37.7040595Z Receiving objects:  62% (126/202)
2025-11-24T19:08:37.7041015Z Receiving objects:  63% (128/202)
2025-11-24T19:08:37.7041424Z Receiving objects:  64% (130/202)
2025-11-24T19:08:37.7041834Z Receiving objects:  65% (132/202)
2025-11-24T19:08:37.7042237Z Receiving objects:  66% (134/202)
2025-11-24T19:08:37.7042654Z Receiving objects:  67% (136/202)
2025-11-24T19:08:37.7043077Z Receiving objects:  68% (138/202)
2025-11-24T19:08:37.7043494Z Receiving objects:  69% (140/202)
2025-11-24T19:08:37.7043911Z Receiving objects:  70% (142/202)
2025-11-24T19:08:37.7044332Z Receiving objects:  71% (144/202)
2025-11-24T19:08:37.7044751Z Receiving objects:  72% (146/202)
2025-11-24T19:08:37.7045155Z Receiving objects:  73% (148/202)
2025-11-24T19:08:37.7045572Z Receiving objects:  74% (150/202)
2025-11-24T19:08:37.7045983Z Receiving objects:  75% (152/202)
2025-11-24T19:08:37.7046395Z Receiving objects:  76% (154/202)
2025-11-24T19:08:37.7047500Z Receiving objects:  77% (156/202)
2025-11-24T19:08:37.7047982Z Receiving objects:  78% (158/202)
2025-11-24T19:08:37.7048480Z Receiving objects:  79% (160/202)
2025-11-24T19:08:37.7048911Z Receiving objects:  80% (162/202)
2025-11-24T19:08:37.7049338Z Receiving objects:  81% (164/202)
2025-11-24T19:08:37.7049776Z Receiving objects:  82% (166/202)
2025-11-24T19:08:37.7050208Z Receiving objects:  83% (168/202)
2025-11-24T19:08:37.7050890Z Receiving objects:  84% (170/202)
2025-11-24T19:08:37.7051309Z Receiving objects:  85% (172/202)
2025-11-24T19:08:37.7051730Z Receiving objects:  86% (174/202)
2025-11-24T19:08:37.7052187Z Receiving objects:  87% (176/202)
2025-11-24T19:08:37.7052613Z Receiving objects:  88% (178/202)
2025-11-24T19:08:37.7053012Z Receiving objects:  89% (180/202)
2025-11-24T19:08:37.7053410Z Receiving objects:  90% (182/202)
2025-11-24T19:08:37.7053811Z Receiving objects:  91% (184/202)
2025-11-24T19:08:37.7054203Z Receiving objects:  92% (186/202)
2025-11-24T19:08:37.7054614Z Receiving objects:  93% (188/202)
2025-11-24T19:08:37.7055060Z Receiving objects:  94% (190/202)
2025-11-24T19:08:37.7055481Z Receiving objects:  95% (192/202)
2025-11-24T19:08:37.7055918Z Receiving objects:  96% (194/202)
2025-11-24T19:08:37.7056361Z Receiving objects:  97% (196/202)
2025-11-24T19:08:37.7056999Z Receiving objects:  98% (198/202)
2025-11-24T19:08:37.7057460Z Receiving objects:  99% (200/202)
2025-11-24T19:08:37.7057921Z Receiving objects: 100% (202/202)
2025-11-24T19:08:37.7058534Z Receiving objects: 100% (202/202), 32.92 KiB | 4.12 MiB/s, done.
2025-11-24T19:08:37.7059876Z From https://github.com/aspepper/vitrine-de-craques-web-site
2025-11-24T19:08:37.7062672Z  * [new ref]         b1f73ab755558c9566be5a3858593889b048dae2 -> origin/main
2025-11-24T19:08:37.7064665Z ##[endgroup]
2025-11-24T19:08:37.7065290Z ##[group]Determining the checkout info
2025-11-24T19:08:37.7066029Z ##[endgroup]
2025-11-24T19:08:37.7066655Z ##[group]Setting up sparse checkout
2025-11-24T19:08:37.7067522Z [command]/usr/bin/git config core.sparseCheckout true
2025-11-24T19:08:37.7068747Z [command]/usr/bin/git rev-parse --git-path info/sparse-checkout
2025-11-24T19:08:37.7069355Z .git/info/sparse-checkout
2025-11-24T19:08:37.7070748Z ##[endgroup]
2025-11-24T19:08:37.7071387Z ##[group]Checking out the ref
2025-11-24T19:08:37.7073339Z [command]/usr/bin/git checkout --progress --force -B main refs/remotes/origin/main
2025-11-24T19:08:47.5307915Z Updating files:   0% (1/677)
2025-11-24T19:08:47.5314262Z Updating files:   1% (7/677)
2025-11-24T19:08:47.5318216Z Updating files:   2% (14/677)
2025-11-24T19:08:47.5323513Z Updating files:   3% (21/677)
2025-11-24T19:08:47.5332169Z Updating files:   4% (28/677)
2025-11-24T19:08:47.5337573Z Updating files:   5% (34/677)
2025-11-24T19:08:47.5344005Z Updating files:   6% (41/677)
2025-11-24T19:08:47.5353027Z Updating files:   7% (48/677)
2025-11-24T19:08:47.5358662Z Updating files:   8% (55/677)
2025-11-24T19:08:47.5362812Z Updating files:   9% (61/677)
2025-11-24T19:08:47.5367084Z Updating files:  10% (68/677)
2025-11-24T19:08:47.5370871Z Updating files:  11% (75/677)
2025-11-24T19:08:47.5374887Z Updating files:  12% (82/677)
2025-11-24T19:08:47.5377562Z Updating files:  13% (89/677)
2025-11-24T19:08:47.5405492Z Updating files:  14% (95/677)
2025-11-24T19:08:47.5411663Z Updating files:  15% (102/677)
2025-11-24T19:08:47.5419745Z Updating files:  16% (109/677)
2025-11-24T19:08:47.5426404Z Updating files:  17% (116/677)
2025-11-24T19:08:47.5433148Z Updating files:  18% (122/677)
2025-11-24T19:08:47.5442004Z Updating files:  19% (129/677)
2025-11-24T19:08:47.5449104Z Updating files:  20% (136/677)
2025-11-24T19:08:47.5455219Z Updating files:  21% (143/677)
2025-11-24T19:08:47.5462791Z Updating files:  22% (149/677)
2025-11-24T19:08:47.5469292Z Updating files:  23% (156/677)
2025-11-24T19:08:47.5476475Z Updating files:  24% (163/677)
2025-11-24T19:08:47.5483316Z Updating files:  25% (170/677)
2025-11-24T19:08:47.5489485Z Updating files:  26% (177/677)
2025-11-24T19:08:47.5498207Z Updating files:  27% (183/677)
2025-11-24T19:08:47.5506368Z Updating files:  28% (190/677)
2025-11-24T19:08:47.5513941Z Updating files:  29% (197/677)
2025-11-24T19:08:47.5528313Z Updating files:  30% (204/677)
2025-11-24T19:08:47.5534757Z Updating files:  31% (210/677)
2025-11-24T19:08:47.5545170Z Updating files:  32% (217/677)
2025-11-24T19:08:47.5553458Z Updating files:  33% (224/677)
2025-11-24T19:08:47.5557421Z Updating files:  34% (231/677)
2025-11-24T19:08:47.5573218Z Updating files:  35% (237/677)
2025-11-24T19:08:47.5576080Z Updating files:  36% (244/677)
2025-11-24T19:08:47.5585911Z Updating files:  37% (251/677)
2025-11-24T19:08:47.5607910Z Updating files:  38% (258/677)
2025-11-24T19:08:47.5630251Z Updating files:  39% (265/677)
2025-11-24T19:08:47.5940531Z Updating files:  40% (271/677)
2025-11-24T19:08:47.5953301Z Updating files:  41% (278/677)
2025-11-24T19:08:47.7338860Z Updating files:  42% (285/677)
2025-11-24T19:08:47.7341719Z Updating files:  42% (290/677)
2025-11-24T19:08:47.7492835Z Updating files:  43% (292/677)
2025-11-24T19:08:47.7665719Z Updating files:  44% (298/677)
2025-11-24T19:08:47.8017462Z Updating files:  45% (305/677)
2025-11-24T19:08:47.8284209Z Updating files:  46% (312/677)
2025-11-24T19:08:47.8521069Z Updating files:  47% (319/677)
2025-11-24T19:08:47.8683882Z Updating files:  48% (325/677)
2025-11-24T19:08:47.8747659Z Updating files:  49% (332/677)
2025-11-24T19:08:47.8797669Z Updating files:  50% (339/677)
2025-11-24T19:08:47.8884655Z Updating files:  51% (346/677)
2025-11-24T19:08:47.9009947Z Updating files:  52% (353/677)
2025-11-24T19:08:47.9079913Z Updating files:  53% (359/677)
2025-11-24T19:08:47.9087919Z Updating files:  54% (366/677)
2025-11-24T19:08:47.9564285Z Updating files:  55% (373/677)
2025-11-24T19:08:48.0564418Z Updating files:  56% (380/677)
2025-11-24T19:08:48.0712798Z Updating files:  57% (386/677)
2025-11-24T19:08:48.0869100Z Updating files:  58% (393/677)
2025-11-24T19:08:48.1230948Z Updating files:  59% (400/677)
2025-11-24T19:08:48.1279921Z Updating files:  60% (407/677)
2025-11-24T19:08:48.1283589Z Updating files:  61% (413/677)
2025-11-24T19:08:48.1319398Z Updating files:  62% (420/677)
2025-11-24T19:08:48.1523225Z Updating files:  63% (427/677)
2025-11-24T19:08:48.1802733Z Updating files:  64% (434/677)
2025-11-24T19:08:48.1807949Z Updating files:  65% (441/677)
2025-11-24T19:08:48.1811656Z Updating files:  66% (447/677)
2025-11-24T19:08:48.1897805Z Updating files:  67% (454/677)
2025-11-24T19:08:48.1986963Z Updating files:  68% (461/677)
2025-11-24T19:08:48.1990890Z Updating files:  69% (468/677)
2025-11-24T19:08:48.1993904Z Updating files:  70% (474/677)
2025-11-24T19:08:48.2015799Z Updating files:  71% (481/677)
2025-11-24T19:08:48.2072908Z Updating files:  72% (488/677)
2025-11-24T19:08:48.2179356Z Updating files:  73% (495/677)
2025-11-24T19:08:48.2323108Z Updating files:  74% (501/677)
2025-11-24T19:08:48.2430663Z Updating files:  75% (508/677)
2025-11-24T19:08:48.2453547Z Updating files:  76% (515/677)
2025-11-24T19:08:48.2473015Z Updating files:  77% (522/677)
2025-11-24T19:08:48.2491677Z Updating files:  78% (529/677)
2025-11-24T19:08:48.2512861Z Updating files:  79% (535/677)
2025-11-24T19:08:48.2534080Z Updating files:  80% (542/677)
2025-11-24T19:08:48.2554461Z Updating files:  81% (549/677)
2025-11-24T19:08:48.2558094Z Updating files:  82% (556/677)
2025-11-24T19:08:48.2561995Z Updating files:  83% (562/677)
2025-11-24T19:08:48.2566607Z Updating files:  84% (569/677)
2025-11-24T19:08:48.2589434Z Updating files:  85% (576/677)
2025-11-24T19:08:48.2594087Z Updating files:  86% (583/677)
2025-11-24T19:08:48.2601708Z Updating files:  87% (589/677)
2025-11-24T19:08:48.2608212Z Updating files:  88% (596/677)
2025-11-24T19:08:48.2611649Z Updating files:  89% (603/677)
2025-11-24T19:08:48.2614834Z Updating files:  90% (610/677)
2025-11-24T19:08:48.2618634Z Updating files:  91% (617/677)
2025-11-24T19:08:48.2622210Z Updating files:  92% (623/677)
2025-11-24T19:08:48.2625848Z Updating files:  93% (630/677)
2025-11-24T19:08:48.2629603Z Updating files:  94% (637/677)
2025-11-24T19:08:48.2632675Z Updating files:  95% (644/677)
2025-11-24T19:08:48.3383243Z Updating files:  96% (650/677)
2025-11-24T19:08:48.3492206Z Updating files:  97% (657/677)
2025-11-24T19:08:48.3495841Z Updating files:  98% (664/677)
2025-11-24T19:08:48.3499279Z Updating files:  99% (671/677)
2025-11-24T19:08:48.3500613Z Updating files: 100% (677/677)
2025-11-24T19:08:48.3501058Z Updating files: 100% (677/677), done.
2025-11-24T19:08:48.3523402Z Switched to a new branch 'main'
2025-11-24T19:08:48.3527597Z branch 'main' set up to track 'origin/main'.
2025-11-24T19:08:48.3625400Z ##[endgroup]
2025-11-24T19:08:48.3668030Z [command]/usr/bin/git log -1 --format='%H'
2025-11-24T19:08:48.3694077Z 'b1f73ab755558c9566be5a3858593889b048dae2'
2025-11-24T19:08:48.3905781Z ##[group]Run actions/setup-node@v4
2025-11-24T19:08:48.3906080Z with:
2025-11-24T19:08:48.3906289Z   node-version: 20
2025-11-24T19:08:48.3906509Z   cache: npm
2025-11-24T19:08:48.3906710Z   always-auth: false
2025-11-24T19:08:48.3907117Z   check-latest: false
2025-11-24T19:08:48.3907510Z   token: ***
2025-11-24T19:08:48.3907702Z env:
2025-11-24T19:08:48.3908404Z   DATABASE_URL: ***
2025-11-24T19:08:48.3908740Z   NEXTAUTH_URL: ***
2025-11-24T19:08:48.3909052Z   NEXTAUTH_SECRET: ***
2025-11-24T19:08:48.3909275Z   AUTH_TRUST_HOST: true
2025-11-24T19:08:48.3909482Z ##[endgroup]
2025-11-24T19:08:48.5799435Z Found in cache @ /opt/hostedtoolcache/node/20.19.5/x64
2025-11-24T19:08:48.5808462Z ##[group]Environment details
2025-11-24T19:08:49.0472614Z node: v20.19.5
2025-11-24T19:08:49.0477401Z npm: 10.8.2
2025-11-24T19:08:49.0481026Z yarn: 1.22.22
2025-11-24T19:08:49.0484230Z ##[endgroup]
2025-11-24T19:08:49.0502793Z [command]/opt/hostedtoolcache/node/20.19.5/x64/bin/npm config get cache
2025-11-24T19:08:49.1786930Z /home/runner/.npm
2025-11-24T19:08:49.3481776Z Cache hit for: node-cache-Linux-x64-npm-6574f81d381dd57c6cba17200816d822ae309cedcb08a1b37f655a2f539a3200
2025-11-24T19:08:50.3844996Z Received 176160768 of 257897609 (68.3%), 167.8 MBs/sec
2025-11-24T19:08:50.6962016Z Received 257897609 of 257897609 (100.0%), 187.3 MBs/sec
2025-11-24T19:08:50.6963277Z Cache Size: ~246 MB (257897609 B)
2025-11-24T19:08:50.7002251Z [command]/usr/bin/tar -xf /home/runner/work/_temp/4d808e12-4d49-432f-8574-02bd13cc082e/cache.tzst -P -C /home/runner/work/vitrine-de-craques-web-site/vitrine-de-craques-web-site --use-compress-program unzstd
2025-11-24T19:08:51.7227144Z Cache restored successfully
2025-11-24T19:08:51.7726083Z Cache restored from key: node-cache-Linux-x64-npm-6574f81d381dd57c6cba17200816d822ae309cedcb08a1b37f655a2f539a3200
2025-11-24T19:08:51.7913657Z ##[group]Run npm ci
2025-11-24T19:08:51.7913952Z [36;1mnpm ci[0m
2025-11-24T19:08:51.7960503Z shell: /usr/bin/bash -e {0}
2025-11-24T19:08:51.7960761Z env:
2025-11-24T19:08:51.7961566Z   DATABASE_URL: ***
2025-11-24T19:08:51.7961896Z   NEXTAUTH_URL: ***
2025-11-24T19:08:51.7962204Z   NEXTAUTH_SECRET: ***
2025-11-24T19:08:51.7962419Z   AUTH_TRUST_HOST: true
2025-11-24T19:08:51.7962623Z ##[endgroup]
2025-11-24T19:09:00.6813187Z npm warn deprecated inflight@1.0.6: This module is not supported, and leaks memory. Do not use it. Check out lru-cache if you want a good and tested way to coalesce async requests by a key value, which is much more comprehensive and powerful.
2025-11-24T19:09:00.9578147Z npm warn deprecated @humanwhocodes/config-array@0.13.0: Use @eslint/config-array instead
2025-11-24T19:09:00.9870022Z npm warn deprecated rimraf@3.0.2: Rimraf versions prior to v4 are no longer supported
2025-11-24T19:09:01.2260379Z npm warn deprecated @humanwhocodes/object-schema@2.0.3: Use @eslint/object-schema instead
2025-11-24T19:09:01.2351459Z npm warn deprecated glob@7.2.3: Glob versions prior to v9 are no longer supported
2025-11-24T19:09:10.2535625Z npm warn deprecated eslint@8.57.1: This version is no longer supported. Please see https://eslint.org/version-support for other options.
2025-11-24T19:09:10.5949733Z npm warn deprecated fluent-ffmpeg@2.1.3: Package no longer supported. Contact Support at https://www.npmjs.com/support for more info.
2025-11-24T19:09:22.1335132Z 
2025-11-24T19:09:22.1336285Z > vitrine-de-craques-web-site@0.1.0 postinstall
2025-11-24T19:09:22.1337606Z > npx prisma generate
2025-11-24T19:09:22.1338021Z 
2025-11-24T19:09:23.5467923Z Prisma schema loaded from prisma/schema.prisma
2025-11-24T19:09:24.4890750Z ┌─────────────────────────────────────────────────────────┐
2025-11-24T19:09:24.4892865Z │  Update available 6.16.2 -> 7.0.0                       │
2025-11-24T19:09:24.4895246Z │                                                         │
2025-11-24T19:09:24.4934911Z │  This is a major update - please follow the guide at    │
2025-11-24T19:09:24.4935985Z │  https://pris.ly/d/major-version-upgrade                │
2025-11-24T19:09:24.4936913Z │                                                         │
2025-11-24T19:09:24.4937558Z │  Run the following to update                            │
2025-11-24T19:09:24.4938339Z │    npm i --save-dev prisma@latest                       │
2025-11-24T19:09:24.4939013Z │    npm i @prisma/client@latest                          │
2025-11-24T19:09:24.4939773Z └─────────────────────────────────────────────────────────┘
2025-11-24T19:09:24.4940068Z 
2025-11-24T19:09:24.4940695Z ✔ Generated Prisma Client (v6.16.2) to ./node_modules/@prisma/client in 447ms
2025-11-24T19:09:24.4941172Z 
2025-11-24T19:09:24.4941671Z Start by importing your Prisma Client (See: https://pris.ly/d/importing-client)
2025-11-24T19:09:24.4942186Z 
2025-11-24T19:09:24.4942987Z Tip: Need your database queries to be 1000x faster? Accelerate offers you that and more: https://pris.ly/tip-2-accelerate
2025-11-24T19:09:24.4943701Z 
2025-11-24T19:09:24.5231941Z 
2025-11-24T19:09:24.5234127Z > vitrine-de-craques-web-site@0.1.0 prepare
2025-11-24T19:09:24.5236270Z > husky install
2025-11-24T19:09:24.5238270Z 
2025-11-24T19:09:24.5845856Z husky - Git hooks installed
2025-11-24T19:09:24.6041987Z 
2025-11-24T19:09:24.6044402Z added 873 packages, and audited 874 packages in 33s
2025-11-24T19:09:24.6046271Z 
2025-11-24T19:09:24.6046573Z 195 packages are looking for funding
2025-11-24T19:09:24.6047398Z   run `npm fund` for details
2025-11-24T19:09:24.6636602Z 
2025-11-24T19:09:24.6644436Z 6 vulnerabilities (3 low, 3 high)
2025-11-24T19:09:24.6646347Z 
2025-11-24T19:09:24.6647048Z To address issues that do not require attention, run:
2025-11-24T19:09:24.6647650Z   npm audit fix
2025-11-24T19:09:24.6647885Z 
2025-11-24T19:09:24.6648266Z To address all issues (including breaking changes), run:
2025-11-24T19:09:24.6648822Z   npm audit fix --force
2025-11-24T19:09:24.6649083Z 
2025-11-24T19:09:24.6649729Z Run `npm audit` for details.
2025-11-24T19:09:24.7772250Z ##[group]Run npm run build
2025-11-24T19:09:24.7772567Z [36;1mnpm run build[0m
2025-11-24T19:09:24.7835084Z shell: /usr/bin/bash -e {0}
2025-11-24T19:09:24.7835341Z env:
2025-11-24T19:09:24.7836380Z   DATABASE_URL: ***
2025-11-24T19:09:24.7836971Z   NEXTAUTH_URL: ***
2025-11-24T19:09:24.7837326Z   NEXTAUTH_SECRET: ***
2025-11-24T19:09:24.7837553Z   AUTH_TRUST_HOST: true
2025-11-24T19:09:24.7837763Z ##[endgroup]
2025-11-24T19:09:24.9011799Z 
2025-11-24T19:09:24.9017974Z > vitrine-de-craques-web-site@0.1.0 build
2025-11-24T19:09:24.9018637Z > npx prisma generate && next build
2025-11-24T19:09:24.9018987Z 
2025-11-24T19:09:26.3209576Z Prisma schema loaded from prisma/schema.prisma
2025-11-24T19:09:27.2714433Z 
2025-11-24T19:09:27.2719400Z ✔ Generated Prisma Client (v6.16.2) to ./node_modules/@prisma/client in 407ms
2025-11-24T19:09:27.2723136Z 
2025-11-24T19:09:27.2727034Z Start by importing your Prisma Client (See: https://pris.ly/d/importing-client)
2025-11-24T19:09:27.2730805Z 
2025-11-24T19:09:27.2734943Z Tip: Interested in query caching in just a few lines of code? Try Accelerate today! https://pris.ly/tip-3-accelerate
2025-11-24T19:09:27.2742801Z 
2025-11-24T19:09:27.8363176Z ⚠ No build cache found. Please configure build caching for faster rebuilds. Read more: https://nextjs.org/docs/messages/no-cache
2025-11-24T19:09:27.8440335Z Attention: Next.js now collects completely anonymous telemetry regarding usage.
2025-11-24T19:09:27.8450146Z This information is used to shape Next.js' roadmap and prioritize features.
2025-11-24T19:09:27.8451680Z You can learn more, including how to opt-out if you'd not like to participate in this anonymous program, by visiting the following URL:
2025-11-24T19:09:27.8452742Z https://nextjs.org/telemetry
2025-11-24T19:09:27.8453035Z 
2025-11-24T19:09:27.9065751Z   ▲ Next.js 14.2.33
2025-11-24T19:09:27.9066487Z 
2025-11-24T19:09:27.9809981Z    Creating an optimized production build ...
2025-11-24T19:10:09.9866094Z  ⚠ Compiled with warnings
2025-11-24T19:10:09.9870067Z 
2025-11-24T19:10:09.9873611Z ./node_modules/@ffmpeg-installer/ffmpeg/index.js
2025-11-24T19:10:09.9878108Z Critical dependency: the request of a dependency is an expression
2025-11-24T19:10:09.9882087Z 
2025-11-24T19:10:09.9885808Z Import trace for requested module:
2025-11-24T19:10:09.9892419Z ./node_modules/@ffmpeg-installer/ffmpeg/index.js
2025-11-24T19:10:09.9894889Z ./app/api/videos/route.ts
2025-11-24T19:10:09.9915693Z 
2025-11-24T19:10:09.9916427Z ./node_modules/fluent-ffmpeg/lib/options/misc.js
2025-11-24T19:10:09.9917641Z Critical dependency: the request of a dependency is an expression
2025-11-24T19:10:09.9918265Z 
2025-11-24T19:10:09.9918646Z Import trace for requested module:
2025-11-24T19:10:09.9919383Z ./node_modules/fluent-ffmpeg/lib/options/misc.js
2025-11-24T19:10:09.9922795Z ./node_modules/fluent-ffmpeg/lib/fluent-ffmpeg.js
2025-11-24T19:10:09.9924445Z ./node_modules/fluent-ffmpeg/index.js
2025-11-24T19:10:09.9924937Z ./app/api/videos/route.ts
2025-11-24T19:10:09.9925189Z 
2025-11-24T19:10:25.5442784Z  ✓ Compiled successfully
2025-11-24T19:10:25.5451234Z    Linting and checking validity of types ...
2025-11-24T19:10:45.1368083Z    Collecting page data ...
2025-11-24T19:10:46.1293048Z FFmpeg installer package not available. Falling back to system ffmpeg binary. O pacote opcional @ffmpeg-installer/ffmpeg não foi instalado para esta plataforma. Certifique-se de ter o FFmpeg disponível no sistema ou defina a variável FFMPEG_PATH.
2025-11-24T19:10:48.2862708Z    Generating static pages (0/58) ...
2025-11-24T19:10:49.5093619Z    Generating static pages (14/58) 
2025-11-24T19:10:52.4332143Z    Generating static pages (28/58) 
2025-11-24T19:10:53.1442166Z    Generating static pages (43/58) 
2025-11-24T19:10:54.2229329Z  ✓ Generating static pages (58/58)
2025-11-24T19:10:55.2229912Z    Finalizing page optimization ...
2025-11-24T19:10:55.2234382Z    Collecting build traces ...
2025-11-24T19:11:15.8878699Z 
2025-11-24T19:11:15.8974760Z Route (app)                                      Size     First Load JS
2025-11-24T19:11:15.8976363Z ┌ ƒ /                                            1.83 kB         110 kB
2025-11-24T19:11:15.8979022Z ├ ƒ /_not-found                                  876 B          88.2 kB
2025-11-24T19:11:15.8979899Z ├ ƒ /administrator                               155 B          87.5 kB
2025-11-24T19:11:15.8980849Z ├ ƒ /administrator/clubes                        6.46 kB         117 kB
2025-11-24T19:11:15.8981903Z ├ ƒ /administrator/users                         5.68 kB         111 kB
2025-11-24T19:11:15.8982974Z ├ ƒ /administrator/videos                        5.24 kB         111 kB
2025-11-24T19:11:15.8983950Z ├ ƒ /agentes                                     2.7 kB         98.7 kB
2025-11-24T19:11:15.8986102Z ├ ƒ /agentes/[id]                                1.84 kB         117 kB
2025-11-24T19:11:15.8987320Z ├ ƒ /api/admin/clubes                            0 B                0 B
2025-11-24T19:11:15.8988247Z ├ ƒ /api/admin/clubes/[id]                       0 B                0 B
2025-11-24T19:11:15.8989155Z ├ ƒ /api/admin/summary                           0 B                0 B
2025-11-24T19:11:15.8990037Z ├ ƒ /api/admin/users                             0 B                0 B
2025-11-24T19:11:15.8990957Z ├ ƒ /api/admin/users/[userId]/block              0 B                0 B
2025-11-24T19:11:15.8991872Z ├ ƒ /api/admin/videos                            0 B                0 B
2025-11-24T19:11:15.8992815Z ├ ƒ /api/admin/videos/[videoId]/appeal-response  0 B                0 B
2025-11-24T19:11:15.8993789Z ├ ƒ /api/admin/videos/[videoId]/block            0 B                0 B
2025-11-24T19:11:15.8994622Z ├ ƒ /api/agentes                                 0 B                0 B
2025-11-24T19:11:15.8995387Z ├ ƒ /api/agentes/[id]                            0 B                0 B
2025-11-24T19:11:15.8996671Z ├ ƒ /api/atletas                                 0 B                0 B
2025-11-24T19:11:15.8997649Z ├ ƒ /api/atletas/[id]                            0 B                0 B
2025-11-24T19:11:15.8998516Z ├ ƒ /api/auth/[...nextauth]                      0 B                0 B
2025-11-24T19:11:15.8999331Z ├ ƒ /api/blocks/[targetUserId]                   0 B                0 B
2025-11-24T19:11:15.9000182Z ├ ƒ /api/clubes                                  0 B                0 B
2025-11-24T19:11:15.9001004Z ├ ƒ /api/clubes/[slug]                           0 B                0 B
2025-11-24T19:11:15.9001881Z ├ ƒ /api/confederacoes                           0 B                0 B
2025-11-24T19:11:15.9002741Z ├ ƒ /api/confederacoes/[slug]                    0 B                0 B
2025-11-24T19:11:15.9003608Z ├ ƒ /api/db-check                                0 B                0 B
2025-11-24T19:11:15.9004360Z ├ ƒ /api/env                                     0 B                0 B
2025-11-24T19:11:15.9005205Z ├ ƒ /api/errors                                  0 B                0 B
2025-11-24T19:11:15.9006000Z ├ ƒ /api/follows/[targetUserId]                  0 B                0 B
2025-11-24T19:11:15.9007068Z ├ ƒ /api/games                                   0 B                0 B
2025-11-24T19:11:15.9007899Z ├ ƒ /api/games/[slug]                            0 B                0 B
2025-11-24T19:11:15.9008711Z ├ ƒ /api/games/[slug]/comments                   0 B                0 B
2025-11-24T19:11:15.9009579Z ├ ƒ /api/games/[slug]/engagement                 0 B                0 B
2025-11-24T19:11:15.9010348Z ├ ƒ /api/health                                  0 B                0 B
2025-11-24T19:11:15.9011142Z ├ ƒ /api/messages                                0 B                0 B
2025-11-24T19:11:15.9011950Z ├ ƒ /api/messages/unread-count                   0 B                0 B
2025-11-24T19:11:15.9012747Z ├ ƒ /api/news                                    0 B                0 B
2025-11-24T19:11:15.9013861Z ├ ƒ /api/news/[id]                               0 B                0 B
2025-11-24T19:11:15.9014594Z ├ ƒ /api/news/cover                              0 B                0 B
2025-11-24T19:11:15.9015541Z ├ ƒ /api/noticias                                0 B                0 B
2025-11-24T19:11:15.9016386Z ├ ƒ /api/noticias/[slug]                         0 B                0 B
2025-11-24T19:11:15.9017415Z ├ ƒ /api/noticias/[slug]/comments                0 B                0 B
2025-11-24T19:11:15.9018322Z ├ ƒ /api/noticias/[slug]/engagement              0 B                0 B
2025-11-24T19:11:15.9019217Z ├ ƒ /api/pg-check                                0 B                0 B
2025-11-24T19:11:15.9020054Z ├ ƒ /api/profile                                 0 B                0 B
2025-11-24T19:11:15.9020926Z ├ ƒ /api/profile/avatar                          0 B                0 B
2025-11-24T19:11:15.9021860Z ├ ƒ /api/profile/personal-info                   0 B                0 B
2025-11-24T19:11:15.9022748Z ├ ƒ /api/register                                0 B                0 B
2025-11-24T19:11:15.9023639Z ├ ƒ /api/register/atleta-18                      0 B                0 B
2025-11-24T19:11:15.9024611Z ├ ƒ /api/register/clube                          0 B                0 B
2025-11-24T19:11:15.9025557Z ├ ƒ /api/register/de-agentes-licenciados         0 B                0 B
2025-11-24T19:11:15.9026565Z ├ ƒ /api/register/imprensa-jornalistablogueiro   0 B                0 B
2025-11-24T19:11:15.9027707Z ├ ƒ /api/register/responsavel                    0 B                0 B
2025-11-24T19:11:15.9028707Z ├ ƒ /api/register/responsavel/documents          0 B                0 B
2025-11-24T19:11:15.9029679Z ├ ƒ /api/register/torcedor                       0 B                0 B
2025-11-24T19:11:15.9030508Z ├ ○ /api/times                                   0 B                0 B
2025-11-24T19:11:15.9031272Z ├ ƒ /api/videos                                  0 B                0 B
2025-11-24T19:11:15.9032060Z ├ ƒ /api/videos/[id]                             0 B                0 B
2025-11-24T19:11:15.9033086Z ├ ƒ /api/videos/[id]/appeal                      0 B                0 B
2025-11-24T19:11:15.9033917Z ├ ƒ /api/videos/[id]/comments                    0 B                0 B
2025-11-24T19:11:15.9034759Z ├ ƒ /api/videos/proxy                            0 B                0 B
2025-11-24T19:11:15.9035565Z ├ ƒ /arquibancada                                4.49 kB        98.6 kB
2025-11-24T19:11:15.9036337Z ├ ƒ /atletas                                     4.5 kB          107 kB
2025-11-24T19:11:15.9037255Z ├ ƒ /atletas/[id]                                5.24 kB         138 kB
2025-11-24T19:11:15.9038045Z ├ ƒ /cadastro                                    2.21 kB         129 kB
2025-11-24T19:11:15.9038845Z ├ ƒ /cadastro/[slug]                             2.92 kB         121 kB
2025-11-24T19:11:15.9039689Z ├ ƒ /cadastro/atleta-18                          3.91 kB         137 kB
2025-11-24T19:11:15.9040550Z ├ ƒ /cadastro/clube                              4.04 kB         137 kB
2025-11-24T19:11:15.9041436Z ├ ƒ /cadastro/de-agentes-licenciados             4.04 kB         137 kB
2025-11-24T19:11:15.9042394Z ├ ƒ /cadastro/imprensa-jornalistablogueiro       4.19 kB         137 kB
2025-11-24T19:11:15.9043316Z ├ ƒ /cadastro/responsavel                        4.23 kB         137 kB
2025-11-24T19:11:15.9044198Z ├ ƒ /cadastro/responsavel/uploads                3.69 kB         137 kB
2025-11-24T19:11:15.9045093Z ├ ƒ /cadastro/sucesso                            155 B          87.5 kB
2025-11-24T19:11:15.9045992Z ├ ƒ /cadastro/torcedor                           5.13 kB         147 kB
2025-11-24T19:11:15.9046969Z ├ ƒ /clubes                                      3.35 kB         111 kB
2025-11-24T19:11:15.9047783Z ├ ƒ /clubes/[slug]                               807 B           109 kB
2025-11-24T19:11:15.9048639Z ├ ƒ /confederacoes                               807 B           109 kB
2025-11-24T19:11:15.9049517Z ├ ƒ /confederacoes/[slug]                        807 B           109 kB
2025-11-24T19:11:15.9050360Z ├ ƒ /feed                                        12.2 kB         145 kB
2025-11-24T19:11:15.9051292Z ├ ƒ /games                                       197 B           121 kB
2025-11-24T19:11:15.9052092Z ├ ƒ /games/[slug]                                211 B           128 kB
2025-11-24T19:11:15.9052876Z ├ ○ /icon                                        0 B                0 B
2025-11-24T19:11:15.9053653Z ├ ƒ /login                                       3.73 kB         145 kB
2025-11-24T19:11:15.9054464Z ├ ƒ /noticias                                    203 B           121 kB
2025-11-24T19:11:15.9055297Z ├ ƒ /noticias/[slug]                             614 B           129 kB
2025-11-24T19:11:15.9056113Z ├ ƒ /perfil                                      27.3 kB         171 kB
2025-11-24T19:11:15.9057157Z ├ ƒ /perfis/[id]                                 1.84 kB         117 kB
2025-11-24T19:11:15.9057962Z ├ ƒ /player/[id]                                 9.15 kB         127 kB
2025-11-24T19:11:15.9058737Z ├ ƒ /privacidade                                 188 B          96.2 kB
2025-11-24T19:11:15.9059618Z ├ ƒ /registrar-escolha-perfil                    188 B          96.2 kB
2025-11-24T19:11:15.9060502Z ├ ƒ /sobre                                       188 B          96.2 kB
2025-11-24T19:11:15.9061303Z ├ ƒ /torcida                                     155 B          87.5 kB
2025-11-24T19:11:15.9062097Z └ ƒ /upload                                      10.4 kB         119 kB
2025-11-24T19:11:15.9062790Z + First Load JS shared by all                    87.3 kB
2025-11-24T19:11:15.9063536Z   ├ chunks/2117-8600b608bfb46d0e.js              31.7 kB
2025-11-24T19:11:15.9064191Z   ├ chunks/fd9d1056-55796e42a8a57fc6.js          53.6 kB
2025-11-24T19:11:15.9064841Z   └ other shared chunks (total)                  1.97 kB
2025-11-24T19:11:15.9065180Z 
2025-11-24T19:11:15.9065190Z 
2025-11-24T19:11:15.9065594Z ƒ Middleware                                     48.3 kB
2025-11-24T19:11:15.9065921Z 
2025-11-24T19:11:15.9067199Z ○  (Static)   prerendered as static content
2025-11-24T19:11:15.9067803Z ƒ  (Dynamic)  server-rendered on demand
2025-11-24T19:11:15.9068091Z 
2025-11-24T19:11:15.9428851Z 
2025-11-24T19:11:15.9431379Z > vitrine-de-craques-web-site@0.1.0 postbuild
2025-11-24T19:11:15.9435080Z > node scripts/copy-prisma-artifacts.js
2025-11-24T19:11:15.9435445Z 
2025-11-24T19:11:16.0666046Z [copy-prisma-artifacts] Copied Prisma artifacts to /home/runner/work/vitrine-de-craques-web-site/vitrine-de-craques-web-site/.next/standalone/node_modules/.prisma/client
2025-11-24T19:11:16.0674399Z [copy-prisma-artifacts] Linked Prisma artifacts to /home/runner/work/vitrine-de-craques-web-site/vitrine-de-craques-web-site/.next/server/.prisma/client
2025-11-24T19:11:16.0677368Z [copy-prisma-artifacts] Linked Prisma artifacts to /home/runner/work/vitrine-de-craques-web-site/vitrine-de-craques-web-site/.next/server/chunks/.prisma/client
2025-11-24T19:11:16.1644283Z [copy-prisma-artifacts] Copied Prisma artifacts to /home/runner/work/vitrine-de-craques-web-site/vitrine-de-craques-web-site/.next/standalone/node_modules/@prisma/client
2025-11-24T19:11:16.1647678Z [copy-prisma-artifacts] Linked Prisma artifacts to /home/runner/work/vitrine-de-craques-web-site/vitrine-de-craques-web-site/.next/server/@prisma/client
2025-11-24T19:11:16.1649961Z [copy-prisma-artifacts] Linked Prisma artifacts to /home/runner/work/vitrine-de-craques-web-site/vitrine-de-craques-web-site/.next/server/chunks/@prisma/client
2025-11-24T19:11:16.1766182Z ##[group]Run rm -rf deploy
2025-11-24T19:11:16.1766493Z [36;1mrm -rf deploy[0m
2025-11-24T19:11:16.1766725Z [36;1mmkdir -p deploy[0m
2025-11-24T19:11:16.1767736Z [36;1m# Copy only the runtime pieces from the standalone build output[0m
2025-11-24T19:11:16.1768123Z [36;1mcp -R .next/standalone/.next deploy/.next[0m
2025-11-24T19:11:16.1768479Z [36;1mcp -R .next/standalone/node_modules deploy/node_modules[0m
2025-11-24T19:11:16.1768871Z [36;1mcp .next/standalone/package.json deploy/package.json[0m
2025-11-24T19:11:16.1769232Z [36;1mif [ -f .next/standalone/server.js ]; then[0m
2025-11-24T19:11:16.1769556Z [36;1m  cp .next/standalone/server.js deploy/server.js[0m
2025-11-24T19:11:16.1769835Z [36;1mfi[0m
2025-11-24T19:11:16.1770076Z [36;1mif [ -f .next/standalone/server.js.nft.json ]; then[0m
2025-11-24T19:11:16.1770477Z [36;1m  cp .next/standalone/server.js.nft.json deploy/server.js.nft.json[0m
2025-11-24T19:11:16.1770812Z [36;1mfi[0m
2025-11-24T19:11:16.1771008Z [36;1m[0m
2025-11-24T19:11:16.1771201Z [36;1mmkdir -p deploy/.next/static[0m
2025-11-24T19:11:16.1771484Z [36;1mcp -R .next/static/. deploy/.next/static[0m
2025-11-24T19:11:16.1771745Z [36;1m[0m
2025-11-24T19:11:16.1771960Z [36;1mcp next.config.mjs deploy/next.config.mjs[0m
2025-11-24T19:11:16.1772339Z [36;1mcp staticwebapp.config.json deploy/staticwebapp.config.json[0m
2025-11-24T19:11:16.1772699Z [36;1mcp -R prisma deploy/prisma[0m
2025-11-24T19:11:16.1772956Z [36;1mif [ -d public ]; then[0m
2025-11-24T19:11:16.1773204Z [36;1m  cp -R public deploy/public[0m
2025-11-24T19:11:16.1773442Z [36;1mfi[0m
2025-11-24T19:11:16.1773668Z [36;1m./scripts/prune-deploy-artifact.sh deploy[0m
2025-11-24T19:11:16.1806090Z shell: /usr/bin/bash -e {0}
2025-11-24T19:11:16.1806325Z env:
2025-11-24T19:11:16.1807396Z   DATABASE_URL: ***
2025-11-24T19:11:16.1807763Z   NEXTAUTH_URL: ***
2025-11-24T19:11:16.1808076Z   NEXTAUTH_SECRET: ***
2025-11-24T19:11:16.1808300Z   AUTH_TRUST_HOST: true
2025-11-24T19:11:16.1808532Z ##[endgroup]
2025-11-24T19:11:16.8317381Z Pruning unused Prisma runtime binaries...
2025-11-24T19:11:16.8347420Z deploy/node_modules/@prisma/client/runtime/query_engine_bg.cockroachdb.js
2025-11-24T19:11:16.8350462Z deploy/node_modules/@prisma/client/runtime/query_engine_bg.cockroachdb.mjs
2025-11-24T19:11:16.8351596Z deploy/node_modules/@prisma/client/runtime/query_engine_bg.cockroachdb.wasm-base64.js
2025-11-24T19:11:16.8352821Z deploy/node_modules/@prisma/client/runtime/query_engine_bg.cockroachdb.wasm-base64.mjs
2025-11-24T19:11:16.8376436Z deploy/node_modules/@prisma/client/runtime/query_engine_bg.mysql.wasm-base64.mjs
2025-11-24T19:11:16.8381011Z deploy/node_modules/@prisma/client/runtime/query_engine_bg.mysql.mjs
2025-11-24T19:11:16.8381954Z deploy/node_modules/@prisma/client/runtime/query_engine_bg.mysql.js
2025-11-24T19:11:16.8382982Z deploy/node_modules/@prisma/client/runtime/query_engine_bg.mysql.wasm-base64.js
2025-11-24T19:11:16.8405221Z deploy/node_modules/@prisma/client/runtime/query_engine_bg.sqlite.wasm-base64.js
2025-11-24T19:11:16.8410398Z deploy/node_modules/@prisma/client/runtime/query_engine_bg.sqlite.mjs
2025-11-24T19:11:16.8411433Z deploy/node_modules/@prisma/client/runtime/query_engine_bg.sqlite.js
2025-11-24T19:11:16.8412609Z deploy/node_modules/@prisma/client/runtime/query_engine_bg.sqlite.wasm-base64.mjs
2025-11-24T19:11:16.8432891Z deploy/node_modules/@prisma/client/runtime/query_engine_bg.sqlserver.wasm-base64.js
2025-11-24T19:11:16.8434381Z deploy/node_modules/@prisma/client/runtime/query_engine_bg.sqlserver.wasm-base64.mjs
2025-11-24T19:11:16.8435746Z deploy/node_modules/@prisma/client/runtime/query_engine_bg.sqlserver.mjs
2025-11-24T19:11:16.8437276Z deploy/node_modules/@prisma/client/runtime/query_engine_bg.sqlserver.js
2025-11-24T19:11:16.8459704Z deploy/node_modules/@prisma/client/runtime/query_compiler_bg.cockroachdb.js
2025-11-24T19:11:16.8461045Z deploy/node_modules/@prisma/client/runtime/query_compiler_bg.cockroachdb.mjs
2025-11-24T19:11:16.8462734Z deploy/node_modules/@prisma/client/runtime/query_compiler_bg.cockroachdb.wasm-base64.mjs
2025-11-24T19:11:16.8464296Z deploy/node_modules/@prisma/client/runtime/query_compiler_bg.cockroachdb.wasm-base64.js
2025-11-24T19:11:16.8485951Z deploy/node_modules/@prisma/client/runtime/query_compiler_bg.mysql.js
2025-11-24T19:11:16.8487448Z deploy/node_modules/@prisma/client/runtime/query_compiler_bg.mysql.wasm-base64.mjs
2025-11-24T19:11:16.8488754Z deploy/node_modules/@prisma/client/runtime/query_compiler_bg.mysql.mjs
2025-11-24T19:11:16.8490622Z deploy/node_modules/@prisma/client/runtime/query_compiler_bg.mysql.wasm-base64.js
2025-11-24T19:11:16.8512853Z deploy/node_modules/@prisma/client/runtime/query_compiler_bg.sqlite.mjs
2025-11-24T19:11:16.8514110Z deploy/node_modules/@prisma/client/runtime/query_compiler_bg.sqlite.js
2025-11-24T19:11:16.8515407Z deploy/node_modules/@prisma/client/runtime/query_compiler_bg.sqlite.wasm-base64.mjs
2025-11-24T19:11:16.8517773Z deploy/node_modules/@prisma/client/runtime/query_compiler_bg.sqlite.wasm-base64.js
2025-11-24T19:11:16.8539733Z deploy/node_modules/@prisma/client/runtime/query_compiler_bg.sqlserver.wasm-base64.mjs
2025-11-24T19:11:16.8541430Z deploy/node_modules/@prisma/client/runtime/query_compiler_bg.sqlserver.wasm-base64.js
2025-11-24T19:11:16.8545670Z deploy/node_modules/@prisma/client/runtime/query_compiler_bg.sqlserver.mjs
2025-11-24T19:11:16.8546707Z deploy/node_modules/@prisma/client/runtime/query_compiler_bg.sqlserver.js
2025-11-24T19:11:16.8547761Z Removing unused Prisma client engines...
2025-11-24T19:11:16.8639001Z deploy/node_modules/.prisma/client/libquery_engine-darwin-arm64.dylib.node
2025-11-24T19:11:16.8641670Z deploy/node_modules/.prisma/client/libquery_engine-darwin.dylib.node
2025-11-24T19:11:16.8642456Z Cleaning up optional sharp binaries...
2025-11-24T19:11:16.8691766Z Deleting dependency source maps...
2025-11-24T19:11:16.8961823Z Removing Next.js build cache...
2025-11-24T19:11:16.9169079Z Pruning finished.
2025-11-24T19:11:16.9208598Z ##[group]Run node -v
2025-11-24T19:11:16.9209057Z [36;1mnode -v[0m
2025-11-24T19:11:16.9209430Z [36;1mnpx prisma -v[0m
2025-11-24T19:11:16.9254840Z shell: /usr/bin/bash -e {0}
2025-11-24T19:11:16.9255097Z env:
2025-11-24T19:11:16.9256398Z   DATABASE_URL: ***
2025-11-24T19:11:16.9257073Z   NEXTAUTH_URL: ***
2025-11-24T19:11:16.9257413Z   NEXTAUTH_SECRET: ***
2025-11-24T19:11:16.9257651Z   AUTH_TRUST_HOST: true
2025-11-24T19:11:16.9257878Z ##[endgroup]
2025-11-24T19:11:16.9361661Z v20.19.5
2025-11-24T19:11:18.7328176Z Prisma schema loaded from prisma/schema.prisma
2025-11-24T19:11:18.7367007Z prisma                  : 6.16.2
2025-11-24T19:11:18.7367742Z @prisma/client          : 6.16.2
2025-11-24T19:11:18.7368344Z Computed binaryTarget   : debian-openssl-3.0.x
2025-11-24T19:11:18.7368921Z Operating System        : linux
2025-11-24T19:11:18.7369368Z Architecture            : x64
2025-11-24T19:11:18.7369838Z Node.js                 : v20.19.5
2025-11-24T19:11:18.7370370Z TypeScript              : 5.9.3
2025-11-24T19:11:18.7371808Z Query Engine (Node-API) : libquery-engine 1c57fdcd7e44b29b9313256c76699e91c3ac3c43 (at node_modules/@prisma/engines/libquery_engine-debian-openssl-3.0.x.so.node)
2025-11-24T19:11:18.7373468Z PSL                     : @prisma/prisma-schema-wasm 6.16.0-7.1c57fdcd7e44b29b9313256c76699e91c3ac3c43
2025-11-24T19:11:18.7375161Z Schema Engine           : schema-engine-cli 1c57fdcd7e44b29b9313256c76699e91c3ac3c43 (at node_modules/@prisma/engines/schema-engine-debian-openssl-3.0.x)
2025-11-24T19:11:18.7376581Z Default Engines Hash    : 1c57fdcd7e44b29b9313256c76699e91c3ac3c43
2025-11-24T19:11:18.7377425Z Studio                  : 0.511.0
2025-11-24T19:11:18.7696192Z ##[group]Run Azure/static-web-apps-deploy@v1
2025-11-24T19:11:18.7696500Z with:
2025-11-24T19:11:18.7697507Z   azure_static_web_apps_api_token: ***
2025-11-24T19:11:18.7697907Z   repo_token: ***
2025-11-24T19:11:18.7698125Z   action: upload
2025-11-24T19:11:18.7698340Z   app_location: deploy
2025-11-24T19:11:18.7698562Z   skip_app_build: true
2025-11-24T19:11:18.7698770Z env:
2025-11-24T19:11:18.7699410Z   DATABASE_URL: ***
2025-11-24T19:11:18.7699736Z   NEXTAUTH_URL: ***
2025-11-24T19:11:18.7700038Z   NEXTAUTH_SECRET: ***
2025-11-24T19:11:18.7700256Z   AUTH_TRUST_HOST: true
2025-11-24T19:11:18.7700470Z ##[endgroup]
2025-11-24T19:11:18.7794214Z ##[command]/usr/bin/docker run --name ee8ec550588fcfa52341a0a9da1bc6c43b5217_f18a09 --label ee8ec5 --workdir /github/workspace --rm -e "DATABASE_URL" -e "NEXTAUTH_URL" -e "NEXTAUTH_SECRET" -e "AUTH_TRUST_HOST" -e "INPUT_AZURE_STATIC_WEB_APPS_API_TOKEN" -e "INPUT_REPO_TOKEN" -e "INPUT_ACTION" -e "INPUT_APP_LOCATION" -e "INPUT_API_LOCATION" -e "INPUT_OUTPUT_LOCATION" -e "INPUT_SKIP_APP_BUILD" -e "INPUT_API_BUILD_COMMAND" -e "INPUT_APP_ARTIFACT_LOCATION" -e "INPUT_APP_BUILD_COMMAND" -e "INPUT_ROUTES_LOCATION" -e "INPUT_CONFIG_FILE_LOCATION" -e "INPUT_SKIP_API_BUILD" -e "INPUT_PRODUCTION_BRANCH" -e "INPUT_DEPLOYMENT_ENVIRONMENT" -e "INPUT_IS_STATIC_EXPORT" -e "INPUT_DATA_API_LOCATION" -e "INPUT_GITHUB_ID_TOKEN" -e "HOME" -e "GITHUB_JOB" -e "GITHUB_REF" -e "GITHUB_SHA" -e "GITHUB_REPOSITORY" -e "GITHUB_REPOSITORY_OWNER" -e "GITHUB_REPOSITORY_OWNER_ID" -e "GITHUB_RUN_ID" -e "GITHUB_RUN_NUMBER" -e "GITHUB_RETENTION_DAYS" -e "GITHUB_RUN_ATTEMPT" -e "GITHUB_ACTOR_ID" -e "GITHUB_ACTOR" -e "GITHUB_WORKFLOW" -e "GITHUB_HEAD_REF" -e "GITHUB_BASE_REF" -e "GITHUB_EVENT_NAME" -e "GITHUB_SERVER_URL" -e "GITHUB_API_URL" -e "GITHUB_GRAPHQL_URL" -e "GITHUB_REF_NAME" -e "GITHUB_REF_PROTECTED" -e "GITHUB_REF_TYPE" -e "GITHUB_WORKFLOW_REF" -e "GITHUB_WORKFLOW_SHA" -e "GITHUB_REPOSITORY_ID" -e "GITHUB_TRIGGERING_ACTOR" -e "GITHUB_WORKSPACE" -e "GITHUB_ACTION" -e "GITHUB_EVENT_PATH" -e "GITHUB_ACTION_REPOSITORY" -e "GITHUB_ACTION_REF" -e "GITHUB_PATH" -e "GITHUB_ENV" -e "GITHUB_STEP_SUMMARY" -e "GITHUB_STATE" -e "GITHUB_OUTPUT" -e "RUNNER_OS" -e "RUNNER_ARCH" -e "RUNNER_NAME" -e "RUNNER_ENVIRONMENT" -e "RUNNER_TOOL_CACHE" -e "RUNNER_TEMP" -e "RUNNER_WORKSPACE" -e "ACTIONS_RUNTIME_URL" -e "ACTIONS_RUNTIME_TOKEN" -e "ACTIONS_CACHE_URL" -e "ACTIONS_RESULTS_URL" -e GITHUB_ACTIONS=true -e CI=true -v "/var/run/docker.sock":"/var/run/docker.sock" -v "/home/runner/work/_temp":"/github/runner_temp" -v "/home/runner/work/_temp/_github_home":"/github/home" -v "/home/runner/work/_temp/_github_workflow":"/github/workflow" -v "/home/runner/work/_temp/_runner_file_commands":"/github/file_commands" -v "/home/runner/work/vitrine-de-craques-web-site/vitrine-de-craques-web-site":"/github/workspace" ee8ec5:50588fcfa52341a0a9da1bc6c43b5217
2025-11-24T19:11:19.6766986Z DeploymentId: 37020e9c-ca89-4e42-9eff-3f6ee4eeff04
2025-11-24T19:11:19.6767841Z 
2025-11-24T19:11:19.7828776Z [37mTry to validate location at: '/github/workspace/deploy'.[0m
2025-11-24T19:11:19.7842537Z [37mApp Directory Location: 'deploy' was found.[0m
2025-11-24T19:11:19.7846431Z [37mTry to validate location at: '/github/workspace/swa-db-connections'.[0m
2025-11-24T19:11:19.7847547Z [37mLooking for event info[0m
2025-11-24T19:11:20.3125491Z [37mSkipping step to build /github/workspace/deploy with Oryx[0m
2025-11-24T19:11:20.3292615Z [37mDetected the following framework: Next.js[0m
2025-11-24T19:11:20.3293649Z [37mTry to validate location at: '/github/workspace/deploy/.next'.[0m
2025-11-24T19:11:20.3834109Z [37mUsing 'staticwebapp.config.json' file for configuration information, 'routes.json' will be ignored.[0m
2025-11-24T19:11:20.5184088Z [33m[WARNING] For Next.js apps, staticwebapp.config.json features are not fully supported yet![0m
2025-11-24T19:11:20.6608918Z [37mRepackaged Next.js app to deploy on the backend.[0m
2025-11-24T19:11:20.6636245Z [37mStarting to build function app with Oryx[0m
2025-11-24T19:11:20.6641404Z [37m---Oryx build logs---[0m
2025-11-24T19:11:20.6642588Z [37m[0m
2025-11-24T19:11:20.6643626Z [37m[0m
2025-11-24T19:11:20.9748026Z [37mOperation performed by Microsoft Oryx, https://github.com/Microsoft/Oryx[0m
2025-11-24T19:11:20.9749338Z [37mYou can report issues at https://github.com/Microsoft/Oryx/issues[0m
2025-11-24T19:11:20.9750047Z [37m[0m
2025-11-24T19:11:20.9751692Z [37mOryx Version: 0.2.20250107.1+ef3fb2f9c490a4fbb1f76b5746cd4ba2ff0409f4, Commit: ef3fb2f9c490a4fbb1f76b5746cd4ba2ff0409f4, ReleaseTagName: 20250107.1[0m
2025-11-24T19:11:20.9752952Z [37m[0m
2025-11-24T19:11:20.9753507Z [37mBuild Operation ID: 55a85e70d15663f8[0m
2025-11-24T19:11:20.9754196Z [37mOS Type           : bullseye[0m
2025-11-24T19:11:20.9754896Z [37mImage Type        : githubactions[0m
2025-11-24T19:11:20.9755417Z [37m[0m
2025-11-24T19:11:20.9872300Z [37mDetecting platforms...[0m
2025-11-24T19:11:21.6505371Z [37mDetected following platforms:[0m
2025-11-24T19:11:21.6506372Z [37m  nodejs: 20.19.5[0m
2025-11-24T19:11:21.6532880Z [37mVersion '20.19.5' of platform 'nodejs' is not installed. Generating script to install it...[0m
2025-11-24T19:11:21.6941740Z [37mDetected the following frameworks: Next.js[0m
2025-11-24T19:11:21.7806164Z [37m[0m
2025-11-24T19:11:21.7925015Z [37m[0m
2025-11-24T19:11:21.7930598Z [37mSource directory     : /github/workspace/deploy[0m
2025-11-24T19:11:21.7932530Z [37mDestination directory: /bin/staticsites/37020e9c-ca89-4e42-9eff-3f6ee4eeff04-swa-oryx/api[0m
2025-11-24T19:11:21.7934544Z [37m[0m
2025-11-24T19:11:21.7964736Z [37m[0m
2025-11-24T19:11:21.7969589Z [37mDownloading and extracting 'nodejs' version '20.19.5' to '/tmp/oryx/platforms/nodejs/20.19.5'...[0m
2025-11-24T19:11:21.8027351Z [37mDetected image debian flavor: bullseye.[0m
2025-11-24T19:11:22.7920881Z [37mDownloaded in 1 sec(s).[0m
2025-11-24T19:11:22.7927938Z [37mVerifying checksum...[0m
2025-11-24T19:11:22.7992456Z [37mExtracting contents...[0m
2025-11-24T19:11:24.0212862Z [37mperforming sha512 checksum for: nodejs...[0m
2025-11-24T19:11:24.1606728Z [37mDone in 3 sec(s).[0m
2025-11-24T19:11:24.1613344Z [37m[0m
2025-11-24T19:11:24.2160935Z [37mRemoving existing manifest file[0m
2025-11-24T19:11:24.2171348Z [37mCreating directory for command manifest file if it does not exist[0m
2025-11-24T19:11:24.2213791Z [37mCreating a manifest file...[0m
2025-11-24T19:11:24.2215016Z [37mNode Build Command Manifest file created.[0m
2025-11-24T19:11:24.2236927Z [37m[0m
2025-11-24T19:11:24.2238679Z [37mUsing Node version:[0m
2025-11-24T19:11:24.2269633Z [37mv20.19.5[0m
2025-11-24T19:11:24.2284147Z [37m[0m
2025-11-24T19:11:24.2293644Z [37mUsing Npm version:[0m
2025-11-24T19:11:24.3492490Z [37m10.8.2[0m
2025-11-24T19:11:24.3605671Z [37m[0m
2025-11-24T19:11:24.3612961Z [37mInstalling production dependencies in '/github/workspace/deploy/.oryx_prod_node_modules'...[0m
2025-11-24T19:11:24.3615964Z [37m[0m
2025-11-24T19:11:24.3619299Z [37mRunning 'npm install --production'...[0m
2025-11-24T19:11:24.3621094Z [37m[0m
2025-11-24T19:11:24.4631145Z [31mnpm warn config production Use `--omit=dev` instead.[0m
2025-11-24T19:12:06.7002691Z [31mnpm warn deprecated fluent-ffmpeg@2.1.3: Package no longer supported. Contact Support at https://www.npmjs.com/support for more info.[0m
2025-11-24T19:12:15.5288916Z [37m[0m
2025-11-24T19:12:15.5310384Z [37madded 343 packages, and audited 344 packages in 51s[0m
2025-11-24T19:12:15.5312613Z [37m[0m
2025-11-24T19:12:15.5314676Z [37m25 packages are looking for funding[0m
2025-11-24T19:12:15.5316916Z [37m  run `npm fund` for details[0m
2025-11-24T19:12:15.5462969Z [37m[0m
2025-11-24T19:12:15.5467895Z [37m3 low severity vulnerabilities[0m
2025-11-24T19:12:15.5468419Z [37m[0m
2025-11-24T19:12:15.5468897Z [37mTo address all issues, run:[0m
2025-11-24T19:12:15.5469419Z [37m  npm audit fix[0m
2025-11-24T19:12:15.5469807Z [37m[0m
2025-11-24T19:12:15.5470298Z [37mRun `npm audit` for details.[0m
2025-11-24T19:12:15.6016290Z [37m[0m
2025-11-24T19:12:15.6020595Z [37mCopying production dependencies from '/github/workspace/deploy/.oryx_prod_node_modules' to '/github/workspace/deploy/node_modules'...[0m
2025-11-24T19:12:21.1748781Z [37mDone in 6 sec(s).[0m
2025-11-24T19:12:21.6364542Z [37m[0m
2025-11-24T19:12:21.6365114Z [37mRunning 'npm install'...[0m
2025-11-24T19:12:21.6365631Z [37m[0m
2025-11-24T19:12:22.9410335Z [37m[0m
2025-11-24T19:12:22.9414703Z [37mup to date, audited 344 packages in 1s[0m
2025-11-24T19:12:22.9415235Z [37m[0m
2025-11-24T19:12:22.9415750Z [37m25 packages are looking for funding[0m
2025-11-24T19:12:22.9416346Z [37m  run `npm fund` for details[0m
2025-11-24T19:12:22.9793199Z [37m[0m
2025-11-24T19:12:22.9795655Z [37m3 low severity vulnerabilities[0m
2025-11-24T19:12:22.9818359Z [37m[0m
2025-11-24T19:12:22.9819044Z [37mTo address all issues, run:[0m
2025-11-24T19:12:22.9819703Z [37m  npm audit fix[0m
2025-11-24T19:12:22.9820249Z [37m[0m
2025-11-24T19:12:22.9820853Z [37mRun `npm audit` for details.[0m
2025-11-24T19:12:22.9982109Z [37m[0m
2025-11-24T19:12:22.9983773Z [37mRunning 'npm run build'...[0m
2025-11-24T19:12:23.0000672Z [37m[0m
2025-11-24T19:12:23.1128789Z [37m[0m
2025-11-24T19:12:23.1140049Z [37m> function-handler-build@0.1.0 build[0m
2025-11-24T19:12:23.1149438Z [37m> echo 'restoring the framework'[0m
2025-11-24T19:12:23.1157985Z [37m[0m
2025-11-24T19:12:23.1178144Z [37mrestoring the framework[0m
2025-11-24T19:12:23.1267723Z [37mPreparing output...[0m
2025-11-24T19:12:23.1269393Z [37m[0m
2025-11-24T19:12:23.1270627Z [37mCopying files to destination directory '/bin/staticsites/37020e9c-ca89-4e42-9eff-3f6ee4eeff04-swa-oryx/api'...[0m
2025-11-24T19:12:29.0531936Z [37mDone in 6 sec(s).[0m
2025-11-24T19:12:29.0570550Z [37m[0m
2025-11-24T19:12:29.0571188Z [37mRemoving existing manifest file[0m
2025-11-24T19:12:29.0580129Z [37mCreating a manifest file...[0m
2025-11-24T19:12:29.0588648Z [37mManifest file created.[0m
2025-11-24T19:12:29.0589839Z [37mCopying .ostype to manifest output directory.[0m
2025-11-24T19:12:29.0619055Z [37m[0m
2025-11-24T19:12:29.0622943Z [37mDone in 68 sec(s).[0m
2025-11-24T19:12:29.1032392Z [37m[0m
2025-11-24T19:12:29.1033552Z [37m[0m
2025-11-24T19:12:29.1034786Z [37m---End of Oryx build logs---[0m
2025-11-24T19:12:29.1061528Z [33mWeb App Runtime Information. OS: linux, node version: 20[0m
2025-11-24T19:12:29.1064221Z [37mFinished building function app with Oryx[0m
2025-11-24T19:12:31.6734292Z [37mZipping Api Artifacts[0m
2025-11-24T19:12:53.8325197Z [37mDone Zipping Api Artifacts[0m
2025-11-24T19:12:54.5483759Z [37mZipping App Artifacts[0m
2025-11-24T19:12:55.4927350Z [37mDone Zipping App Artifacts[0m
2025-11-24T19:12:55.4928545Z [37mUploading build artifacts.[0m
2025-11-24T19:12:58.1913399Z [32mFinished Upload. Polling on deployment.[0m
2025-11-24T19:12:58.3545014Z [37mStatus: InProgress. Time: 0.1628549(s)[0m
2025-11-24T19:13:13.4817579Z [37mStatus: InProgress. Time: 15.2906255(s)[0m
2025-11-24T19:13:28.8733669Z [37mStatus: InProgress. Time: 30.6814371(s)[0m
2025-11-24T19:13:44.0026485Z [37mStatus: InProgress. Time: 45.8112983(s)[0m
2025-11-24T19:13:59.1429554Z [37mStatus: InProgress. Time: 60.9513972(s)[0m
2025-11-24T19:14:14.3408958Z [37mStatus: InProgress. Time: 76.1497412(s)[0m
2025-11-24T19:14:29.9819708Z [37mStatus: Succeeded. Time: 91.7883667(s)[0m
2025-11-24T19:14:29.9820954Z [32mDeployment Complete :)[0m
2025-11-24T19:14:29.9822462Z [32mVisit your site at: ***[0m
2025-11-24T19:14:30.0260417Z [37mThanks for using Azure Static Web Apps![0m
2025-11-24T19:14:30.0261538Z [37mExiting[0m
2025-11-24T19:14:31.4232007Z Post job cleanup.
2025-11-24T19:14:31.5902102Z Cache hit occurred on the primary key node-cache-Linux-x64-npm-6574f81d381dd57c6cba17200816d822ae309cedcb08a1b37f655a2f539a3200, not saving cache.
2025-11-24T19:14:31.5978332Z Post job cleanup.
2025-11-24T19:14:31.9565169Z [command]/usr/bin/git version
2025-11-24T19:14:31.9565885Z git version 2.51.2
2025-11-24T19:14:31.9570862Z Temporarily overriding HOME='/home/runner/work/_temp/5b3733f5-fe43-4481-8ea8-a978fb45e893' before making global git config changes
2025-11-24T19:14:31.9572161Z Adding repository directory to the temporary git global config as a safe directory
2025-11-24T19:14:31.9573038Z [command]/usr/bin/git config --global --add safe.directory /home/runner/work/vitrine-de-craques-web-site/vitrine-de-craques-web-site
2025-11-24T19:14:31.9574144Z [command]/usr/bin/git config --local --name-only --get-regexp core\.sshCommand
2025-11-24T19:14:31.9575414Z [command]/usr/bin/git submodule foreach --recursive sh -c "git config --local --name-only --get-regexp 'core\.sshCommand' && git config --local --unset-all 'core.sshCommand' || :"
2025-11-24T19:14:31.9576480Z fatal: No url found for submodule path 'Vitrine-De-Craques-App-iOS/Vitrine-De-Craques-App-iOS' in .gitmodules
2025-11-24T19:14:31.9592735Z ##[warning]The process '/usr/bin/git' failed with exit code 128
2025-11-24T19:14:31.9648499Z Cleaning up orphan processes
