2025-11-24T18:35:37.3249154Z Current runner version: '2.329.0'
2025-11-24T18:35:37.3282371Z ##[group]Runner Image Provisioner
2025-11-24T18:35:37.3283527Z Hosted Compute Agent
2025-11-24T18:35:37.3284628Z Version: 20251016.436
2025-11-24T18:35:37.3286128Z Commit: 8ab8ac8bfd662a3739dab9fe09456aba92132568
2025-11-24T18:35:37.3287428Z Build Date: 2025-10-15T20:44:12Z
2025-11-24T18:35:37.3288434Z ##[endgroup]
2025-11-24T18:35:37.3289289Z ##[group]Operating System
2025-11-24T18:35:37.3290432Z Ubuntu
2025-11-24T18:35:37.3291346Z 24.04.3
2025-11-24T18:35:37.3292219Z LTS
2025-11-24T18:35:37.3292961Z ##[endgroup]
2025-11-24T18:35:37.3293830Z ##[group]Runner Image
2025-11-24T18:35:37.3295478Z Image: ubuntu-24.04
2025-11-24T18:35:37.3296515Z Version: 20251112.124.1
2025-11-24T18:35:37.3298279Z Included Software: https://github.com/actions/runner-images/blob/ubuntu24/20251112.124/images/ubuntu/Ubuntu2404-Readme.md
2025-11-24T18:35:37.3300992Z Image Release: https://github.com/actions/runner-images/releases/tag/ubuntu24%2F20251112.124
2025-11-24T18:35:37.3302783Z ##[endgroup]
2025-11-24T18:35:37.3304630Z ##[group]GITHUB_TOKEN Permissions
2025-11-24T18:35:37.3308003Z Contents: read
2025-11-24T18:35:37.3308892Z Metadata: read
2025-11-24T18:35:37.3309800Z Packages: read
2025-11-24T18:35:37.3310664Z ##[endgroup]
2025-11-24T18:35:37.3313466Z Secret source: Actions
2025-11-24T18:35:37.3315172Z Prepare workflow directory
2025-11-24T18:35:37.4034324Z Prepare all required actions
2025-11-24T18:35:37.4090420Z Getting action download info
2025-11-24T18:35:37.7362889Z Download action repository 'actions/checkout@v3' (SHA:f43a0e5ff2bd294095638e18286ca9a3d1956744)
2025-11-24T18:35:37.8417749Z Download action repository 'actions/setup-node@v4' (SHA:49933ea5288caeca8642d1e84afbd3f7d6820020)
2025-11-24T18:35:37.9402801Z Download action repository 'Azure/static-web-apps-deploy@v1' (SHA:4d27395796ac319302594769cfe812bd207490b1)
2025-11-24T18:35:38.1850603Z Complete job name: Build and Deploy Job
2025-11-24T18:35:38.2254174Z ##[group]Build container for action use: '/home/runner/work/_actions/Azure/static-web-apps-deploy/v1/Dockerfile'.
2025-11-24T18:35:38.2305705Z ##[command]/usr/bin/docker build -t 288b94:4b0da558c80f485c8931e848d76fbe5f -f "/home/runner/work/_actions/Azure/static-web-apps-deploy/v1/Dockerfile" "/home/runner/work/_actions/Azure/static-web-apps-deploy/v1"
2025-11-24T18:35:38.7573543Z #0 building with "default" instance using docker driver
2025-11-24T18:35:38.7574396Z 
2025-11-24T18:35:38.7574910Z #1 [internal] load build definition from Dockerfile
2025-11-24T18:35:38.7576236Z #1 transferring dockerfile: 160B done
2025-11-24T18:35:38.7577081Z #1 DONE 0.0s
2025-11-24T18:35:38.7577458Z 
2025-11-24T18:35:38.7578083Z #2 [internal] load metadata for mcr.microsoft.com/appsvc/staticappsclient:stable
2025-11-24T18:35:38.8481137Z #2 DONE 0.2s
2025-11-24T18:35:38.9723981Z 
2025-11-24T18:35:38.9725726Z #3 [internal] load .dockerignore
2025-11-24T18:35:38.9728891Z #3 transferring context: 2B done
2025-11-24T18:35:38.9732075Z #3 DONE 0.0s
2025-11-24T18:35:38.9732848Z 
2025-11-24T18:35:38.9733392Z #4 [internal] load build context
2025-11-24T18:35:38.9736466Z #4 transferring context: 107B done
2025-11-24T18:35:38.9737723Z #4 DONE 0.0s
2025-11-24T18:35:38.9738267Z 
2025-11-24T18:35:38.9760847Z #5 [1/2] FROM mcr.microsoft.com/appsvc/staticappsclient:stable@sha256:3178a283e885dc45a0c7b4c6e9f728f0331ae7fb93de75db4181fa38651170f2
2025-11-24T18:35:38.9782503Z #5 resolve mcr.microsoft.com/appsvc/staticappsclient:stable@sha256:3178a283e885dc45a0c7b4c6e9f728f0331ae7fb93de75db4181fa38651170f2 done
2025-11-24T18:35:38.9793482Z #5 sha256:5ee26b7a209f9a26720207792b237af3e19c0efeed8695e1e630fcd0feef9230 4.19MB / 54.75MB 0.1s
2025-11-24T18:35:38.9798344Z #5 sha256:1df8e0748f30e89b0c0477edfc706fc39242e1d6008433c0494113de267e7ca8 15.34kB / 15.34kB done
2025-11-24T18:35:38.9807378Z #5 sha256:5d6e107a26c2ffb6e234f04132358dea70a691a64c1152f984d2f2ba0e218c58 16.78MB / 53.74MB 0.1s
2025-11-24T18:35:38.9816366Z #5 sha256:3178a283e885dc45a0c7b4c6e9f728f0331ae7fb93de75db4181fa38651170f2 2.88kB / 2.88kB done
2025-11-24T18:35:38.9828711Z #5 sha256:2377065f3b700cf1b5e391d26c572c8b91892dd44acd75deebdab5e403b23175 6.29MB / 15.56MB 0.1s
2025-11-24T18:35:39.1688224Z #5 sha256:5ee26b7a209f9a26720207792b237af3e19c0efeed8695e1e630fcd0feef9230 37.75MB / 54.75MB 0.3s
2025-11-24T18:35:39.1697706Z #5 sha256:5d6e107a26c2ffb6e234f04132358dea70a691a64c1152f984d2f2ba0e218c58 53.74MB / 53.74MB 0.3s
2025-11-24T18:35:39.1749165Z #5 sha256:2377065f3b700cf1b5e391d26c572c8b91892dd44acd75deebdab5e403b23175 15.56MB / 15.56MB 0.2s done
2025-11-24T18:35:39.1754918Z #5 sha256:41c7cd6fb37363fd1ec16dad3463ecc5820eda12c418a82b4849604252d29b88 7.44MB / 197.07MB 0.3s
2025-11-24T18:35:39.3315486Z #5 sha256:5ee26b7a209f9a26720207792b237af3e19c0efeed8695e1e630fcd0feef9230 47.91MB / 54.75MB 0.4s
2025-11-24T18:35:39.3337881Z #5 sha256:5d6e107a26c2ffb6e234f04132358dea70a691a64c1152f984d2f2ba0e218c58 53.74MB / 53.74MB 0.3s done
2025-11-24T18:35:39.3350202Z #5 sha256:41c7cd6fb37363fd1ec16dad3463ecc5820eda12c418a82b4849604252d29b88 17.83MB / 197.07MB 0.4s
2025-11-24T18:35:39.3360173Z #5 extracting sha256:5d6e107a26c2ffb6e234f04132358dea70a691a64c1152f984d2f2ba0e218c58 0.1s
2025-11-24T18:35:39.3376202Z #5 sha256:4f4fb700ef54461cfa02571ae0db9a0dc1e0cdb5577484a6d75e68dc38e8acc1 0B / 32B 0.4s
2025-11-24T18:35:39.4450804Z #5 sha256:5ee26b7a209f9a26720207792b237af3e19c0efeed8695e1e630fcd0feef9230 54.75MB / 54.75MB 0.5s done
2025-11-24T18:35:39.4463286Z #5 sha256:41c7cd6fb37363fd1ec16dad3463ecc5820eda12c418a82b4849604252d29b88 41.94MB / 197.07MB 0.5s
2025-11-24T18:35:39.5505825Z #5 sha256:41c7cd6fb37363fd1ec16dad3463ecc5820eda12c418a82b4849604252d29b88 59.77MB / 197.07MB 0.6s
2025-11-24T18:35:39.5511112Z #5 sha256:4f4fb700ef54461cfa02571ae0db9a0dc1e0cdb5577484a6d75e68dc38e8acc1 32B / 32B 0.6s done
2025-11-24T18:35:39.5516434Z #5 sha256:c279a6399750ee20e802fb2c47da034ccee5eb4f3b89087f32618f10e8af074a 1.05MB / 1.56MB 0.6s
2025-11-24T18:35:39.5522069Z #5 sha256:aede74d79976f9d1be608a1286cdb2ca61aad25185440263691db6a0880adadd 16.78MB / 24.46MB 0.6s
2025-11-24T18:35:39.6658105Z #5 sha256:41c7cd6fb37363fd1ec16dad3463ecc5820eda12c418a82b4849604252d29b88 76.55MB / 197.07MB 0.8s
2025-11-24T18:35:39.6671258Z #5 sha256:c279a6399750ee20e802fb2c47da034ccee5eb4f3b89087f32618f10e8af074a 1.56MB / 1.56MB 0.6s done
2025-11-24T18:35:39.6676449Z #5 sha256:aede74d79976f9d1be608a1286cdb2ca61aad25185440263691db6a0880adadd 24.46MB / 24.46MB 0.7s done
2025-11-24T18:35:39.6681409Z #5 sha256:ec0af1da0a0576de654092a28624c0565c6d854216944f18159460338af43293 36.21MB / 72.99MB 0.8s
2025-11-24T18:35:39.6694509Z #5 sha256:eec8099d3f58ba87e25216a07db18b5a0de40b6921ee61ea8ab9b4c29b53a12f 1.16MB / 1.16MB 0.7s done
2025-11-24T18:35:39.6702614Z #5 sha256:351447e6e3829fac25a761f87d07dc5bfc289f38908901d05fa53aaab54dbdcd 115.52kB / 115.52kB 0.7s done
2025-11-24T18:35:39.6707772Z #5 sha256:cddc70a1cccef26d55fcf9242759c41404c305acea0b4c3a30961c99846a0a55 637.94kB / 637.94kB 0.8s done
2025-11-24T18:35:39.6712534Z #5 sha256:36312d7930e0666f8cfc7940823ac101235e873b7cbb8b20d9481fd404095767 0B / 35.20MB 0.8s
2025-11-24T18:35:39.7670784Z #5 sha256:ec0af1da0a0576de654092a28624c0565c6d854216944f18159460338af43293 47.68MB / 72.99MB 0.9s
2025-11-24T18:35:39.7676495Z #5 sha256:36312d7930e0666f8cfc7940823ac101235e873b7cbb8b20d9481fd404095767 10.49MB / 35.20MB 0.9s
2025-11-24T18:35:39.8678689Z #5 sha256:ec0af1da0a0576de654092a28624c0565c6d854216944f18159460338af43293 67.11MB / 72.99MB 1.0s
2025-11-24T18:35:39.8691086Z #5 sha256:36312d7930e0666f8cfc7940823ac101235e873b7cbb8b20d9481fd404095767 28.43MB / 35.20MB 1.0s
2025-11-24T18:35:40.0651285Z #5 sha256:41c7cd6fb37363fd1ec16dad3463ecc5820eda12c418a82b4849604252d29b88 97.52MB / 197.07MB 1.2s
2025-11-24T18:35:40.0664858Z #5 sha256:ec0af1da0a0576de654092a28624c0565c6d854216944f18159460338af43293 72.99MB / 72.99MB 1.2s
2025-11-24T18:35:40.0677788Z #5 sha256:36312d7930e0666f8cfc7940823ac101235e873b7cbb8b20d9481fd404095767 35.20MB / 35.20MB 1.2s
2025-11-24T18:35:40.1660153Z #5 sha256:ec0af1da0a0576de654092a28624c0565c6d854216944f18159460338af43293 72.99MB / 72.99MB 1.2s done
2025-11-24T18:35:40.1683102Z #5 sha256:36312d7930e0666f8cfc7940823ac101235e873b7cbb8b20d9481fd404095767 35.20MB / 35.20MB 1.2s done
2025-11-24T18:35:40.1688311Z #5 sha256:4836a863d60df9ca0cedad0eb5e729c4a7f755449fbfbd6d4ea6443e64c990e0 0B / 118.65MB 1.3s
2025-11-24T18:35:40.1693148Z #5 sha256:8023cb51985fccd3faa4be6340cdc75b72240277850569aa974767dda5176159 168B / 168B 1.3s done
2025-11-24T18:35:40.1698062Z #5 sha256:4a1fde1690fe113870084a3224c66554fc9cbd2310abb9593b0244ec21f4b76d 168B / 168B 1.3s done
2025-11-24T18:35:40.2701466Z #5 sha256:41c7cd6fb37363fd1ec16dad3463ecc5820eda12c418a82b4849604252d29b88 111.15MB / 197.07MB 1.4s
2025-11-24T18:35:40.2712967Z #5 sha256:4836a863d60df9ca0cedad0eb5e729c4a7f755449fbfbd6d4ea6443e64c990e0 6.84MB / 118.65MB 1.4s
2025-11-24T18:35:40.4183602Z #5 sha256:41c7cd6fb37363fd1ec16dad3463ecc5820eda12c418a82b4849604252d29b88 126.88MB / 197.07MB 1.5s
2025-11-24T18:35:40.4188968Z #5 sha256:4836a863d60df9ca0cedad0eb5e729c4a7f755449fbfbd6d4ea6443e64c990e0 29.04MB / 118.65MB 1.5s
2025-11-24T18:35:40.5658578Z #5 sha256:41c7cd6fb37363fd1ec16dad3463ecc5820eda12c418a82b4849604252d29b88 147.25MB / 197.07MB 1.7s
2025-11-24T18:35:40.5667385Z #5 sha256:4836a863d60df9ca0cedad0eb5e729c4a7f755449fbfbd6d4ea6443e64c990e0 59.77MB / 118.65MB 1.7s
2025-11-24T18:35:40.6693279Z #5 sha256:41c7cd6fb37363fd1ec16dad3463ecc5820eda12c418a82b4849604252d29b88 161.48MB / 197.07MB 1.8s
2025-11-24T18:35:40.6698161Z #5 sha256:4836a863d60df9ca0cedad0eb5e729c4a7f755449fbfbd6d4ea6443e64c990e0 74.14MB / 118.65MB 1.8s
2025-11-24T18:35:40.8186637Z #5 sha256:41c7cd6fb37363fd1ec16dad3463ecc5820eda12c418a82b4849604252d29b88 180.36MB / 197.07MB 1.9s
2025-11-24T18:35:40.8188015Z #5 sha256:4836a863d60df9ca0cedad0eb5e729c4a7f755449fbfbd6d4ea6443e64c990e0 95.42MB / 118.65MB 1.9s
2025-11-24T18:35:40.9654896Z #5 sha256:41c7cd6fb37363fd1ec16dad3463ecc5820eda12c418a82b4849604252d29b88 197.07MB / 197.07MB 2.1s
2025-11-24T18:35:40.9658525Z #5 sha256:4836a863d60df9ca0cedad0eb5e729c4a7f755449fbfbd6d4ea6443e64c990e0 118.65MB / 118.65MB 2.1s
2025-11-24T18:35:42.2211625Z #5 sha256:41c7cd6fb37363fd1ec16dad3463ecc5820eda12c418a82b4849604252d29b88 197.07MB / 197.07MB 3.2s done
2025-11-24T18:35:42.2212927Z #5 sha256:4836a863d60df9ca0cedad0eb5e729c4a7f755449fbfbd6d4ea6443e64c990e0 118.65MB / 118.65MB 3.2s done
2025-11-24T18:35:43.4155776Z #5 extracting sha256:5d6e107a26c2ffb6e234f04132358dea70a691a64c1152f984d2f2ba0e218c58 4.2s done
2025-11-24T18:35:43.5510230Z #5 extracting sha256:2377065f3b700cf1b5e391d26c572c8b91892dd44acd75deebdab5e403b23175 0.1s
2025-11-24T18:35:44.0071747Z #5 extracting sha256:2377065f3b700cf1b5e391d26c572c8b91892dd44acd75deebdab5e403b23175 0.4s done
2025-11-24T18:35:44.5411673Z #5 extracting sha256:5ee26b7a209f9a26720207792b237af3e19c0efeed8695e1e630fcd0feef9230
2025-11-24T18:35:46.7506378Z #5 extracting sha256:5ee26b7a209f9a26720207792b237af3e19c0efeed8695e1e630fcd0feef9230 2.1s done
2025-11-24T18:35:47.2847684Z #5 extracting sha256:41c7cd6fb37363fd1ec16dad3463ecc5820eda12c418a82b4849604252d29b88
2025-11-24T18:35:52.3648024Z #5 extracting sha256:41c7cd6fb37363fd1ec16dad3463ecc5820eda12c418a82b4849604252d29b88 5.1s
2025-11-24T18:35:52.5337058Z #5 extracting sha256:41c7cd6fb37363fd1ec16dad3463ecc5820eda12c418a82b4849604252d29b88 5.2s done
2025-11-24T18:35:55.0280038Z #5 extracting sha256:4f4fb700ef54461cfa02571ae0db9a0dc1e0cdb5577484a6d75e68dc38e8acc1
2025-11-24T18:35:55.2104931Z #5 extracting sha256:4f4fb700ef54461cfa02571ae0db9a0dc1e0cdb5577484a6d75e68dc38e8acc1 done
2025-11-24T18:35:55.2106547Z #5 extracting sha256:aede74d79976f9d1be608a1286cdb2ca61aad25185440263691db6a0880adadd 0.1s
2025-11-24T18:35:55.9641467Z #5 extracting sha256:aede74d79976f9d1be608a1286cdb2ca61aad25185440263691db6a0880adadd 0.8s done
2025-11-24T18:35:55.9643057Z #5 extracting sha256:c279a6399750ee20e802fb2c47da034ccee5eb4f3b89087f32618f10e8af074a
2025-11-24T18:35:56.2262401Z #5 extracting sha256:c279a6399750ee20e802fb2c47da034ccee5eb4f3b89087f32618f10e8af074a 0.1s done
2025-11-24T18:35:56.2271047Z #5 extracting sha256:ec0af1da0a0576de654092a28624c0565c6d854216944f18159460338af43293 0.1s
2025-11-24T18:35:57.3711780Z #5 extracting sha256:ec0af1da0a0576de654092a28624c0565c6d854216944f18159460338af43293 1.1s done
2025-11-24T18:35:57.9216426Z #5 extracting sha256:351447e6e3829fac25a761f87d07dc5bfc289f38908901d05fa53aaab54dbdcd
2025-11-24T18:35:58.0546591Z #5 extracting sha256:351447e6e3829fac25a761f87d07dc5bfc289f38908901d05fa53aaab54dbdcd done
2025-11-24T18:35:58.0552479Z #5 extracting sha256:eec8099d3f58ba87e25216a07db18b5a0de40b6921ee61ea8ab9b4c29b53a12f 0.1s done
2025-11-24T18:35:58.0553973Z #5 extracting sha256:cddc70a1cccef26d55fcf9242759c41404c305acea0b4c3a30961c99846a0a55 0.0s done
2025-11-24T18:35:58.1874456Z #5 extracting sha256:36312d7930e0666f8cfc7940823ac101235e873b7cbb8b20d9481fd404095767 0.1s
2025-11-24T18:35:58.6737292Z #5 extracting sha256:36312d7930e0666f8cfc7940823ac101235e873b7cbb8b20d9481fd404095767 0.5s done
2025-11-24T18:35:58.6739035Z #5 extracting sha256:4a1fde1690fe113870084a3224c66554fc9cbd2310abb9593b0244ec21f4b76d
2025-11-24T18:35:58.8701202Z #5 extracting sha256:4a1fde1690fe113870084a3224c66554fc9cbd2310abb9593b0244ec21f4b76d done
2025-11-24T18:35:58.8702871Z #5 extracting sha256:8023cb51985fccd3faa4be6340cdc75b72240277850569aa974767dda5176159 done
2025-11-24T18:35:58.8705912Z #5 extracting sha256:4836a863d60df9ca0cedad0eb5e729c4a7f755449fbfbd6d4ea6443e64c990e0 0.1s
2025-11-24T18:36:02.5738634Z #5 extracting sha256:4836a863d60df9ca0cedad0eb5e729c4a7f755449fbfbd6d4ea6443e64c990e0 3.7s done
2025-11-24T18:36:03.8858061Z #5 DONE 25.0s
2025-11-24T18:36:04.0615153Z 
2025-11-24T18:36:04.0617197Z #6 [2/2] COPY entrypoint.sh /entrypoint.sh
2025-11-24T18:36:04.0618051Z #6 DONE 0.0s
2025-11-24T18:36:04.0619307Z 
2025-11-24T18:36:04.0619583Z #7 exporting to image
2025-11-24T18:36:04.0620486Z #7 exporting layers
2025-11-24T18:36:05.1823343Z #7 exporting layers 1.3s done
2025-11-24T18:36:05.2070971Z #7 writing image sha256:6b1a284445e53de82c6e5a6b69ba0b4b592ce8bc89b9894a11c5d4c66c6f19ef done
2025-11-24T18:36:05.2074084Z #7 naming to docker.io/library/288b94:4b0da558c80f485c8931e848d76fbe5f done
2025-11-24T18:36:05.2074866Z #7 DONE 1.3s
2025-11-24T18:36:05.2123663Z ##[endgroup]
2025-11-24T18:36:05.2358617Z ##[group]Run actions/checkout@v3
2025-11-24T18:36:05.2359148Z with:
2025-11-24T18:36:05.2359331Z   submodules: false
2025-11-24T18:36:05.2359527Z   lfs: false
2025-11-24T18:36:05.2359868Z   sparse-checkout: *
!Vitrine-De-Craques-App/
!Vitrine-De-Craques-App-iOS/
!docs/

2025-11-24T18:36:05.2360261Z   sparse-checkout-cone-mode: false
2025-11-24T18:36:05.2360551Z   repository: aspepper/vitrine-de-craques-web-site
2025-11-24T18:36:05.2360995Z   token: ***
2025-11-24T18:36:05.2361183Z   ssh-strict: true
2025-11-24T18:36:05.2361386Z   persist-credentials: true
2025-11-24T18:36:05.2361602Z   clean: true
2025-11-24T18:36:05.2361772Z   fetch-depth: 1
2025-11-24T18:36:05.2361952Z   fetch-tags: false
2025-11-24T18:36:05.2362142Z   set-safe-directory: true
2025-11-24T18:36:05.2362520Z env:
2025-11-24T18:36:05.2363208Z   DATABASE_URL: ***
2025-11-24T18:36:05.2363538Z   NEXTAUTH_URL: ***
2025-11-24T18:36:05.2364077Z   NEXTAUTH_SECRET: ***
2025-11-24T18:36:05.2364426Z   AUTH_TRUST_HOST: true
2025-11-24T18:36:05.2364769Z ##[endgroup]
2025-11-24T18:36:05.3283603Z Syncing repository: aspepper/vitrine-de-craques-web-site
2025-11-24T18:36:05.3285949Z ##[group]Getting Git version info
2025-11-24T18:36:05.3290067Z Working directory is '/home/runner/work/vitrine-de-craques-web-site/vitrine-de-craques-web-site'
2025-11-24T18:36:05.3297789Z [command]/usr/bin/git version
2025-11-24T18:36:05.3298241Z git version 2.51.2
2025-11-24T18:36:05.3322981Z ##[endgroup]
2025-11-24T18:36:05.3338332Z Temporarily overriding HOME='/home/runner/work/_temp/0c2fde88-1f34-47c9-8b17-4e571f5133db' before making global git config changes
2025-11-24T18:36:05.3340600Z Adding repository directory to the temporary git global config as a safe directory
2025-11-24T18:36:05.3346023Z [command]/usr/bin/git config --global --add safe.directory /home/runner/work/vitrine-de-craques-web-site/vitrine-de-craques-web-site
2025-11-24T18:36:05.3383637Z Deleting the contents of '/home/runner/work/vitrine-de-craques-web-site/vitrine-de-craques-web-site'
2025-11-24T18:36:05.3390204Z ##[group]Initializing the repository
2025-11-24T18:36:05.3393668Z [command]/usr/bin/git init /home/runner/work/vitrine-de-craques-web-site/vitrine-de-craques-web-site
2025-11-24T18:36:05.3523382Z hint: Using 'master' as the name for the initial branch. This default branch name
2025-11-24T18:36:05.3525658Z hint: is subject to change. To configure the initial branch name to use in all
2025-11-24T18:36:05.3526483Z hint: of your new repositories, which will suppress this warning, call:
2025-11-24T18:36:05.3527055Z hint:
2025-11-24T18:36:05.3527489Z hint: 	git config --global init.defaultBranch <name>
2025-11-24T18:36:05.3527985Z hint:
2025-11-24T18:36:05.3528484Z hint: Names commonly chosen instead of 'master' are 'main', 'trunk' and
2025-11-24T18:36:05.3529328Z hint: 'development'. The just-created branch can be renamed via this command:
2025-11-24T18:36:05.3529979Z hint:
2025-11-24T18:36:05.3530306Z hint: 	git branch -m <name>
2025-11-24T18:36:05.3530659Z hint:
2025-11-24T18:36:05.3531185Z hint: Disable this message with "git config set advice.defaultBranchName false"
2025-11-24T18:36:05.3534238Z Initialized empty Git repository in /home/runner/work/vitrine-de-craques-web-site/vitrine-de-craques-web-site/.git/
2025-11-24T18:36:05.3544093Z [command]/usr/bin/git remote add origin https://github.com/aspepper/vitrine-de-craques-web-site
2025-11-24T18:36:05.3579534Z ##[endgroup]
2025-11-24T18:36:05.3580635Z ##[group]Disabling automatic garbage collection
2025-11-24T18:36:05.3582236Z [command]/usr/bin/git config --local gc.auto 0
2025-11-24T18:36:05.3613256Z ##[endgroup]
2025-11-24T18:36:05.3614734Z ##[group]Setting up auth
2025-11-24T18:36:05.3619614Z [command]/usr/bin/git config --local --name-only --get-regexp core\.sshCommand
2025-11-24T18:36:05.3648947Z [command]/usr/bin/git submodule foreach --recursive sh -c "git config --local --name-only --get-regexp 'core\.sshCommand' && git config --local --unset-all 'core.sshCommand' || :"
2025-11-24T18:36:05.4018745Z [command]/usr/bin/git config --local --name-only --get-regexp http\.https\:\/\/github\.com\/\.extraheader
2025-11-24T18:36:05.4049628Z [command]/usr/bin/git submodule foreach --recursive sh -c "git config --local --name-only --get-regexp 'http\.https\:\/\/github\.com\/\.extraheader' && git config --local --unset-all 'http.https://github.com/.extraheader' || :"
2025-11-24T18:36:05.4276812Z [command]/usr/bin/git config --local http.https://github.com/.extraheader AUTHORIZATION: basic ***
2025-11-24T18:36:05.4311227Z ##[endgroup]
2025-11-24T18:36:05.4313620Z ##[group]Fetching the repository
2025-11-24T18:36:05.4321557Z [command]/usr/bin/git -c protocol.version=2 fetch --no-tags --prune --progress --no-recurse-submodules --filter=blob:none --depth=1 origin +d52538db2194713acc92a06e1eb58807e15ac623:refs/remotes/origin/main
2025-11-24T18:36:05.5902424Z remote: Enumerating objects: 199, done.        
2025-11-24T18:36:05.5903304Z remote: Counting objects:   0% (1/199)        
2025-11-24T18:36:05.5906379Z remote: Counting objects:   1% (2/199)        
2025-11-24T18:36:05.5906964Z remote: Counting objects:   2% (4/199)        
2025-11-24T18:36:05.5907524Z remote: Counting objects:   3% (6/199)        
2025-11-24T18:36:05.5908122Z remote: Counting objects:   4% (8/199)        
2025-11-24T18:36:05.5908647Z remote: Counting objects:   5% (10/199)        
2025-11-24T18:36:05.5909215Z remote: Counting objects:   6% (12/199)        
2025-11-24T18:36:05.5909764Z remote: Counting objects:   7% (14/199)        
2025-11-24T18:36:05.5910320Z remote: Counting objects:   8% (16/199)        
2025-11-24T18:36:05.5910886Z remote: Counting objects:   9% (18/199)        
2025-11-24T18:36:05.5911445Z remote: Counting objects:  10% (20/199)        
2025-11-24T18:36:05.5912000Z remote: Counting objects:  11% (22/199)        
2025-11-24T18:36:05.5912563Z remote: Counting objects:  12% (24/199)        
2025-11-24T18:36:05.5913124Z remote: Counting objects:  13% (26/199)        
2025-11-24T18:36:05.5913723Z remote: Counting objects:  14% (28/199)        
2025-11-24T18:36:05.5914047Z remote: Counting objects:  15% (30/199)        
2025-11-24T18:36:05.5914338Z remote: Counting objects:  16% (32/199)        
2025-11-24T18:36:05.5914619Z remote: Counting objects:  17% (34/199)        
2025-11-24T18:36:05.5914916Z remote: Counting objects:  18% (36/199)        
2025-11-24T18:36:05.5915205Z remote: Counting objects:  19% (38/199)        
2025-11-24T18:36:05.5915729Z remote: Counting objects:  20% (40/199)        
2025-11-24T18:36:05.5916023Z remote: Counting objects:  21% (42/199)        
2025-11-24T18:36:05.5916315Z remote: Counting objects:  22% (44/199)        
2025-11-24T18:36:05.5916603Z remote: Counting objects:  23% (46/199)        
2025-11-24T18:36:05.5916893Z remote: Counting objects:  24% (48/199)        
2025-11-24T18:36:05.5917183Z remote: Counting objects:  25% (50/199)        
2025-11-24T18:36:05.5917469Z remote: Counting objects:  26% (52/199)        
2025-11-24T18:36:05.5917767Z remote: Counting objects:  27% (54/199)        
2025-11-24T18:36:05.5918098Z remote: Counting objects:  28% (56/199)        
2025-11-24T18:36:05.5918385Z remote: Counting objects:  29% (58/199)        
2025-11-24T18:36:05.5918672Z remote: Counting objects:  30% (60/199)        
2025-11-24T18:36:05.5918957Z remote: Counting objects:  31% (62/199)        
2025-11-24T18:36:05.5919246Z remote: Counting objects:  32% (64/199)        
2025-11-24T18:36:05.5919529Z remote: Counting objects:  33% (66/199)        
2025-11-24T18:36:05.5919815Z remote: Counting objects:  34% (68/199)        
2025-11-24T18:36:05.5920100Z remote: Counting objects:  35% (70/199)        
2025-11-24T18:36:05.5920387Z remote: Counting objects:  36% (72/199)        
2025-11-24T18:36:05.5920671Z remote: Counting objects:  37% (74/199)        
2025-11-24T18:36:05.5920951Z remote: Counting objects:  38% (76/199)        
2025-11-24T18:36:05.5921238Z remote: Counting objects:  39% (78/199)        
2025-11-24T18:36:05.5921531Z remote: Counting objects:  40% (80/199)        
2025-11-24T18:36:05.5921969Z remote: Counting objects:  41% (82/199)        
2025-11-24T18:36:05.5922295Z remote: Counting objects:  42% (84/199)        
2025-11-24T18:36:05.5922586Z remote: Counting objects:  43% (86/199)        
2025-11-24T18:36:05.5922873Z remote: Counting objects:  44% (88/199)        
2025-11-24T18:36:05.5923161Z remote: Counting objects:  45% (90/199)        
2025-11-24T18:36:05.5923448Z remote: Counting objects:  46% (92/199)        
2025-11-24T18:36:05.5923738Z remote: Counting objects:  47% (94/199)        
2025-11-24T18:36:05.5924025Z remote: Counting objects:  48% (96/199)        
2025-11-24T18:36:05.5924312Z remote: Counting objects:  49% (98/199)        
2025-11-24T18:36:05.5924610Z remote: Counting objects:  50% (100/199)        
2025-11-24T18:36:05.5924912Z remote: Counting objects:  51% (102/199)        
2025-11-24T18:36:05.5925211Z remote: Counting objects:  52% (104/199)        
2025-11-24T18:36:05.5925793Z remote: Counting objects:  53% (106/199)        
2025-11-24T18:36:05.5926100Z remote: Counting objects:  54% (108/199)        
2025-11-24T18:36:05.5997745Z remote: Counting objects:  55% (110/199)        
2025-11-24T18:36:05.5998399Z remote: Counting objects:  56% (112/199)        
2025-11-24T18:36:05.5998971Z remote: Counting objects:  57% (114/199)        
2025-11-24T18:36:05.5999511Z remote: Counting objects:  58% (116/199)        
2025-11-24T18:36:05.6000035Z remote: Counting objects:  59% (118/199)        
2025-11-24T18:36:05.6000568Z remote: Counting objects:  60% (120/199)        
2025-11-24T18:36:05.6001100Z remote: Counting objects:  61% (122/199)        
2025-11-24T18:36:05.6001693Z remote: Counting objects:  62% (124/199)        
2025-11-24T18:36:05.6002231Z remote: Counting objects:  63% (126/199)        
2025-11-24T18:36:05.6002798Z remote: Counting objects:  64% (128/199)        
2025-11-24T18:36:05.6003350Z remote: Counting objects:  65% (130/199)        
2025-11-24T18:36:05.6003892Z remote: Counting objects:  66% (132/199)        
2025-11-24T18:36:05.6004642Z remote: Counting objects:  67% (134/199)        
2025-11-24T18:36:05.6005182Z remote: Counting objects:  68% (136/199)        
2025-11-24T18:36:05.6005885Z remote: Counting objects:  69% (138/199)        
2025-11-24T18:36:05.6006425Z remote: Counting objects:  70% (140/199)        
2025-11-24T18:36:05.6006963Z remote: Counting objects:  71% (142/199)        
2025-11-24T18:36:05.6007489Z remote: Counting objects:  72% (144/199)        
2025-11-24T18:36:05.6008024Z remote: Counting objects:  73% (146/199)        
2025-11-24T18:36:05.6008550Z remote: Counting objects:  74% (148/199)        
2025-11-24T18:36:05.6009084Z remote: Counting objects:  75% (150/199)        
2025-11-24T18:36:05.6009621Z remote: Counting objects:  76% (152/199)        
2025-11-24T18:36:05.6010148Z remote: Counting objects:  77% (154/199)        
2025-11-24T18:36:05.6010693Z remote: Counting objects:  78% (156/199)        
2025-11-24T18:36:05.6011210Z remote: Counting objects:  79% (158/199)        
2025-11-24T18:36:05.6011751Z remote: Counting objects:  80% (160/199)        
2025-11-24T18:36:05.6012283Z remote: Counting objects:  81% (162/199)        
2025-11-24T18:36:05.6012801Z remote: Counting objects:  82% (164/199)        
2025-11-24T18:36:05.6013312Z remote: Counting objects:  83% (166/199)        
2025-11-24T18:36:05.6013828Z remote: Counting objects:  84% (168/199)        
2025-11-24T18:36:05.6014351Z remote: Counting objects:  85% (170/199)        
2025-11-24T18:36:05.6014872Z remote: Counting objects:  86% (172/199)        
2025-11-24T18:36:05.6015641Z remote: Counting objects:  87% (174/199)        
2025-11-24T18:36:05.6016236Z remote: Counting objects:  88% (176/199)        
2025-11-24T18:36:05.6016752Z remote: Counting objects:  89% (178/199)        
2025-11-24T18:36:05.6017217Z remote: Counting objects:  90% (180/199)        
2025-11-24T18:36:05.6017816Z remote: Counting objects:  91% (182/199)        
2025-11-24T18:36:05.6018431Z remote: Counting objects:  92% (184/199)        
2025-11-24T18:36:05.6019021Z remote: Counting objects:  93% (186/199)        
2025-11-24T18:36:05.6019685Z remote: Counting objects:  94% (188/199)        
2025-11-24T18:36:05.6020171Z remote: Counting objects:  95% (190/199)        
2025-11-24T18:36:05.6020744Z remote: Counting objects:  96% (192/199)        
2025-11-24T18:36:05.6021231Z remote: Counting objects:  97% (194/199)        
2025-11-24T18:36:05.6021731Z remote: Counting objects:  98% (196/199)        
2025-11-24T18:36:05.6022213Z remote: Counting objects:  99% (198/199)        
2025-11-24T18:36:05.6022679Z remote: Counting objects: 100% (199/199)        
2025-11-24T18:36:05.6023267Z remote: Counting objects: 100% (199/199), done.        
2025-11-24T18:36:05.6023892Z remote: Compressing objects:   0% (1/108)        
2025-11-24T18:36:05.6026364Z remote: Compressing objects:   1% (2/108)        
2025-11-24T18:36:05.6027243Z remote: Compressing objects:   2% (3/108)        
2025-11-24T18:36:05.6029421Z remote: Compressing objects:   3% (4/108)        
2025-11-24T18:36:05.6030003Z remote: Compressing objects:   4% (5/108)        
2025-11-24T18:36:05.6030551Z remote: Compressing objects:   5% (6/108)        
2025-11-24T18:36:05.6031080Z remote: Compressing objects:   6% (7/108)        
2025-11-24T18:36:05.6031623Z remote: Compressing objects:   7% (8/108)        
2025-11-24T18:36:05.6032174Z remote: Compressing objects:   8% (9/108)        
2025-11-24T18:36:05.6032741Z remote: Compressing objects:   9% (10/108)        
2025-11-24T18:36:05.6033299Z remote: Compressing objects:  10% (11/108)        
2025-11-24T18:36:05.6033850Z remote: Compressing objects:  11% (12/108)        
2025-11-24T18:36:05.6034477Z remote: Compressing objects:  12% (13/108)        
2025-11-24T18:36:05.6035062Z remote: Compressing objects:  13% (15/108)        
2025-11-24T18:36:05.6035793Z remote: Compressing objects:  14% (16/108)        
2025-11-24T18:36:05.6036313Z remote: Compressing objects:  15% (17/108)        
2025-11-24T18:36:05.6036832Z remote: Compressing objects:  16% (18/108)        
2025-11-24T18:36:05.6037609Z remote: Compressing objects:  17% (19/108)        
2025-11-24T18:36:05.6038144Z remote: Compressing objects:  18% (20/108)        
2025-11-24T18:36:05.6038461Z remote: Compressing objects:  19% (21/108)        
2025-11-24T18:36:05.6038789Z remote: Compressing objects:  20% (22/108)        
2025-11-24T18:36:05.6039093Z remote: Compressing objects:  21% (23/108)        
2025-11-24T18:36:05.6039387Z remote: Compressing objects:  22% (24/108)        
2025-11-24T18:36:05.6039679Z remote: Compressing objects:  23% (25/108)        
2025-11-24T18:36:05.6039973Z remote: Compressing objects:  24% (26/108)        
2025-11-24T18:36:05.6040266Z remote: Compressing objects:  25% (27/108)        
2025-11-24T18:36:05.6040558Z remote: Compressing objects:  26% (29/108)        
2025-11-24T18:36:05.6040851Z remote: Compressing objects:  27% (30/108)        
2025-11-24T18:36:05.6041141Z remote: Compressing objects:  28% (31/108)        
2025-11-24T18:36:05.6041434Z remote: Compressing objects:  29% (32/108)        
2025-11-24T18:36:05.6041734Z remote: Compressing objects:  30% (33/108)        
2025-11-24T18:36:05.6042032Z remote: Compressing objects:  31% (34/108)        
2025-11-24T18:36:05.6042326Z remote: Compressing objects:  32% (35/108)        
2025-11-24T18:36:05.6042628Z remote: Compressing objects:  33% (36/108)        
2025-11-24T18:36:05.6042921Z remote: Compressing objects:  34% (37/108)        
2025-11-24T18:36:05.6043216Z remote: Compressing objects:  35% (38/108)        
2025-11-24T18:36:05.6043508Z remote: Compressing objects:  36% (39/108)        
2025-11-24T18:36:05.6043799Z remote: Compressing objects:  37% (40/108)        
2025-11-24T18:36:05.6044083Z remote: Compressing objects:  38% (42/108)        
2025-11-24T18:36:05.6044374Z remote: Compressing objects:  39% (43/108)        
2025-11-24T18:36:05.6044663Z remote: Compressing objects:  40% (44/108)        
2025-11-24T18:36:05.6044952Z remote: Compressing objects:  41% (45/108)        
2025-11-24T18:36:05.6045401Z remote: Compressing objects:  42% (46/108)        
2025-11-24T18:36:05.6045931Z remote: Compressing objects:  43% (47/108)        
2025-11-24T18:36:05.6046239Z remote: Compressing objects:  44% (48/108)        
2025-11-24T18:36:05.6046534Z remote: Compressing objects:  45% (49/108)        
2025-11-24T18:36:05.6046826Z remote: Compressing objects:  46% (50/108)        
2025-11-24T18:36:05.6047119Z remote: Compressing objects:  47% (51/108)        
2025-11-24T18:36:05.6047408Z remote: Compressing objects:  48% (52/108)        
2025-11-24T18:36:05.6047694Z remote: Compressing objects:  49% (53/108)        
2025-11-24T18:36:05.6047991Z remote: Compressing objects:  50% (54/108)        
2025-11-24T18:36:05.6048290Z remote: Compressing objects:  51% (56/108)        
2025-11-24T18:36:05.6048582Z remote: Compressing objects:  52% (57/108)        
2025-11-24T18:36:05.6048875Z remote: Compressing objects:  53% (58/108)        
2025-11-24T18:36:05.6049172Z remote: Compressing objects:  54% (59/108)        
2025-11-24T18:36:05.6049478Z remote: Compressing objects:  55% (60/108)        
2025-11-24T18:36:05.6049777Z remote: Compressing objects:  56% (61/108)        
2025-11-24T18:36:05.6050070Z remote: Compressing objects:  57% (62/108)        
2025-11-24T18:36:05.6050364Z remote: Compressing objects:  58% (63/108)        
2025-11-24T18:36:05.6050961Z remote: Compressing objects:  59% (64/108)        
2025-11-24T18:36:05.6051544Z remote: Compressing objects:  60% (65/108)        
2025-11-24T18:36:05.6052096Z remote: Compressing objects:  61% (66/108)        
2025-11-24T18:36:05.6052624Z remote: Compressing objects:  62% (67/108)        
2025-11-24T18:36:05.6053110Z remote: Compressing objects:  63% (69/108)        
2025-11-24T18:36:05.6053609Z remote: Compressing objects:  64% (70/108)        
2025-11-24T18:36:05.6054127Z remote: Compressing objects:  65% (71/108)        
2025-11-24T18:36:05.6054613Z remote: Compressing objects:  66% (72/108)        
2025-11-24T18:36:05.6055107Z remote: Compressing objects:  67% (73/108)        
2025-11-24T18:36:05.6056027Z remote: Compressing objects:  68% (74/108)        
2025-11-24T18:36:05.6056537Z remote: Compressing objects:  69% (75/108)        
2025-11-24T18:36:05.6057019Z remote: Compressing objects:  70% (76/108)        
2025-11-24T18:36:05.6057520Z remote: Compressing objects:  71% (77/108)        
2025-11-24T18:36:05.6058024Z remote: Compressing objects:  72% (78/108)        
2025-11-24T18:36:05.6058524Z remote: Compressing objects:  73% (79/108)        
2025-11-24T18:36:05.6059019Z remote: Compressing objects:  74% (80/108)        
2025-11-24T18:36:05.6059522Z remote: Compressing objects:  75% (81/108)        
2025-11-24T18:36:05.6060026Z remote: Compressing objects:  76% (83/108)        
2025-11-24T18:36:05.6060542Z remote: Compressing objects:  77% (84/108)        
2025-11-24T18:36:05.6061042Z remote: Compressing objects:  78% (85/108)        
2025-11-24T18:36:05.6061550Z remote: Compressing objects:  79% (86/108)        
2025-11-24T18:36:05.6062061Z remote: Compressing objects:  80% (87/108)        
2025-11-24T18:36:05.6062571Z remote: Compressing objects:  81% (88/108)        
2025-11-24T18:36:05.6063083Z remote: Compressing objects:  82% (89/108)        
2025-11-24T18:36:05.6063587Z remote: Compressing objects:  83% (90/108)        
2025-11-24T18:36:05.6064090Z remote: Compressing objects:  84% (91/108)        
2025-11-24T18:36:05.6064600Z remote: Compressing objects:  85% (92/108)        
2025-11-24T18:36:05.6065112Z remote: Compressing objects:  86% (93/108)        
2025-11-24T18:36:05.6065910Z remote: Compressing objects:  87% (94/108)        
2025-11-24T18:36:05.6066428Z remote: Compressing objects:  88% (96/108)        
2025-11-24T18:36:05.6066941Z remote: Compressing objects:  89% (97/108)        
2025-11-24T18:36:05.6067487Z remote: Compressing objects:  90% (98/108)        
2025-11-24T18:36:05.6068004Z remote: Compressing objects:  91% (99/108)        
2025-11-24T18:36:05.6068533Z remote: Compressing objects:  92% (100/108)        
2025-11-24T18:36:05.6069071Z remote: Compressing objects:  93% (101/108)        
2025-11-24T18:36:05.6069602Z remote: Compressing objects:  94% (102/108)        
2025-11-24T18:36:05.6070272Z remote: Compressing objects:  95% (103/108)        
2025-11-24T18:36:05.6070760Z remote: Compressing objects:  96% (104/108)        
2025-11-24T18:36:05.6071264Z remote: Compressing objects:  97% (105/108)        
2025-11-24T18:36:05.6071761Z remote: Compressing objects:  98% (106/108)        
2025-11-24T18:36:05.6072277Z remote: Compressing objects:  99% (107/108)        
2025-11-24T18:36:05.6072798Z remote: Compressing objects: 100% (108/108)        
2025-11-24T18:36:05.6073364Z remote: Compressing objects: 100% (108/108), done.        
2025-11-24T18:36:05.6073881Z Receiving objects:   0% (1/199)
2025-11-24T18:36:05.6074274Z Receiving objects:   1% (2/199)
2025-11-24T18:36:05.6074660Z Receiving objects:   2% (4/199)
2025-11-24T18:36:05.6075045Z Receiving objects:   3% (6/199)
2025-11-24T18:36:05.6075593Z Receiving objects:   4% (8/199)
2025-11-24T18:36:05.6076005Z Receiving objects:   5% (10/199)
2025-11-24T18:36:05.6076422Z Receiving objects:   6% (12/199)
2025-11-24T18:36:05.6076811Z Receiving objects:   7% (14/199)
2025-11-24T18:36:05.6077224Z Receiving objects:   8% (16/199)
2025-11-24T18:36:05.6077651Z Receiving objects:   9% (18/199)
2025-11-24T18:36:05.6078059Z Receiving objects:  10% (20/199)
2025-11-24T18:36:05.6078479Z Receiving objects:  11% (22/199)
2025-11-24T18:36:05.6078939Z Receiving objects:  12% (24/199)
2025-11-24T18:36:05.6079388Z Receiving objects:  13% (26/199)
2025-11-24T18:36:05.6079838Z Receiving objects:  14% (28/199)
2025-11-24T18:36:05.6080286Z Receiving objects:  15% (30/199)
2025-11-24T18:36:05.6080745Z Receiving objects:  16% (32/199)
2025-11-24T18:36:05.6081195Z Receiving objects:  17% (34/199)
2025-11-24T18:36:05.6081628Z Receiving objects:  18% (36/199)
2025-11-24T18:36:05.6082081Z Receiving objects:  19% (38/199)
2025-11-24T18:36:05.6082506Z Receiving objects:  20% (40/199)
2025-11-24T18:36:05.6082931Z Receiving objects:  21% (42/199)
2025-11-24T18:36:05.6083628Z Receiving objects:  22% (44/199)
2025-11-24T18:36:05.6084064Z Receiving objects:  23% (46/199)
2025-11-24T18:36:05.6084440Z Receiving objects:  24% (48/199)
2025-11-24T18:36:05.6084835Z Receiving objects:  25% (50/199)
2025-11-24T18:36:05.6085223Z Receiving objects:  26% (52/199)
2025-11-24T18:36:05.6087239Z Receiving objects:  27% (54/199)
2025-11-24T18:36:05.6087923Z Receiving objects:  28% (56/199)
2025-11-24T18:36:05.6088508Z Receiving objects:  29% (58/199)
2025-11-24T18:36:05.6088908Z Receiving objects:  30% (60/199)
2025-11-24T18:36:05.6089316Z Receiving objects:  31% (62/199)
2025-11-24T18:36:05.6089760Z Receiving objects:  32% (64/199)
2025-11-24T18:36:05.6090419Z Receiving objects:  33% (66/199)
2025-11-24T18:36:05.6090845Z Receiving objects:  34% (68/199)
2025-11-24T18:36:05.6091406Z Receiving objects:  35% (70/199)
2025-11-24T18:36:05.6091804Z Receiving objects:  36% (72/199)
2025-11-24T18:36:05.6092217Z Receiving objects:  37% (74/199)
2025-11-24T18:36:05.6092905Z Receiving objects:  38% (76/199)
2025-11-24T18:36:05.6093490Z Receiving objects:  39% (78/199)
2025-11-24T18:36:05.6093900Z Receiving objects:  40% (80/199)
2025-11-24T18:36:05.6094320Z Receiving objects:  41% (82/199)
2025-11-24T18:36:05.6094749Z Receiving objects:  42% (84/199)
2025-11-24T18:36:05.6095153Z Receiving objects:  43% (86/199)
2025-11-24T18:36:05.6095748Z Receiving objects:  44% (88/199)
2025-11-24T18:36:05.6096180Z Receiving objects:  45% (90/199)
2025-11-24T18:36:05.6096596Z Receiving objects:  46% (92/199)
2025-11-24T18:36:05.6096992Z Receiving objects:  47% (94/199)
2025-11-24T18:36:05.6097395Z Receiving objects:  48% (96/199)
2025-11-24T18:36:05.6097803Z Receiving objects:  49% (98/199)
2025-11-24T18:36:05.6098196Z Receiving objects:  50% (100/199)
2025-11-24T18:36:05.6098609Z Receiving objects:  51% (102/199)
2025-11-24T18:36:05.6099069Z Receiving objects:  52% (104/199)
2025-11-24T18:36:05.6100724Z Receiving objects:  53% (106/199)
2025-11-24T18:36:05.6101133Z Receiving objects:  54% (108/199)
2025-11-24T18:36:05.6101596Z Receiving objects:  55% (110/199)
2025-11-24T18:36:05.6102164Z Receiving objects:  56% (112/199)
2025-11-24T18:36:05.6102551Z Receiving objects:  57% (114/199)
2025-11-24T18:36:05.6102943Z Receiving objects:  58% (116/199)
2025-11-24T18:36:05.6103349Z Receiving objects:  59% (118/199)
2025-11-24T18:36:05.6103752Z Receiving objects:  60% (120/199)
2025-11-24T18:36:05.6104158Z Receiving objects:  61% (122/199)
2025-11-24T18:36:05.6104564Z Receiving objects:  62% (124/199)
2025-11-24T18:36:05.6105799Z Receiving objects:  63% (126/199)
2025-11-24T18:36:05.6106216Z Receiving objects:  64% (128/199)
2025-11-24T18:36:05.6106619Z Receiving objects:  65% (130/199)
2025-11-24T18:36:05.6107024Z Receiving objects:  66% (132/199)
2025-11-24T18:36:05.6107432Z Receiving objects:  67% (134/199)
2025-11-24T18:36:05.6107841Z Receiving objects:  68% (136/199)
2025-11-24T18:36:05.6108245Z Receiving objects:  69% (138/199)
2025-11-24T18:36:05.6108622Z Receiving objects:  70% (140/199)
2025-11-24T18:36:05.6109008Z Receiving objects:  71% (142/199)
2025-11-24T18:36:05.6109376Z Receiving objects:  72% (144/199)
2025-11-24T18:36:05.6109765Z Receiving objects:  73% (146/199)
2025-11-24T18:36:05.6110132Z Receiving objects:  74% (148/199)
2025-11-24T18:36:05.6110545Z Receiving objects:  75% (150/199)
2025-11-24T18:36:05.6110970Z Receiving objects:  76% (152/199)
2025-11-24T18:36:05.6111363Z Receiving objects:  77% (154/199)
2025-11-24T18:36:05.6111758Z Receiving objects:  78% (156/199)
2025-11-24T18:36:05.6112148Z Receiving objects:  79% (158/199)
2025-11-24T18:36:05.6112551Z Receiving objects:  80% (160/199)
2025-11-24T18:36:05.6112951Z Receiving objects:  81% (162/199)
2025-11-24T18:36:05.6113349Z Receiving objects:  82% (164/199)
2025-11-24T18:36:05.6113735Z Receiving objects:  83% (166/199)
2025-11-24T18:36:05.6114137Z Receiving objects:  84% (168/199)
2025-11-24T18:36:05.6114566Z Receiving objects:  85% (170/199)
2025-11-24T18:36:05.6115188Z remote: Total 199 (delta 0), reused 132 (delta 0), pack-reused 0 (from 0)        
2025-11-24T18:36:05.6118050Z Receiving objects:  86% (172/199)
2025-11-24T18:36:05.6118325Z Receiving objects:  87% (174/199)
2025-11-24T18:36:05.6118570Z Receiving objects:  88% (176/199)
2025-11-24T18:36:05.6118804Z Receiving objects:  89% (178/199)
2025-11-24T18:36:05.6119067Z Receiving objects:  90% (180/199)
2025-11-24T18:36:05.6119458Z Receiving objects:  91% (182/199)
2025-11-24T18:36:05.6119867Z Receiving objects:  92% (184/199)
2025-11-24T18:36:05.6120284Z Receiving objects:  93% (186/199)
2025-11-24T18:36:05.6120714Z Receiving objects:  94% (188/199)
2025-11-24T18:36:05.6121151Z Receiving objects:  95% (190/199)
2025-11-24T18:36:05.6121443Z Receiving objects:  96% (192/199)
2025-11-24T18:36:05.6121673Z Receiving objects:  97% (194/199)
2025-11-24T18:36:05.6121895Z Receiving objects:  98% (196/199)
2025-11-24T18:36:05.6122126Z Receiving objects:  99% (198/199)
2025-11-24T18:36:05.6122353Z Receiving objects: 100% (199/199)
2025-11-24T18:36:05.6122655Z Receiving objects: 100% (199/199), 32.12 KiB | 2.92 MiB/s, done.
2025-11-24T18:36:05.6150999Z From https://github.com/aspepper/vitrine-de-craques-web-site
2025-11-24T18:36:05.6151834Z  * [new ref]         d52538db2194713acc92a06e1eb58807e15ac623 -> origin/main
2025-11-24T18:36:05.6190716Z ##[endgroup]
2025-11-24T18:36:05.6191370Z ##[group]Determining the checkout info
2025-11-24T18:36:05.6192460Z ##[endgroup]
2025-11-24T18:36:05.6193334Z ##[group]Setting up sparse checkout
2025-11-24T18:36:05.6198643Z [command]/usr/bin/git config core.sparseCheckout true
2025-11-24T18:36:05.6230176Z [command]/usr/bin/git rev-parse --git-path info/sparse-checkout
2025-11-24T18:36:05.6259187Z .git/info/sparse-checkout
2025-11-24T18:36:05.6270454Z ##[endgroup]
2025-11-24T18:36:05.6271604Z ##[group]Checking out the ref
2025-11-24T18:36:05.6274435Z [command]/usr/bin/git checkout --progress --force -B main refs/remotes/origin/main
2025-11-24T18:36:15.9228936Z Updating files:   0% (1/661)
2025-11-24T18:36:15.9233286Z Updating files:   1% (7/661)
2025-11-24T18:36:15.9241223Z Updating files:   2% (14/661)
2025-11-24T18:36:15.9247054Z Updating files:   3% (20/661)
2025-11-24T18:36:15.9253800Z Updating files:   4% (27/661)
2025-11-24T18:36:15.9262233Z Updating files:   5% (34/661)
2025-11-24T18:36:15.9268061Z Updating files:   6% (40/661)
2025-11-24T18:36:15.9272250Z Updating files:   7% (47/661)
2025-11-24T18:36:15.9276463Z Updating files:   8% (53/661)
2025-11-24T18:36:15.9280648Z Updating files:   9% (60/661)
2025-11-24T18:36:15.9282983Z Updating files:  10% (67/661)
2025-11-24T18:36:15.9288096Z Updating files:  11% (73/661)
2025-11-24T18:36:15.9291456Z Updating files:  12% (80/661)
2025-11-24T18:36:15.9318687Z Updating files:  13% (86/661)
2025-11-24T18:36:15.9328307Z Updating files:  14% (93/661)
2025-11-24T18:36:15.9333917Z Updating files:  15% (100/661)
2025-11-24T18:36:15.9340604Z Updating files:  16% (106/661)
2025-11-24T18:36:15.9348923Z Updating files:  17% (113/661)
2025-11-24T18:36:15.9356951Z Updating files:  18% (119/661)
2025-11-24T18:36:15.9363260Z Updating files:  19% (126/661)
2025-11-24T18:36:15.9369520Z Updating files:  20% (133/661)
2025-11-24T18:36:15.9376172Z Updating files:  21% (139/661)
2025-11-24T18:36:15.9382339Z Updating files:  22% (146/661)
2025-11-24T18:36:15.9389175Z Updating files:  23% (153/661)
2025-11-24T18:36:15.9395779Z Updating files:  24% (159/661)
2025-11-24T18:36:15.9402311Z Updating files:  25% (166/661)
2025-11-24T18:36:15.9411593Z Updating files:  26% (172/661)
2025-11-24T18:36:15.9420081Z Updating files:  27% (179/661)
2025-11-24T18:36:15.9426028Z Updating files:  28% (186/661)
2025-11-24T18:36:15.9436398Z Updating files:  29% (192/661)
2025-11-24T18:36:15.9466855Z Updating files:  30% (199/661)
2025-11-24T18:36:15.9467463Z Updating files:  31% (205/661)
2025-11-24T18:36:15.9468050Z Updating files:  32% (212/661)
2025-11-24T18:36:15.9468636Z Updating files:  33% (219/661)
2025-11-24T18:36:15.9481445Z Updating files:  34% (225/661)
2025-11-24T18:36:15.9490648Z Updating files:  35% (232/661)
2025-11-24T18:36:15.9501755Z Updating files:  36% (238/661)
2025-11-24T18:36:15.9512174Z Updating files:  37% (245/661)
2025-11-24T18:36:15.9621983Z Updating files:  38% (252/661)
2025-11-24T18:36:15.9855558Z Updating files:  39% (258/661)
2025-11-24T18:36:15.9994763Z Updating files:  40% (265/661)
2025-11-24T18:36:16.1336630Z Updating files:  41% (272/661)
2025-11-24T18:36:16.1526328Z Updating files:  42% (278/661)
2025-11-24T18:36:16.1632115Z Updating files:  43% (285/661)
2025-11-24T18:36:16.1970979Z Updating files:  44% (291/661)
2025-11-24T18:36:16.2266934Z Updating files:  45% (298/661)
2025-11-24T18:36:16.2490791Z Updating files:  46% (305/661)
2025-11-24T18:36:16.2586536Z Updating files:  47% (311/661)
2025-11-24T18:36:16.2647992Z Updating files:  48% (318/661)
2025-11-24T18:36:16.2693008Z Updating files:  49% (324/661)
2025-11-24T18:36:16.2800081Z Updating files:  50% (331/661)
2025-11-24T18:36:16.2945051Z Updating files:  51% (338/661)
2025-11-24T18:36:16.2968666Z Updating files:  52% (344/661)
2025-11-24T18:36:16.2978664Z Updating files:  53% (351/661)
2025-11-24T18:36:16.3447393Z Updating files:  54% (357/661)
2025-11-24T18:36:16.4461714Z Updating files:  55% (364/661)
2025-11-24T18:36:16.4588736Z Updating files:  56% (371/661)
2025-11-24T18:36:16.4741185Z Updating files:  57% (377/661)
2025-11-24T18:36:16.5084099Z Updating files:  58% (384/661)
2025-11-24T18:36:16.5153698Z Updating files:  59% (390/661)
2025-11-24T18:36:16.5158642Z Updating files:  60% (397/661)
2025-11-24T18:36:16.5191735Z Updating files:  61% (404/661)
2025-11-24T18:36:16.5395779Z Updating files:  62% (410/661)
2025-11-24T18:36:16.5400364Z Updating files:  63% (417/661)
2025-11-24T18:36:16.5680591Z Updating files:  64% (424/661)
2025-11-24T18:36:16.5687446Z Updating files:  65% (430/661)
2025-11-24T18:36:16.5730517Z Updating files:  66% (437/661)
2025-11-24T18:36:16.5860079Z Updating files:  67% (443/661)
2025-11-24T18:36:16.5864046Z Updating files:  68% (450/661)
2025-11-24T18:36:16.5868231Z Updating files:  69% (457/661)
2025-11-24T18:36:16.5884733Z Updating files:  70% (463/661)
2025-11-24T18:36:16.5912738Z Updating files:  71% (470/661)
2025-11-24T18:36:16.6041073Z Updating files:  72% (476/661)
2025-11-24T18:36:16.6113718Z Updating files:  73% (483/661)
2025-11-24T18:36:16.6288492Z Updating files:  74% (490/661)
2025-11-24T18:36:16.6326172Z Updating files:  75% (496/661)
2025-11-24T18:36:16.6346541Z Updating files:  76% (503/661)
2025-11-24T18:36:16.6363584Z Updating files:  77% (509/661)
2025-11-24T18:36:16.6382827Z Updating files:  78% (516/661)
2025-11-24T18:36:16.6408140Z Updating files:  79% (523/661)
2025-11-24T18:36:16.6436909Z Updating files:  80% (529/661)
2025-11-24T18:36:16.6440888Z Updating files:  81% (536/661)
2025-11-24T18:36:16.6445562Z Updating files:  82% (543/661)
2025-11-24T18:36:16.6448727Z Updating files:  83% (549/661)
2025-11-24T18:36:16.6459341Z Updating files:  84% (556/661)
2025-11-24T18:36:16.6476023Z Updating files:  85% (562/661)
2025-11-24T18:36:16.6482468Z Updating files:  86% (569/661)
2025-11-24T18:36:16.6489876Z Updating files:  87% (576/661)
2025-11-24T18:36:16.6495481Z Updating files:  88% (582/661)
2025-11-24T18:36:16.6499563Z Updating files:  89% (589/661)
2025-11-24T18:36:16.6502250Z Updating files:  90% (595/661)
2025-11-24T18:36:16.6506338Z Updating files:  91% (602/661)
2025-11-24T18:36:16.6510028Z Updating files:  92% (609/661)
2025-11-24T18:36:16.6513769Z Updating files:  93% (615/661)
2025-11-24T18:36:16.6517093Z Updating files:  94% (622/661)
2025-11-24T18:36:16.6520745Z Updating files:  95% (628/661)
2025-11-24T18:36:16.7369091Z Updating files:  96% (635/661)
2025-11-24T18:36:16.7373019Z Updating files:  97% (642/661)
2025-11-24T18:36:16.7377718Z Updating files:  98% (648/661)
2025-11-24T18:36:16.7381759Z Updating files:  99% (655/661)
2025-11-24T18:36:16.7383004Z Updating files: 100% (661/661)
2025-11-24T18:36:16.7384433Z Updating files: 100% (661/661), done.
2025-11-24T18:36:16.7405052Z Switched to a new branch 'main'
2025-11-24T18:36:16.7409369Z branch 'main' set up to track 'origin/main'.
2025-11-24T18:36:16.7504433Z ##[endgroup]
2025-11-24T18:36:16.7542100Z [command]/usr/bin/git log -1 --format='%H'
2025-11-24T18:36:16.7564439Z 'd52538db2194713acc92a06e1eb58807e15ac623'
2025-11-24T18:36:16.7762669Z ##[group]Run actions/setup-node@v4
2025-11-24T18:36:16.7762928Z with:
2025-11-24T18:36:16.7763104Z   node-version: 20
2025-11-24T18:36:16.7763284Z   cache: npm
2025-11-24T18:36:16.7763454Z   always-auth: false
2025-11-24T18:36:16.7763646Z   check-latest: false
2025-11-24T18:36:16.7764006Z   token: ***
2025-11-24T18:36:16.7764172Z env:
2025-11-24T18:36:16.7764829Z   DATABASE_URL: ***
2025-11-24T18:36:16.7765130Z   NEXTAUTH_URL: ***
2025-11-24T18:36:16.7765709Z   NEXTAUTH_SECRET: ***
2025-11-24T18:36:16.7765917Z   AUTH_TRUST_HOST: true
2025-11-24T18:36:16.7766103Z ##[endgroup]
2025-11-24T18:36:16.9559473Z Found in cache @ /opt/hostedtoolcache/node/20.19.5/x64
2025-11-24T18:36:16.9564547Z ##[group]Environment details
2025-11-24T18:36:18.5277800Z node: v20.19.5
2025-11-24T18:36:18.5278659Z npm: 10.8.2
2025-11-24T18:36:18.5279804Z yarn: 1.22.22
2025-11-24T18:36:18.5281509Z ##[endgroup]
2025-11-24T18:36:18.5304547Z [command]/opt/hostedtoolcache/node/20.19.5/x64/bin/npm config get cache
2025-11-24T18:36:18.8339299Z /home/runner/.npm
2025-11-24T18:36:19.0159994Z Cache hit for: node-cache-Linux-x64-npm-6574f81d381dd57c6cba17200816d822ae309cedcb08a1b37f655a2f539a3200
2025-11-24T18:36:20.0866309Z Received 171966464 of 257897609 (66.7%), 163.5 MBs/sec
2025-11-24T18:36:20.4312292Z Received 257897609 of 257897609 (100.0%), 181.8 MBs/sec
2025-11-24T18:36:20.4317104Z Cache Size: ~246 MB (257897609 B)
2025-11-24T18:36:20.4353239Z [command]/usr/bin/tar -xf /home/runner/work/_temp/d14e226b-cc68-4b71-9095-a9c7fcbf51f8/cache.tzst -P -C /home/runner/work/vitrine-de-craques-web-site/vitrine-de-craques-web-site --use-compress-program unzstd
2025-11-24T18:36:21.1612461Z Cache restored successfully
2025-11-24T18:36:21.2110082Z Cache restored from key: node-cache-Linux-x64-npm-6574f81d381dd57c6cba17200816d822ae309cedcb08a1b37f655a2f539a3200
2025-11-24T18:36:21.2306530Z ##[group]Run npm ci
2025-11-24T18:36:21.2306833Z [36;1mnpm ci[0m
2025-11-24T18:36:21.2355735Z shell: /usr/bin/bash -e {0}
2025-11-24T18:36:21.2355986Z env:
2025-11-24T18:36:21.2356900Z   DATABASE_URL: ***
2025-11-24T18:36:21.2357227Z   NEXTAUTH_URL: ***
2025-11-24T18:36:21.2357528Z   NEXTAUTH_SECRET: ***
2025-11-24T18:36:21.2357733Z   AUTH_TRUST_HOST: true
2025-11-24T18:36:21.2357936Z ##[endgroup]
2025-11-24T18:36:29.3953377Z npm warn deprecated inflight@1.0.6: This module is not supported, and leaks memory. Do not use it. Check out lru-cache if you want a good and tested way to coalesce async requests by a key value, which is much more comprehensive and powerful.
2025-11-24T18:36:29.6188577Z npm warn deprecated @humanwhocodes/config-array@0.13.0: Use @eslint/config-array instead
2025-11-24T18:36:29.6424052Z npm warn deprecated rimraf@3.0.2: Rimraf versions prior to v4 are no longer supported
2025-11-24T18:36:29.7951452Z npm warn deprecated @humanwhocodes/object-schema@2.0.3: Use @eslint/object-schema instead
2025-11-24T18:36:29.7983468Z npm warn deprecated glob@7.2.3: Glob versions prior to v9 are no longer supported
2025-11-24T18:36:40.9208247Z npm warn deprecated eslint@8.57.1: This version is no longer supported. Please see https://eslint.org/version-support for other options.
2025-11-24T18:36:41.1583317Z npm warn deprecated fluent-ffmpeg@2.1.3: Package no longer supported. Contact Support at https://www.npmjs.com/support for more info.
2025-11-24T18:36:51.9473093Z 
2025-11-24T18:36:51.9476086Z > vitrine-de-craques-web-site@0.1.0 postinstall
2025-11-24T18:36:51.9480568Z > npx prisma generate
2025-11-24T18:36:51.9480832Z 
2025-11-24T18:36:53.2775996Z Prisma schema loaded from prisma/schema.prisma
2025-11-24T18:36:54.2055165Z ┌─────────────────────────────────────────────────────────┐
2025-11-24T18:36:54.2056202Z 
2025-11-24T18:36:54.2057080Z │  Update available 6.16.2 -> 7.0.0                       │
2025-11-24T18:36:54.2057858Z │                                                         │
2025-11-24T18:36:54.2059022Z │  This is a major update - please follow the guide at    │
2025-11-24T18:36:54.2059890Z │  https://pris.ly/d/major-version-upgrade                │
2025-11-24T18:36:54.2060633Z │                                                         │
2025-11-24T18:36:54.2061331Z │  Run the following to update                            │
2025-11-24T18:36:54.2062115Z │    npm i --save-dev prisma@latest                       │
2025-11-24T18:36:54.2062967Z │    npm i @prisma/client@latest                          │
2025-11-24T18:36:54.2063845Z └─────────────────────────────────────────────────────────┘
2025-11-24T18:36:54.2066487Z ✔ Generated Prisma Client (v6.16.2) to ./node_modules/@prisma/client in 407ms
2025-11-24T18:36:54.2071033Z 
2025-11-24T18:36:54.2105810Z Start by importing your Prisma Client (See: https://pris.ly/d/importing-client)
2025-11-24T18:36:54.2157427Z 
2025-11-24T18:36:54.2159250Z Tip: Want to turn off tips and other hints? https://pris.ly/tip-4-nohints
2025-11-24T18:36:54.2161521Z 
2025-11-24T18:36:54.2401823Z 
2025-11-24T18:36:54.2403776Z > vitrine-de-craques-web-site@0.1.0 prepare
2025-11-24T18:36:54.2408535Z > husky install
2025-11-24T18:36:54.2408767Z 
2025-11-24T18:36:54.3028386Z husky - Git hooks installed
2025-11-24T18:36:54.3220566Z 
2025-11-24T18:36:54.3221234Z added 873 packages, and audited 874 packages in 33s
2025-11-24T18:36:54.3222102Z 
2025-11-24T18:36:54.3223911Z 195 packages are looking for funding
2025-11-24T18:36:54.3226153Z   run `npm fund` for details
2025-11-24T18:36:54.3772400Z 
2025-11-24T18:36:54.3776400Z 6 vulnerabilities (3 low, 3 high)
2025-11-24T18:36:54.3777038Z 
2025-11-24T18:36:54.3778845Z To address issues that do not require attention, run:
2025-11-24T18:36:54.3779753Z   npm audit fix
2025-11-24T18:36:54.3789842Z 
2025-11-24T18:36:54.3790289Z To address all issues (including breaking changes), run:
2025-11-24T18:36:54.3790870Z   npm audit fix --force
2025-11-24T18:36:54.3791118Z 
2025-11-24T18:36:54.3791729Z Run `npm audit` for details.
2025-11-24T18:36:54.4884411Z ##[group]Run npm run build
2025-11-24T18:36:54.4884703Z [36;1mnpm run build[0m
2025-11-24T18:36:54.4949846Z shell: /usr/bin/bash -e {0}
2025-11-24T18:36:54.4950090Z env:
2025-11-24T18:36:54.4950863Z   DATABASE_URL: ***
2025-11-24T18:36:54.4951189Z   NEXTAUTH_URL: ***
2025-11-24T18:36:54.4951501Z   NEXTAUTH_SECRET: ***
2025-11-24T18:36:54.4951719Z   AUTH_TRUST_HOST: true
2025-11-24T18:36:54.4951925Z ##[endgroup]
2025-11-24T18:36:54.6083127Z 
2025-11-24T18:36:54.6084816Z > vitrine-de-craques-web-site@0.1.0 build
2025-11-24T18:36:54.6085736Z > npx prisma generate && next build
2025-11-24T18:36:54.6086048Z 
2025-11-24T18:36:55.9453186Z Prisma schema loaded from prisma/schema.prisma
2025-11-24T18:36:56.8628900Z 
2025-11-24T18:36:56.8632823Z ✔ Generated Prisma Client (v6.16.2) to ./node_modules/@prisma/client in 397ms
2025-11-24T18:36:56.8634471Z 
2025-11-24T18:36:56.8636296Z Start by importing your Prisma Client (See: https://pris.ly/d/importing-client)
2025-11-24T18:36:56.8638870Z 
2025-11-24T18:36:56.8639794Z Tip: Interested in query caching in just a few lines of code? Try Accelerate today! https://pris.ly/tip-3-accelerate
2025-11-24T18:36:56.8640479Z 
2025-11-24T18:36:57.3935773Z ⚠ No build cache found. Please configure build caching for faster rebuilds. Read more: https://nextjs.org/docs/messages/no-cache
2025-11-24T18:36:57.4067675Z Attention: Next.js now collects completely anonymous telemetry regarding usage.
2025-11-24T18:36:57.4078245Z This information is used to shape Next.js' roadmap and prioritize features.
2025-11-24T18:36:57.4079764Z You can learn more, including how to opt-out if you'd not like to participate in this anonymous program, by visiting the following URL:
2025-11-24T18:36:57.4080831Z https://nextjs.org/telemetry
2025-11-24T18:36:57.4081139Z 
2025-11-24T18:36:57.4676558Z   ▲ Next.js 14.2.33
2025-11-24T18:36:57.4676995Z 
2025-11-24T18:36:57.5298102Z    Creating an optimized production build ...
2025-11-24T18:37:37.9763176Z  ⚠ Compiled with warnings
2025-11-24T18:37:37.9766084Z 
2025-11-24T18:37:37.9766537Z ./node_modules/@ffmpeg-installer/ffmpeg/index.js
2025-11-24T18:37:37.9767422Z Critical dependency: the request of a dependency is an expression
2025-11-24T18:37:37.9767844Z 
2025-11-24T18:37:37.9768090Z Import trace for requested module:
2025-11-24T18:37:37.9768629Z ./node_modules/@ffmpeg-installer/ffmpeg/index.js
2025-11-24T18:37:37.9769099Z ./app/api/videos/route.ts
2025-11-24T18:37:37.9769323Z 
2025-11-24T18:37:37.9769606Z ./node_modules/fluent-ffmpeg/lib/options/misc.js
2025-11-24T18:37:37.9770355Z Critical dependency: the request of a dependency is an expression
2025-11-24T18:37:37.9770807Z 
2025-11-24T18:37:37.9771030Z Import trace for requested module:
2025-11-24T18:37:37.9771611Z ./node_modules/fluent-ffmpeg/lib/options/misc.js
2025-11-24T18:37:37.9772270Z ./node_modules/fluent-ffmpeg/lib/fluent-ffmpeg.js
2025-11-24T18:37:37.9772849Z ./node_modules/fluent-ffmpeg/index.js
2025-11-24T18:37:37.9773315Z ./app/api/videos/route.ts
2025-11-24T18:37:37.9773556Z 
2025-11-24T18:37:52.9144206Z  ✓ Compiled successfully
2025-11-24T18:37:52.9149125Z    Linting and checking validity of types ...
2025-11-24T18:38:11.7247141Z    Collecting page data ...
2025-11-24T18:38:12.6698023Z FFmpeg installer package not available. Falling back to system ffmpeg binary. O pacote opcional @ffmpeg-installer/ffmpeg não foi instalado para esta plataforma. Certifique-se de ter o FFmpeg disponível no sistema ou defina a variável FFMPEG_PATH.
2025-11-24T18:38:14.7766806Z    Generating static pages (0/58) ...
2025-11-24T18:38:15.9471916Z    Generating static pages (14/58) 
2025-11-24T18:38:18.8048095Z    Generating static pages (28/58) 
2025-11-24T18:38:19.4810635Z    Generating static pages (43/58) 
2025-11-24T18:38:20.4784415Z  ✓ Generating static pages (58/58)
2025-11-24T18:38:21.4323364Z    Finalizing page optimization ...
2025-11-24T18:38:21.4325720Z    Collecting build traces ...
2025-11-24T18:38:41.3199816Z 
2025-11-24T18:38:41.3293834Z Route (app)                                      Size     First Load JS
2025-11-24T18:38:41.3296671Z ┌ ƒ /                                            1.83 kB         110 kB
2025-11-24T18:38:41.3299854Z ├ ƒ /_not-found                                  876 B          88.2 kB
2025-11-24T18:38:41.3300843Z ├ ƒ /administrator                               155 B          87.5 kB
2025-11-24T18:38:41.3307543Z ├ ƒ /administrator/clubes                        6.46 kB         117 kB
2025-11-24T18:38:41.3308884Z ├ ƒ /administrator/users                         5.68 kB         111 kB
2025-11-24T18:38:41.3309764Z ├ ƒ /administrator/videos                        5.24 kB         111 kB
2025-11-24T18:38:41.3310625Z ├ ƒ /agentes                                     2.7 kB         98.7 kB
2025-11-24T18:38:41.3311415Z ├ ƒ /agentes/[id]                                1.84 kB         117 kB
2025-11-24T18:38:41.3312205Z ├ ƒ /api/admin/clubes                            0 B                0 B
2025-11-24T18:38:41.3313061Z ├ ƒ /api/admin/clubes/[id]                       0 B                0 B
2025-11-24T18:38:41.3313925Z ├ ƒ /api/admin/summary                           0 B                0 B
2025-11-24T18:38:41.3314795Z ├ ƒ /api/admin/users                             0 B                0 B
2025-11-24T18:38:41.3315852Z ├ ƒ /api/admin/users/[userId]/block              0 B                0 B
2025-11-24T18:38:41.3316715Z ├ ƒ /api/admin/videos                            0 B                0 B
2025-11-24T18:38:41.3317629Z ├ ƒ /api/admin/videos/[videoId]/appeal-response  0 B                0 B
2025-11-24T18:38:41.3318528Z ├ ƒ /api/admin/videos/[videoId]/block            0 B                0 B
2025-11-24T18:38:41.3319389Z ├ ƒ /api/agentes                                 0 B                0 B
2025-11-24T18:38:41.3320170Z ├ ƒ /api/agentes/[id]                            0 B                0 B
2025-11-24T18:38:41.3320902Z ├ ƒ /api/atletas                                 0 B                0 B
2025-11-24T18:38:41.3321671Z ├ ƒ /api/atletas/[id]                            0 B                0 B
2025-11-24T18:38:41.3322774Z ├ ƒ /api/auth/[...nextauth]                      0 B                0 B
2025-11-24T18:38:41.3323641Z ├ ƒ /api/blocks/[targetUserId]                   0 B                0 B
2025-11-24T18:38:41.3324409Z ├ ƒ /api/clubes                                  0 B                0 B
2025-11-24T18:38:41.3325190Z ├ ƒ /api/clubes/[slug]                           0 B                0 B
2025-11-24T18:38:41.3326282Z ├ ƒ /api/confederacoes                           0 B                0 B
2025-11-24T18:38:41.3327127Z ├ ƒ /api/confederacoes/[slug]                    0 B                0 B
2025-11-24T18:38:41.3328389Z ├ ƒ /api/db-check                                0 B                0 B
2025-11-24T18:38:41.3329074Z ├ ƒ /api/env                                     0 B                0 B
2025-11-24T18:38:41.3329786Z ├ ƒ /api/errors                                  0 B                0 B
2025-11-24T18:38:41.3330645Z ├ ƒ /api/follows/[targetUserId]                  0 B                0 B
2025-11-24T18:38:41.3331504Z ├ ƒ /api/games                                   0 B                0 B
2025-11-24T18:38:41.3332314Z ├ ƒ /api/games/[slug]                            0 B                0 B
2025-11-24T18:38:41.3333184Z ├ ƒ /api/games/[slug]/comments                   0 B                0 B
2025-11-24T18:38:41.3334081Z ├ ƒ /api/games/[slug]/engagement                 0 B                0 B
2025-11-24T18:38:41.3334944Z ├ ƒ /api/health                                  0 B                0 B
2025-11-24T18:38:41.3335958Z ├ ƒ /api/messages                                0 B                0 B
2025-11-24T18:38:41.3336830Z ├ ƒ /api/messages/unread-count                   0 B                0 B
2025-11-24T18:38:41.3337686Z ├ ƒ /api/news                                    0 B                0 B
2025-11-24T18:38:41.3338468Z ├ ƒ /api/news/[id]                               0 B                0 B
2025-11-24T18:38:41.3339286Z ├ ƒ /api/news/cover                              0 B                0 B
2025-11-24T18:38:41.3340335Z ├ ƒ /api/noticias                                0 B                0 B
2025-11-24T18:38:41.3341260Z ├ ƒ /api/noticias/[slug]                         0 B                0 B
2025-11-24T18:38:41.3342186Z ├ ƒ /api/noticias/[slug]/comments                0 B                0 B
2025-11-24T18:38:41.3343094Z ├ ƒ /api/noticias/[slug]/engagement              0 B                0 B
2025-11-24T18:38:41.3343952Z ├ ƒ /api/pg-check                                0 B                0 B
2025-11-24T18:38:41.3344750Z ├ ƒ /api/profile                                 0 B                0 B
2025-11-24T18:38:41.3345850Z ├ ƒ /api/profile/avatar                          0 B                0 B
2025-11-24T18:38:41.3346720Z ├ ƒ /api/profile/personal-info                   0 B                0 B
2025-11-24T18:38:41.3347548Z ├ ƒ /api/register                                0 B                0 B
2025-11-24T18:38:41.3348371Z ├ ƒ /api/register/atleta-18                      0 B                0 B
2025-11-24T18:38:41.3349206Z ├ ƒ /api/register/clube                          0 B                0 B
2025-11-24T18:38:41.3350075Z ├ ƒ /api/register/de-agentes-licenciados         0 B                0 B
2025-11-24T18:38:41.3351023Z ├ ƒ /api/register/imprensa-jornalistablogueiro   0 B                0 B
2025-11-24T18:38:41.3351974Z ├ ƒ /api/register/responsavel                    0 B                0 B
2025-11-24T18:38:41.3352894Z ├ ƒ /api/register/responsavel/documents          0 B                0 B
2025-11-24T18:38:41.3353823Z ├ ƒ /api/register/torcedor                       0 B                0 B
2025-11-24T18:38:41.3354661Z ├ ○ /api/times                                   0 B                0 B
2025-11-24T18:38:41.3356235Z ├ ƒ /api/videos                                  0 B                0 B
2025-11-24T18:38:41.3357043Z ├ ƒ /api/videos/[id]                             0 B                0 B
2025-11-24T18:38:41.3357854Z ├ ƒ /api/videos/[id]/appeal                      0 B                0 B
2025-11-24T18:38:41.3358728Z ├ ƒ /api/videos/[id]/comments                    0 B                0 B
2025-11-24T18:38:41.3359795Z ├ ƒ /api/videos/proxy                            0 B                0 B
2025-11-24T18:38:41.3360680Z ├ ƒ /arquibancada                                4.49 kB        98.6 kB
2025-11-24T18:38:41.3361514Z ├ ƒ /atletas                                     4.5 kB          107 kB
2025-11-24T18:38:41.3362318Z ├ ƒ /atletas/[id]                                5.24 kB         138 kB
2025-11-24T18:38:41.3363129Z ├ ƒ /cadastro                                    2.21 kB         129 kB
2025-11-24T18:38:41.3363931Z ├ ƒ /cadastro/[slug]                             2.92 kB         121 kB
2025-11-24T18:38:41.3364762Z ├ ƒ /cadastro/atleta-18                          3.91 kB         137 kB
2025-11-24T18:38:41.3365801Z ├ ƒ /cadastro/clube                              4.04 kB         137 kB
2025-11-24T18:38:41.3366736Z ├ ƒ /cadastro/de-agentes-licenciados             4.04 kB         137 kB
2025-11-24T18:38:41.3367746Z ├ ƒ /cadastro/imprensa-jornalistablogueiro       4.19 kB         137 kB
2025-11-24T18:38:41.3368734Z ├ ƒ /cadastro/responsavel                        4.23 kB         137 kB
2025-11-24T18:38:41.3369693Z ├ ƒ /cadastro/responsavel/uploads                3.69 kB         137 kB
2025-11-24T18:38:41.3370567Z ├ ƒ /cadastro/sucesso                            155 B          87.5 kB
2025-11-24T18:38:41.3371436Z ├ ƒ /cadastro/torcedor                           5.13 kB         147 kB
2025-11-24T18:38:41.3372286Z ├ ƒ /clubes                                      3.35 kB         111 kB
2025-11-24T18:38:41.3373091Z ├ ƒ /clubes/[slug]                               807 B           109 kB
2025-11-24T18:38:41.3373942Z ├ ƒ /confederacoes                               807 B           109 kB
2025-11-24T18:38:41.3374831Z ├ ƒ /confederacoes/[slug]                        807 B           109 kB
2025-11-24T18:38:41.3375889Z ├ ƒ /feed                                        12.2 kB         145 kB
2025-11-24T18:38:41.3376814Z ├ ƒ /games                                       197 B           121 kB
2025-11-24T18:38:41.3377649Z ├ ƒ /games/[slug]                                211 B           128 kB
2025-11-24T18:38:41.3378434Z ├ ○ /icon                                        0 B                0 B
2025-11-24T18:38:41.3379210Z ├ ƒ /login                                       3.73 kB         145 kB
2025-11-24T18:38:41.3380015Z ├ ƒ /noticias                                    203 B           121 kB
2025-11-24T18:38:41.3380828Z ├ ƒ /noticias/[slug]                             614 B           129 kB
2025-11-24T18:38:41.3381606Z ├ ƒ /perfil                                      27.3 kB         171 kB
2025-11-24T18:38:41.3382368Z ├ ƒ /perfis/[id]                                 1.84 kB         117 kB
2025-11-24T18:38:41.3383126Z ├ ƒ /player/[id]                                 9.15 kB         127 kB
2025-11-24T18:38:41.3383897Z ├ ƒ /privacidade                                 188 B          96.2 kB
2025-11-24T18:38:41.3384769Z ├ ƒ /registrar-escolha-perfil                    188 B          96.2 kB
2025-11-24T18:38:41.3385940Z ├ ƒ /sobre                                       188 B          96.2 kB
2025-11-24T18:38:41.3386703Z ├ ƒ /torcida                                     155 B          87.5 kB
2025-11-24T18:38:41.3387439Z └ ƒ /upload                                      10.4 kB         119 kB
2025-11-24T18:38:41.3388085Z + First Load JS shared by all                    87.3 kB
2025-11-24T18:38:41.3388765Z   ├ chunks/2117-8600b608bfb46d0e.js              31.7 kB
2025-11-24T18:38:41.3389452Z   ├ chunks/fd9d1056-55796e42a8a57fc6.js          53.6 kB
2025-11-24T18:38:41.3390100Z   └ other shared chunks (total)                  1.97 kB
2025-11-24T18:38:41.3390435Z 
2025-11-24T18:38:41.3390444Z 
2025-11-24T18:38:41.3390820Z ƒ Middleware                                     48.3 kB
2025-11-24T18:38:41.3391136Z 
2025-11-24T18:38:41.3391463Z ○  (Static)   prerendered as static content
2025-11-24T18:38:41.3392039Z ƒ  (Dynamic)  server-rendered on demand
2025-11-24T18:38:41.3392319Z 
2025-11-24T18:38:41.3719466Z 
2025-11-24T18:38:41.3720755Z > vitrine-de-craques-web-site@0.1.0 postbuild
2025-11-24T18:38:41.3721425Z > node scripts/copy-prisma-artifacts.js
2025-11-24T18:38:41.3721759Z 
2025-11-24T18:38:41.4912852Z [copy-prisma-artifacts] Copied Prisma artifacts to /home/runner/work/vitrine-de-craques-web-site/vitrine-de-craques-web-site/.next/standalone/node_modules/.prisma/client
2025-11-24T18:38:41.4920704Z [copy-prisma-artifacts] Linked Prisma artifacts to /home/runner/work/vitrine-de-craques-web-site/vitrine-de-craques-web-site/.next/server/.prisma/client
2025-11-24T18:38:41.4925001Z [copy-prisma-artifacts] Linked Prisma artifacts to /home/runner/work/vitrine-de-craques-web-site/vitrine-de-craques-web-site/.next/server/chunks/.prisma/client
2025-11-24T18:38:41.6163837Z [copy-prisma-artifacts] Copied Prisma artifacts to /home/runner/work/vitrine-de-craques-web-site/vitrine-de-craques-web-site/.next/standalone/node_modules/@prisma/client
2025-11-24T18:38:41.6168190Z [copy-prisma-artifacts] Linked Prisma artifacts to /home/runner/work/vitrine-de-craques-web-site/vitrine-de-craques-web-site/.next/server/@prisma/client
2025-11-24T18:38:41.6170450Z [copy-prisma-artifacts] Linked Prisma artifacts to /home/runner/work/vitrine-de-craques-web-site/vitrine-de-craques-web-site/.next/server/chunks/@prisma/client
2025-11-24T18:38:41.6290336Z ##[group]Run rm -rf deploy
2025-11-24T18:38:41.6290653Z [36;1mrm -rf deploy[0m
2025-11-24T18:38:41.6290873Z [36;1mmkdir -p deploy[0m
2025-11-24T18:38:41.6291203Z [36;1m# Copy only the runtime pieces from the standalone build output[0m
2025-11-24T18:38:41.6291597Z [36;1mcp -R .next/standalone/.next deploy/.next[0m
2025-11-24T18:38:41.6291964Z [36;1mcp -R .next/standalone/node_modules deploy/node_modules[0m
2025-11-24T18:38:41.6292363Z [36;1mcp .next/standalone/package.json deploy/package.json[0m
2025-11-24T18:38:41.6292732Z [36;1mif [ -f .next/standalone/server.js ]; then[0m
2025-11-24T18:38:41.6293056Z [36;1m  cp .next/standalone/server.js deploy/server.js[0m
2025-11-24T18:38:41.6293336Z [36;1mfi[0m
2025-11-24T18:38:41.6293586Z [36;1mif [ -f .next/standalone/server.js.nft.json ]; then[0m
2025-11-24T18:38:41.6293986Z [36;1m  cp .next/standalone/server.js.nft.json deploy/server.js.nft.json[0m
2025-11-24T18:38:41.6294325Z [36;1mfi[0m
2025-11-24T18:38:41.6294519Z [36;1m[0m
2025-11-24T18:38:41.6294713Z [36;1mmkdir -p deploy/.next/static[0m
2025-11-24T18:38:41.6295001Z [36;1mcp -R .next/static/. deploy/.next/static[0m
2025-11-24T18:38:41.6295515Z [36;1m[0m
2025-11-24T18:38:41.6295804Z [36;1mcp next.config.mjs deploy/next.config.mjs[0m
2025-11-24T18:38:41.6296190Z [36;1mcp staticwebapp.config.json deploy/staticwebapp.config.json[0m
2025-11-24T18:38:41.6296550Z [36;1mcp -R prisma deploy/prisma[0m
2025-11-24T18:38:41.6296804Z [36;1mif [ -d public ]; then[0m
2025-11-24T18:38:41.6297046Z [36;1m  cp -R public deploy/public[0m
2025-11-24T18:38:41.6297285Z [36;1mfi[0m
2025-11-24T18:38:41.6297507Z [36;1m./scripts/prune-deploy-artifact.sh deploy[0m
2025-11-24T18:38:41.6329747Z shell: /usr/bin/bash -e {0}
2025-11-24T18:38:41.6329989Z env:
2025-11-24T18:38:41.6330710Z   DATABASE_URL: ***
2025-11-24T18:38:41.6331050Z   NEXTAUTH_URL: ***
2025-11-24T18:38:41.6331350Z   NEXTAUTH_SECRET: ***
2025-11-24T18:38:41.6331557Z   AUTH_TRUST_HOST: true
2025-11-24T18:38:41.6331760Z ##[endgroup]
2025-11-24T18:38:42.2884844Z Pruning unused Prisma runtime binaries...
2025-11-24T18:38:42.2910964Z deploy/node_modules/@prisma/client/runtime/query_engine_bg.cockroachdb.js
2025-11-24T18:38:42.2918043Z deploy/node_modules/@prisma/client/runtime/query_engine_bg.cockroachdb.mjs
2025-11-24T18:38:42.2919224Z deploy/node_modules/@prisma/client/runtime/query_engine_bg.cockroachdb.wasm-base64.js
2025-11-24T18:38:42.2920475Z deploy/node_modules/@prisma/client/runtime/query_engine_bg.cockroachdb.wasm-base64.mjs
2025-11-24T18:38:42.2941163Z deploy/node_modules/@prisma/client/runtime/query_engine_bg.mysql.wasm-base64.mjs
2025-11-24T18:38:42.2942240Z deploy/node_modules/@prisma/client/runtime/query_engine_bg.mysql.mjs
2025-11-24T18:38:42.2943530Z deploy/node_modules/@prisma/client/runtime/query_engine_bg.mysql.js
2025-11-24T18:38:42.2944534Z deploy/node_modules/@prisma/client/runtime/query_engine_bg.mysql.wasm-base64.js
2025-11-24T18:38:42.2969170Z deploy/node_modules/@prisma/client/runtime/query_engine_bg.sqlite.wasm-base64.js
2025-11-24T18:38:42.2970534Z deploy/node_modules/@prisma/client/runtime/query_engine_bg.sqlite.mjs
2025-11-24T18:38:42.2971801Z deploy/node_modules/@prisma/client/runtime/query_engine_bg.sqlite.js
2025-11-24T18:38:42.2978180Z deploy/node_modules/@prisma/client/runtime/query_engine_bg.sqlite.wasm-base64.mjs
2025-11-24T18:38:42.2998352Z deploy/node_modules/@prisma/client/runtime/query_engine_bg.sqlserver.wasm-base64.js
2025-11-24T18:38:42.3000036Z deploy/node_modules/@prisma/client/runtime/query_engine_bg.sqlserver.wasm-base64.mjs
2025-11-24T18:38:42.3001460Z deploy/node_modules/@prisma/client/runtime/query_engine_bg.sqlserver.mjs
2025-11-24T18:38:42.3002763Z deploy/node_modules/@prisma/client/runtime/query_engine_bg.sqlserver.js
2025-11-24T18:38:42.3027151Z deploy/node_modules/@prisma/client/runtime/query_compiler_bg.cockroachdb.js
2025-11-24T18:38:42.3028677Z deploy/node_modules/@prisma/client/runtime/query_compiler_bg.cockroachdb.mjs
2025-11-24T18:38:42.3030130Z deploy/node_modules/@prisma/client/runtime/query_compiler_bg.cockroachdb.wasm-base64.mjs
2025-11-24T18:38:42.3031389Z deploy/node_modules/@prisma/client/runtime/query_compiler_bg.cockroachdb.wasm-base64.js
2025-11-24T18:38:42.3054919Z deploy/node_modules/@prisma/client/runtime/query_compiler_bg.mysql.js
2025-11-24T18:38:42.3056857Z deploy/node_modules/@prisma/client/runtime/query_compiler_bg.mysql.wasm-base64.mjs
2025-11-24T18:38:42.3059145Z deploy/node_modules/@prisma/client/runtime/query_compiler_bg.mysql.mjs
2025-11-24T18:38:42.3060218Z deploy/node_modules/@prisma/client/runtime/query_compiler_bg.mysql.wasm-base64.js
2025-11-24T18:38:42.3081474Z deploy/node_modules/@prisma/client/runtime/query_compiler_bg.sqlite.mjs
2025-11-24T18:38:42.3082937Z deploy/node_modules/@prisma/client/runtime/query_compiler_bg.sqlite.js
2025-11-24T18:38:42.3085483Z deploy/node_modules/@prisma/client/runtime/query_compiler_bg.sqlite.wasm-base64.mjs
2025-11-24T18:38:42.3086654Z deploy/node_modules/@prisma/client/runtime/query_compiler_bg.sqlite.wasm-base64.js
2025-11-24T18:38:42.3108627Z deploy/node_modules/@prisma/client/runtime/query_compiler_bg.sqlserver.wasm-base64.mjs
2025-11-24T18:38:42.3110660Z deploy/node_modules/@prisma/client/runtime/query_compiler_bg.sqlserver.wasm-base64.js
2025-11-24T18:38:42.3111774Z deploy/node_modules/@prisma/client/runtime/query_compiler_bg.sqlserver.mjs
2025-11-24T18:38:42.3112769Z deploy/node_modules/@prisma/client/runtime/query_compiler_bg.sqlserver.js
2025-11-24T18:38:42.3115118Z Removing unused Prisma client engines...
2025-11-24T18:38:42.3209287Z deploy/node_modules/.prisma/client/libquery_engine-darwin-arm64.dylib.node
2025-11-24T18:38:42.3210753Z deploy/node_modules/.prisma/client/libquery_engine-darwin.dylib.node
2025-11-24T18:38:42.3211629Z Cleaning up optional sharp binaries...
2025-11-24T18:38:42.3258165Z Deleting dependency source maps...
2025-11-24T18:38:42.3533598Z Removing Next.js build cache...
2025-11-24T18:38:42.3738557Z Pruning finished.
2025-11-24T18:38:42.3777277Z ##[group]Run node -v
2025-11-24T18:38:42.3777726Z [36;1mnode -v[0m
2025-11-24T18:38:42.3778091Z [36;1mnpx prisma -v[0m
2025-11-24T18:38:42.3813133Z shell: /usr/bin/bash -e {0}
2025-11-24T18:38:42.3813380Z env:
2025-11-24T18:38:42.3814642Z   DATABASE_URL: ***
2025-11-24T18:38:42.3815040Z   NEXTAUTH_URL: ***
2025-11-24T18:38:42.3815641Z   NEXTAUTH_SECRET: ***
2025-11-24T18:38:42.3815877Z   AUTH_TRUST_HOST: true
2025-11-24T18:38:42.3816078Z ##[endgroup]
2025-11-24T18:38:42.3921457Z v20.19.5
2025-11-24T18:38:44.1494116Z Prisma schema loaded from prisma/schema.prisma
2025-11-24T18:38:44.1530496Z prisma                  : 6.16.2
2025-11-24T18:38:44.1531322Z @prisma/client          : 6.16.2
2025-11-24T18:38:44.1533378Z Computed binaryTarget   : debian-openssl-3.0.x
2025-11-24T18:38:44.1534404Z Operating System        : linux
2025-11-24T18:38:44.1534877Z Architecture            : x64
2025-11-24T18:38:44.1535581Z Node.js                 : v20.19.5
2025-11-24T18:38:44.1536141Z TypeScript              : 5.9.3
2025-11-24T18:38:44.1537894Z Query Engine (Node-API) : libquery-engine 1c57fdcd7e44b29b9313256c76699e91c3ac3c43 (at node_modules/@prisma/engines/libquery_engine-debian-openssl-3.0.x.so.node)
2025-11-24T18:38:44.1540326Z PSL                     : @prisma/prisma-schema-wasm 6.16.0-7.1c57fdcd7e44b29b9313256c76699e91c3ac3c43
2025-11-24T18:38:44.1541979Z Schema Engine           : schema-engine-cli 1c57fdcd7e44b29b9313256c76699e91c3ac3c43 (at node_modules/@prisma/engines/schema-engine-debian-openssl-3.0.x)
2025-11-24T18:38:44.1543399Z Default Engines Hash    : 1c57fdcd7e44b29b9313256c76699e91c3ac3c43
2025-11-24T18:38:44.1544079Z Studio                  : 0.511.0
2025-11-24T18:38:44.1846742Z ##[group]Run Azure/static-web-apps-deploy@v1
2025-11-24T18:38:44.1847051Z with:
2025-11-24T18:38:44.1847730Z   azure_static_web_apps_api_token: ***
2025-11-24T18:38:44.1848121Z   repo_token: ***
2025-11-24T18:38:44.1848321Z   action: upload
2025-11-24T18:38:44.1848516Z   app_location: deploy
2025-11-24T18:38:44.1848720Z   skip_app_build: true
2025-11-24T18:38:44.1848911Z env:
2025-11-24T18:38:44.1849542Z   DATABASE_URL: ***
2025-11-24T18:38:44.1849853Z   NEXTAUTH_URL: ***
2025-11-24T18:38:44.1850141Z   NEXTAUTH_SECRET: ***
2025-11-24T18:38:44.1850344Z   AUTH_TRUST_HOST: true
2025-11-24T18:38:44.1850545Z ##[endgroup]
2025-11-24T18:38:44.1944411Z ##[command]/usr/bin/docker run --name b944b0da558c80f485c8931e848d76fbe5f_3a3a3d --label 288b94 --workdir /github/workspace --rm -e "DATABASE_URL" -e "NEXTAUTH_URL" -e "NEXTAUTH_SECRET" -e "AUTH_TRUST_HOST" -e "INPUT_AZURE_STATIC_WEB_APPS_API_TOKEN" -e "INPUT_REPO_TOKEN" -e "INPUT_ACTION" -e "INPUT_APP_LOCATION" -e "INPUT_API_LOCATION" -e "INPUT_OUTPUT_LOCATION" -e "INPUT_SKIP_APP_BUILD" -e "INPUT_API_BUILD_COMMAND" -e "INPUT_APP_ARTIFACT_LOCATION" -e "INPUT_APP_BUILD_COMMAND" -e "INPUT_ROUTES_LOCATION" -e "INPUT_CONFIG_FILE_LOCATION" -e "INPUT_SKIP_API_BUILD" -e "INPUT_PRODUCTION_BRANCH" -e "INPUT_DEPLOYMENT_ENVIRONMENT" -e "INPUT_IS_STATIC_EXPORT" -e "INPUT_DATA_API_LOCATION" -e "INPUT_GITHUB_ID_TOKEN" -e "HOME" -e "GITHUB_JOB" -e "GITHUB_REF" -e "GITHUB_SHA" -e "GITHUB_REPOSITORY" -e "GITHUB_REPOSITORY_OWNER" -e "GITHUB_REPOSITORY_OWNER_ID" -e "GITHUB_RUN_ID" -e "GITHUB_RUN_NUMBER" -e "GITHUB_RETENTION_DAYS" -e "GITHUB_RUN_ATTEMPT" -e "GITHUB_ACTOR_ID" -e "GITHUB_ACTOR" -e "GITHUB_WORKFLOW" -e "GITHUB_HEAD_REF" -e "GITHUB_BASE_REF" -e "GITHUB_EVENT_NAME" -e "GITHUB_SERVER_URL" -e "GITHUB_API_URL" -e "GITHUB_GRAPHQL_URL" -e "GITHUB_REF_NAME" -e "GITHUB_REF_PROTECTED" -e "GITHUB_REF_TYPE" -e "GITHUB_WORKFLOW_REF" -e "GITHUB_WORKFLOW_SHA" -e "GITHUB_REPOSITORY_ID" -e "GITHUB_TRIGGERING_ACTOR" -e "GITHUB_WORKSPACE" -e "GITHUB_ACTION" -e "GITHUB_EVENT_PATH" -e "GITHUB_ACTION_REPOSITORY" -e "GITHUB_ACTION_REF" -e "GITHUB_PATH" -e "GITHUB_ENV" -e "GITHUB_STEP_SUMMARY" -e "GITHUB_STATE" -e "GITHUB_OUTPUT" -e "RUNNER_OS" -e "RUNNER_ARCH" -e "RUNNER_NAME" -e "RUNNER_ENVIRONMENT" -e "RUNNER_TOOL_CACHE" -e "RUNNER_TEMP" -e "RUNNER_WORKSPACE" -e "ACTIONS_RUNTIME_URL" -e "ACTIONS_RUNTIME_TOKEN" -e "ACTIONS_CACHE_URL" -e "ACTIONS_RESULTS_URL" -e GITHUB_ACTIONS=true -e CI=true -v "/var/run/docker.sock":"/var/run/docker.sock" -v "/home/runner/work/_temp/_github_home":"/github/home" -v "/home/runner/work/_temp/_github_workflow":"/github/workflow" -v "/home/runner/work/_temp/_runner_file_commands":"/github/file_commands" -v "/home/runner/work/vitrine-de-craques-web-site/vitrine-de-craques-web-site":"/github/workspace" 288b94:4b0da558c80f485c8931e848d76fbe5f
2025-11-24T18:38:45.0900082Z DeploymentId: 194e30db-57ac-465e-a61b-a118b501efcc
2025-11-24T18:38:45.0900580Z 
2025-11-24T18:38:45.2007805Z [37mTry to validate location at: '/github/workspace/deploy'.[0m
2025-11-24T18:38:45.2047696Z [37mApp Directory Location: 'deploy' was found.[0m
2025-11-24T18:38:45.2049097Z [37mTry to validate location at: '/github/workspace/swa-db-connections'.[0m
2025-11-24T18:38:45.2050643Z [37mLooking for event info[0m
2025-11-24T18:38:45.6827514Z [37mSkipping step to build /github/workspace/deploy with Oryx[0m
2025-11-24T18:38:45.6993248Z [37mDetected the following framework: Next.js[0m
2025-11-24T18:38:45.6999289Z [37mTry to validate location at: '/github/workspace/deploy/.next'.[0m
2025-11-24T18:38:45.7511393Z [37mUsing 'staticwebapp.config.json' file for configuration information, 'routes.json' will be ignored.[0m
2025-11-24T18:38:45.8781963Z [33m[WARNING] For Next.js apps, staticwebapp.config.json features are not fully supported yet![0m
2025-11-24T18:38:46.0208434Z [37mRepackaged Next.js app to deploy on the backend.[0m
2025-11-24T18:38:46.0237011Z [37mStarting to build function app with Oryx[0m
2025-11-24T18:38:46.0239793Z [37m---Oryx build logs---[0m
2025-11-24T18:38:46.0241436Z [37m[0m
2025-11-24T18:38:46.0243275Z [37m[0m
2025-11-24T18:38:46.3305763Z [37mOperation performed by Microsoft Oryx, https://github.com/Microsoft/Oryx[0m
2025-11-24T18:38:46.3310494Z [37mYou can report issues at https://github.com/Microsoft/Oryx/issues[0m
2025-11-24T18:38:46.3315491Z [37m[0m
2025-11-24T18:38:46.3317833Z [37mOryx Version: 0.2.20250107.1+ef3fb2f9c490a4fbb1f76b5746cd4ba2ff0409f4, Commit: ef3fb2f9c490a4fbb1f76b5746cd4ba2ff0409f4, ReleaseTagName: 20250107.1[0m
2025-11-24T18:38:46.3320079Z [37m[0m
2025-11-24T18:38:46.3321006Z [37mBuild Operation ID: fc1384fbe2ad36e1[0m
2025-11-24T18:38:46.3322106Z [37mOS Type           : bullseye[0m
2025-11-24T18:38:46.3329781Z [37mImage Type        : githubactions[0m
2025-11-24T18:38:46.3330350Z [37m[0m
2025-11-24T18:38:46.3429483Z [37mDetecting platforms...[0m
2025-11-24T18:38:47.0311770Z [37mDetected following platforms:[0m
2025-11-24T18:38:47.0312480Z [37m  nodejs: 20.19.5[0m
2025-11-24T18:38:47.0361196Z [37mVersion '20.19.5' of platform 'nodejs' is not installed. Generating script to install it...[0m
2025-11-24T18:38:47.0756730Z [37mDetected the following frameworks: Next.js[0m
2025-11-24T18:38:47.1606274Z [37m[0m
2025-11-24T18:38:47.1716479Z [37m[0m
2025-11-24T18:38:47.1720346Z [37mSource directory     : /github/workspace/deploy[0m
2025-11-24T18:38:47.1726408Z [37mDestination directory: /bin/staticsites/194e30db-57ac-465e-a61b-a118b501efcc-swa-oryx/api[0m
2025-11-24T18:38:47.1727531Z [37m[0m
2025-11-24T18:38:47.1757449Z [37m[0m
2025-11-24T18:38:47.1761619Z [37mDownloading and extracting 'nodejs' version '20.19.5' to '/tmp/oryx/platforms/nodejs/20.19.5'...[0m
2025-11-24T18:38:47.1823323Z [37mDetected image debian flavor: bullseye.[0m
2025-11-24T18:38:47.5633623Z [37mDownloaded in 0 sec(s).[0m
2025-11-24T18:38:47.5639138Z [37mVerifying checksum...[0m
2025-11-24T18:38:47.5704297Z [37mExtracting contents...[0m
2025-11-24T18:38:48.9356382Z [37mperforming sha512 checksum for: nodejs...[0m
2025-11-24T18:38:49.0775452Z [37mDone in 2 sec(s).[0m
2025-11-24T18:38:49.0796943Z [37m[0m
2025-11-24T18:38:49.1301277Z [37mRemoving existing manifest file[0m
2025-11-24T18:38:49.1321029Z [37mCreating directory for command manifest file if it does not exist[0m
2025-11-24T18:38:49.1359110Z [37mCreating a manifest file...[0m
2025-11-24T18:38:49.1360188Z [37mNode Build Command Manifest file created.[0m
2025-11-24T18:38:49.1367285Z [37m[0m
2025-11-24T18:38:49.1367761Z [37mUsing Node version:[0m
2025-11-24T18:38:49.1398516Z [37mv20.19.5[0m
2025-11-24T18:38:49.1412512Z [37m[0m
2025-11-24T18:38:49.1413033Z [37mUsing Npm version:[0m
2025-11-24T18:38:49.2475585Z [37m10.8.2[0m
2025-11-24T18:38:49.2578471Z [37m[0m
2025-11-24T18:38:49.2582806Z [37mInstalling production dependencies in '/github/workspace/deploy/.oryx_prod_node_modules'...[0m
2025-11-24T18:38:49.2583682Z [37m[0m
2025-11-24T18:38:49.2584239Z [37mRunning 'npm install --production'...[0m
2025-11-24T18:38:49.2584758Z [37m[0m
2025-11-24T18:38:49.3676683Z [31mnpm warn config production Use `--omit=dev` instead.[0m
2025-11-24T18:39:30.5361511Z [31mnpm warn deprecated fluent-ffmpeg@2.1.3: Package no longer supported. Contact Support at https://www.npmjs.com/support for more info.[0m
2025-11-24T18:39:40.6841763Z [37m[0m
2025-11-24T18:39:40.6842654Z [37madded 343 packages, and audited 344 packages in 51s[0m
2025-11-24T18:39:40.6843279Z [37m[0m
2025-11-24T18:39:40.6843830Z [37m25 packages are looking for funding[0m
2025-11-24T18:39:40.6844506Z [37m  run `npm fund` for details[0m
2025-11-24T18:39:40.6970548Z [37m[0m
2025-11-24T18:39:40.7000602Z [37m3 low severity vulnerabilities[0m
2025-11-24T18:39:40.7001215Z [37m[0m
2025-11-24T18:39:40.7001730Z [37mTo address all issues, run:[0m
2025-11-24T18:39:40.7002282Z [37m  npm audit fix[0m
2025-11-24T18:39:40.7002694Z [37m[0m
2025-11-24T18:39:40.7004807Z [37mRun `npm audit` for details.[0m
2025-11-24T18:39:40.7449800Z [37m[0m
2025-11-24T18:39:40.7459330Z [37mCopying production dependencies from '/github/workspace/deploy/.oryx_prod_node_modules' to '/github/workspace/deploy/node_modules'...[0m
2025-11-24T18:39:45.1761714Z [37mDone in 5 sec(s).[0m
2025-11-24T18:39:45.7267647Z [37m[0m
2025-11-24T18:39:45.7280367Z [37mRunning 'npm install'...[0m
2025-11-24T18:39:45.7281439Z [37m[0m
2025-11-24T18:39:47.1423163Z [37m[0m
2025-11-24T18:39:47.1423803Z [37mup to date, audited 344 packages in 1s[0m
2025-11-24T18:39:47.1424328Z [37m[0m
2025-11-24T18:39:47.1424846Z [37m25 packages are looking for funding[0m
2025-11-24T18:39:47.1425622Z [37m  run `npm fund` for details[0m
2025-11-24T18:39:47.1611265Z [37m[0m
2025-11-24T18:39:47.1614531Z [37m3 low severity vulnerabilities[0m
2025-11-24T18:39:47.1618870Z [37m[0m
2025-11-24T18:39:47.1619370Z [37mTo address all issues, run:[0m
2025-11-24T18:39:47.1619915Z [37m  npm audit fix[0m
2025-11-24T18:39:47.1620333Z [37m[0m
2025-11-24T18:39:47.1620828Z [37mRun `npm audit` for details.[0m
2025-11-24T18:39:47.1872219Z [37m[0m
2025-11-24T18:39:47.1886369Z [37mRunning 'npm run build'...[0m
2025-11-24T18:39:47.1904388Z [37m[0m
2025-11-24T18:39:47.3091529Z [37m[0m
2025-11-24T18:39:47.3101815Z [37m> function-handler-build@0.1.0 build[0m
2025-11-24T18:39:47.3109148Z [37m> echo 'restoring the framework'[0m
2025-11-24T18:39:47.3112001Z [37m[0m
2025-11-24T18:39:47.3154270Z [37mrestoring the framework[0m
2025-11-24T18:39:47.3252953Z [37mPreparing output...[0m
2025-11-24T18:39:47.3256420Z [37m[0m
2025-11-24T18:39:47.3260337Z [37mCopying files to destination directory '/bin/staticsites/194e30db-57ac-465e-a61b-a118b501efcc-swa-oryx/api'...[0m
2025-11-24T18:39:52.7539233Z [37mDone in 5 sec(s).[0m
2025-11-24T18:39:52.7562195Z [37m[0m
2025-11-24T18:39:52.7564485Z [37mRemoving existing manifest file[0m
2025-11-24T18:39:52.7594159Z [37mCreating a manifest file...[0m
2025-11-24T18:39:52.7595505Z [37mManifest file created.[0m
2025-11-24T18:39:52.7596449Z [37mCopying .ostype to manifest output directory.[0m
2025-11-24T18:39:52.7630311Z [37m[0m
2025-11-24T18:39:52.7643163Z [37mDone in 65 sec(s).[0m
2025-11-24T18:39:52.8043732Z [37m[0m
2025-11-24T18:39:52.8044369Z [37m[0m
2025-11-24T18:39:52.8047875Z [37m---End of Oryx build logs---[0m
2025-11-24T18:39:52.8070337Z [33mWeb App Runtime Information. OS: linux, node version: 20[0m
2025-11-24T18:39:52.8073467Z [37mFinished building function app with Oryx[0m
2025-11-24T18:39:55.3527187Z [37mZipping Api Artifacts[0m
2025-11-24T18:40:17.4302503Z [37mDone Zipping Api Artifacts[0m
2025-11-24T18:40:18.1891207Z [37mZipping App Artifacts[0m
2025-11-24T18:40:19.1307036Z [37mDone Zipping App Artifacts[0m
2025-11-24T18:40:19.1308001Z [37mUploading build artifacts.[0m
2025-11-24T18:40:21.7392428Z [32mFinished Upload. Polling on deployment.[0m
2025-11-24T18:40:21.8627549Z [37mStatus: InProgress. Time: 0.1230837(s)[0m
2025-11-24T18:40:36.9794901Z [37mStatus: InProgress. Time: 15.2402852(s)[0m
2025-11-24T18:40:52.5386031Z [37mStatus: InProgress. Time: 30.7993597(s)[0m
2025-11-24T18:41:07.7106962Z [37mStatus: InProgress. Time: 45.9712517(s)[0m
2025-11-24T18:41:22.9516928Z [37mStatus: Succeeded. Time: 61.2095632(s)[0m
2025-11-24T18:41:22.9518039Z [32mDeployment Complete :)[0m
2025-11-24T18:41:22.9519196Z [32mVisit your site at: ***[0m
2025-11-24T18:41:22.9903778Z [37mThanks for using Azure Static Web Apps![0m
2025-11-24T18:41:22.9905808Z [37mExiting[0m
2025-11-24T18:41:24.3384130Z Post job cleanup.
2025-11-24T18:41:24.5440747Z Cache hit occurred on the primary key node-cache-Linux-x64-npm-6574f81d381dd57c6cba17200816d822ae309cedcb08a1b37f655a2f539a3200, not saving cache.
2025-11-24T18:41:24.5531078Z Post job cleanup.
2025-11-24T18:41:24.7156654Z [command]/usr/bin/git version
2025-11-24T18:41:24.7157316Z git version 2.51.2
2025-11-24T18:41:24.7160963Z Temporarily overriding HOME='/home/runner/work/_temp/2df7de62-da82-4dd6-a0cc-4a96e053b75f' before making global git config changes
2025-11-24T18:41:24.7162681Z Adding repository directory to the temporary git global config as a safe directory
2025-11-24T18:41:24.7164432Z [command]/usr/bin/git config --global --add safe.directory /home/runner/work/vitrine-de-craques-web-site/vitrine-de-craques-web-site
2025-11-24T18:41:24.7166973Z [command]/usr/bin/git config --local --name-only --get-regexp core\.sshCommand
2025-11-24T18:41:24.7169635Z [command]/usr/bin/git submodule foreach --recursive sh -c "git config --local --name-only --get-regexp 'core\.sshCommand' && git config --local --unset-all 'core.sshCommand' || :"
2025-11-24T18:41:24.7171742Z fatal: No url found for submodule path 'Vitrine-De-Craques-App-iOS/Vitrine-De-Craques-App-iOS' in .gitmodules
2025-11-24T18:41:24.7211329Z ##[warning]The process '/usr/bin/git' failed with exit code 128
2025-11-24T18:41:24.7309360Z Cleaning up orphan processes
