2025-11-25T02:02:11.7351669Z Current runner version: '2.329.0'
2025-11-25T02:02:11.7385252Z ##[group]Runner Image Provisioner
2025-11-25T02:02:11.7386512Z Hosted Compute Agent
2025-11-25T02:02:11.7387374Z Version: 20251016.436
2025-11-25T02:02:11.7388321Z Commit: 8ab8ac8bfd662a3739dab9fe09456aba92132568
2025-11-25T02:02:11.7389436Z Build Date: 2025-10-15T20:44:12Z
2025-11-25T02:02:11.7390288Z ##[endgroup]
2025-11-25T02:02:11.7391095Z ##[group]Operating System
2025-11-25T02:02:11.7392217Z Ubuntu
2025-11-25T02:02:11.7392927Z 24.04.3
2025-11-25T02:02:11.7393608Z LTS
2025-11-25T02:02:11.7394361Z ##[endgroup]
2025-11-25T02:02:11.7395082Z ##[group]Runner Image
2025-11-25T02:02:11.7395976Z Image: ubuntu-24.04
2025-11-25T02:02:11.7396765Z Version: 20251112.124.1
2025-11-25T02:02:11.7398340Z Included Software: https://github.com/actions/runner-images/blob/ubuntu24/20251112.124/images/ubuntu/Ubuntu2404-Readme.md
2025-11-25T02:02:11.7400861Z Image Release: https://github.com/actions/runner-images/releases/tag/ubuntu24%2F20251112.124
2025-11-25T02:02:11.7402702Z ##[endgroup]
2025-11-25T02:02:11.7404529Z ##[group]GITHUB_TOKEN Permissions
2025-11-25T02:02:11.7407138Z Contents: read
2025-11-25T02:02:11.7408400Z Metadata: read
2025-11-25T02:02:11.7409174Z Packages: read
2025-11-25T02:02:11.7409916Z ##[endgroup]
2025-11-25T02:02:11.7413190Z Secret source: Actions
2025-11-25T02:02:11.7414299Z Prepare workflow directory
2025-11-25T02:02:11.8432492Z Prepare all required actions
2025-11-25T02:02:11.8550071Z Getting action download info
2025-11-25T02:02:12.2558723Z Download action repository 'actions/checkout@v3' (SHA:f43a0e5ff2bd294095638e18286ca9a3d1956744)
2025-11-25T02:02:12.3636774Z Download action repository 'actions/setup-node@v4' (SHA:49933ea5288caeca8642d1e84afbd3f7d6820020)
2025-11-25T02:02:12.4398343Z Download action repository 'Azure/static-web-apps-deploy@v1' (SHA:4d27395796ac319302594769cfe812bd207490b1)
2025-11-25T02:02:12.9731597Z Complete job name: Build and Deploy Job
2025-11-25T02:02:13.0067912Z ##[group]Build container for action use: '/home/runner/work/_actions/Azure/static-web-apps-deploy/v1/Dockerfile'.
2025-11-25T02:02:13.0105322Z ##[command]/usr/bin/docker build -t c03382:d8692c4504304166b2d8e66a394abb12 -f "/home/runner/work/_actions/Azure/static-web-apps-deploy/v1/Dockerfile" "/home/runner/work/_actions/Azure/static-web-apps-deploy/v1"
2025-11-25T02:02:13.4948791Z #0 building with "default" instance using docker driver
2025-11-25T02:02:13.4950085Z 
2025-11-25T02:02:13.4951498Z #1 [internal] load build definition from Dockerfile
2025-11-25T02:02:13.4953315Z #1 transferring dockerfile: 160B done
2025-11-25T02:02:13.4957345Z #1 DONE 0.0s
2025-11-25T02:02:13.4958971Z 
2025-11-25T02:02:13.4960195Z #2 [internal] load metadata for mcr.microsoft.com/appsvc/staticappsclient:stable
2025-11-25T02:02:13.5467381Z #2 DONE 0.2s
2025-11-25T02:02:13.6664999Z 
2025-11-25T02:02:13.6666567Z #3 [internal] load .dockerignore
2025-11-25T02:02:13.6670133Z #3 transferring context: 2B done
2025-11-25T02:02:13.6671742Z #3 DONE 0.0s
2025-11-25T02:02:13.6672373Z 
2025-11-25T02:02:13.6672837Z #4 [internal] load build context
2025-11-25T02:02:13.6674136Z #4 transferring context: 107B done
2025-11-25T02:02:13.6675623Z #4 DONE 0.0s
2025-11-25T02:02:13.6676415Z 
2025-11-25T02:02:13.6678497Z #5 [1/2] FROM mcr.microsoft.com/appsvc/staticappsclient:stable@sha256:3178a283e885dc45a0c7b4c6e9f728f0331ae7fb93de75db4181fa38651170f2
2025-11-25T02:02:13.6682189Z #5 resolve mcr.microsoft.com/appsvc/staticappsclient:stable@sha256:3178a283e885dc45a0c7b4c6e9f728f0331ae7fb93de75db4181fa38651170f2 done
2025-11-25T02:02:13.6685361Z #5 sha256:5d6e107a26c2ffb6e234f04132358dea70a691a64c1152f984d2f2ba0e218c58 1.05MB / 53.74MB 0.1s
2025-11-25T02:02:13.6687385Z #5 sha256:5ee26b7a209f9a26720207792b237af3e19c0efeed8695e1e630fcd0feef9230 0B / 54.75MB 0.1s
2025-11-25T02:02:13.6688775Z #5 sha256:3178a283e885dc45a0c7b4c6e9f728f0331ae7fb93de75db4181fa38651170f2 2.88kB / 2.88kB done
2025-11-25T02:02:13.6690172Z #5 sha256:1df8e0748f30e89b0c0477edfc706fc39242e1d6008433c0494113de267e7ca8 15.34kB / 15.34kB done
2025-11-25T02:02:13.6691951Z #5 sha256:2377065f3b700cf1b5e391d26c572c8b91892dd44acd75deebdab5e403b23175 0B / 15.56MB 0.1s
2025-11-25T02:02:13.8675730Z #5 sha256:5d6e107a26c2ffb6e234f04132358dea70a691a64c1152f984d2f2ba0e218c58 51.38MB / 53.74MB 0.3s
2025-11-25T02:02:13.8680944Z #5 sha256:5ee26b7a209f9a26720207792b237af3e19c0efeed8695e1e630fcd0feef9230 22.30MB / 54.75MB 0.3s
2025-11-25T02:02:13.8686290Z #5 sha256:2377065f3b700cf1b5e391d26c572c8b91892dd44acd75deebdab5e403b23175 15.56MB / 15.56MB 0.2s done
2025-11-25T02:02:13.8691150Z #5 sha256:41c7cd6fb37363fd1ec16dad3463ecc5820eda12c418a82b4849604252d29b88 0B / 197.07MB 0.3s
2025-11-25T02:02:13.9678027Z #5 sha256:5d6e107a26c2ffb6e234f04132358dea70a691a64c1152f984d2f2ba0e218c58 53.74MB / 53.74MB 0.3s done
2025-11-25T02:02:13.9684303Z #5 sha256:5ee26b7a209f9a26720207792b237af3e19c0efeed8695e1e630fcd0feef9230 50.33MB / 54.75MB 0.4s
2025-11-25T02:02:13.9703219Z #5 sha256:41c7cd6fb37363fd1ec16dad3463ecc5820eda12c418a82b4849604252d29b88 20.26MB / 197.07MB 0.4s
2025-11-25T02:02:13.9707519Z #5 extracting sha256:5d6e107a26c2ffb6e234f04132358dea70a691a64c1152f984d2f2ba0e218c58
2025-11-25T02:02:13.9712079Z #5 sha256:4f4fb700ef54461cfa02571ae0db9a0dc1e0cdb5577484a6d75e68dc38e8acc1 32B / 32B 0.4s done
2025-11-25T02:02:13.9716557Z #5 sha256:aede74d79976f9d1be608a1286cdb2ca61aad25185440263691db6a0880adadd 0B / 24.46MB 0.4s
2025-11-25T02:02:14.0782168Z #5 sha256:5ee26b7a209f9a26720207792b237af3e19c0efeed8695e1e630fcd0feef9230 54.75MB / 54.75MB 0.5s
2025-11-25T02:02:14.0787329Z #5 sha256:41c7cd6fb37363fd1ec16dad3463ecc5820eda12c418a82b4849604252d29b88 44.39MB / 197.07MB 0.5s
2025-11-25T02:02:14.0809948Z #5 sha256:aede74d79976f9d1be608a1286cdb2ca61aad25185440263691db6a0880adadd 12.58MB / 24.46MB 0.5s
2025-11-25T02:02:14.2667299Z #5 sha256:5ee26b7a209f9a26720207792b237af3e19c0efeed8695e1e630fcd0feef9230 54.75MB / 54.75MB 0.7s done
2025-11-25T02:02:14.2680769Z #5 sha256:41c7cd6fb37363fd1ec16dad3463ecc5820eda12c418a82b4849604252d29b88 61.10MB / 197.07MB 0.7s
2025-11-25T02:02:14.2687053Z #5 sha256:aede74d79976f9d1be608a1286cdb2ca61aad25185440263691db6a0880adadd 24.46MB / 24.46MB 0.7s done
2025-11-25T02:02:14.2700078Z #5 sha256:c279a6399750ee20e802fb2c47da034ccee5eb4f3b89087f32618f10e8af074a 0B / 1.56MB 0.7s
2025-11-25T02:02:14.2705017Z #5 sha256:ec0af1da0a0576de654092a28624c0565c6d854216944f18159460338af43293 0B / 72.99MB 0.7s
2025-11-25T02:02:14.3711123Z #5 sha256:41c7cd6fb37363fd1ec16dad3463ecc5820eda12c418a82b4849604252d29b88 80.74MB / 197.07MB 0.8s
2025-11-25T02:02:14.3717775Z #5 sha256:c279a6399750ee20e802fb2c47da034ccee5eb4f3b89087f32618f10e8af074a 1.56MB / 1.56MB 0.7s done
2025-11-25T02:02:14.3721381Z #5 sha256:ec0af1da0a0576de654092a28624c0565c6d854216944f18159460338af43293 13.63MB / 72.99MB 0.8s
2025-11-25T02:02:14.3725241Z #5 sha256:351447e6e3829fac25a761f87d07dc5bfc289f38908901d05fa53aaab54dbdcd 0B / 115.52kB 0.8s
2025-11-25T02:02:14.5826309Z #5 sha256:41c7cd6fb37363fd1ec16dad3463ecc5820eda12c418a82b4849604252d29b88 130.02MB / 197.07MB 1.0s
2025-11-25T02:02:14.5831008Z #5 sha256:ec0af1da0a0576de654092a28624c0565c6d854216944f18159460338af43293 58.72MB / 72.99MB 1.0s
2025-11-25T02:02:14.5832948Z #5 sha256:351447e6e3829fac25a761f87d07dc5bfc289f38908901d05fa53aaab54dbdcd 115.52kB / 115.52kB 0.8s done
2025-11-25T02:02:14.5834756Z #5 sha256:eec8099d3f58ba87e25216a07db18b5a0de40b6921ee61ea8ab9b4c29b53a12f 1.16MB / 1.16MB 0.9s done
2025-11-25T02:02:14.5836483Z #5 sha256:cddc70a1cccef26d55fcf9242759c41404c305acea0b4c3a30961c99846a0a55 637.94kB / 637.94kB 0.9s done
2025-11-25T02:02:14.5838087Z #5 sha256:36312d7930e0666f8cfc7940823ac101235e873b7cbb8b20d9481fd404095767 5.24MB / 35.20MB 1.0s
2025-11-25T02:02:14.7231913Z #5 sha256:41c7cd6fb37363fd1ec16dad3463ecc5820eda12c418a82b4849604252d29b88 152.04MB / 197.07MB 1.1s
2025-11-25T02:02:14.7236081Z #5 sha256:ec0af1da0a0576de654092a28624c0565c6d854216944f18159460338af43293 72.99MB / 72.99MB 1.1s
2025-11-25T02:02:14.7237709Z #5 sha256:36312d7930e0666f8cfc7940823ac101235e873b7cbb8b20d9481fd404095767 23.33MB / 35.20MB 1.1s
2025-11-25T02:02:14.8659880Z #5 sha256:41c7cd6fb37363fd1ec16dad3463ecc5820eda12c418a82b4849604252d29b88 180.36MB / 197.07MB 1.3s
2025-11-25T02:02:14.8663650Z #5 sha256:ec0af1da0a0576de654092a28624c0565c6d854216944f18159460338af43293 72.99MB / 72.99MB 1.2s done
2025-11-25T02:02:14.8665157Z #5 sha256:36312d7930e0666f8cfc7940823ac101235e873b7cbb8b20d9481fd404095767 35.20MB / 35.20MB 1.3s
2025-11-25T02:02:15.0180180Z #5 sha256:41c7cd6fb37363fd1ec16dad3463ecc5820eda12c418a82b4849604252d29b88 197.07MB / 197.07MB 1.4s
2025-11-25T02:02:15.0191784Z #5 sha256:36312d7930e0666f8cfc7940823ac101235e873b7cbb8b20d9481fd404095767 35.20MB / 35.20MB 1.3s done
2025-11-25T02:02:15.0194037Z #5 sha256:4a1fde1690fe113870084a3224c66554fc9cbd2310abb9593b0244ec21f4b76d 168B / 168B 1.4s done
2025-11-25T02:02:15.0196078Z #5 sha256:4836a863d60df9ca0cedad0eb5e729c4a7f755449fbfbd6d4ea6443e64c990e0 0B / 118.65MB 1.4s
2025-11-25T02:02:15.0197765Z #5 sha256:8023cb51985fccd3faa4be6340cdc75b72240277850569aa974767dda5176159 168B / 168B 1.4s done
2025-11-25T02:02:15.1653738Z #5 sha256:4836a863d60df9ca0cedad0eb5e729c4a7f755449fbfbd6d4ea6443e64c990e0 55.57MB / 118.65MB 1.6s
2025-11-25T02:02:15.2668327Z #5 sha256:4836a863d60df9ca0cedad0eb5e729c4a7f755449fbfbd6d4ea6443e64c990e0 84.93MB / 118.65MB 1.7s
2025-11-25T02:02:15.4646840Z #5 sha256:4836a863d60df9ca0cedad0eb5e729c4a7f755449fbfbd6d4ea6443e64c990e0 118.65MB / 118.65MB 1.9s
2025-11-25T02:02:16.0649441Z #5 sha256:41c7cd6fb37363fd1ec16dad3463ecc5820eda12c418a82b4849604252d29b88 197.07MB / 197.07MB 2.3s done
2025-11-25T02:02:16.4652067Z #5 sha256:4836a863d60df9ca0cedad0eb5e729c4a7f755449fbfbd6d4ea6443e64c990e0 118.65MB / 118.65MB 2.9s done
2025-11-25T02:02:17.4492478Z #5 extracting sha256:5d6e107a26c2ffb6e234f04132358dea70a691a64c1152f984d2f2ba0e218c58 3.5s done
2025-11-25T02:02:17.4495192Z #5 extracting sha256:2377065f3b700cf1b5e391d26c572c8b91892dd44acd75deebdab5e403b23175
2025-11-25T02:02:17.9195078Z #5 extracting sha256:2377065f3b700cf1b5e391d26c572c8b91892dd44acd75deebdab5e403b23175 0.3s done
2025-11-25T02:02:18.5007027Z #5 extracting sha256:5ee26b7a209f9a26720207792b237af3e19c0efeed8695e1e630fcd0feef9230
2025-11-25T02:02:20.2971930Z #5 extracting sha256:5ee26b7a209f9a26720207792b237af3e19c0efeed8695e1e630fcd0feef9230 1.6s done
2025-11-25T02:02:20.7974243Z #5 extracting sha256:41c7cd6fb37363fd1ec16dad3463ecc5820eda12c418a82b4849604252d29b88
2025-11-25T02:02:25.0827283Z #5 extracting sha256:41c7cd6fb37363fd1ec16dad3463ecc5820eda12c418a82b4849604252d29b88 4.3s done
2025-11-25T02:02:27.5684794Z #5 extracting sha256:4f4fb700ef54461cfa02571ae0db9a0dc1e0cdb5577484a6d75e68dc38e8acc1
2025-11-25T02:02:27.7001809Z #5 extracting sha256:4f4fb700ef54461cfa02571ae0db9a0dc1e0cdb5577484a6d75e68dc38e8acc1 done
2025-11-25T02:02:27.7002448Z #5 extracting sha256:aede74d79976f9d1be608a1286cdb2ca61aad25185440263691db6a0880adadd 0.1s
2025-11-25T02:02:28.3332068Z #5 extracting sha256:aede74d79976f9d1be608a1286cdb2ca61aad25185440263691db6a0880adadd 0.6s done
2025-11-25T02:02:28.3333231Z #5 extracting sha256:c279a6399750ee20e802fb2c47da034ccee5eb4f3b89087f32618f10e8af074a
2025-11-25T02:02:28.4391864Z #5 extracting sha256:c279a6399750ee20e802fb2c47da034ccee5eb4f3b89087f32618f10e8af074a 0.1s done
2025-11-25T02:02:28.4392934Z #5 extracting sha256:ec0af1da0a0576de654092a28624c0565c6d854216944f18159460338af43293
2025-11-25T02:02:29.6350270Z #5 extracting sha256:ec0af1da0a0576de654092a28624c0565c6d854216944f18159460338af43293 1.0s done
2025-11-25T02:02:30.1760232Z #5 extracting sha256:351447e6e3829fac25a761f87d07dc5bfc289f38908901d05fa53aaab54dbdcd
2025-11-25T02:02:30.2863306Z #5 extracting sha256:351447e6e3829fac25a761f87d07dc5bfc289f38908901d05fa53aaab54dbdcd done
2025-11-25T02:02:30.2865704Z #5 extracting sha256:eec8099d3f58ba87e25216a07db18b5a0de40b6921ee61ea8ab9b4c29b53a12f 0.0s done
2025-11-25T02:02:30.2866760Z #5 extracting sha256:cddc70a1cccef26d55fcf9242759c41404c305acea0b4c3a30961c99846a0a55 0.0s done
2025-11-25T02:02:30.4129425Z #5 extracting sha256:36312d7930e0666f8cfc7940823ac101235e873b7cbb8b20d9481fd404095767 0.1s
2025-11-25T02:02:30.8784914Z #5 extracting sha256:36312d7930e0666f8cfc7940823ac101235e873b7cbb8b20d9481fd404095767 0.5s done
2025-11-25T02:02:30.8786214Z #5 extracting sha256:4a1fde1690fe113870084a3224c66554fc9cbd2310abb9593b0244ec21f4b76d
2025-11-25T02:02:31.0196970Z #5 extracting sha256:4a1fde1690fe113870084a3224c66554fc9cbd2310abb9593b0244ec21f4b76d done
2025-11-25T02:02:31.0197950Z #5 extracting sha256:8023cb51985fccd3faa4be6340cdc75b72240277850569aa974767dda5176159 done
2025-11-25T02:02:34.0137338Z #5 extracting sha256:4836a863d60df9ca0cedad0eb5e729c4a7f755449fbfbd6d4ea6443e64c990e0 0.1s
2025-11-25T02:02:34.0138414Z #5 extracting sha256:4836a863d60df9ca0cedad0eb5e729c4a7f755449fbfbd6d4ea6443e64c990e0 3.0s done
2025-11-25T02:02:35.3298177Z #5 DONE 21.8s
2025-11-25T02:02:35.4962581Z 
2025-11-25T02:02:35.4963885Z #6 [2/2] COPY entrypoint.sh /entrypoint.sh
2025-11-25T02:02:35.4965081Z #6 DONE 0.0s
2025-11-25T02:02:35.4965937Z 
2025-11-25T02:02:35.4966793Z #7 exporting to image
2025-11-25T02:02:35.4967821Z #7 exporting layers
2025-11-25T02:02:36.1067703Z #7 exporting layers 0.8s done
2025-11-25T02:02:36.1241622Z #7 writing image sha256:bc48845efbc30e2523006acd3eb50f676808ad33ebf910c47582975188e4c3fe done
2025-11-25T02:02:36.1242933Z #7 naming to docker.io/library/c03382:d8692c4504304166b2d8e66a394abb12 done
2025-11-25T02:02:36.1252017Z #7 DONE 0.8s
2025-11-25T02:02:36.1301953Z ##[endgroup]
2025-11-25T02:02:36.1568692Z ##[group]Run actions/checkout@v3
2025-11-25T02:02:36.1569175Z with:
2025-11-25T02:02:36.1569373Z   submodules: false
2025-11-25T02:02:36.1569577Z   lfs: false
2025-11-25T02:02:36.1569906Z   sparse-checkout: *
!Vitrine-De-Craques-App/
!Vitrine-De-Craques-App-iOS/
!docs/

2025-11-25T02:02:36.1570299Z   sparse-checkout-cone-mode: false
2025-11-25T02:02:36.1570587Z   repository: aspepper/vitrine-de-craques-web-site
2025-11-25T02:02:36.1571020Z   token: ***
2025-11-25T02:02:36.1571356Z   ssh-strict: true
2025-11-25T02:02:36.1571563Z   persist-credentials: true
2025-11-25T02:02:36.1571780Z   clean: true
2025-11-25T02:02:36.1571964Z   fetch-depth: 1
2025-11-25T02:02:36.1572169Z   fetch-tags: false
2025-11-25T02:02:36.1572373Z   set-safe-directory: true
2025-11-25T02:02:36.1572759Z env:
2025-11-25T02:02:36.1573461Z   DATABASE_URL: ***
2025-11-25T02:02:36.1573768Z   NEXTAUTH_URL: ***
2025-11-25T02:02:36.1574056Z   NEXTAUTH_SECRET: ***
2025-11-25T02:02:36.1574259Z   AUTH_TRUST_HOST: true
2025-11-25T02:02:36.1574505Z ##[endgroup]
2025-11-25T02:02:36.2473677Z Syncing repository: aspepper/vitrine-de-craques-web-site
2025-11-25T02:02:36.2475780Z ##[group]Getting Git version info
2025-11-25T02:02:36.2476621Z Working directory is '/home/runner/work/vitrine-de-craques-web-site/vitrine-de-craques-web-site'
2025-11-25T02:02:36.2477786Z [command]/usr/bin/git version
2025-11-25T02:02:36.2484143Z git version 2.51.2
2025-11-25T02:02:36.2512211Z ##[endgroup]
2025-11-25T02:02:36.2526466Z Temporarily overriding HOME='/home/runner/work/_temp/8417cd43-6ed5-405b-9182-5e6ada134f27' before making global git config changes
2025-11-25T02:02:36.2528349Z Adding repository directory to the temporary git global config as a safe directory
2025-11-25T02:02:36.2532229Z [command]/usr/bin/git config --global --add safe.directory /home/runner/work/vitrine-de-craques-web-site/vitrine-de-craques-web-site
2025-11-25T02:02:36.2567038Z Deleting the contents of '/home/runner/work/vitrine-de-craques-web-site/vitrine-de-craques-web-site'
2025-11-25T02:02:36.2571433Z ##[group]Initializing the repository
2025-11-25T02:02:36.2574893Z [command]/usr/bin/git init /home/runner/work/vitrine-de-craques-web-site/vitrine-de-craques-web-site
2025-11-25T02:02:36.2666793Z hint: Using 'master' as the name for the initial branch. This default branch name
2025-11-25T02:02:36.2667992Z hint: is subject to change. To configure the initial branch name to use in all
2025-11-25T02:02:36.2669985Z hint: of your new repositories, which will suppress this warning, call:
2025-11-25T02:02:36.2670701Z hint:
2025-11-25T02:02:36.2674310Z hint: 	git config --global init.defaultBranch <name>
2025-11-25T02:02:36.2674869Z hint:
2025-11-25T02:02:36.2675566Z hint: Names commonly chosen instead of 'master' are 'main', 'trunk' and
2025-11-25T02:02:36.2676338Z hint: 'development'. The just-created branch can be renamed via this command:
2025-11-25T02:02:36.2676926Z hint:
2025-11-25T02:02:36.2677219Z hint: 	git branch -m <name>
2025-11-25T02:02:36.2677547Z hint:
2025-11-25T02:02:36.2678029Z hint: Disable this message with "git config set advice.defaultBranchName false"
2025-11-25T02:02:36.2679091Z Initialized empty Git repository in /home/runner/work/vitrine-de-craques-web-site/vitrine-de-craques-web-site/.git/
2025-11-25T02:02:36.2683191Z [command]/usr/bin/git remote add origin https://github.com/aspepper/vitrine-de-craques-web-site
2025-11-25T02:02:36.2713618Z ##[endgroup]
2025-11-25T02:02:36.2714401Z ##[group]Disabling automatic garbage collection
2025-11-25T02:02:36.2718242Z [command]/usr/bin/git config --local gc.auto 0
2025-11-25T02:02:36.2742730Z ##[endgroup]
2025-11-25T02:02:36.2743631Z ##[group]Setting up auth
2025-11-25T02:02:36.2748922Z [command]/usr/bin/git config --local --name-only --get-regexp core\.sshCommand
2025-11-25T02:02:36.2774505Z [command]/usr/bin/git submodule foreach --recursive sh -c "git config --local --name-only --get-regexp 'core\.sshCommand' && git config --local --unset-all 'core.sshCommand' || :"
2025-11-25T02:02:36.3051603Z [command]/usr/bin/git config --local --name-only --get-regexp http\.https\:\/\/github\.com\/\.extraheader
2025-11-25T02:02:36.3095952Z [command]/usr/bin/git submodule foreach --recursive sh -c "git config --local --name-only --get-regexp 'http\.https\:\/\/github\.com\/\.extraheader' && git config --local --unset-all 'http.https://github.com/.extraheader' || :"
2025-11-25T02:02:36.3267085Z [command]/usr/bin/git config --local http.https://github.com/.extraheader AUTHORIZATION: basic ***
2025-11-25T02:02:36.3296930Z ##[endgroup]
2025-11-25T02:02:36.3297625Z ##[group]Fetching the repository
2025-11-25T02:02:36.3305102Z [command]/usr/bin/git -c protocol.version=2 fetch --no-tags --prune --progress --no-recurse-submodules --filter=blob:none --depth=1 origin +f5d69e93c2871cfd1fc648c1f6cadfd3ec2ff1b1:refs/remotes/origin/main
2025-11-25T02:02:36.6723364Z remote: Enumerating objects: 202, done.        
2025-11-25T02:02:36.6729911Z remote: Counting objects:   0% (1/202)        
2025-11-25T02:02:36.6732414Z remote: Counting objects:   1% (3/202)        
2025-11-25T02:02:36.6732962Z remote: Counting objects:   2% (5/202)        
2025-11-25T02:02:36.6736702Z remote: Counting objects:   3% (7/202)        
2025-11-25T02:02:36.6737220Z remote: Counting objects:   4% (9/202)        
2025-11-25T02:02:36.6737711Z remote: Counting objects:   5% (11/202)        
2025-11-25T02:02:36.6738182Z remote: Counting objects:   6% (13/202)        
2025-11-25T02:02:36.6738688Z remote: Counting objects:   7% (15/202)        
2025-11-25T02:02:36.6739200Z remote: Counting objects:   8% (17/202)        
2025-11-25T02:02:36.6739700Z remote: Counting objects:   9% (19/202)        
2025-11-25T02:02:36.6740191Z remote: Counting objects:  10% (21/202)        
2025-11-25T02:02:36.6740706Z remote: Counting objects:  11% (23/202)        
2025-11-25T02:02:36.6741364Z remote: Counting objects:  12% (25/202)        
2025-11-25T02:02:36.6741941Z remote: Counting objects:  13% (27/202)        
2025-11-25T02:02:36.6742433Z remote: Counting objects:  14% (29/202)        
2025-11-25T02:02:36.6742927Z remote: Counting objects:  15% (31/202)        
2025-11-25T02:02:36.6743370Z remote: Counting objects:  16% (33/202)        
2025-11-25T02:02:36.6743857Z remote: Counting objects:  17% (35/202)        
2025-11-25T02:02:36.6744366Z remote: Counting objects:  18% (37/202)        
2025-11-25T02:02:36.6744896Z remote: Counting objects:  19% (39/202)        
2025-11-25T02:02:36.6745437Z remote: Counting objects:  20% (41/202)        
2025-11-25T02:02:36.6745986Z remote: Counting objects:  21% (43/202)        
2025-11-25T02:02:36.6746528Z remote: Counting objects:  22% (45/202)        
2025-11-25T02:02:36.6747024Z remote: Counting objects:  23% (47/202)        
2025-11-25T02:02:36.6747888Z remote: Counting objects:  24% (49/202)        
2025-11-25T02:02:36.6748405Z remote: Counting objects:  25% (51/202)        
2025-11-25T02:02:36.6748898Z remote: Counting objects:  26% (53/202)        
2025-11-25T02:02:36.6749393Z remote: Counting objects:  27% (55/202)        
2025-11-25T02:02:36.6749910Z remote: Counting objects:  28% (57/202)        
2025-11-25T02:02:36.6750390Z remote: Counting objects:  29% (59/202)        
2025-11-25T02:02:36.6750873Z remote: Counting objects:  30% (61/202)        
2025-11-25T02:02:36.6751577Z remote: Counting objects:  31% (63/202)        
2025-11-25T02:02:36.6752053Z remote: Counting objects:  32% (65/202)        
2025-11-25T02:02:36.6752590Z remote: Counting objects:  33% (67/202)        
2025-11-25T02:02:36.6753121Z remote: Counting objects:  34% (69/202)        
2025-11-25T02:02:36.6753568Z remote: Counting objects:  35% (71/202)        
2025-11-25T02:02:36.6754045Z remote: Counting objects:  36% (73/202)        
2025-11-25T02:02:36.6754518Z remote: Counting objects:  37% (75/202)        
2025-11-25T02:02:36.6754974Z remote: Counting objects:  38% (77/202)        
2025-11-25T02:02:36.6755434Z remote: Counting objects:  39% (79/202)        
2025-11-25T02:02:36.6755921Z remote: Counting objects:  40% (81/202)        
2025-11-25T02:02:36.6756694Z remote: Counting objects:  41% (83/202)        
2025-11-25T02:02:36.6757223Z remote: Counting objects:  42% (85/202)        
2025-11-25T02:02:36.6757712Z remote: Counting objects:  43% (87/202)        
2025-11-25T02:02:36.6758197Z remote: Counting objects:  44% (89/202)        
2025-11-25T02:02:36.6758680Z remote: Counting objects:  45% (91/202)        
2025-11-25T02:02:36.6759149Z remote: Counting objects:  46% (93/202)        
2025-11-25T02:02:36.6759597Z remote: Counting objects:  47% (95/202)        
2025-11-25T02:02:36.6760083Z remote: Counting objects:  48% (97/202)        
2025-11-25T02:02:36.6760565Z remote: Counting objects:  49% (99/202)        
2025-11-25T02:02:36.6761058Z remote: Counting objects:  50% (101/202)        
2025-11-25T02:02:36.6761829Z remote: Counting objects:  51% (104/202)        
2025-11-25T02:02:36.6762319Z remote: Counting objects:  52% (106/202)        
2025-11-25T02:02:36.6762811Z remote: Counting objects:  53% (108/202)        
2025-11-25T02:02:36.6763308Z remote: Counting objects:  54% (110/202)        
2025-11-25T02:02:36.6763842Z remote: Counting objects:  55% (112/202)        
2025-11-25T02:02:36.6764301Z remote: Counting objects:  56% (114/202)        
2025-11-25T02:02:36.6764763Z remote: Counting objects:  57% (116/202)        
2025-11-25T02:02:36.6765247Z remote: Counting objects:  58% (118/202)        
2025-11-25T02:02:36.6765736Z remote: Counting objects:  59% (120/202)        
2025-11-25T02:02:36.6766220Z remote: Counting objects:  60% (122/202)        
2025-11-25T02:02:36.6766710Z remote: Counting objects:  61% (124/202)        
2025-11-25T02:02:36.6767230Z remote: Counting objects:  62% (126/202)        
2025-11-25T02:02:36.6767732Z remote: Counting objects:  63% (128/202)        
2025-11-25T02:02:36.6768248Z remote: Counting objects:  64% (130/202)        
2025-11-25T02:02:36.6768743Z remote: Counting objects:  65% (132/202)        
2025-11-25T02:02:36.6769259Z remote: Counting objects:  66% (134/202)        
2025-11-25T02:02:36.6769771Z remote: Counting objects:  67% (136/202)        
2025-11-25T02:02:36.6770297Z remote: Counting objects:  68% (138/202)        
2025-11-25T02:02:36.6770825Z remote: Counting objects:  69% (140/202)        
2025-11-25T02:02:36.6777471Z remote: Counting objects:  70% (142/202)        
2025-11-25T02:02:36.6778014Z remote: Counting objects:  71% (144/202)        
2025-11-25T02:02:36.6778539Z remote: Counting objects:  72% (146/202)        
2025-11-25T02:02:36.6779075Z remote: Counting objects:  73% (148/202)        
2025-11-25T02:02:36.6779613Z remote: Counting objects:  74% (150/202)        
2025-11-25T02:02:36.6780131Z remote: Counting objects:  75% (152/202)        
2025-11-25T02:02:36.6780648Z remote: Counting objects:  76% (154/202)        
2025-11-25T02:02:36.6781621Z remote: Counting objects:  77% (156/202)        
2025-11-25T02:02:36.6782089Z remote: Counting objects:  78% (158/202)        
2025-11-25T02:02:36.6782592Z remote: Counting objects:  79% (160/202)        
2025-11-25T02:02:36.6783116Z remote: Counting objects:  80% (162/202)        
2025-11-25T02:02:36.6783704Z remote: Counting objects:  81% (164/202)        
2025-11-25T02:02:36.6784264Z remote: Counting objects:  82% (166/202)        
2025-11-25T02:02:36.6784837Z remote: Counting objects:  83% (168/202)        
2025-11-25T02:02:36.6785348Z remote: Counting objects:  84% (170/202)        
2025-11-25T02:02:36.6785878Z remote: Counting objects:  85% (172/202)        
2025-11-25T02:02:36.6786454Z remote: Counting objects:  86% (174/202)        
2025-11-25T02:02:36.6787035Z remote: Counting objects:  87% (176/202)        
2025-11-25T02:02:36.6787636Z remote: Counting objects:  88% (178/202)        
2025-11-25T02:02:36.6788200Z remote: Counting objects:  89% (180/202)        
2025-11-25T02:02:36.6788725Z remote: Counting objects:  90% (182/202)        
2025-11-25T02:02:36.6789239Z remote: Counting objects:  91% (184/202)        
2025-11-25T02:02:36.6789766Z remote: Counting objects:  92% (186/202)        
2025-11-25T02:02:36.6790275Z remote: Counting objects:  93% (188/202)        
2025-11-25T02:02:36.6791011Z remote: Counting objects:  94% (190/202)        
2025-11-25T02:02:36.6791786Z remote: Counting objects:  95% (192/202)        
2025-11-25T02:02:36.6792324Z remote: Counting objects:  96% (194/202)        
2025-11-25T02:02:36.6792845Z remote: Counting objects:  97% (196/202)        
2025-11-25T02:02:36.6793364Z remote: Counting objects:  98% (198/202)        
2025-11-25T02:02:36.6793911Z remote: Counting objects:  99% (200/202)        
2025-11-25T02:02:36.6794427Z remote: Counting objects: 100% (202/202)        
2025-11-25T02:02:36.6794988Z remote: Counting objects: 100% (202/202), done.        
2025-11-25T02:02:36.6795497Z remote: Compressing objects:   0% (1/111)        
2025-11-25T02:02:36.6796035Z remote: Compressing objects:   1% (2/111)        
2025-11-25T02:02:36.6796665Z remote: Compressing objects:   2% (3/111)        
2025-11-25T02:02:36.6797261Z remote: Compressing objects:   3% (4/111)        
2025-11-25T02:02:36.6797870Z remote: Compressing objects:   4% (5/111)        
2025-11-25T02:02:36.6798440Z remote: Compressing objects:   5% (6/111)        
2025-11-25T02:02:36.6798963Z remote: Compressing objects:   6% (7/111)        
2025-11-25T02:02:36.6799482Z remote: Compressing objects:   7% (8/111)        
2025-11-25T02:02:36.6800175Z remote: Compressing objects:   8% (9/111)        
2025-11-25T02:02:36.6800711Z remote: Compressing objects:   9% (10/111)        
2025-11-25T02:02:36.6801380Z remote: Compressing objects:  10% (12/111)        
2025-11-25T02:02:36.6801909Z remote: Compressing objects:  11% (13/111)        
2025-11-25T02:02:36.6802413Z remote: Compressing objects:  12% (14/111)        
2025-11-25T02:02:36.6802905Z remote: Compressing objects:  13% (15/111)        
2025-11-25T02:02:36.6803427Z remote: Compressing objects:  14% (16/111)        
2025-11-25T02:02:36.6803940Z remote: Compressing objects:  15% (17/111)        
2025-11-25T02:02:36.6804446Z remote: Compressing objects:  16% (18/111)        
2025-11-25T02:02:36.6804971Z remote: Compressing objects:  17% (19/111)        
2025-11-25T02:02:36.6805486Z remote: Compressing objects:  18% (20/111)        
2025-11-25T02:02:36.6806017Z remote: Compressing objects:  19% (22/111)        
2025-11-25T02:02:36.6806546Z remote: Compressing objects:  20% (23/111)        
2025-11-25T02:02:36.6807104Z remote: Compressing objects:  21% (24/111)        
2025-11-25T02:02:36.6807648Z remote: Compressing objects:  22% (25/111)        
2025-11-25T02:02:36.6808189Z remote: Compressing objects:  23% (26/111)        
2025-11-25T02:02:36.6808732Z remote: Compressing objects:  24% (27/111)        
2025-11-25T02:02:36.6809328Z remote: Compressing objects:  25% (28/111)        
2025-11-25T02:02:36.6809881Z remote: Compressing objects:  26% (29/111)        
2025-11-25T02:02:36.6810642Z remote: Compressing objects:  27% (30/111)        
2025-11-25T02:02:36.6811327Z remote: Compressing objects:  28% (32/111)        
2025-11-25T02:02:36.6811822Z remote: Compressing objects:  29% (33/111)        
2025-11-25T02:02:36.6812331Z remote: Compressing objects:  30% (34/111)        
2025-11-25T02:02:36.6812850Z remote: Compressing objects:  31% (35/111)        
2025-11-25T02:02:36.6813361Z remote: Compressing objects:  32% (36/111)        
2025-11-25T02:02:36.6813870Z remote: Compressing objects:  33% (37/111)        
2025-11-25T02:02:36.6814409Z remote: Compressing objects:  34% (38/111)        
2025-11-25T02:02:36.6815011Z remote: Compressing objects:  35% (39/111)        
2025-11-25T02:02:36.6815571Z remote: Compressing objects:  36% (40/111)        
2025-11-25T02:02:36.6816099Z remote: Compressing objects:  37% (42/111)        
2025-11-25T02:02:36.6816633Z remote: Compressing objects:  38% (43/111)        
2025-11-25T02:02:36.6817177Z remote: Compressing objects:  39% (44/111)        
2025-11-25T02:02:36.6817733Z remote: Compressing objects:  40% (45/111)        
2025-11-25T02:02:36.6818276Z remote: Compressing objects:  41% (46/111)        
2025-11-25T02:02:36.6818806Z remote: Compressing objects:  42% (47/111)        
2025-11-25T02:02:36.6819573Z remote: Compressing objects:  43% (48/111)        
2025-11-25T02:02:36.6820138Z remote: Compressing objects:  44% (49/111)        
2025-11-25T02:02:36.6820676Z remote: Compressing objects:  45% (50/111)        
2025-11-25T02:02:36.6829138Z remote: Compressing objects:  46% (52/111)        
2025-11-25T02:02:36.6829796Z remote: Compressing objects:  47% (53/111)        
2025-11-25T02:02:36.6830357Z remote: Compressing objects:  48% (54/111)        
2025-11-25T02:02:36.6830908Z remote: Compressing objects:  49% (55/111)        
2025-11-25T02:02:36.6831678Z remote: Compressing objects:  50% (56/111)        
2025-11-25T02:02:36.6832220Z remote: Compressing objects:  51% (57/111)        
2025-11-25T02:02:36.6832772Z remote: Compressing objects:  52% (58/111)        
2025-11-25T02:02:36.6833311Z remote: Compressing objects:  53% (59/111)        
2025-11-25T02:02:36.6833847Z remote: Compressing objects:  54% (60/111)        
2025-11-25T02:02:36.6834399Z remote: Compressing objects:  55% (62/111)        
2025-11-25T02:02:36.6834936Z remote: Compressing objects:  56% (63/111)        
2025-11-25T02:02:36.6835453Z remote: Compressing objects:  57% (64/111)        
2025-11-25T02:02:36.6835924Z remote: Compressing objects:  58% (65/111)        
2025-11-25T02:02:36.6836422Z remote: Compressing objects:  59% (66/111)        
2025-11-25T02:02:36.6836916Z remote: Compressing objects:  60% (67/111)        
2025-11-25T02:02:36.6837422Z remote: Compressing objects:  61% (68/111)        
2025-11-25T02:02:36.6837956Z remote: Compressing objects:  62% (69/111)        
2025-11-25T02:02:36.6838494Z remote: Compressing objects:  63% (70/111)        
2025-11-25T02:02:36.6839025Z remote: Compressing objects:  64% (72/111)        
2025-11-25T02:02:36.6839578Z remote: Compressing objects:  65% (73/111)        
2025-11-25T02:02:36.6840121Z remote: Compressing objects:  66% (74/111)        
2025-11-25T02:02:36.6840665Z remote: Compressing objects:  67% (75/111)        
2025-11-25T02:02:36.6841381Z remote: Compressing objects:  68% (76/111)        
2025-11-25T02:02:36.6841920Z remote: Compressing objects:  69% (77/111)        
2025-11-25T02:02:36.6842396Z remote: Compressing objects:  70% (78/111)        
2025-11-25T02:02:36.6842893Z remote: Compressing objects:  71% (79/111)        
2025-11-25T02:02:36.6843427Z remote: Compressing objects:  72% (80/111)        
2025-11-25T02:02:36.6843920Z remote: Compressing objects:  73% (82/111)        
2025-11-25T02:02:36.6844433Z remote: Compressing objects:  74% (83/111)        
2025-11-25T02:02:36.6844946Z remote: Compressing objects:  75% (84/111)        
2025-11-25T02:02:36.6845450Z remote: Compressing objects:  76% (85/111)        
2025-11-25T02:02:36.6846066Z remote: Compressing objects:  77% (86/111)        
2025-11-25T02:02:36.6846810Z remote: Compressing objects:  78% (87/111)        
2025-11-25T02:02:36.6847318Z remote: Compressing objects:  79% (88/111)        
2025-11-25T02:02:36.6847819Z remote: Compressing objects:  80% (89/111)        
2025-11-25T02:02:36.6848310Z remote: Compressing objects:  81% (90/111)        
2025-11-25T02:02:36.6848826Z remote: Compressing objects:  82% (92/111)        
2025-11-25T02:02:36.6849329Z remote: Compressing objects:  83% (93/111)        
2025-11-25T02:02:36.6849846Z remote: Compressing objects:  84% (94/111)        
2025-11-25T02:02:36.6850363Z remote: Compressing objects:  85% (95/111)        
2025-11-25T02:02:36.6850875Z remote: Compressing objects:  86% (96/111)        
2025-11-25T02:02:36.6851702Z remote: Compressing objects:  87% (97/111)        
2025-11-25T02:02:36.6852222Z remote: Compressing objects:  88% (98/111)        
2025-11-25T02:02:36.6852710Z remote: Compressing objects:  89% (99/111)        
2025-11-25T02:02:36.6853199Z remote: Compressing objects:  90% (100/111)        
2025-11-25T02:02:36.6853710Z remote: Compressing objects:  91% (102/111)        
2025-11-25T02:02:36.6854223Z remote: Compressing objects:  92% (103/111)        
2025-11-25T02:02:36.6854698Z remote: Compressing objects:  93% (104/111)        
2025-11-25T02:02:36.6855399Z remote: Compressing objects:  94% (105/111)        
2025-11-25T02:02:36.6855916Z remote: Compressing objects:  95% (106/111)        
2025-11-25T02:02:36.6856445Z remote: Compressing objects:  96% (107/111)        
2025-11-25T02:02:36.6856969Z remote: Compressing objects:  97% (108/111)        
2025-11-25T02:02:36.6857510Z remote: Compressing objects:  98% (109/111)        
2025-11-25T02:02:36.6858047Z remote: Compressing objects:  99% (110/111)        
2025-11-25T02:02:36.6858590Z remote: Compressing objects: 100% (111/111)        
2025-11-25T02:02:36.6859200Z remote: Compressing objects: 100% (111/111), done.        
2025-11-25T02:02:36.7135801Z Receiving objects:   0% (1/202)
2025-11-25T02:02:36.7137961Z Receiving objects:   1% (3/202)
2025-11-25T02:02:36.7138414Z Receiving objects:   2% (5/202)
2025-11-25T02:02:36.7138834Z Receiving objects:   3% (7/202)
2025-11-25T02:02:36.7139255Z Receiving objects:   4% (9/202)
2025-11-25T02:02:36.7139687Z Receiving objects:   5% (11/202)
2025-11-25T02:02:36.7140118Z Receiving objects:   6% (13/202)
2025-11-25T02:02:36.7140553Z Receiving objects:   7% (15/202)
2025-11-25T02:02:36.7140973Z Receiving objects:   8% (17/202)
2025-11-25T02:02:36.7141563Z Receiving objects:   9% (19/202)
2025-11-25T02:02:36.7141990Z Receiving objects:  10% (21/202)
2025-11-25T02:02:36.7142399Z Receiving objects:  11% (23/202)
2025-11-25T02:02:36.7142810Z Receiving objects:  12% (25/202)
2025-11-25T02:02:36.7143230Z Receiving objects:  13% (27/202)
2025-11-25T02:02:36.7143656Z Receiving objects:  14% (29/202)
2025-11-25T02:02:36.7144080Z Receiving objects:  15% (31/202)
2025-11-25T02:02:36.7144509Z Receiving objects:  16% (33/202)
2025-11-25T02:02:36.7144932Z Receiving objects:  17% (35/202)
2025-11-25T02:02:36.7145358Z Receiving objects:  18% (37/202)
2025-11-25T02:02:36.7145767Z Receiving objects:  19% (39/202)
2025-11-25T02:02:36.7146179Z Receiving objects:  20% (41/202)
2025-11-25T02:02:36.7146609Z Receiving objects:  21% (43/202)
2025-11-25T02:02:36.7147081Z Receiving objects:  22% (45/202)
2025-11-25T02:02:36.7147538Z Receiving objects:  23% (47/202)
2025-11-25T02:02:36.7147949Z Receiving objects:  24% (49/202)
2025-11-25T02:02:36.7225351Z Receiving objects:  25% (51/202)
2025-11-25T02:02:36.7233997Z Receiving objects:  26% (53/202)
2025-11-25T02:02:36.7234497Z Receiving objects:  27% (55/202)
2025-11-25T02:02:36.7234926Z Receiving objects:  28% (57/202)
2025-11-25T02:02:36.7235344Z Receiving objects:  29% (59/202)
2025-11-25T02:02:36.7235768Z Receiving objects:  30% (61/202)
2025-11-25T02:02:36.7236204Z Receiving objects:  31% (63/202)
2025-11-25T02:02:36.7236598Z Receiving objects:  32% (65/202)
2025-11-25T02:02:36.7236999Z Receiving objects:  33% (67/202)
2025-11-25T02:02:36.7237399Z Receiving objects:  34% (69/202)
2025-11-25T02:02:36.7238037Z Receiving objects:  35% (71/202)
2025-11-25T02:02:36.7238412Z Receiving objects:  36% (73/202)
2025-11-25T02:02:36.7238794Z Receiving objects:  37% (75/202)
2025-11-25T02:02:36.7239175Z Receiving objects:  38% (77/202)
2025-11-25T02:02:36.7239553Z Receiving objects:  39% (79/202)
2025-11-25T02:02:36.7239936Z Receiving objects:  40% (81/202)
2025-11-25T02:02:36.7240328Z Receiving objects:  41% (83/202)
2025-11-25T02:02:36.7240715Z Receiving objects:  42% (85/202)
2025-11-25T02:02:36.7241122Z Receiving objects:  43% (87/202)
2025-11-25T02:02:36.7241717Z Receiving objects:  44% (89/202)
2025-11-25T02:02:36.7242118Z Receiving objects:  45% (91/202)
2025-11-25T02:02:36.7242520Z Receiving objects:  46% (93/202)
2025-11-25T02:02:36.7242915Z Receiving objects:  47% (95/202)
2025-11-25T02:02:36.7243313Z Receiving objects:  48% (97/202)
2025-11-25T02:02:36.7243709Z Receiving objects:  49% (99/202)
2025-11-25T02:02:36.7244124Z Receiving objects:  50% (101/202)
2025-11-25T02:02:36.7244536Z Receiving objects:  51% (104/202)
2025-11-25T02:02:36.7244922Z Receiving objects:  52% (106/202)
2025-11-25T02:02:36.7245341Z Receiving objects:  53% (108/202)
2025-11-25T02:02:36.7245751Z Receiving objects:  54% (110/202)
2025-11-25T02:02:36.7246160Z Receiving objects:  55% (112/202)
2025-11-25T02:02:36.7246792Z Receiving objects:  56% (114/202)
2025-11-25T02:02:36.7247219Z Receiving objects:  57% (116/202)
2025-11-25T02:02:36.7247649Z Receiving objects:  58% (118/202)
2025-11-25T02:02:36.7248063Z Receiving objects:  59% (120/202)
2025-11-25T02:02:36.7248453Z Receiving objects:  60% (122/202)
2025-11-25T02:02:36.7248828Z Receiving objects:  61% (124/202)
2025-11-25T02:02:36.7249219Z Receiving objects:  62% (126/202)
2025-11-25T02:02:36.7249598Z Receiving objects:  63% (128/202)
2025-11-25T02:02:36.7249993Z Receiving objects:  64% (130/202)
2025-11-25T02:02:36.7250380Z Receiving objects:  65% (132/202)
2025-11-25T02:02:36.7250783Z Receiving objects:  66% (134/202)
2025-11-25T02:02:36.7251428Z Receiving objects:  67% (136/202)
2025-11-25T02:02:36.7251855Z Receiving objects:  68% (138/202)
2025-11-25T02:02:36.7252268Z Receiving objects:  69% (140/202)
2025-11-25T02:02:36.7252679Z Receiving objects:  70% (142/202)
2025-11-25T02:02:36.7253087Z Receiving objects:  71% (144/202)
2025-11-25T02:02:36.7253494Z Receiving objects:  72% (146/202)
2025-11-25T02:02:36.7253966Z Receiving objects:  73% (148/202)
2025-11-25T02:02:36.7254510Z Receiving objects:  74% (150/202)
2025-11-25T02:02:36.7254886Z Receiving objects:  75% (152/202)
2025-11-25T02:02:36.7255308Z Receiving objects:  76% (154/202)
2025-11-25T02:02:36.7255708Z Receiving objects:  77% (156/202)
2025-11-25T02:02:36.7256108Z Receiving objects:  78% (158/202)
2025-11-25T02:02:36.7256507Z Receiving objects:  79% (160/202)
2025-11-25T02:02:36.7256879Z Receiving objects:  80% (162/202)
2025-11-25T02:02:36.7257267Z Receiving objects:  81% (164/202)
2025-11-25T02:02:36.7257672Z Receiving objects:  82% (166/202)
2025-11-25T02:02:36.7258077Z Receiving objects:  83% (168/202)
2025-11-25T02:02:36.7300661Z Receiving objects:  84% (170/202)
2025-11-25T02:02:36.7301628Z remote: Total 202 (delta 0), reused 143 (delta 0), pack-reused 0 (from 0)        
2025-11-25T02:02:36.7302291Z Receiving objects:  85% (172/202)
2025-11-25T02:02:36.7302727Z Receiving objects:  86% (174/202)
2025-11-25T02:02:36.7303167Z Receiving objects:  87% (176/202)
2025-11-25T02:02:36.7303610Z Receiving objects:  88% (178/202)
2025-11-25T02:02:36.7304038Z Receiving objects:  89% (180/202)
2025-11-25T02:02:36.7304469Z Receiving objects:  90% (182/202)
2025-11-25T02:02:36.7304893Z Receiving objects:  91% (184/202)
2025-11-25T02:02:36.7305328Z Receiving objects:  92% (186/202)
2025-11-25T02:02:36.7305751Z Receiving objects:  93% (188/202)
2025-11-25T02:02:36.7306187Z Receiving objects:  94% (190/202)
2025-11-25T02:02:36.7306627Z Receiving objects:  95% (192/202)
2025-11-25T02:02:36.7307064Z Receiving objects:  96% (194/202)
2025-11-25T02:02:36.7307493Z Receiving objects:  97% (196/202)
2025-11-25T02:02:36.7308188Z Receiving objects:  98% (198/202)
2025-11-25T02:02:36.7308616Z Receiving objects:  99% (200/202)
2025-11-25T02:02:36.7309051Z Receiving objects: 100% (202/202)
2025-11-25T02:02:36.7309693Z Receiving objects: 100% (202/202), 33.00 KiB | 1.94 MiB/s, done.
2025-11-25T02:02:36.7336763Z From https://github.com/aspepper/vitrine-de-craques-web-site
2025-11-25T02:02:36.7338125Z  * [new ref]         f5d69e93c2871cfd1fc648c1f6cadfd3ec2ff1b1 -> origin/main
2025-11-25T02:02:36.7375652Z ##[endgroup]
2025-11-25T02:02:36.7376354Z ##[group]Determining the checkout info
2025-11-25T02:02:36.7378359Z ##[endgroup]
2025-11-25T02:02:36.7379523Z ##[group]Setting up sparse checkout
2025-11-25T02:02:36.7384831Z [command]/usr/bin/git config core.sparseCheckout true
2025-11-25T02:02:36.7426441Z [command]/usr/bin/git rev-parse --git-path info/sparse-checkout
2025-11-25T02:02:36.7450329Z .git/info/sparse-checkout
2025-11-25T02:02:36.7462107Z ##[endgroup]
2025-11-25T02:02:36.7462903Z ##[group]Checking out the ref
2025-11-25T02:02:36.7467629Z [command]/usr/bin/git checkout --progress --force -B main refs/remotes/origin/main
2025-11-25T02:02:47.4784323Z Updating files:   0% (1/679)
2025-11-25T02:02:47.4786879Z Updating files:   1% (7/679)
2025-11-25T02:02:47.4790596Z Updating files:   2% (14/679)
2025-11-25T02:02:47.4795529Z Updating files:   3% (21/679)
2025-11-25T02:02:47.4800784Z Updating files:   4% (28/679)
2025-11-25T02:02:47.4803093Z Updating files:   5% (34/679)
2025-11-25T02:02:47.4807729Z Updating files:   6% (41/679)
2025-11-25T02:02:47.4815215Z Updating files:   7% (48/679)
2025-11-25T02:02:47.4819699Z Updating files:   8% (55/679)
2025-11-25T02:02:47.4822235Z Updating files:   9% (62/679)
2025-11-25T02:02:47.4823815Z Updating files:  10% (68/679)
2025-11-25T02:02:47.4826765Z Updating files:  11% (75/679)
2025-11-25T02:02:47.4828126Z Updating files:  12% (82/679)
2025-11-25T02:02:47.4831388Z Updating files:  13% (89/679)
2025-11-25T02:02:47.4856949Z Updating files:  14% (96/679)
2025-11-25T02:02:47.4860650Z Updating files:  15% (102/679)
2025-11-25T02:02:47.4866811Z Updating files:  16% (109/679)
2025-11-25T02:02:47.4871004Z Updating files:  17% (116/679)
2025-11-25T02:02:47.4876998Z Updating files:  18% (123/679)
2025-11-25T02:02:47.4882256Z Updating files:  19% (130/679)
2025-11-25T02:02:47.4886148Z Updating files:  20% (136/679)
2025-11-25T02:02:47.4889939Z Updating files:  21% (143/679)
2025-11-25T02:02:47.4894447Z Updating files:  22% (150/679)
2025-11-25T02:02:47.4898315Z Updating files:  23% (157/679)
2025-11-25T02:02:47.4902177Z Updating files:  24% (163/679)
2025-11-25T02:02:47.4906027Z Updating files:  25% (170/679)
2025-11-25T02:02:47.4910475Z Updating files:  26% (177/679)
2025-11-25T02:02:47.4916423Z Updating files:  27% (184/679)
2025-11-25T02:02:47.4921524Z Updating files:  28% (191/679)
2025-11-25T02:02:47.4926670Z Updating files:  29% (197/679)
2025-11-25T02:02:47.4943328Z Updating files:  30% (204/679)
2025-11-25T02:02:47.4944021Z Updating files:  31% (211/679)
2025-11-25T02:02:47.4949335Z Updating files:  32% (218/679)
2025-11-25T02:02:47.4955121Z Updating files:  33% (225/679)
2025-11-25T02:02:47.4958362Z Updating files:  34% (231/679)
2025-11-25T02:02:47.4966318Z Updating files:  35% (238/679)
2025-11-25T02:02:47.4973555Z Updating files:  36% (245/679)
2025-11-25T02:02:47.4993018Z Updating files:  37% (252/679)
2025-11-25T02:02:47.4994245Z Updating files:  38% (259/679)
2025-11-25T02:02:47.5043711Z Updating files:  39% (265/679)
2025-11-25T02:02:47.5308488Z Updating files:  40% (272/679)
2025-11-25T02:02:47.5320545Z Updating files:  41% (279/679)
2025-11-25T02:02:47.6588526Z Updating files:  42% (286/679)
2025-11-25T02:02:47.6793245Z Updating files:  43% (292/679)
2025-11-25T02:02:47.6925566Z Updating files:  44% (299/679)
2025-11-25T02:02:47.7261550Z Updating files:  45% (306/679)
2025-11-25T02:02:47.7553319Z Updating files:  46% (313/679)
2025-11-25T02:02:47.7769477Z Updating files:  47% (320/679)
2025-11-25T02:02:47.7869516Z Updating files:  48% (326/679)
2025-11-25T02:02:47.7927078Z Updating files:  49% (333/679)
2025-11-25T02:02:47.7972445Z Updating files:  50% (340/679)
2025-11-25T02:02:47.8077041Z Updating files:  51% (347/679)
2025-11-25T02:02:47.8218899Z Updating files:  52% (354/679)
2025-11-25T02:02:47.8241650Z Updating files:  53% (360/679)
2025-11-25T02:02:47.8251568Z Updating files:  54% (367/679)
2025-11-25T02:02:47.8888833Z Updating files:  55% (374/679)
2025-11-25T02:02:47.9954071Z Updating files:  56% (381/679)
2025-11-25T02:02:48.0083514Z Updating files:  57% (388/679)
2025-11-25T02:02:48.0234135Z Updating files:  58% (394/679)
2025-11-25T02:02:48.0603031Z Updating files:  59% (401/679)
2025-11-25T02:02:48.0652700Z Updating files:  60% (408/679)
2025-11-25T02:02:48.0654780Z Updating files:  61% (415/679)
2025-11-25T02:02:48.0683907Z Updating files:  62% (421/679)
2025-11-25T02:02:48.0874033Z Updating files:  63% (428/679)
2025-11-25T02:02:48.1130560Z Updating files:  64% (435/679)
2025-11-25T02:02:48.1133188Z Updating files:  65% (442/679)
2025-11-25T02:02:48.1136511Z Updating files:  66% (449/679)
2025-11-25T02:02:48.1214134Z Updating files:  67% (455/679)
2025-11-25T02:02:48.1293166Z Updating files:  68% (462/679)
2025-11-25T02:02:48.1294061Z Updating files:  69% (469/679)
2025-11-25T02:02:48.1296211Z Updating files:  70% (476/679)
2025-11-25T02:02:48.1316763Z Updating files:  71% (483/679)
2025-11-25T02:02:48.1372573Z Updating files:  72% (489/679)
2025-11-25T02:02:48.1479571Z Updating files:  73% (496/679)
2025-11-25T02:02:48.1633404Z Updating files:  74% (503/679)
2025-11-25T02:02:48.1728757Z Updating files:  75% (510/679)
2025-11-25T02:02:48.1745328Z Updating files:  76% (517/679)
2025-11-25T02:02:48.1761588Z Updating files:  77% (523/679)
2025-11-25T02:02:48.1776873Z Updating files:  78% (530/679)
2025-11-25T02:02:48.1797234Z Updating files:  79% (537/679)
2025-11-25T02:02:48.1812387Z Updating files:  80% (544/679)
2025-11-25T02:02:48.1830312Z Updating files:  81% (550/679)
2025-11-25T02:02:48.1836136Z Updating files:  82% (557/679)
2025-11-25T02:02:48.1838552Z Updating files:  83% (564/679)
2025-11-25T02:02:48.1841434Z Updating files:  84% (571/679)
2025-11-25T02:02:48.1849786Z Updating files:  85% (578/679)
2025-11-25T02:02:48.1865539Z Updating files:  86% (584/679)
2025-11-25T02:02:48.1869553Z Updating files:  87% (591/679)
2025-11-25T02:02:48.1874342Z Updating files:  88% (598/679)
2025-11-25T02:02:48.1876625Z Updating files:  89% (605/679)
2025-11-25T02:02:48.1879383Z Updating files:  90% (612/679)
2025-11-25T02:02:48.1881683Z Updating files:  91% (618/679)
2025-11-25T02:02:48.1882931Z Updating files:  92% (625/679)
2025-11-25T02:02:48.1884576Z Updating files:  93% (632/679)
2025-11-25T02:02:48.1887571Z Updating files:  94% (639/679)
2025-11-25T02:02:48.1889468Z Updating files:  95% (646/679)
2025-11-25T02:02:48.2637230Z Updating files:  96% (652/679)
2025-11-25T02:02:48.2743742Z Updating files:  97% (659/679)
2025-11-25T02:02:48.2746527Z Updating files:  98% (666/679)
2025-11-25T02:02:48.2748849Z Updating files:  99% (673/679)
2025-11-25T02:02:48.2749493Z Updating files: 100% (679/679)
2025-11-25T02:02:48.2750138Z Updating files: 100% (679/679), done.
2025-11-25T02:02:48.2768595Z Switched to a new branch 'main'
2025-11-25T02:02:48.2772487Z branch 'main' set up to track 'origin/main'.
2025-11-25T02:02:48.2823839Z ##[endgroup]
2025-11-25T02:02:48.2870488Z [command]/usr/bin/git log -1 --format='%H'
2025-11-25T02:02:48.2881769Z 'f5d69e93c2871cfd1fc648c1f6cadfd3ec2ff1b1'
2025-11-25T02:02:48.3058796Z ##[group]Run actions/setup-node@v4
2025-11-25T02:02:48.3059049Z with:
2025-11-25T02:02:48.3059223Z   node-version: 20
2025-11-25T02:02:48.3059414Z   cache: npm
2025-11-25T02:02:48.3059595Z   always-auth: false
2025-11-25T02:02:48.3059796Z   check-latest: false
2025-11-25T02:02:48.3060126Z   token: ***
2025-11-25T02:02:48.3060299Z env:
2025-11-25T02:02:48.3060942Z   DATABASE_URL: ***
2025-11-25T02:02:48.3061390Z   NEXTAUTH_URL: ***
2025-11-25T02:02:48.3061683Z   NEXTAUTH_SECRET: ***
2025-11-25T02:02:48.3061892Z   AUTH_TRUST_HOST: true
2025-11-25T02:02:48.3062092Z ##[endgroup]
2025-11-25T02:02:48.4753376Z Found in cache @ /opt/hostedtoolcache/node/20.19.5/x64
2025-11-25T02:02:48.4759375Z ##[group]Environment details
2025-11-25T02:02:48.9651001Z node: v20.19.5
2025-11-25T02:02:48.9659281Z npm: 10.8.2
2025-11-25T02:02:48.9659566Z yarn: 1.22.22
2025-11-25T02:02:48.9660685Z ##[endgroup]
2025-11-25T02:02:48.9674199Z [command]/opt/hostedtoolcache/node/20.19.5/x64/bin/npm config get cache
2025-11-25T02:02:49.0749199Z /home/runner/.npm
2025-11-25T02:02:49.3836816Z Cache hit for: node-cache-Linux-x64-npm-6574f81d381dd57c6cba17200816d822ae309cedcb08a1b37f655a2f539a3200
2025-11-25T02:02:50.6877045Z Received 33554432 of 257897609 (13.0%), 32.0 MBs/sec
2025-11-25T02:02:51.6952313Z Received 167772160 of 257897609 (65.1%), 80.0 MBs/sec
2025-11-25T02:02:52.1567771Z Received 257897609 of 257897609 (100.0%), 99.6 MBs/sec
2025-11-25T02:02:52.1570063Z Cache Size: ~246 MB (257897609 B)
2025-11-25T02:02:52.1603679Z [command]/usr/bin/tar -xf /home/runner/work/_temp/f8e29cfe-e672-4ea4-b4ce-c26f6ce63ced/cache.tzst -P -C /home/runner/work/vitrine-de-craques-web-site/vitrine-de-craques-web-site --use-compress-program unzstd
2025-11-25T02:02:52.9978539Z Cache restored successfully
2025-11-25T02:02:53.0273406Z Cache restored from key: node-cache-Linux-x64-npm-6574f81d381dd57c6cba17200816d822ae309cedcb08a1b37f655a2f539a3200
2025-11-25T02:02:53.0407965Z ##[group]Run npm ci
2025-11-25T02:02:53.0408267Z [36;1mnpm ci[0m
2025-11-25T02:02:53.0827402Z shell: /usr/bin/bash -e {0}
2025-11-25T02:02:53.0827683Z env:
2025-11-25T02:02:53.0828564Z   DATABASE_URL: ***
2025-11-25T02:02:53.0828883Z   NEXTAUTH_URL: ***
2025-11-25T02:02:53.0829183Z   NEXTAUTH_SECRET: ***
2025-11-25T02:02:53.0829394Z   AUTH_TRUST_HOST: true
2025-11-25T02:02:53.0829607Z ##[endgroup]
2025-11-25T02:03:01.5907869Z npm warn deprecated inflight@1.0.6: This module is not supported, and leaks memory. Do not use it. Check out lru-cache if you want a good and tested way to coalesce async requests by a key value, which is much more comprehensive and powerful.
2025-11-25T02:03:01.8063014Z npm warn deprecated @humanwhocodes/config-array@0.13.0: Use @eslint/config-array instead
2025-11-25T02:03:01.8254441Z npm warn deprecated rimraf@3.0.2: Rimraf versions prior to v4 are no longer supported
2025-11-25T02:03:01.9988110Z npm warn deprecated @humanwhocodes/object-schema@2.0.3: Use @eslint/object-schema instead
2025-11-25T02:03:02.0159598Z npm warn deprecated glob@7.2.3: Glob versions prior to v9 are no longer supported
2025-11-25T02:03:05.0932945Z npm warn deprecated eslint@8.57.1: This version is no longer supported. Please see https://eslint.org/version-support for other options.
2025-11-25T02:03:09.5394473Z npm warn deprecated fluent-ffmpeg@2.1.3: Package no longer supported. Contact Support at https://www.npmjs.com/support for more info.
2025-11-25T02:03:19.5045522Z 
2025-11-25T02:03:19.5048836Z > vitrine-de-craques-web-site@0.1.0 postinstall
2025-11-25T02:03:19.5049453Z > npx prisma generate
2025-11-25T02:03:19.5050036Z 
2025-11-25T02:03:20.7587066Z Prisma schema loaded from prisma/schema.prisma
2025-11-25T02:03:21.6838260Z ┌─────────────────────────────────────────────────────────┐
2025-11-25T02:03:21.6842562Z │  Update available 6.16.2 -> 7.0.0                       │
2025-11-25T02:03:21.6843037Z 
2025-11-25T02:03:21.6843793Z │                                                         │
2025-11-25T02:03:21.6844853Z │  This is a major update - please follow the guide at    │
2025-11-25T02:03:21.6846026Z │  https://pris.ly/d/major-version-upgrade                │
2025-11-25T02:03:21.6846928Z │                                                         │
2025-11-25T02:03:21.6849746Z │  Run the following to update                            │
2025-11-25T02:03:21.6850548Z │    npm i --save-dev prisma@latest                       │
2025-11-25T02:03:21.6851545Z │    npm i @prisma/client@latest                          │
2025-11-25T02:03:21.6852412Z └─────────────────────────────────────────────────────────┘
2025-11-25T02:03:21.6853480Z ✔ Generated Prisma Client (v6.16.2) to ./node_modules/@prisma/client in 378ms
2025-11-25T02:03:21.6854346Z 
2025-11-25T02:03:21.6854918Z Start by importing your Prisma Client (See: https://pris.ly/d/importing-client)
2025-11-25T02:03:21.6855481Z 
2025-11-25T02:03:21.6856316Z Tip: Interested in query caching in just a few lines of code? Try Accelerate today! https://pris.ly/tip-3-accelerate
2025-11-25T02:03:21.6857056Z 
2025-11-25T02:03:21.7069398Z 
2025-11-25T02:03:21.7071139Z > vitrine-de-craques-web-site@0.1.0 prepare
2025-11-25T02:03:21.7076314Z > husky install
2025-11-25T02:03:21.7167531Z 
2025-11-25T02:03:21.7559412Z husky - Git hooks installed
2025-11-25T02:03:21.7726542Z 
2025-11-25T02:03:21.7728474Z added 873 packages, and audited 874 packages in 29s
2025-11-25T02:03:21.7733058Z 
2025-11-25T02:03:21.7733459Z 195 packages are looking for funding
2025-11-25T02:03:21.7733984Z   run `npm fund` for details
2025-11-25T02:03:21.8245322Z 
2025-11-25T02:03:21.8247014Z 6 vulnerabilities (3 low, 3 high)
2025-11-25T02:03:21.8247574Z 
2025-11-25T02:03:21.8248799Z To address issues that do not require attention, run:
2025-11-25T02:03:21.8250106Z   npm audit fix
2025-11-25T02:03:21.8250317Z 
2025-11-25T02:03:21.8250623Z To address all issues (including breaking changes), run:
2025-11-25T02:03:21.8251147Z   npm audit fix --force
2025-11-25T02:03:21.8251571Z 
2025-11-25T02:03:21.8252175Z Run `npm audit` for details.
2025-11-25T02:03:21.8808660Z ##[group]Run npm run build
2025-11-25T02:03:21.8808941Z [36;1mnpm run build[0m
2025-11-25T02:03:21.8862014Z shell: /usr/bin/bash -e {0}
2025-11-25T02:03:21.8862280Z env:
2025-11-25T02:03:21.8863095Z   DATABASE_URL: ***
2025-11-25T02:03:21.8863432Z   NEXTAUTH_URL: ***
2025-11-25T02:03:21.8863756Z   NEXTAUTH_SECRET: ***
2025-11-25T02:03:21.8863976Z   AUTH_TRUST_HOST: true
2025-11-25T02:03:21.8864191Z ##[endgroup]
2025-11-25T02:03:21.9901442Z 
2025-11-25T02:03:21.9903423Z > vitrine-de-craques-web-site@0.1.0 build
2025-11-25T02:03:21.9904107Z > npx prisma generate && next build
2025-11-25T02:03:21.9904421Z 
2025-11-25T02:03:23.2920464Z Prisma schema loaded from prisma/schema.prisma
2025-11-25T02:03:24.2090622Z 
2025-11-25T02:03:24.2092192Z ✔ Generated Prisma Client (v6.16.2) to ./node_modules/@prisma/client in 360ms
2025-11-25T02:03:24.2092742Z 
2025-11-25T02:03:24.2093296Z Start by importing your Prisma Client (See: https://pris.ly/d/importing-client)
2025-11-25T02:03:24.2093862Z 
2025-11-25T02:03:24.2094429Z Tip: Want to turn off tips and other hints? https://pris.ly/tip-4-nohints
2025-11-25T02:03:24.2094885Z 
2025-11-25T02:03:24.6997990Z ⚠ No build cache found. Please configure build caching for faster rebuilds. Read more: https://nextjs.org/docs/messages/no-cache
2025-11-25T02:03:24.7064862Z Attention: Next.js now collects completely anonymous telemetry regarding usage.
2025-11-25T02:03:24.7067733Z This information is used to shape Next.js' roadmap and prioritize features.
2025-11-25T02:03:24.7070782Z You can learn more, including how to opt-out if you'd not like to participate in this anonymous program, by visiting the following URL:
2025-11-25T02:03:24.7073733Z https://nextjs.org/telemetry
2025-11-25T02:03:24.7075632Z 
2025-11-25T02:03:24.7636792Z   ▲ Next.js 14.2.33
2025-11-25T02:03:24.7637107Z 
2025-11-25T02:03:24.8207180Z    Creating an optimized production build ...
2025-11-25T02:04:00.2438941Z  ⚠ Compiled with warnings
2025-11-25T02:04:00.2439966Z 
2025-11-25T02:04:00.2440328Z ./node_modules/@ffmpeg-installer/ffmpeg/index.js
2025-11-25T02:04:00.2441028Z Critical dependency: the request of a dependency is an expression
2025-11-25T02:04:00.2441549Z 
2025-11-25T02:04:00.2441755Z Import trace for requested module:
2025-11-25T02:04:00.2442413Z ./node_modules/@ffmpeg-installer/ffmpeg/index.js
2025-11-25T02:04:00.2442884Z ./app/api/videos/route.ts
2025-11-25T02:04:00.2443107Z 
2025-11-25T02:04:00.2443383Z ./node_modules/fluent-ffmpeg/lib/options/misc.js
2025-11-25T02:04:00.2444068Z Critical dependency: the request of a dependency is an expression
2025-11-25T02:04:00.2444467Z 
2025-11-25T02:04:00.2444670Z Import trace for requested module:
2025-11-25T02:04:00.2445590Z ./node_modules/fluent-ffmpeg/lib/options/misc.js
2025-11-25T02:04:00.2446209Z ./node_modules/fluent-ffmpeg/lib/fluent-ffmpeg.js
2025-11-25T02:04:00.2446748Z ./node_modules/fluent-ffmpeg/index.js
2025-11-25T02:04:00.2447189Z ./app/api/videos/route.ts
2025-11-25T02:04:00.2447419Z 
2025-11-25T02:04:13.8840204Z  ✓ Compiled successfully
2025-11-25T02:04:13.8848249Z    Linting and checking validity of types ...
2025-11-25T02:04:32.2263271Z    Collecting page data ...
2025-11-25T02:04:32.7460625Z [Telemetry] Application Insights desabilitado: nenhuma connection string encontrada nas variáveis de ambiente
2025-11-25T02:04:33.0963151Z FFmpeg installer package not available. Falling back to system ffmpeg binary. O pacote opcional @ffmpeg-installer/ffmpeg não foi instalado para esta plataforma. Certifique-se de ter o FFmpeg disponível no sistema ou defina a variável FFMPEG_PATH.
2025-11-25T02:04:35.1212864Z    Generating static pages (0/56) ...
2025-11-25T02:04:36.1073277Z    Generating static pages (14/56) 
2025-11-25T02:04:39.1427804Z    Generating static pages (28/56) 
2025-11-25T02:04:39.9330076Z    Generating static pages (42/56) 
2025-11-25T02:04:40.8704811Z  ✓ Generating static pages (56/56)
2025-11-25T02:04:42.0284855Z    Finalizing page optimization ...
2025-11-25T02:04:42.0286222Z    Collecting build traces ...
2025-11-25T02:04:59.6108945Z 
2025-11-25T02:04:59.6197663Z Route (app)                                      Size     First Load JS
2025-11-25T02:04:59.6199025Z ┌ ƒ /                                            2.15 kB         110 kB
2025-11-25T02:04:59.6200141Z ├ ƒ /_not-found                                  158 B          87.5 kB
2025-11-25T02:04:59.6206891Z ├ ƒ /administrator                               158 B          87.5 kB
2025-11-25T02:04:59.6207834Z ├ ƒ /administrator/clubes                        6.74 kB         118 kB
2025-11-25T02:04:59.6208660Z ├ ƒ /administrator/users                         5.68 kB         111 kB
2025-11-25T02:04:59.6209490Z ├ ƒ /administrator/videos                        5.24 kB         111 kB
2025-11-25T02:04:59.6210291Z ├ ƒ /agentes                                     2.7 kB         98.7 kB
2025-11-25T02:04:59.6211055Z ├ ƒ /agentes/[id]                                1.84 kB         117 kB
2025-11-25T02:04:59.6212058Z ├ ƒ /api/admin/clubes                            0 B                0 B
2025-11-25T02:04:59.6212909Z ├ ƒ /api/admin/clubes/[id]                       0 B                0 B
2025-11-25T02:04:59.6213746Z ├ ƒ /api/admin/summary                           0 B                0 B
2025-11-25T02:04:59.6214473Z ├ ƒ /api/admin/users                             0 B                0 B
2025-11-25T02:04:59.6215222Z ├ ƒ /api/admin/users/[userId]/block              0 B                0 B
2025-11-25T02:04:59.6215955Z ├ ƒ /api/admin/videos                            0 B                0 B
2025-11-25T02:04:59.6216756Z ├ ƒ /api/admin/videos/[videoId]/appeal-response  0 B                0 B
2025-11-25T02:04:59.6217627Z ├ ƒ /api/admin/videos/[videoId]/block            0 B                0 B
2025-11-25T02:04:59.6218457Z ├ ƒ /api/agentes                                 0 B                0 B
2025-11-25T02:04:59.6219311Z ├ ƒ /api/agentes/[id]                            0 B                0 B
2025-11-25T02:04:59.6220122Z ├ ƒ /api/atletas                                 0 B                0 B
2025-11-25T02:04:59.6220934Z ├ ƒ /api/atletas/[id]                            0 B                0 B
2025-11-25T02:04:59.6221899Z ├ ƒ /api/auth/[...nextauth]                      0 B                0 B
2025-11-25T02:04:59.6222670Z ├ ƒ /api/blocks/[targetUserId]                   0 B                0 B
2025-11-25T02:04:59.6223449Z ├ ƒ /api/clubes                                  0 B                0 B
2025-11-25T02:04:59.6224275Z ├ ƒ /api/clubes/[slug]                           0 B                0 B
2025-11-25T02:04:59.6225138Z ├ ƒ /api/confederacoes                           0 B                0 B
2025-11-25T02:04:59.6225994Z ├ ƒ /api/confederacoes/[slug]                    0 B                0 B
2025-11-25T02:04:59.6227016Z ├ ƒ /api/db-check                                0 B                0 B
2025-11-25T02:04:59.6227735Z ├ ƒ /api/env                                     0 B                0 B
2025-11-25T02:04:59.6228439Z ├ ƒ /api/errors                                  0 B                0 B
2025-11-25T02:04:59.6229522Z ├ ƒ /api/follows/[targetUserId]                  0 B                0 B
2025-11-25T02:04:59.6230315Z ├ ƒ /api/games                                   0 B                0 B
2025-11-25T02:04:59.6231126Z ├ ƒ /api/games/[slug]                            0 B                0 B
2025-11-25T02:04:59.6232144Z ├ ƒ /api/games/[slug]/comments                   0 B                0 B
2025-11-25T02:04:59.6233045Z ├ ƒ /api/games/[slug]/engagement                 0 B                0 B
2025-11-25T02:04:59.6233936Z ├ ƒ /api/health                                  0 B                0 B
2025-11-25T02:04:59.6234757Z ├ ƒ /api/messages                                0 B                0 B
2025-11-25T02:04:59.6235686Z ├ ƒ /api/messages/unread-count                   0 B                0 B
2025-11-25T02:04:59.6236549Z ├ ƒ /api/news                                    0 B                0 B
2025-11-25T02:04:59.6237363Z ├ ƒ /api/news/[id]                               0 B                0 B
2025-11-25T02:04:59.6238359Z ├ ƒ /api/news/cover                              0 B                0 B
2025-11-25T02:04:59.6239194Z ├ ƒ /api/noticias                                0 B                0 B
2025-11-25T02:04:59.6240069Z ├ ƒ /api/noticias/[slug]                         0 B                0 B
2025-11-25T02:04:59.6240900Z ├ ƒ /api/noticias/[slug]/comments                0 B                0 B
2025-11-25T02:04:59.6241885Z ├ ƒ /api/noticias/[slug]/engagement              0 B                0 B
2025-11-25T02:04:59.6242704Z ├ ƒ /api/pg-check                                0 B                0 B
2025-11-25T02:04:59.6243456Z ├ ƒ /api/profile                                 0 B                0 B
2025-11-25T02:04:59.6244258Z ├ ƒ /api/profile/avatar                          0 B                0 B
2025-11-25T02:04:59.6245100Z ├ ƒ /api/profile/personal-info                   0 B                0 B
2025-11-25T02:04:59.6245921Z ├ ƒ /api/register                                0 B                0 B
2025-11-25T02:04:59.6246756Z ├ ƒ /api/register/atleta-18                      0 B                0 B
2025-11-25T02:04:59.6247573Z ├ ƒ /api/register/clube                          0 B                0 B
2025-11-25T02:04:59.6248429Z ├ ƒ /api/register/de-agentes-licenciados         0 B                0 B
2025-11-25T02:04:59.6249323Z ├ ƒ /api/register/imprensa-jornalistablogueiro   0 B                0 B
2025-11-25T02:04:59.6250200Z ├ ƒ /api/register/responsavel                    0 B                0 B
2025-11-25T02:04:59.6251087Z ├ ƒ /api/register/responsavel/documents          0 B                0 B
2025-11-25T02:04:59.6252160Z ├ ƒ /api/register/torcedor                       0 B                0 B
2025-11-25T02:04:59.6253032Z ├ ○ /api/times                                   0 B                0 B
2025-11-25T02:04:59.6253880Z ├ ƒ /api/videos                                  0 B                0 B
2025-11-25T02:04:59.6254700Z ├ ƒ /api/videos/[id]                             0 B                0 B
2025-11-25T02:04:59.6256954Z ├ ƒ /api/videos/[id]/appeal                      0 B                0 B
2025-11-25T02:04:59.6258181Z ├ ƒ /api/videos/[id]/comments                    0 B                0 B
2025-11-25T02:04:59.6259103Z ├ ƒ /api/videos/proxy                            0 B                0 B
2025-11-25T02:04:59.6260005Z ├ ƒ /arquibancada                                4.49 kB        98.6 kB
2025-11-25T02:04:59.6260940Z ├ ƒ /atletas                                     4.5 kB          107 kB
2025-11-25T02:04:59.6262219Z ├ ƒ /atletas/[id]                                5.57 kB         138 kB
2025-11-25T02:04:59.6262981Z ├ ƒ /cadastro                                    2.21 kB         129 kB
2025-11-25T02:04:59.6264272Z ├ ƒ /cadastro/[slug]                             2.92 kB         121 kB
2025-11-25T02:04:59.6265935Z ├ ƒ /cadastro/atleta-18                          4.19 kB         137 kB
2025-11-25T02:04:59.6266884Z ├ ƒ /cadastro/clube                              4.31 kB         137 kB
2025-11-25T02:04:59.6268266Z ├ ƒ /cadastro/de-agentes-licenciados             4.32 kB         137 kB
2025-11-25T02:04:59.6269259Z ├ ƒ /cadastro/imprensa-jornalistablogueiro       4.47 kB         137 kB
2025-11-25T02:04:59.6270237Z ├ ƒ /cadastro/responsavel                        4.51 kB         137 kB
2025-11-25T02:04:59.6272187Z ├ ƒ /cadastro/responsavel/uploads                3.97 kB         137 kB
2025-11-25T02:04:59.6273073Z ├ ƒ /cadastro/sucesso                            158 B          87.5 kB
2025-11-25T02:04:59.6274185Z ├ ƒ /cadastro/torcedor                           5.45 kB         147 kB
2025-11-25T02:04:59.6275615Z ├ ƒ /clubes                                      3.66 kB         112 kB
2025-11-25T02:04:59.6276498Z ├ ƒ /clubes/[slug]                               1.14 kB         109 kB
2025-11-25T02:04:59.6277392Z ├ ƒ /confederacoes                               1.14 kB         109 kB
2025-11-25T02:04:59.6278290Z ├ ƒ /confederacoes/[slug]                        1.14 kB         109 kB
2025-11-25T02:04:59.6279303Z ├ ƒ /feed                                        12.5 kB         145 kB
2025-11-25T02:04:59.6280130Z ├ ƒ /games                                       582 B           121 kB
2025-11-25T02:04:59.6280824Z ├ ƒ /games/[slug]                                211 B           128 kB
2025-11-25T02:04:59.6289174Z ├ ○ /icon                                        0 B                0 B
2025-11-25T02:04:59.6289947Z ├ ƒ /login                                       4.05 kB         146 kB
2025-11-25T02:04:59.6290915Z ├ ƒ /noticias                                    587 B           121 kB
2025-11-25T02:04:59.6292034Z ├ ƒ /noticias/[slug]                             614 B           129 kB
2025-11-25T02:04:59.6293015Z ├ ƒ /perfil                                      27.6 kB         171 kB
2025-11-25T02:04:59.6293866Z ├ ƒ /perfis/[id]                                 1.84 kB         117 kB
2025-11-25T02:04:59.6294583Z ├ ƒ /player/[id]                                 9.47 kB         127 kB
2025-11-25T02:04:59.6295312Z ├ ƒ /privacidade                                 188 B          96.2 kB
2025-11-25T02:04:59.6296208Z ├ ƒ /registrar-escolha-perfil                    188 B          96.2 kB
2025-11-25T02:04:59.6297089Z ├ ƒ /sobre                                       188 B          96.2 kB
2025-11-25T02:04:59.6297882Z ├ ƒ /torcida                                     158 B          87.5 kB
2025-11-25T02:04:59.6298675Z └ ƒ /upload                                      10.8 kB         119 kB
2025-11-25T02:04:59.6299335Z + First Load JS shared by all                    87.3 kB
2025-11-25T02:04:59.6300032Z   ├ chunks/2117-8600b608bfb46d0e.js              31.7 kB
2025-11-25T02:04:59.6300730Z   ├ chunks/fd9d1056-55796e42a8a57fc6.js          53.6 kB
2025-11-25T02:04:59.6304630Z   └ other shared chunks (total)                  1.97 kB
2025-11-25T02:04:59.6304996Z 
2025-11-25T02:04:59.6305006Z 
2025-11-25T02:04:59.6305395Z ƒ Middleware                                     48.3 kB
2025-11-25T02:04:59.6305731Z 
2025-11-25T02:04:59.6306061Z ○  (Static)   prerendered as static content
2025-11-25T02:04:59.6306676Z ƒ  (Dynamic)  server-rendered on demand
2025-11-25T02:04:59.6306972Z 
2025-11-25T02:04:59.6464685Z 
2025-11-25T02:04:59.6466080Z > vitrine-de-craques-web-site@0.1.0 postbuild
2025-11-25T02:04:59.6466945Z > node scripts/copy-prisma-artifacts.js
2025-11-25T02:04:59.6468464Z 
2025-11-25T02:04:59.7310045Z [copy-prisma-artifacts] Copied Prisma artifacts to /home/runner/work/vitrine-de-craques-web-site/vitrine-de-craques-web-site/.next/standalone/node_modules/.prisma/client
2025-11-25T02:04:59.7318147Z [copy-prisma-artifacts] Linked Prisma artifacts to /home/runner/work/vitrine-de-craques-web-site/vitrine-de-craques-web-site/.next/server/.prisma/client
2025-11-25T02:04:59.7321793Z [copy-prisma-artifacts] Linked Prisma artifacts to /home/runner/work/vitrine-de-craques-web-site/vitrine-de-craques-web-site/.next/server/chunks/.prisma/client
2025-11-25T02:04:59.8334585Z [copy-prisma-artifacts] Copied Prisma artifacts to /home/runner/work/vitrine-de-craques-web-site/vitrine-de-craques-web-site/.next/standalone/node_modules/@prisma/client
2025-11-25T02:04:59.8336775Z [copy-prisma-artifacts] Linked Prisma artifacts to /home/runner/work/vitrine-de-craques-web-site/vitrine-de-craques-web-site/.next/server/@prisma/client
2025-11-25T02:04:59.8338787Z [copy-prisma-artifacts] Linked Prisma artifacts to /home/runner/work/vitrine-de-craques-web-site/vitrine-de-craques-web-site/.next/server/chunks/@prisma/client
2025-11-25T02:04:59.8429414Z ##[group]Run rm -rf deploy
2025-11-25T02:04:59.8429706Z [36;1mrm -rf deploy[0m
2025-11-25T02:04:59.8429928Z [36;1mmkdir -p deploy[0m
2025-11-25T02:04:59.8430244Z [36;1m# Copy only the runtime pieces from the standalone build output[0m
2025-11-25T02:04:59.8430615Z [36;1mcp -R .next/standalone/.next deploy/.next[0m
2025-11-25T02:04:59.8430983Z [36;1mcp -R .next/standalone/node_modules deploy/node_modules[0m
2025-11-25T02:04:59.8431555Z [36;1mcp .next/standalone/package.json deploy/package.json[0m
2025-11-25T02:04:59.8431895Z [36;1mif [ -f .next/standalone/server.js ]; then[0m
2025-11-25T02:04:59.8432215Z [36;1m  cp .next/standalone/server.js deploy/server.js[0m
2025-11-25T02:04:59.8432494Z [36;1mfi[0m
2025-11-25T02:04:59.8432766Z [36;1mif [ -f .next/standalone/server.js.nft.json ]; then[0m
2025-11-25T02:04:59.8433166Z [36;1m  cp .next/standalone/server.js.nft.json deploy/server.js.nft.json[0m
2025-11-25T02:04:59.8433511Z [36;1mfi[0m
2025-11-25T02:04:59.8433743Z [36;1m[0m
2025-11-25T02:04:59.8433941Z [36;1mmkdir -p deploy/.next/static[0m
2025-11-25T02:04:59.8434223Z [36;1mcp -R .next/static/. deploy/.next/static[0m
2025-11-25T02:04:59.8434478Z [36;1m[0m
2025-11-25T02:04:59.8434691Z [36;1mcp next.config.mjs deploy/next.config.mjs[0m
2025-11-25T02:04:59.8435070Z [36;1mcp staticwebapp.config.json deploy/staticwebapp.config.json[0m
2025-11-25T02:04:59.8435414Z [36;1mcp -R prisma deploy/prisma[0m
2025-11-25T02:04:59.8435670Z [36;1mif [ -d public ]; then[0m
2025-11-25T02:04:59.8435915Z [36;1m  cp -R public deploy/public[0m
2025-11-25T02:04:59.8436156Z [36;1mfi[0m
2025-11-25T02:04:59.8436387Z [36;1m./scripts/prune-deploy-artifact.sh deploy[0m
2025-11-25T02:04:59.8456612Z shell: /usr/bin/bash -e {0}
2025-11-25T02:04:59.8456867Z env:
2025-11-25T02:04:59.8457761Z   DATABASE_URL: ***
2025-11-25T02:04:59.8458088Z   NEXTAUTH_URL: ***
2025-11-25T02:04:59.8458384Z   NEXTAUTH_SECRET: ***
2025-11-25T02:04:59.8458600Z   AUTH_TRUST_HOST: true
2025-11-25T02:04:59.8458827Z ##[endgroup]
2025-11-25T02:05:00.3840744Z Pruning unused Prisma runtime binaries...
2025-11-25T02:05:00.3863938Z deploy/node_modules/@prisma/client/runtime/query_engine_bg.cockroachdb.js
2025-11-25T02:05:00.3866067Z deploy/node_modules/@prisma/client/runtime/query_engine_bg.cockroachdb.mjs
2025-11-25T02:05:00.3868916Z deploy/node_modules/@prisma/client/runtime/query_engine_bg.cockroachdb.wasm-base64.js
2025-11-25T02:05:00.3870061Z deploy/node_modules/@prisma/client/runtime/query_engine_bg.cockroachdb.wasm-base64.mjs
2025-11-25T02:05:00.3885579Z deploy/node_modules/@prisma/client/runtime/query_engine_bg.mysql.wasm-base64.mjs
2025-11-25T02:05:00.3889002Z deploy/node_modules/@prisma/client/runtime/query_engine_bg.mysql.mjs
2025-11-25T02:05:00.3889926Z deploy/node_modules/@prisma/client/runtime/query_engine_bg.mysql.js
2025-11-25T02:05:00.3890893Z deploy/node_modules/@prisma/client/runtime/query_engine_bg.mysql.wasm-base64.js
2025-11-25T02:05:00.3905875Z deploy/node_modules/@prisma/client/runtime/query_engine_bg.sqlite.wasm-base64.js
2025-11-25T02:05:00.3908703Z deploy/node_modules/@prisma/client/runtime/query_engine_bg.sqlite.mjs
2025-11-25T02:05:00.3909560Z deploy/node_modules/@prisma/client/runtime/query_engine_bg.sqlite.js
2025-11-25T02:05:00.3910554Z deploy/node_modules/@prisma/client/runtime/query_engine_bg.sqlite.wasm-base64.mjs
2025-11-25T02:05:00.3926357Z deploy/node_modules/@prisma/client/runtime/query_engine_bg.sqlserver.wasm-base64.js
2025-11-25T02:05:00.3927569Z deploy/node_modules/@prisma/client/runtime/query_engine_bg.sqlserver.wasm-base64.mjs
2025-11-25T02:05:00.3928535Z deploy/node_modules/@prisma/client/runtime/query_engine_bg.sqlserver.mjs
2025-11-25T02:05:00.3929398Z deploy/node_modules/@prisma/client/runtime/query_engine_bg.sqlserver.js
2025-11-25T02:05:00.3944959Z deploy/node_modules/@prisma/client/runtime/query_compiler_bg.cockroachdb.js
2025-11-25T02:05:00.3947998Z deploy/node_modules/@prisma/client/runtime/query_compiler_bg.cockroachdb.mjs
2025-11-25T02:05:00.3949297Z deploy/node_modules/@prisma/client/runtime/query_compiler_bg.cockroachdb.wasm-base64.mjs
2025-11-25T02:05:00.3950458Z deploy/node_modules/@prisma/client/runtime/query_compiler_bg.cockroachdb.wasm-base64.js
2025-11-25T02:05:00.3964408Z deploy/node_modules/@prisma/client/runtime/query_compiler_bg.mysql.js
2025-11-25T02:05:00.3967103Z deploy/node_modules/@prisma/client/runtime/query_compiler_bg.mysql.wasm-base64.mjs
2025-11-25T02:05:00.3968029Z deploy/node_modules/@prisma/client/runtime/query_compiler_bg.mysql.mjs
2025-11-25T02:05:00.3968949Z deploy/node_modules/@prisma/client/runtime/query_compiler_bg.mysql.wasm-base64.js
2025-11-25T02:05:00.3983933Z deploy/node_modules/@prisma/client/runtime/query_compiler_bg.sqlite.mjs
2025-11-25T02:05:00.3986617Z deploy/node_modules/@prisma/client/runtime/query_compiler_bg.sqlite.js
2025-11-25T02:05:00.3987596Z deploy/node_modules/@prisma/client/runtime/query_compiler_bg.sqlite.wasm-base64.mjs
2025-11-25T02:05:00.3988710Z deploy/node_modules/@prisma/client/runtime/query_compiler_bg.sqlite.wasm-base64.js
2025-11-25T02:05:00.4006275Z deploy/node_modules/@prisma/client/runtime/query_compiler_bg.sqlserver.wasm-base64.mjs
2025-11-25T02:05:00.4007435Z deploy/node_modules/@prisma/client/runtime/query_compiler_bg.sqlserver.wasm-base64.js
2025-11-25T02:05:00.4008463Z deploy/node_modules/@prisma/client/runtime/query_compiler_bg.sqlserver.mjs
2025-11-25T02:05:00.4009506Z deploy/node_modules/@prisma/client/runtime/query_compiler_bg.sqlserver.js
2025-11-25T02:05:00.4010235Z Removing unused Prisma client engines...
2025-11-25T02:05:00.4098515Z deploy/node_modules/.prisma/client/libquery_engine-darwin-arm64.dylib.node
2025-11-25T02:05:00.4099533Z deploy/node_modules/.prisma/client/libquery_engine-darwin.dylib.node
2025-11-25T02:05:00.4100277Z Cleaning up optional sharp binaries...
2025-11-25T02:05:00.4111631Z Deleting dependency source maps...
2025-11-25T02:05:00.4264181Z Removing Next.js build cache...
2025-11-25T02:05:00.4372109Z Pruning finished.
2025-11-25T02:05:00.4395683Z ##[group]Run node -v
2025-11-25T02:05:00.4395927Z [36;1mnode -v[0m
2025-11-25T02:05:00.4396125Z [36;1mnpx prisma -v[0m
2025-11-25T02:05:00.4415574Z shell: /usr/bin/bash -e {0}
2025-11-25T02:05:00.4415825Z env:
2025-11-25T02:05:00.4416595Z   DATABASE_URL: ***
2025-11-25T02:05:00.4416916Z   NEXTAUTH_URL: ***
2025-11-25T02:05:00.4417262Z   NEXTAUTH_SECRET: ***
2025-11-25T02:05:00.4417478Z   AUTH_TRUST_HOST: true
2025-11-25T02:05:00.4417685Z ##[endgroup]
2025-11-25T02:05:00.4478402Z v20.19.5
2025-11-25T02:05:02.1180942Z Prisma schema loaded from prisma/schema.prisma
2025-11-25T02:05:02.1220903Z prisma                  : 6.16.2
2025-11-25T02:05:02.1222423Z @prisma/client          : 6.16.2
2025-11-25T02:05:02.1223622Z Computed binaryTarget   : debian-openssl-3.0.x
2025-11-25T02:05:02.1224338Z Operating System        : linux
2025-11-25T02:05:02.1225351Z Architecture            : x64
2025-11-25T02:05:02.1225805Z Node.js                 : v20.19.5
2025-11-25T02:05:02.1227020Z TypeScript              : 5.9.3
2025-11-25T02:05:02.1228327Z Query Engine (Node-API) : libquery-engine 1c57fdcd7e44b29b9313256c76699e91c3ac3c43 (at node_modules/@prisma/engines/libquery_engine-debian-openssl-3.0.x.so.node)
2025-11-25T02:05:02.1229703Z PSL                     : @prisma/prisma-schema-wasm 6.16.0-7.1c57fdcd7e44b29b9313256c76699e91c3ac3c43
2025-11-25T02:05:02.1231667Z Schema Engine           : schema-engine-cli 1c57fdcd7e44b29b9313256c76699e91c3ac3c43 (at node_modules/@prisma/engines/schema-engine-debian-openssl-3.0.x)
2025-11-25T02:05:02.1232897Z Default Engines Hash    : 1c57fdcd7e44b29b9313256c76699e91c3ac3c43
2025-11-25T02:05:02.1233519Z Studio                  : 0.511.0
2025-11-25T02:05:02.1447402Z ##[group]Run Azure/static-web-apps-deploy@v1
2025-11-25T02:05:02.1447694Z with:
2025-11-25T02:05:02.1448389Z   azure_static_web_apps_api_token: ***
2025-11-25T02:05:02.1448751Z   repo_token: ***
2025-11-25T02:05:02.1448952Z   action: upload
2025-11-25T02:05:02.1449152Z   app_location: deploy
2025-11-25T02:05:02.1449377Z   skip_app_build: true
2025-11-25T02:05:02.1449582Z env:
2025-11-25T02:05:02.1450188Z   DATABASE_URL: ***
2025-11-25T02:05:02.1450499Z   NEXTAUTH_URL: ***
2025-11-25T02:05:02.1450791Z   NEXTAUTH_SECRET: ***
2025-11-25T02:05:02.1450999Z   AUTH_TRUST_HOST: true
2025-11-25T02:05:02.1451392Z ##[endgroup]
2025-11-25T02:05:02.1553138Z ##[command]/usr/bin/docker run --name c03382d8692c4504304166b2d8e66a394abb12_09e85b --label c03382 --workdir /github/workspace --rm -e "DATABASE_URL" -e "NEXTAUTH_URL" -e "NEXTAUTH_SECRET" -e "AUTH_TRUST_HOST" -e "INPUT_AZURE_STATIC_WEB_APPS_API_TOKEN" -e "INPUT_REPO_TOKEN" -e "INPUT_ACTION" -e "INPUT_APP_LOCATION" -e "INPUT_API_LOCATION" -e "INPUT_OUTPUT_LOCATION" -e "INPUT_SKIP_APP_BUILD" -e "INPUT_API_BUILD_COMMAND" -e "INPUT_APP_ARTIFACT_LOCATION" -e "INPUT_APP_BUILD_COMMAND" -e "INPUT_ROUTES_LOCATION" -e "INPUT_CONFIG_FILE_LOCATION" -e "INPUT_SKIP_API_BUILD" -e "INPUT_PRODUCTION_BRANCH" -e "INPUT_DEPLOYMENT_ENVIRONMENT" -e "INPUT_IS_STATIC_EXPORT" -e "INPUT_DATA_API_LOCATION" -e "INPUT_GITHUB_ID_TOKEN" -e "HOME" -e "GITHUB_JOB" -e "GITHUB_REF" -e "GITHUB_SHA" -e "GITHUB_REPOSITORY" -e "GITHUB_REPOSITORY_OWNER" -e "GITHUB_REPOSITORY_OWNER_ID" -e "GITHUB_RUN_ID" -e "GITHUB_RUN_NUMBER" -e "GITHUB_RETENTION_DAYS" -e "GITHUB_RUN_ATTEMPT" -e "GITHUB_ACTOR_ID" -e "GITHUB_ACTOR" -e "GITHUB_WORKFLOW" -e "GITHUB_HEAD_REF" -e "GITHUB_BASE_REF" -e "GITHUB_EVENT_NAME" -e "GITHUB_SERVER_URL" -e "GITHUB_API_URL" -e "GITHUB_GRAPHQL_URL" -e "GITHUB_REF_NAME" -e "GITHUB_REF_PROTECTED" -e "GITHUB_REF_TYPE" -e "GITHUB_WORKFLOW_REF" -e "GITHUB_WORKFLOW_SHA" -e "GITHUB_REPOSITORY_ID" -e "GITHUB_TRIGGERING_ACTOR" -e "GITHUB_WORKSPACE" -e "GITHUB_ACTION" -e "GITHUB_EVENT_PATH" -e "GITHUB_ACTION_REPOSITORY" -e "GITHUB_ACTION_REF" -e "GITHUB_PATH" -e "GITHUB_ENV" -e "GITHUB_STEP_SUMMARY" -e "GITHUB_STATE" -e "GITHUB_OUTPUT" -e "RUNNER_OS" -e "RUNNER_ARCH" -e "RUNNER_NAME" -e "RUNNER_ENVIRONMENT" -e "RUNNER_TOOL_CACHE" -e "RUNNER_TEMP" -e "RUNNER_WORKSPACE" -e "ACTIONS_RUNTIME_URL" -e "ACTIONS_RUNTIME_TOKEN" -e "ACTIONS_CACHE_URL" -e "ACTIONS_RESULTS_URL" -e GITHUB_ACTIONS=true -e CI=true -v "/var/run/docker.sock":"/var/run/docker.sock" -v "/home/runner/work/_temp":"/github/runner_temp" -v "/home/runner/work/_temp/_github_home":"/github/home" -v "/home/runner/work/_temp/_github_workflow":"/github/workflow" -v "/home/runner/work/_temp/_runner_file_commands":"/github/file_commands" -v "/home/runner/work/vitrine-de-craques-web-site/vitrine-de-craques-web-site":"/github/workspace" c03382:d8692c4504304166b2d8e66a394abb12
2025-11-25T02:05:03.0203731Z DeploymentId: 562f1670-7444-449a-86bf-e590478ef908
2025-11-25T02:05:03.0204169Z 
2025-11-25T02:05:03.1324969Z [37mTry to validate location at: '/github/workspace/deploy'.[0m
2025-11-25T02:05:03.1339196Z [37mApp Directory Location: 'deploy' was found.[0m
2025-11-25T02:05:03.1341942Z [37mTry to validate location at: '/github/workspace/swa-db-connections'.[0m
2025-11-25T02:05:03.1345423Z [37mLooking for event info[0m
2025-11-25T02:05:03.6541609Z [37mSkipping step to build /github/workspace/deploy with Oryx[0m
2025-11-25T02:05:03.6669968Z [37mDetected the following framework: Next.js[0m
2025-11-25T02:05:03.6672454Z [37mTry to validate location at: '/github/workspace/deploy/.next'.[0m
2025-11-25T02:05:03.6992883Z [37mUsing 'staticwebapp.config.json' file for configuration information, 'routes.json' will be ignored.[0m
2025-11-25T02:05:03.7046556Z [31mEncountered an issue while validating staticwebapp.config.json: Error status code '500' is invalid. Please use the supported ErrorTypes. Visit https://aka.ms/static-web-apps-configuration for more information.[0m
2025-11-25T02:05:03.7614663Z [37m[0m
2025-11-25T02:05:03.7616423Z [33mFor further information, please visit the Azure Static Web Apps documentation at https://docs.microsoft.com/en-us/azure/static-web-apps/[0m
2025-11-25T02:05:03.7618331Z [33mIf you believe this behavior is unexpected, please raise a GitHub issue at https://github.com/azure/static-web-apps/issues/[0m
2025-11-25T02:05:03.7619316Z [33mExiting[0m
2025-11-25T02:05:03.8439967Z Post job cleanup.
2025-11-25T02:05:03.9150304Z [command]/usr/bin/git version
2025-11-25T02:05:03.9184832Z git version 2.51.2
2025-11-25T02:05:03.9225833Z Temporarily overriding HOME='/home/runner/work/_temp/d7ad61d0-4871-441d-b7f7-30e913fc70cc' before making global git config changes
2025-11-25T02:05:03.9227522Z Adding repository directory to the temporary git global config as a safe directory
2025-11-25T02:05:03.9231136Z [command]/usr/bin/git config --global --add safe.directory /home/runner/work/vitrine-de-craques-web-site/vitrine-de-craques-web-site
2025-11-25T02:05:03.9261425Z [command]/usr/bin/git config --local --name-only --get-regexp core\.sshCommand
2025-11-25T02:05:03.9288307Z [command]/usr/bin/git submodule foreach --recursive sh -c "git config --local --name-only --get-regexp 'core\.sshCommand' && git config --local --unset-all 'core.sshCommand' || :"
2025-11-25T02:05:03.9500416Z fatal: No url found for submodule path 'Vitrine-De-Craques-App-iOS/Vitrine-De-Craques-App-iOS' in .gitmodules
2025-11-25T02:05:03.9552890Z ##[warning]The process '/usr/bin/git' failed with exit code 128
2025-11-25T02:05:03.9625990Z Cleaning up orphan processes
