2025-11-29T20:44:43.1052856Z Current runner version: '2.329.0'
2025-11-29T20:44:43.1088183Z ##[group]Runner Image Provisioner
2025-11-29T20:44:43.1090088Z Hosted Compute Agent
2025-11-29T20:44:43.1091065Z Version: 20251016.436
2025-11-29T20:44:43.1092232Z Commit: 8ab8ac8bfd662a3739dab9fe09456aba92132568
2025-11-29T20:44:43.1093481Z Build Date: 2025-10-15T20:44:12Z
2025-11-29T20:44:43.1094506Z ##[endgroup]
2025-11-29T20:44:43.1095585Z ##[group]Operating System
2025-11-29T20:44:43.1096657Z Ubuntu
2025-11-29T20:44:43.1097521Z 24.04.3
2025-11-29T20:44:43.1098502Z LTS
2025-11-29T20:44:43.1099367Z ##[endgroup]
2025-11-29T20:44:43.1100646Z ##[group]Runner Image
2025-11-29T20:44:43.1101777Z Image: ubuntu-24.04
2025-11-29T20:44:43.1102671Z Version: 20251112.124.1
2025-11-29T20:44:43.1104368Z Included Software: https://github.com/actions/runner-images/blob/ubuntu24/20251112.124/images/ubuntu/Ubuntu2404-Readme.md
2025-11-29T20:44:43.1107233Z Image Release: https://github.com/actions/runner-images/releases/tag/ubuntu24%2F20251112.124
2025-11-29T20:44:43.1109174Z ##[endgroup]
2025-11-29T20:44:43.1111373Z ##[group]GITHUB_TOKEN Permissions
2025-11-29T20:44:43.1114454Z Contents: read
2025-11-29T20:44:43.1115364Z Metadata: read
2025-11-29T20:44:43.1116236Z Packages: read
2025-11-29T20:44:43.1117215Z ##[endgroup]
2025-11-29T20:44:43.1120889Z Secret source: Actions
2025-11-29T20:44:43.1122025Z Prepare workflow directory
2025-11-29T20:44:43.2080927Z Prepare all required actions
2025-11-29T20:44:43.2138203Z Getting action download info
2025-11-29T20:44:43.7242218Z Download action repository 'actions/checkout@v3' (SHA:f43a0e5ff2bd294095638e18286ca9a3d1956744)
2025-11-29T20:44:43.8776373Z Download action repository 'actions/setup-node@v4' (SHA:49933ea5288caeca8642d1e84afbd3f7d6820020)
2025-11-29T20:44:44.0203201Z Download action repository 'Azure/static-web-apps-deploy@v1' (SHA:4d27395796ac319302594769cfe812bd207490b1)
2025-11-29T20:44:44.5008689Z Complete job name: Build and Deploy Job
2025-11-29T20:44:44.5424000Z ##[group]Build container for action use: '/home/runner/work/_actions/Azure/static-web-apps-deploy/v1/Dockerfile'.
2025-11-29T20:44:44.5475741Z ##[command]/usr/bin/docker build -t 5a56e0:e4ed86bbef1444ff92516e64a7d2f823 -f "/home/runner/work/_actions/Azure/static-web-apps-deploy/v1/Dockerfile" "/home/runner/work/_actions/Azure/static-web-apps-deploy/v1"
2025-11-29T20:44:45.1957385Z #0 building with "default" instance using docker driver
2025-11-29T20:44:45.2160811Z 
2025-11-29T20:44:45.2162586Z #1 [internal] load build definition from Dockerfile
2025-11-29T20:44:45.2164664Z #1 transferring dockerfile: 160B done
2025-11-29T20:44:45.2166816Z #1 DONE 0.0s
2025-11-29T20:44:45.2168124Z 
2025-11-29T20:44:45.2170989Z #2 [internal] load metadata for mcr.microsoft.com/appsvc/staticappsclient:stable
2025-11-29T20:44:45.2173653Z #2 DONE 0.1s
2025-11-29T20:44:45.3284261Z 
2025-11-29T20:44:45.3286322Z #3 [internal] load .dockerignore
2025-11-29T20:44:45.3307304Z #3 transferring context: 2B done
2025-11-29T20:44:45.3312535Z #3 DONE 0.0s
2025-11-29T20:44:45.3313300Z 
2025-11-29T20:44:45.3315493Z #4 [internal] load build context
2025-11-29T20:44:45.3317091Z #4 transferring context: 107B done
2025-11-29T20:44:45.3318485Z #4 DONE 0.0s
2025-11-29T20:44:45.3320631Z 
2025-11-29T20:44:45.3324769Z #5 [1/2] FROM mcr.microsoft.com/appsvc/staticappsclient:stable@sha256:3178a283e885dc45a0c7b4c6e9f728f0331ae7fb93de75db4181fa38651170f2
2025-11-29T20:44:45.3335032Z #5 resolve mcr.microsoft.com/appsvc/staticappsclient:stable@sha256:3178a283e885dc45a0c7b4c6e9f728f0331ae7fb93de75db4181fa38651170f2 done
2025-11-29T20:44:45.3344640Z #5 sha256:1df8e0748f30e89b0c0477edfc706fc39242e1d6008433c0494113de267e7ca8 15.34kB / 15.34kB done
2025-11-29T20:44:45.3371478Z #5 sha256:5d6e107a26c2ffb6e234f04132358dea70a691a64c1152f984d2f2ba0e218c58 13.11MB / 53.74MB 0.1s
2025-11-29T20:44:45.3379760Z #5 sha256:5ee26b7a209f9a26720207792b237af3e19c0efeed8695e1e630fcd0feef9230 8.83MB / 54.75MB 0.1s
2025-11-29T20:44:45.3386924Z #5 sha256:3178a283e885dc45a0c7b4c6e9f728f0331ae7fb93de75db4181fa38651170f2 2.88kB / 2.88kB done
2025-11-29T20:44:45.3394707Z #5 sha256:2377065f3b700cf1b5e391d26c572c8b91892dd44acd75deebdab5e403b23175 6.29MB / 15.56MB 0.1s
2025-11-29T20:44:45.5745338Z #5 sha256:5d6e107a26c2ffb6e234f04132358dea70a691a64c1152f984d2f2ba0e218c58 32.51MB / 53.74MB 0.2s
2025-11-29T20:44:45.5752336Z #5 sha256:5ee26b7a209f9a26720207792b237af3e19c0efeed8695e1e630fcd0feef9230 32.51MB / 54.75MB 0.2s
2025-11-29T20:44:45.5775947Z #5 sha256:2377065f3b700cf1b5e391d26c572c8b91892dd44acd75deebdab5e403b23175 15.56MB / 15.56MB 0.2s done
2025-11-29T20:44:45.5782891Z #5 sha256:41c7cd6fb37363fd1ec16dad3463ecc5820eda12c418a82b4849604252d29b88 0B / 197.07MB 0.2s
2025-11-29T20:44:45.5789302Z #5 sha256:5d6e107a26c2ffb6e234f04132358dea70a691a64c1152f984d2f2ba0e218c58 45.01MB / 53.74MB 0.3s
2025-11-29T20:44:45.5798215Z #5 sha256:5ee26b7a209f9a26720207792b237af3e19c0efeed8695e1e630fcd0feef9230 46.14MB / 54.75MB 0.3s
2025-11-29T20:44:45.5805218Z #5 sha256:41c7cd6fb37363fd1ec16dad3463ecc5820eda12c418a82b4849604252d29b88 12.58MB / 197.07MB 0.3s
2025-11-29T20:44:45.7221920Z #5 sha256:5d6e107a26c2ffb6e234f04132358dea70a691a64c1152f984d2f2ba0e218c58 53.74MB / 53.74MB 0.5s
2025-11-29T20:44:45.7242393Z #5 sha256:5ee26b7a209f9a26720207792b237af3e19c0efeed8695e1e630fcd0feef9230 54.75MB / 54.75MB 0.5s
2025-11-29T20:44:45.7247501Z #5 sha256:41c7cd6fb37363fd1ec16dad3463ecc5820eda12c418a82b4849604252d29b88 34.68MB / 197.07MB 0.5s
2025-11-29T20:44:45.8248622Z #5 sha256:5d6e107a26c2ffb6e234f04132358dea70a691a64c1152f984d2f2ba0e218c58 53.74MB / 53.74MB 0.5s done
2025-11-29T20:44:45.8255443Z #5 sha256:5ee26b7a209f9a26720207792b237af3e19c0efeed8695e1e630fcd0feef9230 54.75MB / 54.75MB 0.6s done
2025-11-29T20:44:45.8269529Z #5 sha256:41c7cd6fb37363fd1ec16dad3463ecc5820eda12c418a82b4849604252d29b88 67.11MB / 197.07MB 0.6s
2025-11-29T20:44:45.8274866Z #5 sha256:4f4fb700ef54461cfa02571ae0db9a0dc1e0cdb5577484a6d75e68dc38e8acc1 32B / 32B 0.6s done
2025-11-29T20:44:45.8284719Z #5 sha256:aede74d79976f9d1be608a1286cdb2ca61aad25185440263691db6a0880adadd 0B / 24.46MB 0.6s
2025-11-29T20:44:45.9289966Z #5 sha256:41c7cd6fb37363fd1ec16dad3463ecc5820eda12c418a82b4849604252d29b88 84.93MB / 197.07MB 0.7s
2025-11-29T20:44:45.9298222Z #5 sha256:aede74d79976f9d1be608a1286cdb2ca61aad25185440263691db6a0880adadd 14.86MB / 24.46MB 0.7s
2025-11-29T20:44:45.9302897Z #5 extracting sha256:5d6e107a26c2ffb6e234f04132358dea70a691a64c1152f984d2f2ba0e218c58
2025-11-29T20:44:45.9309058Z #5 sha256:c279a6399750ee20e802fb2c47da034ccee5eb4f3b89087f32618f10e8af074a 1.56MB / 1.56MB 0.6s done
2025-11-29T20:44:45.9325174Z #5 sha256:ec0af1da0a0576de654092a28624c0565c6d854216944f18159460338af43293 2.25MB / 72.99MB 0.7s
2025-11-29T20:44:46.1221827Z #5 sha256:41c7cd6fb37363fd1ec16dad3463ecc5820eda12c418a82b4849604252d29b88 121.63MB / 197.07MB 0.9s
2025-11-29T20:44:46.1239105Z #5 sha256:aede74d79976f9d1be608a1286cdb2ca61aad25185440263691db6a0880adadd 24.46MB / 24.46MB 0.8s done
2025-11-29T20:44:46.1261720Z #5 sha256:ec0af1da0a0576de654092a28624c0565c6d854216944f18159460338af43293 38.80MB / 72.99MB 0.9s
2025-11-29T20:44:46.1270532Z #5 sha256:351447e6e3829fac25a761f87d07dc5bfc289f38908901d05fa53aaab54dbdcd 115.52kB / 115.52kB 0.8s done
2025-11-29T20:44:46.1278060Z #5 sha256:eec8099d3f58ba87e25216a07db18b5a0de40b6921ee61ea8ab9b4c29b53a12f 1.16MB / 1.16MB 0.9s done
2025-11-29T20:44:46.1282585Z #5 sha256:cddc70a1cccef26d55fcf9242759c41404c305acea0b4c3a30961c99846a0a55 0B / 637.94kB 0.9s
2025-11-29T20:44:46.2233522Z #5 sha256:41c7cd6fb37363fd1ec16dad3463ecc5820eda12c418a82b4849604252d29b88 139.07MB / 197.07MB 1.0s
2025-11-29T20:44:46.2239096Z #5 sha256:ec0af1da0a0576de654092a28624c0565c6d854216944f18159460338af43293 54.53MB / 72.99MB 1.0s
2025-11-29T20:44:46.2245695Z #5 sha256:cddc70a1cccef26d55fcf9242759c41404c305acea0b4c3a30961c99846a0a55 637.94kB / 637.94kB 0.9s done
2025-11-29T20:44:46.2250472Z #5 sha256:36312d7930e0666f8cfc7940823ac101235e873b7cbb8b20d9481fd404095767 7.00MB / 35.20MB 1.0s
2025-11-29T20:44:46.3271451Z #5 sha256:41c7cd6fb37363fd1ec16dad3463ecc5820eda12c418a82b4849604252d29b88 149.93MB / 197.07MB 1.1s
2025-11-29T20:44:46.3276243Z #5 sha256:ec0af1da0a0576de654092a28624c0565c6d854216944f18159460338af43293 67.77MB / 72.99MB 1.1s
2025-11-29T20:44:46.3279239Z #5 sha256:36312d7930e0666f8cfc7940823ac101235e873b7cbb8b20d9481fd404095767 14.98MB / 35.20MB 1.1s
2025-11-29T20:44:46.4596772Z #5 sha256:ec0af1da0a0576de654092a28624c0565c6d854216944f18159460338af43293 72.99MB / 72.99MB 1.2s
2025-11-29T20:44:46.4598892Z #5 sha256:36312d7930e0666f8cfc7940823ac101235e873b7cbb8b20d9481fd404095767 22.54MB / 35.20MB 1.2s
2025-11-29T20:44:46.6231903Z #5 sha256:41c7cd6fb37363fd1ec16dad3463ecc5820eda12c418a82b4849604252d29b88 182.22MB / 197.07MB 1.4s
2025-11-29T20:44:46.6238512Z #5 sha256:ec0af1da0a0576de654092a28624c0565c6d854216944f18159460338af43293 72.99MB / 72.99MB 1.2s done
2025-11-29T20:44:46.6239574Z #5 sha256:36312d7930e0666f8cfc7940823ac101235e873b7cbb8b20d9481fd404095767 35.20MB / 35.20MB 1.4s done
2025-11-29T20:44:46.6240775Z #5 sha256:8023cb51985fccd3faa4be6340cdc75b72240277850569aa974767dda5176159 168B / 168B 1.3s done
2025-11-29T20:44:46.6241846Z #5 sha256:4a1fde1690fe113870084a3224c66554fc9cbd2310abb9593b0244ec21f4b76d 168B / 168B 1.2s done
2025-11-29T20:44:46.6242864Z #5 sha256:4836a863d60df9ca0cedad0eb5e729c4a7f755449fbfbd6d4ea6443e64c990e0 11.53MB / 118.65MB 1.4s
2025-11-29T20:44:46.7251541Z #5 sha256:41c7cd6fb37363fd1ec16dad3463ecc5820eda12c418a82b4849604252d29b88 192.94MB / 197.07MB 1.5s
2025-11-29T20:44:46.7255431Z #5 sha256:4836a863d60df9ca0cedad0eb5e729c4a7f755449fbfbd6d4ea6443e64c990e0 23.07MB / 118.65MB 1.5s
2025-11-29T20:44:46.9222321Z #5 sha256:4836a863d60df9ca0cedad0eb5e729c4a7f755449fbfbd6d4ea6443e64c990e0 73.40MB / 118.65MB 1.7s
2025-11-29T20:44:47.0216341Z #5 sha256:4836a863d60df9ca0cedad0eb5e729c4a7f755449fbfbd6d4ea6443e64c990e0 101.71MB / 118.65MB 1.8s
2025-11-29T20:44:47.1219072Z #5 sha256:4836a863d60df9ca0cedad0eb5e729c4a7f755449fbfbd6d4ea6443e64c990e0 118.65MB / 118.65MB 1.9s
2025-11-29T20:44:47.7191425Z #5 sha256:41c7cd6fb37363fd1ec16dad3463ecc5820eda12c418a82b4849604252d29b88 197.07MB / 197.07MB 2.4s done
2025-11-29T20:44:48.2213230Z #5 sha256:4836a863d60df9ca0cedad0eb5e729c4a7f755449fbfbd6d4ea6443e64c990e0 118.65MB / 118.65MB 2.9s done
2025-11-29T20:44:49.4980469Z #5 extracting sha256:5d6e107a26c2ffb6e234f04132358dea70a691a64c1152f984d2f2ba0e218c58 3.7s done
2025-11-29T20:44:49.6305597Z #5 extracting sha256:2377065f3b700cf1b5e391d26c572c8b91892dd44acd75deebdab5e403b23175 0.1s
2025-11-29T20:44:50.1105460Z #5 extracting sha256:2377065f3b700cf1b5e391d26c572c8b91892dd44acd75deebdab5e403b23175 0.4s done
2025-11-29T20:44:50.7338768Z #5 extracting sha256:5ee26b7a209f9a26720207792b237af3e19c0efeed8695e1e630fcd0feef9230
2025-11-29T20:44:52.9445750Z #5 extracting sha256:5ee26b7a209f9a26720207792b237af3e19c0efeed8695e1e630fcd0feef9230 2.1s done
2025-11-29T20:44:53.4725152Z #5 extracting sha256:41c7cd6fb37363fd1ec16dad3463ecc5820eda12c418a82b4849604252d29b88
2025-11-29T20:44:58.5476240Z #5 extracting sha256:41c7cd6fb37363fd1ec16dad3463ecc5820eda12c418a82b4849604252d29b88 5.1s
2025-11-29T20:44:58.7204943Z #5 extracting sha256:41c7cd6fb37363fd1ec16dad3463ecc5820eda12c418a82b4849604252d29b88 5.2s done
2025-11-29T20:45:01.2167069Z #5 extracting sha256:4f4fb700ef54461cfa02571ae0db9a0dc1e0cdb5577484a6d75e68dc38e8acc1
2025-11-29T20:45:01.4055808Z #5 extracting sha256:4f4fb700ef54461cfa02571ae0db9a0dc1e0cdb5577484a6d75e68dc38e8acc1 done
2025-11-29T20:45:01.4060781Z #5 extracting sha256:aede74d79976f9d1be608a1286cdb2ca61aad25185440263691db6a0880adadd 0.1s
2025-11-29T20:45:02.1538190Z #5 extracting sha256:aede74d79976f9d1be608a1286cdb2ca61aad25185440263691db6a0880adadd 0.8s done
2025-11-29T20:45:02.1539599Z #5 extracting sha256:c279a6399750ee20e802fb2c47da034ccee5eb4f3b89087f32618f10e8af074a
2025-11-29T20:45:02.4056884Z #5 extracting sha256:c279a6399750ee20e802fb2c47da034ccee5eb4f3b89087f32618f10e8af074a 0.1s done
2025-11-29T20:45:02.4059555Z #5 extracting sha256:ec0af1da0a0576de654092a28624c0565c6d854216944f18159460338af43293 0.1s
2025-11-29T20:45:03.5724872Z #5 extracting sha256:ec0af1da0a0576de654092a28624c0565c6d854216944f18159460338af43293 1.1s done
2025-11-29T20:45:04.1251624Z #5 extracting sha256:351447e6e3829fac25a761f87d07dc5bfc289f38908901d05fa53aaab54dbdcd
2025-11-29T20:45:04.2556750Z #5 extracting sha256:351447e6e3829fac25a761f87d07dc5bfc289f38908901d05fa53aaab54dbdcd done
2025-11-29T20:45:04.2562760Z #5 extracting sha256:eec8099d3f58ba87e25216a07db18b5a0de40b6921ee61ea8ab9b4c29b53a12f 0.1s done
2025-11-29T20:45:04.2563978Z #5 extracting sha256:cddc70a1cccef26d55fcf9242759c41404c305acea0b4c3a30961c99846a0a55 0.0s done
2025-11-29T20:45:04.3772234Z #5 extracting sha256:36312d7930e0666f8cfc7940823ac101235e873b7cbb8b20d9481fd404095767 0.1s
2025-11-29T20:45:04.8663832Z #5 extracting sha256:36312d7930e0666f8cfc7940823ac101235e873b7cbb8b20d9481fd404095767 0.5s done
2025-11-29T20:45:04.8665009Z #5 extracting sha256:4a1fde1690fe113870084a3224c66554fc9cbd2310abb9593b0244ec21f4b76d
2025-11-29T20:45:05.0520178Z #5 extracting sha256:4a1fde1690fe113870084a3224c66554fc9cbd2310abb9593b0244ec21f4b76d done
2025-11-29T20:45:05.0524374Z #5 extracting sha256:8023cb51985fccd3faa4be6340cdc75b72240277850569aa974767dda5176159 done
2025-11-29T20:45:05.0525494Z #5 extracting sha256:4836a863d60df9ca0cedad0eb5e729c4a7f755449fbfbd6d4ea6443e64c990e0 0.1s
2025-11-29T20:45:08.7797756Z #5 extracting sha256:4836a863d60df9ca0cedad0eb5e729c4a7f755449fbfbd6d4ea6443e64c990e0 3.7s done
2025-11-29T20:45:10.1067418Z #5 DONE 24.9s
2025-11-29T20:45:10.2735386Z 
2025-11-29T20:45:10.2736498Z #6 [2/2] COPY entrypoint.sh /entrypoint.sh
2025-11-29T20:45:10.2740566Z #6 DONE 0.0s
2025-11-29T20:45:10.2741055Z 
2025-11-29T20:45:10.2741461Z #7 exporting to image
2025-11-29T20:45:10.2742037Z #7 exporting layers
2025-11-29T20:45:11.4338842Z #7 exporting layers 1.3s done
2025-11-29T20:45:11.4576844Z #7 writing image sha256:82c60c7275b9bc735f54ead5f5d7416cac06c6f82b2de22809de21d72a773c91 done
2025-11-29T20:45:11.4577879Z #7 naming to docker.io/library/5a56e0:e4ed86bbef1444ff92516e64a7d2f823 done
2025-11-29T20:45:11.4579095Z #7 DONE 1.3s
2025-11-29T20:45:11.4643782Z ##[endgroup]
2025-11-29T20:45:11.4874076Z ##[group]Run actions/checkout@v3
2025-11-29T20:45:11.4874693Z with:
2025-11-29T20:45:11.4874889Z   submodules: false
2025-11-29T20:45:11.4875090Z   lfs: false
2025-11-29T20:45:11.4875429Z   sparse-checkout: *
!Vitrine-De-Craques-App/
!Vitrine-De-Craques-App-iOS/
!docs/

2025-11-29T20:45:11.4875844Z   sparse-checkout-cone-mode: false
2025-11-29T20:45:11.4876169Z   repository: aspepper/vitrine-de-craques-web-site
2025-11-29T20:45:11.4876683Z   token: ***
2025-11-29T20:45:11.4876867Z   ssh-strict: true
2025-11-29T20:45:11.4877076Z   persist-credentials: true
2025-11-29T20:45:11.4877304Z   clean: true
2025-11-29T20:45:11.4877481Z   fetch-depth: 1
2025-11-29T20:45:11.4877665Z   fetch-tags: false
2025-11-29T20:45:11.4877859Z   set-safe-directory: true
2025-11-29T20:45:11.4878492Z env:
2025-11-29T20:45:11.4879212Z   DATABASE_URL: ***
2025-11-29T20:45:11.4879523Z   NEXTAUTH_URL: ***
2025-11-29T20:45:11.4879958Z   NEXTAUTH_SECRET: ***
2025-11-29T20:45:11.4880185Z   AUTH_TRUST_HOST: true
2025-11-29T20:45:11.4880441Z ##[endgroup]
2025-11-29T20:45:11.5835793Z Syncing repository: aspepper/vitrine-de-craques-web-site
2025-11-29T20:45:11.5837846Z ##[group]Getting Git version info
2025-11-29T20:45:11.5838761Z Working directory is '/home/runner/work/vitrine-de-craques-web-site/vitrine-de-craques-web-site'
2025-11-29T20:45:11.5840241Z [command]/usr/bin/git version
2025-11-29T20:45:11.5846194Z git version 2.51.2
2025-11-29T20:45:11.5876602Z ##[endgroup]
2025-11-29T20:45:11.5892118Z Temporarily overriding HOME='/home/runner/work/_temp/a5d48b1c-64c5-4809-8ada-f29a7789cb60' before making global git config changes
2025-11-29T20:45:11.5894429Z Adding repository directory to the temporary git global config as a safe directory
2025-11-29T20:45:11.5898695Z [command]/usr/bin/git config --global --add safe.directory /home/runner/work/vitrine-de-craques-web-site/vitrine-de-craques-web-site
2025-11-29T20:45:11.5936362Z Deleting the contents of '/home/runner/work/vitrine-de-craques-web-site/vitrine-de-craques-web-site'
2025-11-29T20:45:11.5941693Z ##[group]Initializing the repository
2025-11-29T20:45:11.5945586Z [command]/usr/bin/git init /home/runner/work/vitrine-de-craques-web-site/vitrine-de-craques-web-site
2025-11-29T20:45:11.6075835Z hint: Using 'master' as the name for the initial branch. This default branch name
2025-11-29T20:45:11.6077460Z hint: is subject to change. To configure the initial branch name to use in all
2025-11-29T20:45:11.6083068Z hint: of your new repositories, which will suppress this warning, call:
2025-11-29T20:45:11.6083697Z hint:
2025-11-29T20:45:11.6084201Z hint: 	git config --global init.defaultBranch <name>
2025-11-29T20:45:11.6084733Z hint:
2025-11-29T20:45:11.6085258Z hint: Names commonly chosen instead of 'master' are 'main', 'trunk' and
2025-11-29T20:45:11.6086140Z hint: 'development'. The just-created branch can be renamed via this command:
2025-11-29T20:45:11.6086811Z hint:
2025-11-29T20:45:11.6087151Z hint: 	git branch -m <name>
2025-11-29T20:45:11.6087539Z hint:
2025-11-29T20:45:11.6088147Z hint: Disable this message with "git config set advice.defaultBranchName false"
2025-11-29T20:45:11.6089560Z Initialized empty Git repository in /home/runner/work/vitrine-de-craques-web-site/vitrine-de-craques-web-site/.git/
2025-11-29T20:45:11.6097488Z [command]/usr/bin/git remote add origin https://github.com/aspepper/vitrine-de-craques-web-site
2025-11-29T20:45:11.6130937Z ##[endgroup]
2025-11-29T20:45:11.6131544Z ##[group]Disabling automatic garbage collection
2025-11-29T20:45:11.6136381Z [command]/usr/bin/git config --local gc.auto 0
2025-11-29T20:45:11.6165941Z ##[endgroup]
2025-11-29T20:45:11.6166499Z ##[group]Setting up auth
2025-11-29T20:45:11.6174760Z [command]/usr/bin/git config --local --name-only --get-regexp core\.sshCommand
2025-11-29T20:45:11.6205423Z [command]/usr/bin/git submodule foreach --recursive sh -c "git config --local --name-only --get-regexp 'core\.sshCommand' && git config --local --unset-all 'core.sshCommand' || :"
2025-11-29T20:45:11.6593651Z [command]/usr/bin/git config --local --name-only --get-regexp http\.https\:\/\/github\.com\/\.extraheader
2025-11-29T20:45:11.6624176Z [command]/usr/bin/git submodule foreach --recursive sh -c "git config --local --name-only --get-regexp 'http\.https\:\/\/github\.com\/\.extraheader' && git config --local --unset-all 'http.https://github.com/.extraheader' || :"
2025-11-29T20:45:11.6855030Z [command]/usr/bin/git config --local http.https://github.com/.extraheader AUTHORIZATION: basic ***
2025-11-29T20:45:11.6894604Z ##[endgroup]
2025-11-29T20:45:11.6897360Z ##[group]Fetching the repository
2025-11-29T20:45:11.6904169Z [command]/usr/bin/git -c protocol.version=2 fetch --no-tags --prune --progress --no-recurse-submodules --filter=blob:none --depth=1 origin +b3fe9b19e4b1327c1d48b75a6d25ee0fdcbf6bd0:refs/remotes/origin/main
2025-11-29T20:45:12.0835066Z remote: Enumerating objects: 202, done.        
2025-11-29T20:45:12.0840307Z remote: Counting objects:   0% (1/202)        
2025-11-29T20:45:12.0841046Z remote: Counting objects:   1% (3/202)        
2025-11-29T20:45:12.0841735Z remote: Counting objects:   2% (5/202)        
2025-11-29T20:45:12.0842364Z remote: Counting objects:   3% (7/202)        
2025-11-29T20:45:12.0843000Z remote: Counting objects:   4% (9/202)        
2025-11-29T20:45:12.0843582Z remote: Counting objects:   5% (11/202)        
2025-11-29T20:45:12.0845403Z remote: Counting objects:   6% (13/202)        
2025-11-29T20:45:12.0847329Z remote: Counting objects:   7% (15/202)        
2025-11-29T20:45:12.0847880Z remote: Counting objects:   8% (17/202)        
2025-11-29T20:45:12.0848407Z remote: Counting objects:   9% (19/202)        
2025-11-29T20:45:12.0848924Z remote: Counting objects:  10% (21/202)        
2025-11-29T20:45:12.0849452Z remote: Counting objects:  11% (23/202)        
2025-11-29T20:45:12.0850449Z remote: Counting objects:  12% (25/202)        
2025-11-29T20:45:12.0850994Z remote: Counting objects:  13% (27/202)        
2025-11-29T20:45:12.0851515Z remote: Counting objects:  14% (29/202)        
2025-11-29T20:45:12.0855299Z remote: Counting objects:  15% (31/202)        
2025-11-29T20:45:12.0855834Z remote: Counting objects:  16% (33/202)        
2025-11-29T20:45:12.0856354Z remote: Counting objects:  17% (35/202)        
2025-11-29T20:45:12.0856860Z remote: Counting objects:  18% (37/202)        
2025-11-29T20:45:12.0857367Z remote: Counting objects:  19% (39/202)        
2025-11-29T20:45:12.0857884Z remote: Counting objects:  20% (41/202)        
2025-11-29T20:45:12.0858403Z remote: Counting objects:  21% (43/202)        
2025-11-29T20:45:12.0858928Z remote: Counting objects:  22% (45/202)        
2025-11-29T20:45:12.0859436Z remote: Counting objects:  23% (47/202)        
2025-11-29T20:45:12.0860217Z remote: Counting objects:  24% (49/202)        
2025-11-29T20:45:12.0860750Z remote: Counting objects:  25% (51/202)        
2025-11-29T20:45:12.0861259Z remote: Counting objects:  26% (53/202)        
2025-11-29T20:45:12.0861775Z remote: Counting objects:  27% (55/202)        
2025-11-29T20:45:12.0862363Z remote: Counting objects:  28% (57/202)        
2025-11-29T20:45:12.0862885Z remote: Counting objects:  29% (59/202)        
2025-11-29T20:45:12.0863399Z remote: Counting objects:  30% (61/202)        
2025-11-29T20:45:12.0863915Z remote: Counting objects:  31% (63/202)        
2025-11-29T20:45:12.0864426Z remote: Counting objects:  32% (65/202)        
2025-11-29T20:45:12.0864918Z remote: Counting objects:  33% (67/202)        
2025-11-29T20:45:12.0865425Z remote: Counting objects:  34% (69/202)        
2025-11-29T20:45:12.0865937Z remote: Counting objects:  35% (71/202)        
2025-11-29T20:45:12.0866433Z remote: Counting objects:  36% (73/202)        
2025-11-29T20:45:12.0866939Z remote: Counting objects:  37% (75/202)        
2025-11-29T20:45:12.0867434Z remote: Counting objects:  38% (77/202)        
2025-11-29T20:45:12.0867933Z remote: Counting objects:  39% (79/202)        
2025-11-29T20:45:12.0868427Z remote: Counting objects:  40% (81/202)        
2025-11-29T20:45:12.0869182Z remote: Counting objects:  41% (83/202)        
2025-11-29T20:45:12.0869739Z remote: Counting objects:  42% (85/202)        
2025-11-29T20:45:12.0870565Z remote: Counting objects:  43% (87/202)        
2025-11-29T20:45:12.0871098Z remote: Counting objects:  44% (89/202)        
2025-11-29T20:45:12.0871587Z remote: Counting objects:  45% (91/202)        
2025-11-29T20:45:12.0872099Z remote: Counting objects:  46% (93/202)        
2025-11-29T20:45:12.0872610Z remote: Counting objects:  47% (95/202)        
2025-11-29T20:45:12.0873118Z remote: Counting objects:  48% (97/202)        
2025-11-29T20:45:12.0873618Z remote: Counting objects:  49% (99/202)        
2025-11-29T20:45:12.0874138Z remote: Counting objects:  50% (101/202)        
2025-11-29T20:45:12.0874683Z remote: Counting objects:  51% (104/202)        
2025-11-29T20:45:12.0875210Z remote: Counting objects:  52% (106/202)        
2025-11-29T20:45:12.0875725Z remote: Counting objects:  53% (108/202)        
2025-11-29T20:45:12.0876227Z remote: Counting objects:  54% (110/202)        
2025-11-29T20:45:12.0876758Z remote: Counting objects:  55% (112/202)        
2025-11-29T20:45:12.0877281Z remote: Counting objects:  56% (114/202)        
2025-11-29T20:45:12.0877790Z remote: Counting objects:  57% (116/202)        
2025-11-29T20:45:12.0878298Z remote: Counting objects:  58% (118/202)        
2025-11-29T20:45:12.0878847Z remote: Counting objects:  59% (120/202)        
2025-11-29T20:45:12.0879346Z remote: Counting objects:  60% (122/202)        
2025-11-29T20:45:12.0880041Z remote: Counting objects:  61% (124/202)        
2025-11-29T20:45:12.0946844Z remote: Counting objects:  62% (126/202)        
2025-11-29T20:45:12.0947350Z remote: Counting objects:  63% (128/202)        
2025-11-29T20:45:12.0947835Z remote: Counting objects:  64% (130/202)        
2025-11-29T20:45:12.0948433Z remote: Counting objects:  65% (132/202)        
2025-11-29T20:45:12.0949030Z remote: Counting objects:  66% (134/202)        
2025-11-29T20:45:12.0949560Z remote: Counting objects:  67% (136/202)        
2025-11-29T20:45:12.0950502Z remote: Counting objects:  68% (138/202)        
2025-11-29T20:45:12.0950961Z remote: Counting objects:  69% (140/202)        
2025-11-29T20:45:12.0951425Z remote: Counting objects:  70% (142/202)        
2025-11-29T20:45:12.0951925Z remote: Counting objects:  71% (144/202)        
2025-11-29T20:45:12.0952464Z remote: Counting objects:  72% (146/202)        
2025-11-29T20:45:12.0953051Z remote: Counting objects:  73% (148/202)        
2025-11-29T20:45:12.0953571Z remote: Counting objects:  74% (150/202)        
2025-11-29T20:45:12.0954085Z remote: Counting objects:  75% (152/202)        
2025-11-29T20:45:12.0954607Z remote: Counting objects:  76% (154/202)        
2025-11-29T20:45:12.0955136Z remote: Counting objects:  77% (156/202)        
2025-11-29T20:45:12.0955646Z remote: Counting objects:  78% (158/202)        
2025-11-29T20:45:12.0956146Z remote: Counting objects:  79% (160/202)        
2025-11-29T20:45:12.0956672Z remote: Counting objects:  80% (162/202)        
2025-11-29T20:45:12.0957194Z remote: Counting objects:  81% (164/202)        
2025-11-29T20:45:12.0957703Z remote: Counting objects:  82% (166/202)        
2025-11-29T20:45:12.0958209Z remote: Counting objects:  83% (168/202)        
2025-11-29T20:45:12.0958717Z remote: Counting objects:  84% (170/202)        
2025-11-29T20:45:12.0959230Z remote: Counting objects:  85% (172/202)        
2025-11-29T20:45:12.0959730Z remote: Counting objects:  86% (174/202)        
2025-11-29T20:45:12.0960428Z remote: Counting objects:  87% (176/202)        
2025-11-29T20:45:12.0960954Z remote: Counting objects:  88% (178/202)        
2025-11-29T20:45:12.0961468Z remote: Counting objects:  89% (180/202)        
2025-11-29T20:45:12.0961976Z remote: Counting objects:  90% (182/202)        
2025-11-29T20:45:12.0962465Z remote: Counting objects:  91% (184/202)        
2025-11-29T20:45:12.0963007Z remote: Counting objects:  92% (186/202)        
2025-11-29T20:45:12.0963525Z remote: Counting objects:  93% (188/202)        
2025-11-29T20:45:12.0964250Z remote: Counting objects:  94% (190/202)        
2025-11-29T20:45:12.0964768Z remote: Counting objects:  95% (192/202)        
2025-11-29T20:45:12.0965225Z remote: Counting objects:  96% (194/202)        
2025-11-29T20:45:12.0965709Z remote: Counting objects:  97% (196/202)        
2025-11-29T20:45:12.0966109Z remote: Counting objects:  98% (198/202)        
2025-11-29T20:45:12.0966418Z remote: Counting objects:  99% (200/202)        
2025-11-29T20:45:12.0966706Z remote: Counting objects: 100% (202/202)        
2025-11-29T20:45:12.0967037Z remote: Counting objects: 100% (202/202), done.        
2025-11-29T20:45:12.0967359Z remote: Compressing objects:   0% (1/111)        
2025-11-29T20:45:12.0967659Z remote: Compressing objects:   1% (2/111)        
2025-11-29T20:45:12.0967952Z remote: Compressing objects:   2% (3/111)        
2025-11-29T20:45:12.0968243Z remote: Compressing objects:   3% (4/111)        
2025-11-29T20:45:12.0968531Z remote: Compressing objects:   4% (5/111)        
2025-11-29T20:45:12.0968834Z remote: Compressing objects:   5% (6/111)        
2025-11-29T20:45:12.0969126Z remote: Compressing objects:   6% (7/111)        
2025-11-29T20:45:12.0969416Z remote: Compressing objects:   7% (8/111)        
2025-11-29T20:45:12.0969706Z remote: Compressing objects:   8% (9/111)        
2025-11-29T20:45:12.0970252Z remote: Compressing objects:   9% (10/111)        
2025-11-29T20:45:12.0970554Z remote: Compressing objects:  10% (12/111)        
2025-11-29T20:45:12.0970854Z remote: Compressing objects:  11% (13/111)        
2025-11-29T20:45:12.0971148Z remote: Compressing objects:  12% (14/111)        
2025-11-29T20:45:12.0971441Z remote: Compressing objects:  13% (15/111)        
2025-11-29T20:45:12.0971735Z remote: Compressing objects:  14% (16/111)        
2025-11-29T20:45:12.0972024Z remote: Compressing objects:  15% (17/111)        
2025-11-29T20:45:12.0972314Z remote: Compressing objects:  16% (18/111)        
2025-11-29T20:45:12.0972608Z remote: Compressing objects:  17% (19/111)        
2025-11-29T20:45:12.0973090Z remote: Compressing objects:  18% (20/111)        
2025-11-29T20:45:12.0973380Z remote: Compressing objects:  19% (22/111)        
2025-11-29T20:45:12.0973667Z remote: Compressing objects:  20% (23/111)        
2025-11-29T20:45:12.0973951Z remote: Compressing objects:  21% (24/111)        
2025-11-29T20:45:12.0974241Z remote: Compressing objects:  22% (25/111)        
2025-11-29T20:45:12.0974527Z remote: Compressing objects:  23% (26/111)        
2025-11-29T20:45:12.0974816Z remote: Compressing objects:  24% (27/111)        
2025-11-29T20:45:12.0975104Z remote: Compressing objects:  25% (28/111)        
2025-11-29T20:45:12.0975390Z remote: Compressing objects:  26% (29/111)        
2025-11-29T20:45:12.0975683Z remote: Compressing objects:  27% (30/111)        
2025-11-29T20:45:12.0975974Z remote: Compressing objects:  28% (32/111)        
2025-11-29T20:45:12.0976264Z remote: Compressing objects:  29% (33/111)        
2025-11-29T20:45:12.0976553Z remote: Compressing objects:  30% (34/111)        
2025-11-29T20:45:12.0976848Z remote: Compressing objects:  31% (35/111)        
2025-11-29T20:45:12.0977129Z remote: Compressing objects:  32% (36/111)        
2025-11-29T20:45:12.0977415Z remote: Compressing objects:  33% (37/111)        
2025-11-29T20:45:12.0977701Z remote: Compressing objects:  34% (38/111)        
2025-11-29T20:45:12.0977988Z remote: Compressing objects:  35% (39/111)        
2025-11-29T20:45:12.0978270Z remote: Compressing objects:  36% (40/111)        
2025-11-29T20:45:12.0978554Z remote: Compressing objects:  37% (42/111)        
2025-11-29T20:45:12.0978838Z remote: Compressing objects:  38% (43/111)        
2025-11-29T20:45:12.0979129Z remote: Compressing objects:  39% (44/111)        
2025-11-29T20:45:12.0979418Z remote: Compressing objects:  40% (45/111)        
2025-11-29T20:45:12.0979704Z remote: Compressing objects:  41% (46/111)        
2025-11-29T20:45:12.0980271Z remote: Compressing objects:  42% (47/111)        
2025-11-29T20:45:12.0980698Z remote: Compressing objects:  43% (48/111)        
2025-11-29T20:45:12.0981001Z remote: Compressing objects:  44% (49/111)        
2025-11-29T20:45:12.0981293Z remote: Compressing objects:  45% (50/111)        
2025-11-29T20:45:12.0981584Z remote: Compressing objects:  46% (52/111)        
2025-11-29T20:45:12.0981875Z remote: Compressing objects:  47% (53/111)        
2025-11-29T20:45:12.0982168Z remote: Compressing objects:  48% (54/111)        
2025-11-29T20:45:12.0982459Z remote: Compressing objects:  49% (55/111)        
2025-11-29T20:45:12.0982754Z remote: Compressing objects:  50% (56/111)        
2025-11-29T20:45:12.0983048Z remote: Compressing objects:  51% (57/111)        
2025-11-29T20:45:12.0983344Z remote: Compressing objects:  52% (58/111)        
2025-11-29T20:45:12.0983631Z remote: Compressing objects:  53% (59/111)        
2025-11-29T20:45:12.0983926Z remote: Compressing objects:  54% (60/111)        
2025-11-29T20:45:12.0984222Z remote: Compressing objects:  55% (62/111)        
2025-11-29T20:45:12.0984516Z remote: Compressing objects:  56% (63/111)        
2025-11-29T20:45:12.0984814Z remote: Compressing objects:  57% (64/111)        
2025-11-29T20:45:12.0985110Z remote: Compressing objects:  58% (65/111)        
2025-11-29T20:45:12.0985403Z remote: Compressing objects:  59% (66/111)        
2025-11-29T20:45:12.0985695Z remote: Compressing objects:  60% (67/111)        
2025-11-29T20:45:12.0985985Z remote: Compressing objects:  61% (68/111)        
2025-11-29T20:45:12.0986279Z remote: Compressing objects:  62% (69/111)        
2025-11-29T20:45:12.0986572Z remote: Compressing objects:  63% (70/111)        
2025-11-29T20:45:12.0986855Z remote: Compressing objects:  64% (72/111)        
2025-11-29T20:45:12.0987147Z remote: Compressing objects:  65% (73/111)        
2025-11-29T20:45:12.0987438Z remote: Compressing objects:  66% (74/111)        
2025-11-29T20:45:12.0987728Z remote: Compressing objects:  67% (75/111)        
2025-11-29T20:45:12.0988017Z remote: Compressing objects:  68% (76/111)        
2025-11-29T20:45:12.0988310Z remote: Compressing objects:  69% (77/111)        
2025-11-29T20:45:12.0988748Z remote: Compressing objects:  70% (78/111)        
2025-11-29T20:45:12.0989035Z remote: Compressing objects:  71% (79/111)        
2025-11-29T20:45:12.0989329Z remote: Compressing objects:  72% (80/111)        
2025-11-29T20:45:12.0989620Z remote: Compressing objects:  73% (82/111)        
2025-11-29T20:45:12.0990128Z remote: Compressing objects:  74% (83/111)        
2025-11-29T20:45:12.0990427Z remote: Compressing objects:  75% (84/111)        
2025-11-29T20:45:12.0990717Z remote: Compressing objects:  76% (85/111)        
2025-11-29T20:45:12.0991010Z remote: Compressing objects:  77% (86/111)        
2025-11-29T20:45:12.0991298Z remote: Compressing objects:  78% (87/111)        
2025-11-29T20:45:12.0991590Z remote: Compressing objects:  79% (88/111)        
2025-11-29T20:45:12.0991877Z remote: Compressing objects:  80% (89/111)        
2025-11-29T20:45:12.0992168Z remote: Compressing objects:  81% (90/111)        
2025-11-29T20:45:12.0992466Z remote: Compressing objects:  82% (92/111)        
2025-11-29T20:45:12.0992757Z remote: Compressing objects:  83% (93/111)        
2025-11-29T20:45:12.0993048Z remote: Compressing objects:  84% (94/111)        
2025-11-29T20:45:12.0993339Z remote: Compressing objects:  85% (95/111)        
2025-11-29T20:45:12.0993623Z remote: Compressing objects:  86% (96/111)        
2025-11-29T20:45:12.0993913Z remote: Compressing objects:  87% (97/111)        
2025-11-29T20:45:12.0994201Z remote: Compressing objects:  88% (98/111)        
2025-11-29T20:45:12.0994492Z remote: Compressing objects:  89% (99/111)        
2025-11-29T20:45:12.0995277Z remote: Compressing objects:  90% (100/111)        
2025-11-29T20:45:12.0995900Z remote: Compressing objects:  91% (102/111)        
2025-11-29T20:45:12.0996459Z remote: Compressing objects:  92% (103/111)        
2025-11-29T20:45:12.0997006Z remote: Compressing objects:  93% (104/111)        
2025-11-29T20:45:12.0997738Z remote: Compressing objects:  94% (105/111)        
2025-11-29T20:45:12.0998242Z remote: Compressing objects:  95% (106/111)        
2025-11-29T20:45:12.0998792Z remote: Compressing objects:  96% (107/111)        
2025-11-29T20:45:12.0999329Z remote: Compressing objects:  97% (108/111)        
2025-11-29T20:45:12.1000055Z remote: Compressing objects:  98% (109/111)        
2025-11-29T20:45:12.1000665Z remote: Compressing objects:  99% (110/111)        
2025-11-29T20:45:12.1001230Z remote: Compressing objects: 100% (111/111)        
2025-11-29T20:45:12.1001823Z remote: Compressing objects: 100% (111/111), done.        
2025-11-29T20:45:12.1050744Z Receiving objects:   0% (1/202)
2025-11-29T20:45:12.1052077Z Receiving objects:   1% (3/202)
2025-11-29T20:45:12.1052509Z Receiving objects:   2% (5/202)
2025-11-29T20:45:12.1052919Z Receiving objects:   3% (7/202)
2025-11-29T20:45:12.1053317Z Receiving objects:   4% (9/202)
2025-11-29T20:45:12.1053716Z Receiving objects:   5% (11/202)
2025-11-29T20:45:12.1054125Z Receiving objects:   6% (13/202)
2025-11-29T20:45:12.1054536Z Receiving objects:   7% (15/202)
2025-11-29T20:45:12.1054939Z Receiving objects:   8% (17/202)
2025-11-29T20:45:12.1055349Z Receiving objects:   9% (19/202)
2025-11-29T20:45:12.1055760Z Receiving objects:  10% (21/202)
2025-11-29T20:45:12.1056175Z Receiving objects:  11% (23/202)
2025-11-29T20:45:12.1056587Z Receiving objects:  12% (25/202)
2025-11-29T20:45:12.1056995Z Receiving objects:  13% (27/202)
2025-11-29T20:45:12.1057398Z Receiving objects:  14% (29/202)
2025-11-29T20:45:12.1057800Z Receiving objects:  15% (31/202)
2025-11-29T20:45:12.1058202Z Receiving objects:  16% (33/202)
2025-11-29T20:45:12.1058606Z Receiving objects:  17% (35/202)
2025-11-29T20:45:12.1059010Z Receiving objects:  18% (37/202)
2025-11-29T20:45:12.1059411Z Receiving objects:  19% (39/202)
2025-11-29T20:45:12.1060027Z Receiving objects:  20% (41/202)
2025-11-29T20:45:12.1060435Z Receiving objects:  21% (43/202)
2025-11-29T20:45:12.1060832Z Receiving objects:  22% (45/202)
2025-11-29T20:45:12.1061470Z Receiving objects:  23% (47/202)
2025-11-29T20:45:12.1062182Z Receiving objects:  24% (49/202)
2025-11-29T20:45:12.1062690Z Receiving objects:  25% (51/202)
2025-11-29T20:45:12.1064099Z Receiving objects:  26% (53/202)
2025-11-29T20:45:12.1064983Z Receiving objects:  27% (55/202)
2025-11-29T20:45:12.1065431Z Receiving objects:  28% (57/202)
2025-11-29T20:45:12.1065862Z Receiving objects:  29% (59/202)
2025-11-29T20:45:12.1066298Z Receiving objects:  30% (61/202)
2025-11-29T20:45:12.1066721Z Receiving objects:  31% (63/202)
2025-11-29T20:45:12.1067122Z Receiving objects:  32% (65/202)
2025-11-29T20:45:12.1067520Z Receiving objects:  33% (67/202)
2025-11-29T20:45:12.1067922Z Receiving objects:  34% (69/202)
2025-11-29T20:45:12.1068339Z Receiving objects:  35% (71/202)
2025-11-29T20:45:12.1068773Z Receiving objects:  36% (73/202)
2025-11-29T20:45:12.1069172Z Receiving objects:  37% (75/202)
2025-11-29T20:45:12.1069609Z Receiving objects:  38% (77/202)
2025-11-29T20:45:12.1070230Z Receiving objects:  39% (79/202)
2025-11-29T20:45:12.1070673Z Receiving objects:  40% (81/202)
2025-11-29T20:45:12.1071113Z Receiving objects:  41% (83/202)
2025-11-29T20:45:12.1071535Z Receiving objects:  42% (85/202)
2025-11-29T20:45:12.1071792Z Receiving objects:  43% (87/202)
2025-11-29T20:45:12.1072036Z Receiving objects:  44% (89/202)
2025-11-29T20:45:12.1072281Z Receiving objects:  45% (91/202)
2025-11-29T20:45:12.1072514Z Receiving objects:  46% (93/202)
2025-11-29T20:45:12.1072734Z Receiving objects:  47% (95/202)
2025-11-29T20:45:12.1072957Z Receiving objects:  48% (97/202)
2025-11-29T20:45:12.1073186Z Receiving objects:  49% (99/202)
2025-11-29T20:45:12.1073418Z Receiving objects:  50% (101/202)
2025-11-29T20:45:12.1073657Z Receiving objects:  51% (104/202)
2025-11-29T20:45:12.1073889Z Receiving objects:  52% (106/202)
2025-11-29T20:45:12.1074119Z Receiving objects:  53% (108/202)
2025-11-29T20:45:12.1074345Z Receiving objects:  54% (110/202)
2025-11-29T20:45:12.1074572Z Receiving objects:  55% (112/202)
2025-11-29T20:45:12.1074946Z Receiving objects:  56% (114/202)
2025-11-29T20:45:12.1075189Z Receiving objects:  57% (116/202)
2025-11-29T20:45:12.1075419Z Receiving objects:  58% (118/202)
2025-11-29T20:45:12.1075646Z Receiving objects:  59% (120/202)
2025-11-29T20:45:12.1075868Z Receiving objects:  60% (122/202)
2025-11-29T20:45:12.1076089Z Receiving objects:  61% (124/202)
2025-11-29T20:45:12.1076316Z Receiving objects:  62% (126/202)
2025-11-29T20:45:12.1076537Z Receiving objects:  63% (128/202)
2025-11-29T20:45:12.1076763Z Receiving objects:  64% (130/202)
2025-11-29T20:45:12.1076984Z Receiving objects:  65% (132/202)
2025-11-29T20:45:12.1077204Z Receiving objects:  66% (134/202)
2025-11-29T20:45:12.1077430Z Receiving objects:  67% (136/202)
2025-11-29T20:45:12.1077656Z Receiving objects:  68% (138/202)
2025-11-29T20:45:12.1077879Z Receiving objects:  69% (140/202)
2025-11-29T20:45:12.1078104Z Receiving objects:  70% (142/202)
2025-11-29T20:45:12.1078332Z Receiving objects:  71% (144/202)
2025-11-29T20:45:12.1078563Z Receiving objects:  72% (146/202)
2025-11-29T20:45:12.1078817Z Receiving objects:  73% (148/202)
2025-11-29T20:45:12.1079049Z Receiving objects:  74% (150/202)
2025-11-29T20:45:12.1079274Z Receiving objects:  75% (152/202)
2025-11-29T20:45:12.1079506Z Receiving objects:  76% (154/202)
2025-11-29T20:45:12.1079736Z Receiving objects:  77% (156/202)
2025-11-29T20:45:12.1080218Z Receiving objects:  78% (158/202)
2025-11-29T20:45:12.1080941Z Receiving objects:  79% (160/202)
2025-11-29T20:45:12.1081189Z Receiving objects:  80% (162/202)
2025-11-29T20:45:12.1081428Z Receiving objects:  81% (164/202)
2025-11-29T20:45:12.1081661Z Receiving objects:  82% (166/202)
2025-11-29T20:45:12.1081891Z Receiving objects:  83% (168/202)
2025-11-29T20:45:12.1082118Z Receiving objects:  84% (170/202)
2025-11-29T20:45:12.1188393Z Receiving objects:  85% (172/202)
2025-11-29T20:45:12.1191405Z remote: Total 202 (delta 0), reused 146 (delta 0), pack-reused 0 (from 0)        
2025-11-29T20:45:12.1192239Z Receiving objects:  86% (174/202)
2025-11-29T20:45:12.1192796Z Receiving objects:  87% (176/202)
2025-11-29T20:45:12.1193534Z Receiving objects:  88% (178/202)
2025-11-29T20:45:12.1194056Z Receiving objects:  89% (180/202)
2025-11-29T20:45:12.1194532Z Receiving objects:  90% (182/202)
2025-11-29T20:45:12.1194936Z Receiving objects:  91% (184/202)
2025-11-29T20:45:12.1197443Z Receiving objects:  92% (186/202)
2025-11-29T20:45:12.1198902Z Receiving objects:  93% (188/202)
2025-11-29T20:45:12.1199290Z Receiving objects:  94% (190/202)
2025-11-29T20:45:12.1199666Z Receiving objects:  95% (192/202)
2025-11-29T20:45:12.1200217Z Receiving objects:  96% (194/202)
2025-11-29T20:45:12.1200592Z Receiving objects:  97% (196/202)
2025-11-29T20:45:12.1200963Z Receiving objects:  98% (198/202)
2025-11-29T20:45:12.1201323Z Receiving objects:  99% (200/202)
2025-11-29T20:45:12.1201695Z Receiving objects: 100% (202/202)
2025-11-29T20:45:12.1202187Z Receiving objects: 100% (202/202), 32.21 KiB | 2.01 MiB/s, done.
2025-11-29T20:45:12.1237386Z From https://github.com/aspepper/vitrine-de-craques-web-site
2025-11-29T20:45:12.1239000Z  * [new ref]         b3fe9b19e4b1327c1d48b75a6d25ee0fdcbf6bd0 -> origin/main
2025-11-29T20:45:12.1274587Z ##[endgroup]
2025-11-29T20:45:12.1275184Z ##[group]Determining the checkout info
2025-11-29T20:45:12.1276854Z ##[endgroup]
2025-11-29T20:45:12.1278330Z ##[group]Setting up sparse checkout
2025-11-29T20:45:12.1282607Z [command]/usr/bin/git config core.sparseCheckout true
2025-11-29T20:45:12.1314120Z [command]/usr/bin/git rev-parse --git-path info/sparse-checkout
2025-11-29T20:45:12.1333870Z .git/info/sparse-checkout
2025-11-29T20:45:12.1345083Z ##[endgroup]
2025-11-29T20:45:12.1346550Z ##[group]Checking out the ref
2025-11-29T20:45:12.1349389Z [command]/usr/bin/git checkout --progress --force -B main refs/remotes/origin/main
2025-11-29T20:45:23.7536518Z Updating files:   0% (1/678)
2025-11-29T20:45:23.7540470Z Updating files:   1% (7/678)
2025-11-29T20:45:23.7544996Z Updating files:   2% (14/678)
2025-11-29T20:45:23.7551258Z Updating files:   3% (21/678)
2025-11-29T20:45:23.7558423Z Updating files:   4% (28/678)
2025-11-29T20:45:23.7563349Z Updating files:   5% (34/678)
2025-11-29T20:45:23.7569743Z Updating files:   6% (41/678)
2025-11-29T20:45:23.7577982Z Updating files:   7% (48/678)
2025-11-29T20:45:23.7583120Z Updating files:   8% (55/678)
2025-11-29T20:45:23.7586229Z Updating files:   9% (62/678)
2025-11-29T20:45:23.7589493Z Updating files:  10% (68/678)
2025-11-29T20:45:23.7593442Z Updating files:  11% (75/678)
2025-11-29T20:45:23.7597053Z Updating files:  12% (82/678)
2025-11-29T20:45:23.7600904Z Updating files:  13% (89/678)
2025-11-29T20:45:23.7628474Z Updating files:  14% (95/678)
2025-11-29T20:45:23.7634573Z Updating files:  15% (102/678)
2025-11-29T20:45:23.7643712Z Updating files:  16% (109/678)
2025-11-29T20:45:23.7650779Z Updating files:  17% (116/678)
2025-11-29T20:45:23.7658214Z Updating files:  18% (123/678)
2025-11-29T20:45:23.7667296Z Updating files:  19% (129/678)
2025-11-29T20:45:23.7674185Z Updating files:  20% (136/678)
2025-11-29T20:45:23.7681099Z Updating files:  21% (143/678)
2025-11-29T20:45:23.7687367Z Updating files:  22% (150/678)
2025-11-29T20:45:23.7695267Z Updating files:  23% (156/678)
2025-11-29T20:45:23.7701622Z Updating files:  24% (163/678)
2025-11-29T20:45:23.7708406Z Updating files:  25% (170/678)
2025-11-29T20:45:23.7715522Z Updating files:  26% (177/678)
2025-11-29T20:45:23.7723854Z Updating files:  27% (184/678)
2025-11-29T20:45:23.7732409Z Updating files:  28% (190/678)
2025-11-29T20:45:23.7739517Z Updating files:  29% (197/678)
2025-11-29T20:45:23.7761539Z Updating files:  30% (204/678)
2025-11-29T20:45:23.7762206Z Updating files:  31% (211/678)
2025-11-29T20:45:23.7770086Z Updating files:  32% (217/678)
2025-11-29T20:45:23.7776852Z Updating files:  33% (224/678)
2025-11-29T20:45:23.7790490Z Updating files:  34% (231/678)
2025-11-29T20:45:23.7792615Z Updating files:  35% (238/678)
2025-11-29T20:45:23.7800065Z Updating files:  36% (245/678)
2025-11-29T20:45:23.7810388Z Updating files:  37% (251/678)
2025-11-29T20:45:23.7815398Z Updating files:  38% (258/678)
2025-11-29T20:45:23.7911319Z Updating files:  39% (265/678)
2025-11-29T20:45:23.8179989Z Updating files:  40% (272/678)
2025-11-29T20:45:23.8192425Z Updating files:  41% (278/678)
2025-11-29T20:45:23.9622625Z Updating files:  42% (285/678)
2025-11-29T20:45:23.9814573Z Updating files:  43% (292/678)
2025-11-29T20:45:23.9952785Z Updating files:  44% (299/678)
2025-11-29T20:45:24.0273620Z Updating files:  45% (306/678)
2025-11-29T20:45:24.0620921Z Updating files:  46% (312/678)
2025-11-29T20:45:24.0848926Z Updating files:  47% (319/678)
2025-11-29T20:45:24.0946730Z Updating files:  48% (326/678)
2025-11-29T20:45:24.1009716Z Updating files:  49% (333/678)
2025-11-29T20:45:24.1054798Z Updating files:  50% (339/678)
2025-11-29T20:45:24.1161674Z Updating files:  51% (346/678)
2025-11-29T20:45:24.1306246Z Updating files:  52% (353/678)
2025-11-29T20:45:24.1330334Z Updating files:  53% (360/678)
2025-11-29T20:45:24.1341119Z Updating files:  54% (367/678)
2025-11-29T20:45:24.1632839Z Updating files:  55% (373/678)
2025-11-29T20:45:24.1985791Z Updating files:  55% (378/678)
2025-11-29T20:45:24.2991238Z Updating files:  56% (380/678)
2025-11-29T20:45:24.3137128Z Updating files:  57% (387/678)
2025-11-29T20:45:24.3496265Z Updating files:  58% (394/678)
2025-11-29T20:45:24.3636998Z Updating files:  59% (401/678)
2025-11-29T20:45:24.3686277Z Updating files:  60% (407/678)
2025-11-29T20:45:24.3689663Z Updating files:  61% (414/678)
2025-11-29T20:45:24.3761248Z Updating files:  62% (421/678)
2025-11-29T20:45:24.3927876Z Updating files:  63% (428/678)
2025-11-29T20:45:24.4207672Z Updating files:  64% (434/678)
2025-11-29T20:45:24.4212480Z Updating files:  65% (441/678)
2025-11-29T20:45:24.4220946Z Updating files:  66% (448/678)
2025-11-29T20:45:24.4312679Z Updating files:  67% (455/678)
2025-11-29T20:45:24.4390663Z Updating files:  68% (462/678)
2025-11-29T20:45:24.4394696Z Updating files:  69% (468/678)
2025-11-29T20:45:24.4398686Z Updating files:  70% (475/678)
2025-11-29T20:45:24.4429584Z Updating files:  71% (482/678)
2025-11-29T20:45:24.4476182Z Updating files:  72% (489/678)
2025-11-29T20:45:24.4584091Z Updating files:  73% (495/678)
2025-11-29T20:45:24.4736221Z Updating files:  74% (502/678)
2025-11-29T20:45:24.4834366Z Updating files:  75% (509/678)
2025-11-29T20:45:24.4858177Z Updating files:  76% (516/678)
2025-11-29T20:45:24.4874923Z Updating files:  77% (523/678)
2025-11-29T20:45:24.4893702Z Updating files:  78% (529/678)
2025-11-29T20:45:24.4918719Z Updating files:  79% (536/678)
2025-11-29T20:45:24.4952736Z Updating files:  80% (543/678)
2025-11-29T20:45:24.4956951Z Updating files:  81% (550/678)
2025-11-29T20:45:24.4961431Z Updating files:  82% (556/678)
2025-11-29T20:45:24.4967496Z Updating files:  83% (563/678)
2025-11-29T20:45:24.4972779Z Updating files:  84% (570/678)
2025-11-29T20:45:24.4996619Z Updating files:  85% (577/678)
2025-11-29T20:45:24.5001831Z Updating files:  86% (584/678)
2025-11-29T20:45:24.5007897Z Updating files:  87% (590/678)
2025-11-29T20:45:24.5014553Z Updating files:  88% (597/678)
2025-11-29T20:45:24.5018764Z Updating files:  89% (604/678)
2025-11-29T20:45:24.5023042Z Updating files:  90% (611/678)
2025-11-29T20:45:24.5026326Z Updating files:  91% (617/678)
2025-11-29T20:45:24.5029770Z Updating files:  92% (624/678)
2025-11-29T20:45:24.5033681Z Updating files:  93% (631/678)
2025-11-29T20:45:24.5037731Z Updating files:  94% (638/678)
2025-11-29T20:45:24.5040620Z Updating files:  95% (645/678)
2025-11-29T20:45:24.5790179Z Updating files:  96% (651/678)
2025-11-29T20:45:24.5895792Z Updating files:  97% (658/678)
2025-11-29T20:45:24.5900235Z Updating files:  98% (665/678)
2025-11-29T20:45:24.5903178Z Updating files:  99% (672/678)
2025-11-29T20:45:24.5904267Z Updating files: 100% (678/678)
2025-11-29T20:45:24.5906688Z Updating files: 100% (678/678), done.
2025-11-29T20:45:24.5927516Z Switched to a new branch 'main'
2025-11-29T20:45:24.5932330Z branch 'main' set up to track 'origin/main'.
2025-11-29T20:45:24.6026933Z ##[endgroup]
2025-11-29T20:45:24.6080192Z [command]/usr/bin/git log -1 --format='%H'
2025-11-29T20:45:24.6093396Z 'b3fe9b19e4b1327c1d48b75a6d25ee0fdcbf6bd0'
2025-11-29T20:45:24.6288825Z ##[group]Run actions/setup-node@v4
2025-11-29T20:45:24.6289100Z with:
2025-11-29T20:45:24.6289278Z   node-version: 20
2025-11-29T20:45:24.6289469Z   cache: npm
2025-11-29T20:45:24.6289643Z   always-auth: false
2025-11-29T20:45:24.6290011Z   check-latest: false
2025-11-29T20:45:24.6290335Z   token: ***
2025-11-29T20:45:24.6290509Z env:
2025-11-29T20:45:24.6291182Z   DATABASE_URL: ***
2025-11-29T20:45:24.6291488Z   NEXTAUTH_URL: ***
2025-11-29T20:45:24.6291781Z   NEXTAUTH_SECRET: ***
2025-11-29T20:45:24.6291986Z   AUTH_TRUST_HOST: true
2025-11-29T20:45:24.6292175Z ##[endgroup]
2025-11-29T20:45:24.8688918Z Found in cache @ /opt/hostedtoolcache/node/20.19.5/x64
2025-11-29T20:45:24.8699120Z ##[group]Environment details
2025-11-29T20:45:26.9183680Z node: v20.19.5
2025-11-29T20:45:26.9184584Z npm: 10.8.2
2025-11-29T20:45:26.9185741Z yarn: 1.22.22
2025-11-29T20:45:26.9187384Z ##[endgroup]
2025-11-29T20:45:26.9212640Z [command]/opt/hostedtoolcache/node/20.19.5/x64/bin/npm config get cache
2025-11-29T20:45:27.1879263Z /home/runner/.npm
2025-11-29T20:45:27.5241822Z Cache hit for: node-cache-Linux-x64-npm-6574f81d381dd57c6cba17200816d822ae309cedcb08a1b37f655a2f539a3200
2025-11-29T20:45:28.8273932Z Received 4194304 of 257897609 (1.6%), 4.0 MBs/sec
2025-11-29T20:45:29.8360922Z Received 117440512 of 257897609 (45.5%), 56.0 MBs/sec
2025-11-29T20:45:30.8291672Z Received 243269632 of 257897609 (94.3%), 77.3 MBs/sec
2025-11-29T20:45:31.0609595Z Received 257897609 of 257897609 (100.0%), 76.1 MBs/sec
2025-11-29T20:45:31.0612543Z Cache Size: ~246 MB (257897609 B)
2025-11-29T20:45:31.0715561Z [command]/usr/bin/tar -xf /home/runner/work/_temp/8bc9f62e-e651-4996-80cf-7ba550d4d939/cache.tzst -P -C /home/runner/work/vitrine-de-craques-web-site/vitrine-de-craques-web-site --use-compress-program unzstd
2025-11-29T20:45:32.0993852Z Cache restored successfully
2025-11-29T20:45:32.1489122Z Cache restored from key: node-cache-Linux-x64-npm-6574f81d381dd57c6cba17200816d822ae309cedcb08a1b37f655a2f539a3200
2025-11-29T20:45:32.1657269Z ##[group]Run npm ci
2025-11-29T20:45:32.1657555Z [36;1mnpm ci[0m
2025-11-29T20:45:32.1705435Z shell: /usr/bin/bash -e {0}
2025-11-29T20:45:32.1705692Z env:
2025-11-29T20:45:32.1706475Z   DATABASE_URL: ***
2025-11-29T20:45:32.1706803Z   NEXTAUTH_URL: ***
2025-11-29T20:45:32.1707108Z   NEXTAUTH_SECRET: ***
2025-11-29T20:45:32.1707318Z   AUTH_TRUST_HOST: true
2025-11-29T20:45:32.1707521Z ##[endgroup]
2025-11-29T20:45:40.3376492Z npm warn deprecated inflight@1.0.6: This module is not supported, and leaks memory. Do not use it. Check out lru-cache if you want a good and tested way to coalesce async requests by a key value, which is much more comprehensive and powerful.
2025-11-29T20:45:40.5360632Z npm warn deprecated @humanwhocodes/config-array@0.13.0: Use @eslint/config-array instead
2025-11-29T20:45:40.5530484Z npm warn deprecated rimraf@3.0.2: Rimraf versions prior to v4 are no longer supported
2025-11-29T20:45:40.7241013Z npm warn deprecated @humanwhocodes/object-schema@2.0.3: Use @eslint/object-schema instead
2025-11-29T20:45:40.7341560Z npm warn deprecated glob@7.2.3: Glob versions prior to v9 are no longer supported
2025-11-29T20:45:51.4400332Z npm warn deprecated eslint@8.57.1: This version is no longer supported. Please see https://eslint.org/version-support for other options.
2025-11-29T20:45:51.8424608Z npm warn deprecated fluent-ffmpeg@2.1.3: Package no longer supported. Contact Support at https://www.npmjs.com/support for more info.
2025-11-29T20:46:02.6536975Z 
2025-11-29T20:46:02.6541953Z > vitrine-de-craques-web-site@0.1.0 postinstall
2025-11-29T20:46:02.6546273Z > npx prisma generate
2025-11-29T20:46:02.6549639Z 
2025-11-29T20:46:04.0480668Z Prisma schema loaded from prisma/schema.prisma
2025-11-29T20:46:05.0074568Z ┌─────────────────────────────────────────────────────────┐
2025-11-29T20:46:05.0075714Z │  Update available 6.16.2 -> 7.0.1                       │
2025-11-29T20:46:05.0077604Z │                                                         │
2025-11-29T20:46:05.0078873Z │  This is a major update - please follow the guide at    │
2025-11-29T20:46:05.0079742Z │  https://pris.ly/d/major-version-upgrade                │
2025-11-29T20:46:05.0080846Z │                                                         │
2025-11-29T20:46:05.0081690Z │  Run the following to update                            │
2025-11-29T20:46:05.0082534Z │    npm i --save-dev prisma@latest                       │
2025-11-29T20:46:05.0083319Z │    npm i @prisma/client@latest                          │
2025-11-29T20:46:05.0108219Z └─────────────────────────────────────────────────────────┘
2025-11-29T20:46:05.0140425Z 
2025-11-29T20:46:05.0141514Z ✔ Generated Prisma Client (v6.16.2) to ./node_modules/@prisma/client in 426ms
2025-11-29T20:46:05.0143018Z 
2025-11-29T20:46:05.0143673Z Start by importing your Prisma Client (See: https://pris.ly/d/importing-client)
2025-11-29T20:46:05.0144284Z 
2025-11-29T20:46:05.0145219Z Tip: Need your database queries to be 1000x faster? Accelerate offers you that and more: https://pris.ly/tip-2-accelerate
2025-11-29T20:46:05.0146057Z 
2025-11-29T20:46:05.0450461Z 
2025-11-29T20:46:05.0451685Z > vitrine-de-craques-web-site@0.1.0 prepare
2025-11-29T20:46:05.0452851Z > husky install
2025-11-29T20:46:05.0453043Z 
2025-11-29T20:46:05.1059173Z husky - Git hooks installed
2025-11-29T20:46:05.1272578Z 
2025-11-29T20:46:05.1273841Z added 873 packages, and audited 874 packages in 33s
2025-11-29T20:46:05.1275200Z 
2025-11-29T20:46:05.1275565Z 195 packages are looking for funding
2025-11-29T20:46:05.1276105Z   run `npm fund` for details
2025-11-29T20:46:05.1852275Z 
2025-11-29T20:46:05.1853541Z 6 vulnerabilities (3 low, 3 high)
2025-11-29T20:46:05.1854885Z 
2025-11-29T20:46:05.1855282Z To address issues that do not require attention, run:
2025-11-29T20:46:05.1856053Z   npm audit fix
2025-11-29T20:46:05.1856281Z 
2025-11-29T20:46:05.1856679Z To address all issues (including breaking changes), run:
2025-11-29T20:46:05.1857325Z   npm audit fix --force
2025-11-29T20:46:05.1857600Z 
2025-11-29T20:46:05.1858424Z Run `npm audit` for details.
2025-11-29T20:46:05.2909501Z ##[group]Run npm run build
2025-11-29T20:46:05.2909804Z [36;1mnpm run build[0m
2025-11-29T20:46:05.2969265Z shell: /usr/bin/bash -e {0}
2025-11-29T20:46:05.2969509Z env:
2025-11-29T20:46:05.2970788Z   DATABASE_URL: ***
2025-11-29T20:46:05.2971166Z   NEXTAUTH_URL: ***
2025-11-29T20:46:05.2971494Z   NEXTAUTH_SECRET: ***
2025-11-29T20:46:05.2971706Z   AUTH_TRUST_HOST: true
2025-11-29T20:46:05.2971913Z ##[endgroup]
2025-11-29T20:46:05.4160005Z 
2025-11-29T20:46:05.4161565Z > vitrine-de-craques-web-site@0.1.0 build
2025-11-29T20:46:05.4163182Z > npx prisma generate && next build
2025-11-29T20:46:05.4163543Z 
2025-11-29T20:46:06.8311786Z Prisma schema loaded from prisma/schema.prisma
2025-11-29T20:46:07.7891398Z 
2025-11-29T20:46:07.7892707Z ✔ Generated Prisma Client (v6.16.2) to ./node_modules/@prisma/client in 409ms
2025-11-29T20:46:07.7893305Z 
2025-11-29T20:46:07.7893964Z Start by importing your Prisma Client (See: https://pris.ly/d/importing-client)
2025-11-29T20:46:07.7894473Z 
2025-11-29T20:46:07.7895417Z Tip: Need your database queries to be 1000x faster? Accelerate offers you that and more: https://pris.ly/tip-2-accelerate
2025-11-29T20:46:07.7896106Z 
2025-11-29T20:46:08.3497539Z ⚠ No build cache found. Please configure build caching for faster rebuilds. Read more: https://nextjs.org/docs/messages/no-cache
2025-11-29T20:46:08.3572388Z Attention: Next.js now collects completely anonymous telemetry regarding usage.
2025-11-29T20:46:08.3578000Z This information is used to shape Next.js' roadmap and prioritize features.
2025-11-29T20:46:08.3579530Z You can learn more, including how to opt-out if you'd not like to participate in this anonymous program, by visiting the following URL:
2025-11-29T20:46:08.3580866Z https://nextjs.org/telemetry
2025-11-29T20:46:08.3581167Z 
2025-11-29T20:46:08.4221207Z   ▲ Next.js 14.2.33
2025-11-29T20:46:08.4221778Z 
2025-11-29T20:46:08.4872433Z    Creating an optimized production build ...
2025-11-29T20:46:50.0210202Z  ⚠ Compiled with warnings
2025-11-29T20:46:50.0215282Z 
2025-11-29T20:46:50.0225132Z ./node_modules/@ffmpeg-installer/ffmpeg/index.js
2025-11-29T20:46:50.0227489Z Critical dependency: the request of a dependency is an expression
2025-11-29T20:46:50.0227934Z 
2025-11-29T20:46:50.0228190Z Import trace for requested module:
2025-11-29T20:46:50.0228785Z ./node_modules/@ffmpeg-installer/ffmpeg/index.js
2025-11-29T20:46:50.0229299Z ./app/api/videos/route.ts
2025-11-29T20:46:50.0229541Z 
2025-11-29T20:46:50.0230035Z ./node_modules/fluent-ffmpeg/lib/options/misc.js
2025-11-29T20:46:50.0230851Z Critical dependency: the request of a dependency is an expression
2025-11-29T20:46:50.0231304Z 
2025-11-29T20:46:50.0231544Z Import trace for requested module:
2025-11-29T20:46:50.0232122Z ./node_modules/fluent-ffmpeg/lib/options/misc.js
2025-11-29T20:46:50.0232764Z ./node_modules/fluent-ffmpeg/lib/fluent-ffmpeg.js
2025-11-29T20:46:50.0233376Z ./node_modules/fluent-ffmpeg/index.js
2025-11-29T20:46:50.0233838Z ./app/api/videos/route.ts
2025-11-29T20:46:50.0234094Z 
2025-11-29T20:47:05.0956620Z  ✓ Compiled successfully
2025-11-29T20:47:05.0964685Z    Linting and checking validity of types ...
2025-11-29T20:47:24.4592074Z    Collecting page data ...
2025-11-29T20:47:25.0477153Z [Telemetry] Application Insights desabilitado: nenhuma connection string encontrada nas variáveis de ambiente
2025-11-29T20:47:25.4236436Z FFmpeg installer package not available. Falling back to system ffmpeg binary. O pacote opcional @ffmpeg-installer/ffmpeg não foi instalado para esta plataforma. Certifique-se de ter o FFmpeg disponível no sistema ou defina a variável FFMPEG_PATH.
2025-11-29T20:47:27.6604231Z    Generating static pages (0/58) ...
2025-11-29T20:47:28.7996312Z    Generating static pages (14/58) 
2025-11-29T20:47:32.0462263Z    Generating static pages (28/58) 
2025-11-29T20:47:33.0034492Z    Generating static pages (43/58) 
2025-11-29T20:47:34.1713644Z  ✓ Generating static pages (58/58)
2025-11-29T20:47:35.3875712Z    Finalizing page optimization ...
2025-11-29T20:47:35.3877356Z    Collecting build traces ...
2025-11-29T20:47:54.3766306Z 
2025-11-29T20:47:54.3863845Z Route (app)                                      Size     First Load JS
2025-11-29T20:47:54.3865531Z ┌ ƒ /                                            1.83 kB         110 kB
2025-11-29T20:47:54.3868099Z ├ ƒ /_not-found                                  876 B          88.2 kB
2025-11-29T20:47:54.3869097Z ├ ƒ /administrator                               155 B          87.5 kB
2025-11-29T20:47:54.3870219Z ├ ƒ /administrator/clubes                        6.46 kB         117 kB
2025-11-29T20:47:54.3871057Z ├ ƒ /administrator/users                         5.68 kB         111 kB
2025-11-29T20:47:54.3871940Z ├ ƒ /administrator/videos                        5.24 kB         111 kB
2025-11-29T20:47:54.3872933Z ├ ƒ /agentes                                     2.7 kB         98.7 kB
2025-11-29T20:47:54.3873844Z ├ ƒ /agentes/[id]                                1.84 kB         117 kB
2025-11-29T20:47:54.3874770Z ├ ƒ /api/admin/clubes                            0 B                0 B
2025-11-29T20:47:54.3875674Z ├ ƒ /api/admin/clubes/[id]                       0 B                0 B
2025-11-29T20:47:54.3876566Z ├ ƒ /api/admin/summary                           0 B                0 B
2025-11-29T20:47:54.3877448Z ├ ƒ /api/admin/users                             0 B                0 B
2025-11-29T20:47:54.3878338Z ├ ƒ /api/admin/users/[userId]/block              0 B                0 B
2025-11-29T20:47:54.3879231Z ├ ƒ /api/admin/videos                            0 B                0 B
2025-11-29T20:47:54.3880379Z ├ ƒ /api/admin/videos/[videoId]/appeal-response  0 B                0 B
2025-11-29T20:47:54.3881370Z ├ ƒ /api/admin/videos/[videoId]/block            0 B                0 B
2025-11-29T20:47:54.3882256Z ├ ƒ /api/agentes                                 0 B                0 B
2025-11-29T20:47:54.3883094Z ├ ƒ /api/agentes/[id]                            0 B                0 B
2025-11-29T20:47:54.3884311Z ├ ƒ /api/atletas                                 0 B                0 B
2025-11-29T20:47:54.3885152Z ├ ƒ /api/atletas/[id]                            0 B                0 B
2025-11-29T20:47:54.3885990Z ├ ƒ /api/auth/[...nextauth]                      0 B                0 B
2025-11-29T20:47:54.3886877Z ├ ƒ /api/blocks/[targetUserId]                   0 B                0 B
2025-11-29T20:47:54.3887731Z ├ ƒ /api/clubes                                  0 B                0 B
2025-11-29T20:47:54.3888555Z ├ ƒ /api/clubes/[slug]                           0 B                0 B
2025-11-29T20:47:54.3889468Z ├ ƒ /api/confederacoes                           0 B                0 B
2025-11-29T20:47:54.3890732Z ├ ƒ /api/confederacoes/[slug]                    0 B                0 B
2025-11-29T20:47:54.3891727Z ├ ƒ /api/db-check                                0 B                0 B
2025-11-29T20:47:54.3892635Z ├ ƒ /api/env                                     0 B                0 B
2025-11-29T20:47:54.3893571Z ├ ƒ /api/errors                                  0 B                0 B
2025-11-29T20:47:54.3894514Z ├ ƒ /api/follows/[targetUserId]                  0 B                0 B
2025-11-29T20:47:54.3895365Z ├ ƒ /api/games                                   0 B                0 B
2025-11-29T20:47:54.3896174Z ├ ƒ /api/games/[slug]                            0 B                0 B
2025-11-29T20:47:54.3897041Z ├ ƒ /api/games/[slug]/comments                   0 B                0 B
2025-11-29T20:47:54.3897923Z ├ ƒ /api/games/[slug]/engagement                 0 B                0 B
2025-11-29T20:47:54.3898773Z ├ ƒ /api/health                                  0 B                0 B
2025-11-29T20:47:54.3901563Z ├ ƒ /api/messages                                0 B                0 B
2025-11-29T20:47:54.3905407Z ├ ƒ /api/messages/unread-count                   0 B                0 B
2025-11-29T20:47:54.3906300Z ├ ƒ /api/news                                    0 B                0 B
2025-11-29T20:47:54.3907430Z ├ ƒ /api/news/[id]                               0 B                0 B
2025-11-29T20:47:54.3908291Z ├ ƒ /api/news/cover                              0 B                0 B
2025-11-29T20:47:54.3909093Z ├ ƒ /api/noticias                                0 B                0 B
2025-11-29T20:47:54.3910136Z ├ ƒ /api/noticias/[slug]                         0 B                0 B
2025-11-29T20:47:54.3910997Z ├ ƒ /api/noticias/[slug]/comments                0 B                0 B
2025-11-29T20:47:54.3911922Z ├ ƒ /api/noticias/[slug]/engagement              0 B                0 B
2025-11-29T20:47:54.3912712Z ├ ƒ /api/pg-check                                0 B                0 B
2025-11-29T20:47:54.3913445Z ├ ƒ /api/profile                                 0 B                0 B
2025-11-29T20:47:54.3914244Z ├ ƒ /api/profile/avatar                          0 B                0 B
2025-11-29T20:47:54.3915073Z ├ ƒ /api/profile/personal-info                   0 B                0 B
2025-11-29T20:47:54.3915926Z ├ ƒ /api/register                                0 B                0 B
2025-11-29T20:47:54.3916704Z ├ ƒ /api/register/atleta-18                      0 B                0 B
2025-11-29T20:47:54.3917553Z ├ ƒ /api/register/clube                          0 B                0 B
2025-11-29T20:47:54.3918372Z ├ ƒ /api/register/de-agentes-licenciados         0 B                0 B
2025-11-29T20:47:54.3919256Z ├ ƒ /api/register/imprensa-jornalistablogueiro   0 B                0 B
2025-11-29T20:47:54.3920533Z ├ ƒ /api/register/responsavel                    0 B                0 B
2025-11-29T20:47:54.3921542Z ├ ƒ /api/register/responsavel/documents          0 B                0 B
2025-11-29T20:47:54.3922495Z ├ ƒ /api/register/torcedor                       0 B                0 B
2025-11-29T20:47:54.3923355Z ├ ○ /api/times                                   0 B                0 B
2025-11-29T20:47:54.3924160Z ├ ƒ /api/videos                                  0 B                0 B
2025-11-29T20:47:54.3925232Z ├ ƒ /api/videos/[id]                             0 B                0 B
2025-11-29T20:47:54.3926098Z ├ ƒ /api/videos/[id]/appeal                      0 B                0 B
2025-11-29T20:47:54.3926976Z ├ ƒ /api/videos/[id]/comments                    0 B                0 B
2025-11-29T20:47:54.3927868Z ├ ƒ /api/videos/proxy                            0 B                0 B
2025-11-29T20:47:54.3928734Z ├ ƒ /arquibancada                                4.49 kB        98.6 kB
2025-11-29T20:47:54.3929553Z ├ ƒ /atletas                                     4.5 kB          107 kB
2025-11-29T20:47:54.3930799Z ├ ƒ /atletas/[id]                                5.24 kB         138 kB
2025-11-29T20:47:54.3931616Z ├ ƒ /cadastro                                    2.21 kB         129 kB
2025-11-29T20:47:54.3932439Z ├ ƒ /cadastro/[slug]                             2.92 kB         121 kB
2025-11-29T20:47:54.3933310Z ├ ƒ /cadastro/atleta-18                          3.91 kB         137 kB
2025-11-29T20:47:54.3934178Z ├ ƒ /cadastro/clube                              4.04 kB         137 kB
2025-11-29T20:47:54.3935111Z ├ ƒ /cadastro/de-agentes-licenciados             4.04 kB         137 kB
2025-11-29T20:47:54.3936089Z ├ ƒ /cadastro/imprensa-jornalistablogueiro       4.19 kB         137 kB
2025-11-29T20:47:54.3936905Z ├ ƒ /cadastro/responsavel                        4.23 kB         137 kB
2025-11-29T20:47:54.3937685Z ├ ƒ /cadastro/responsavel/uploads                3.69 kB         137 kB
2025-11-29T20:47:54.3938581Z ├ ƒ /cadastro/sucesso                            155 B          87.5 kB
2025-11-29T20:47:54.3939470Z ├ ƒ /cadastro/torcedor                           5.13 kB         147 kB
2025-11-29T20:47:54.3940600Z ├ ƒ /clubes                                      3.35 kB         111 kB
2025-11-29T20:47:54.3941400Z ├ ƒ /clubes/[slug]                               807 B           109 kB
2025-11-29T20:47:54.3942219Z ├ ƒ /confederacoes                               807 B           109 kB
2025-11-29T20:47:54.3943115Z ├ ƒ /confederacoes/[slug]                        807 B           109 kB
2025-11-29T20:47:54.3944152Z ├ ƒ /feed                                        12.2 kB         145 kB
2025-11-29T20:47:54.3944909Z ├ ƒ /games                                       197 B           121 kB
2025-11-29T20:47:54.3945692Z ├ ƒ /games/[slug]                                211 B           128 kB
2025-11-29T20:47:54.3946465Z ├ ○ /icon                                        0 B                0 B
2025-11-29T20:47:54.3947236Z ├ ƒ /login                                       3.73 kB         145 kB
2025-11-29T20:47:54.3948030Z ├ ƒ /noticias                                    203 B           121 kB
2025-11-29T20:47:54.3948856Z ├ ƒ /noticias/[slug]                             614 B           129 kB
2025-11-29T20:47:54.3949649Z ├ ƒ /perfil                                      27.3 kB         171 kB
2025-11-29T20:47:54.3950991Z ├ ƒ /perfis/[id]                                 1.84 kB         117 kB
2025-11-29T20:47:54.3951818Z ├ ƒ /player/[id]                                 9.15 kB         127 kB
2025-11-29T20:47:54.3952665Z ├ ƒ /privacidade                                 188 B          96.2 kB
2025-11-29T20:47:54.3953530Z ├ ƒ /registrar-escolha-perfil                    188 B          96.2 kB
2025-11-29T20:47:54.3954338Z ├ ƒ /sobre                                       188 B          96.2 kB
2025-11-29T20:47:54.3955067Z ├ ƒ /torcida                                     155 B          87.5 kB
2025-11-29T20:47:54.3955788Z └ ƒ /upload                                      10.4 kB         119 kB
2025-11-29T20:47:54.3956423Z + First Load JS shared by all                    87.3 kB
2025-11-29T20:47:54.3957116Z   ├ chunks/2117-8600b608bfb46d0e.js              31.7 kB
2025-11-29T20:47:54.3957786Z   ├ chunks/fd9d1056-55796e42a8a57fc6.js          53.6 kB
2025-11-29T20:47:54.3958426Z   └ other shared chunks (total)                  1.97 kB
2025-11-29T20:47:54.3958762Z 
2025-11-29T20:47:54.3958771Z 
2025-11-29T20:47:54.3959149Z ƒ Middleware                                     48.3 kB
2025-11-29T20:47:54.3959665Z 
2025-11-29T20:47:54.3960154Z ○  (Static)   prerendered as static content
2025-11-29T20:47:54.3960751Z ƒ  (Dynamic)  server-rendered on demand
2025-11-29T20:47:54.3961041Z 
2025-11-29T20:47:54.4277096Z 
2025-11-29T20:47:54.4277753Z > vitrine-de-craques-web-site@0.1.0 postbuild
2025-11-29T20:47:54.4278400Z > node scripts/copy-prisma-artifacts.js
2025-11-29T20:47:54.4278732Z 
2025-11-29T20:47:54.5553303Z [copy-prisma-artifacts] Copied Prisma artifacts to /home/runner/work/vitrine-de-craques-web-site/vitrine-de-craques-web-site/.next/standalone/node_modules/.prisma/client
2025-11-29T20:47:54.5562601Z [copy-prisma-artifacts] Linked Prisma artifacts to /home/runner/work/vitrine-de-craques-web-site/vitrine-de-craques-web-site/.next/server/.prisma/client
2025-11-29T20:47:54.5566923Z [copy-prisma-artifacts] Linked Prisma artifacts to /home/runner/work/vitrine-de-craques-web-site/vitrine-de-craques-web-site/.next/server/chunks/.prisma/client
2025-11-29T20:47:54.7160339Z [copy-prisma-artifacts] Copied Prisma artifacts to /home/runner/work/vitrine-de-craques-web-site/vitrine-de-craques-web-site/.next/standalone/node_modules/@prisma/client
2025-11-29T20:47:54.7165880Z [copy-prisma-artifacts] Linked Prisma artifacts to /home/runner/work/vitrine-de-craques-web-site/vitrine-de-craques-web-site/.next/server/@prisma/client
2025-11-29T20:47:54.7168065Z [copy-prisma-artifacts] Linked Prisma artifacts to /home/runner/work/vitrine-de-craques-web-site/vitrine-de-craques-web-site/.next/server/chunks/@prisma/client
2025-11-29T20:47:54.7279239Z ##[group]Run node -v
2025-11-29T20:47:54.7279499Z [36;1mnode -v[0m
2025-11-29T20:47:54.7279711Z [36;1mnpx prisma -v[0m
2025-11-29T20:47:54.7315111Z shell: /usr/bin/bash -e {0}
2025-11-29T20:47:54.7315345Z env:
2025-11-29T20:47:54.7316122Z   DATABASE_URL: ***
2025-11-29T20:47:54.7316460Z   NEXTAUTH_URL: ***
2025-11-29T20:47:54.7316763Z   NEXTAUTH_SECRET: ***
2025-11-29T20:47:54.7316976Z   AUTH_TRUST_HOST: true
2025-11-29T20:47:54.7317190Z ##[endgroup]
2025-11-29T20:47:54.7397359Z v20.19.5
2025-11-29T20:47:56.5027303Z Prisma schema loaded from prisma/schema.prisma
2025-11-29T20:47:56.5067545Z prisma                  : 6.16.2
2025-11-29T20:47:56.5069412Z @prisma/client          : 6.16.2
2025-11-29T20:47:56.5070272Z Computed binaryTarget   : debian-openssl-3.0.x
2025-11-29T20:47:56.5071071Z Operating System        : linux
2025-11-29T20:47:56.5071500Z Architecture            : x64
2025-11-29T20:47:56.5071937Z Node.js                 : v20.19.5
2025-11-29T20:47:56.5072458Z TypeScript              : 5.9.3
2025-11-29T20:47:56.5073979Z Query Engine (Node-API) : libquery-engine 1c57fdcd7e44b29b9313256c76699e91c3ac3c43 (at node_modules/@prisma/engines/libquery_engine-debian-openssl-3.0.x.so.node)
2025-11-29T20:47:56.5075626Z PSL                     : @prisma/prisma-schema-wasm 6.16.0-7.1c57fdcd7e44b29b9313256c76699e91c3ac3c43
2025-11-29T20:47:56.5077338Z Schema Engine           : schema-engine-cli 1c57fdcd7e44b29b9313256c76699e91c3ac3c43 (at node_modules/@prisma/engines/schema-engine-debian-openssl-3.0.x)
2025-11-29T20:47:56.5078858Z Default Engines Hash    : 1c57fdcd7e44b29b9313256c76699e91c3ac3c43
2025-11-29T20:47:56.5079598Z Studio                  : 0.511.0
2025-11-29T20:47:56.5351002Z ##[group]Run echo "SWA_RUNTIME_LOGGING__LOGGING__LOG_LEVEL=debug" >> $GITHUB_ENV
2025-11-29T20:47:56.5351976Z [36;1mecho "SWA_RUNTIME_LOGGING__LOGGING__LOG_LEVEL=debug" >> $GITHUB_ENV[0m
2025-11-29T20:47:56.5352780Z [36;1mecho "SWA_RUNTIME_LOGGING__APP__DEBUG=true" >> $GITHUB_ENV[0m
2025-11-29T20:47:56.5353476Z [36;1mecho "SWA_RUNTIME_LOGGING__HOSTING__DEBUG=true" >> $GITHUB_ENV[0m
2025-11-29T20:47:56.5400846Z shell: /usr/bin/bash -e {0}
2025-11-29T20:47:56.5401212Z env:
2025-11-29T20:47:56.5402484Z   DATABASE_URL: ***
2025-11-29T20:47:56.5403070Z   NEXTAUTH_URL: ***
2025-11-29T20:47:56.5403645Z   NEXTAUTH_SECRET: ***
2025-11-29T20:47:56.5404041Z   AUTH_TRUST_HOST: true
2025-11-29T20:47:56.5404408Z ##[endgroup]
2025-11-29T20:47:56.5541751Z ##[group]Run Azure/static-web-apps-deploy@v1
2025-11-29T20:47:56.5542218Z with:
2025-11-29T20:47:56.5542856Z   azure_static_web_apps_api_token: ***
2025-11-29T20:47:56.5543213Z   repo_token: ***
2025-11-29T20:47:56.5543412Z   action: upload
2025-11-29T20:47:56.5543602Z   app_location: /
2025-11-29T20:47:56.5543788Z env:
2025-11-29T20:47:56.5544407Z   DATABASE_URL: ***
2025-11-29T20:47:56.5544719Z   NEXTAUTH_URL: ***
2025-11-29T20:47:56.5545009Z   NEXTAUTH_SECRET: ***
2025-11-29T20:47:56.5545216Z   AUTH_TRUST_HOST: true
2025-11-29T20:47:56.5545450Z   SWA_RUNTIME_LOGGING__LOGGING__LOG_LEVEL: debug
2025-11-29T20:47:56.5545733Z   SWA_RUNTIME_LOGGING__APP__DEBUG: true
2025-11-29T20:47:56.5545997Z   SWA_RUNTIME_LOGGING__HOSTING__DEBUG: true
2025-11-29T20:47:56.5546244Z ##[endgroup]
2025-11-29T20:47:56.5639295Z ##[command]/usr/bin/docker run --name a56e0e4ed86bbef1444ff92516e64a7d2f823_dbf3a3 --label 5a56e0 --workdir /github/workspace --rm -e "DATABASE_URL" -e "NEXTAUTH_URL" -e "NEXTAUTH_SECRET" -e "AUTH_TRUST_HOST" -e "SWA_RUNTIME_LOGGING__LOGGING__LOG_LEVEL" -e "SWA_RUNTIME_LOGGING__APP__DEBUG" -e "SWA_RUNTIME_LOGGING__HOSTING__DEBUG" -e "INPUT_AZURE_STATIC_WEB_APPS_API_TOKEN" -e "INPUT_REPO_TOKEN" -e "INPUT_ACTION" -e "INPUT_APP_LOCATION" -e "INPUT_API_LOCATION" -e "INPUT_OUTPUT_LOCATION" -e "INPUT_API_BUILD_COMMAND" -e "INPUT_APP_ARTIFACT_LOCATION" -e "INPUT_APP_BUILD_COMMAND" -e "INPUT_ROUTES_LOCATION" -e "INPUT_SKIP_APP_BUILD" -e "INPUT_CONFIG_FILE_LOCATION" -e "INPUT_SKIP_API_BUILD" -e "INPUT_PRODUCTION_BRANCH" -e "INPUT_DEPLOYMENT_ENVIRONMENT" -e "INPUT_IS_STATIC_EXPORT" -e "INPUT_DATA_API_LOCATION" -e "INPUT_GITHUB_ID_TOKEN" -e "HOME" -e "GITHUB_JOB" -e "GITHUB_REF" -e "GITHUB_SHA" -e "GITHUB_REPOSITORY" -e "GITHUB_REPOSITORY_OWNER" -e "GITHUB_REPOSITORY_OWNER_ID" -e "GITHUB_RUN_ID" -e "GITHUB_RUN_NUMBER" -e "GITHUB_RETENTION_DAYS" -e "GITHUB_RUN_ATTEMPT" -e "GITHUB_ACTOR_ID" -e "GITHUB_ACTOR" -e "GITHUB_WORKFLOW" -e "GITHUB_HEAD_REF" -e "GITHUB_BASE_REF" -e "GITHUB_EVENT_NAME" -e "GITHUB_SERVER_URL" -e "GITHUB_API_URL" -e "GITHUB_GRAPHQL_URL" -e "GITHUB_REF_NAME" -e "GITHUB_REF_PROTECTED" -e "GITHUB_REF_TYPE" -e "GITHUB_WORKFLOW_REF" -e "GITHUB_WORKFLOW_SHA" -e "GITHUB_REPOSITORY_ID" -e "GITHUB_TRIGGERING_ACTOR" -e "GITHUB_WORKSPACE" -e "GITHUB_ACTION" -e "GITHUB_EVENT_PATH" -e "GITHUB_ACTION_REPOSITORY" -e "GITHUB_ACTION_REF" -e "GITHUB_PATH" -e "GITHUB_ENV" -e "GITHUB_STEP_SUMMARY" -e "GITHUB_STATE" -e "GITHUB_OUTPUT" -e "RUNNER_OS" -e "RUNNER_ARCH" -e "RUNNER_NAME" -e "RUNNER_ENVIRONMENT" -e "RUNNER_TOOL_CACHE" -e "RUNNER_TEMP" -e "RUNNER_WORKSPACE" -e "ACTIONS_RUNTIME_URL" -e "ACTIONS_RUNTIME_TOKEN" -e "ACTIONS_CACHE_URL" -e "ACTIONS_RESULTS_URL" -e GITHUB_ACTIONS=true -e CI=true -v "/var/run/docker.sock":"/var/run/docker.sock" -v "/home/runner/work/_temp":"/github/runner_temp" -v "/home/runner/work/_temp/_github_home":"/github/home" -v "/home/runner/work/_temp/_github_workflow":"/github/workflow" -v "/home/runner/work/_temp/_runner_file_commands":"/github/file_commands" -v "/home/runner/work/vitrine-de-craques-web-site/vitrine-de-craques-web-site":"/github/workspace" 5a56e0:e4ed86bbef1444ff92516e64a7d2f823
2025-11-29T20:47:56.9483513Z DeploymentId: 62fdb434-265d-4b0b-aad2-25aa7bf9fa02
2025-11-29T20:47:56.9488969Z 
2025-11-29T20:47:57.0724932Z [37mTry to validate location at: '/github/workspace'.[0m
2025-11-29T20:47:57.0726189Z [37mApp Directory Location: '/' was found.[0m
2025-11-29T20:47:57.0727341Z [37mTry to validate location at: '/github/workspace/swa-db-connections'.[0m
2025-11-29T20:47:57.0728383Z [37mLooking for event info[0m
2025-11-29T20:47:57.7528332Z [37mStarting to build app with Oryx[0m
2025-11-29T20:47:57.7536266Z [33mAzure Static Web Apps utilizes Oryx to build both static applications and Azure Functions. You can find more details on Oryx here: https://github.com/microsoft/Oryx[0m
2025-11-29T20:47:57.7543105Z [37m---Oryx build logs---[0m
2025-11-29T20:47:57.7544066Z [37m[0m
2025-11-29T20:47:57.7544973Z [37m[0m
2025-11-29T20:47:58.1221666Z [37mOperation performed by Microsoft Oryx, https://github.com/Microsoft/Oryx[0m
2025-11-29T20:47:58.1223733Z [37mYou can report issues at https://github.com/Microsoft/Oryx/issues[0m
2025-11-29T20:47:58.1224818Z [37m[0m
2025-11-29T20:47:58.1226856Z [37mOryx Version: 0.2.20250107.1+ef3fb2f9c490a4fbb1f76b5746cd4ba2ff0409f4, Commit: ef3fb2f9c490a4fbb1f76b5746cd4ba2ff0409f4, ReleaseTagName: 20250107.1[0m
2025-11-29T20:47:58.1228379Z [37m[0m
2025-11-29T20:47:58.1236688Z [37mBuild Operation ID: 4a6a39034b9c547a[0m
2025-11-29T20:47:58.1237414Z [37mOS Type           : bullseye[0m
2025-11-29T20:47:58.1238082Z [37mImage Type        : githubactions[0m
2025-11-29T20:47:58.1238613Z [37m[0m
2025-11-29T20:47:58.1349126Z [37mDetecting platforms...[0m
2025-11-29T20:48:00.8960013Z [37mDetected following platforms:[0m
2025-11-29T20:48:00.8961331Z [37m  nodejs: 20.19.5[0m
2025-11-29T20:48:00.8962341Z [37m  python: 3.11.14[0m
2025-11-29T20:48:00.8962991Z [37m  php: 8.0.30[0m
2025-11-29T20:48:00.9006770Z [37mVersion '20.19.5' of platform 'nodejs' is not installed. Generating script to install it...[0m
2025-11-29T20:48:00.9011622Z [37mVersion '3.11.14' of platform 'python' is not installed. Generating script to install it...[0m
2025-11-29T20:48:00.9028585Z [37mVersion '8.0.30' of platform 'php' is not installed. Generating script to install it...[0m
2025-11-29T20:48:00.9454300Z [37mDetected the following frameworks: Typescript,Next.js[0m
2025-11-29T20:48:01.0258271Z [37m[0m
2025-11-29T20:48:01.0369482Z [37m[0m
2025-11-29T20:48:01.0387088Z [37mSource directory     : /github/workspace[0m
2025-11-29T20:48:01.0394579Z [37mDestination directory: /bin/staticsites/62fdb434-265d-4b0b-aad2-25aa7bf9fa02-swa-oryx/app[0m
2025-11-29T20:48:01.0402184Z [37m[0m
2025-11-29T20:48:01.0426012Z [37m[0m
2025-11-29T20:48:01.0427289Z [37mDownloading and extracting 'nodejs' version '20.19.5' to '/tmp/oryx/platforms/nodejs/20.19.5'...[0m
2025-11-29T20:48:01.0491521Z [37mDetected image debian flavor: bullseye.[0m
2025-11-29T20:48:01.5545659Z [37mDownloaded in 0 sec(s).[0m
2025-11-29T20:48:01.5547881Z [37mVerifying checksum...[0m
2025-11-29T20:48:01.5618843Z [37mExtracting contents...[0m
2025-11-29T20:48:02.9758837Z [37mperforming sha512 checksum for: nodejs...[0m
2025-11-29T20:48:03.1202590Z [37mDone in 2 sec(s).[0m
2025-11-29T20:48:03.1205209Z [37m[0m
2025-11-29T20:48:03.1275345Z [37m[0m
2025-11-29T20:48:03.1276617Z [37mDownloading and extracting 'python' version '3.11.14' to '/tmp/oryx/platforms/python/3.11.14'...[0m
2025-11-29T20:48:03.1336276Z [37mDetected image debian flavor: bullseye.[0m
2025-11-29T20:48:03.5235372Z [37mDownloaded in 0 sec(s).[0m
2025-11-29T20:48:03.5236995Z [37mVerifying checksum...[0m
2025-11-29T20:48:03.5370060Z [37mExtracting contents...[0m
2025-11-29T20:48:06.2693150Z [37mperforming sha512 checksum for: python...[0m
2025-11-29T20:48:06.6275353Z [37mDone in 3 sec(s).[0m
2025-11-29T20:48:06.6277064Z [37m[0m
2025-11-29T20:48:06.6393443Z [37mimage detector file exists, platform is python..[0m
2025-11-29T20:48:06.6394328Z [37mOS detector file exists, OS is bullseye..[0m
2025-11-29T20:48:06.6411748Z [37m[0m
2025-11-29T20:48:06.6412943Z [37mDownloading and extracting 'php' version '8.0.30' to '/tmp/oryx/platforms/php/8.0.30'...[0m
2025-11-29T20:48:06.6448884Z [37mDetected image debian flavor: bullseye.[0m
2025-11-29T20:48:06.7224043Z [37mDownloaded in 0 sec(s).[0m
2025-11-29T20:48:06.7233321Z [37mVerifying checksum...[0m
2025-11-29T20:48:06.7354070Z [37mExtracting contents...[0m
2025-11-29T20:48:07.1112502Z [37mperforming sha512 checksum for: php...[0m
2025-11-29T20:48:07.1549758Z [37mDone in 1 sec(s).[0m
2025-11-29T20:48:07.1584657Z [37m[0m
2025-11-29T20:48:07.1613656Z [37m[0m
2025-11-29T20:48:07.1621988Z [37mDownloading and extracting 'php-composer' version '2.6.2' to '/tmp/oryx/platforms/php-composer/2.6.2'...[0m
2025-11-29T20:48:07.1658465Z [37mDetected image debian flavor: bullseye.[0m
2025-11-29T20:48:07.2296911Z [37mDownloaded in 0 sec(s).[0m
2025-11-29T20:48:07.2311517Z [37mVerifying checksum...[0m
2025-11-29T20:48:07.2432565Z [37mExtracting contents...[0m
2025-11-29T20:48:07.2755018Z [37mperforming sha512 checksum for: php-composer...[0m
2025-11-29T20:48:07.3530735Z [37mDone in 0 sec(s).[0m
2025-11-29T20:48:07.3537324Z [37m[0m
2025-11-29T20:48:07.4398733Z [37mRemoving existing manifest file[0m
2025-11-29T20:48:07.4428890Z [37mCreating directory for command manifest file if it does not exist[0m
2025-11-29T20:48:07.4485182Z [37mCreating a manifest file...[0m
2025-11-29T20:48:07.4486000Z [37mNode Build Command Manifest file created.[0m
2025-11-29T20:48:07.4489566Z [37m[0m
2025-11-29T20:48:07.4491613Z [37mFound npm version spec to follow in package.json: '>=9'[0m
2025-11-29T20:48:07.4495247Z [37mUpdating version of npm installed to meet the above version spec.[0m
2025-11-29T20:48:11.2207380Z [37m[0m
2025-11-29T20:48:11.2211962Z [37mremoved 45 packages, and changed 107 packages in 4s[0m
2025-11-29T20:48:11.2219049Z [37m[0m
2025-11-29T20:48:11.2223714Z [37m16 packages are looking for funding[0m
2025-11-29T20:48:11.2228180Z [37m  run `npm fund` for details[0m
2025-11-29T20:48:11.2527878Z [37m[0m
2025-11-29T20:48:11.2528400Z [37m[0m
2025-11-29T20:48:11.2528816Z [37mUsing Node version:[0m
2025-11-29T20:48:11.2596629Z [37mv20.19.5[0m
2025-11-29T20:48:11.2626045Z [37m[0m
2025-11-29T20:48:11.2640068Z [37mUsing Npm version:[0m
2025-11-29T20:48:11.4042491Z [37m11.6.4[0m
2025-11-29T20:48:12.1222220Z [37m[0m
2025-11-29T20:48:12.1241503Z [37mRunning 'npm install'...[0m
2025-11-29T20:48:12.1243492Z [37m[0m
2025-11-29T20:48:20.1616634Z [37m[0m
2025-11-29T20:48:20.1617596Z [37m> vitrine-de-craques-web-site@0.1.0 postinstall[0m
2025-11-29T20:48:20.1618374Z [37m> npx prisma generate[0m
2025-11-29T20:48:20.1618844Z [37m[0m
2025-11-29T20:48:22.0504714Z [37mPrisma schema loaded from prisma/schema.prisma[0m
2025-11-29T20:48:22.8082132Z [37m[0m
2025-11-29T20:48:22.8084807Z [37m✔ Generated Prisma Client (v6.16.2) to ./node_modules/@prisma/client in 385ms[0m
2025-11-29T20:48:22.8085748Z [37m[0m
2025-11-29T20:48:22.8088655Z [37mStart by importing your Prisma Client (See: https://pris.ly/d/importing-client)[0m
2025-11-29T20:48:22.8089605Z [37m[0m
2025-11-29T20:48:22.8093111Z [37mTip: Need your database queries to be 1000x faster? Accelerate offers you that and more: https://pris.ly/tip-2-accelerate[0m
2025-11-29T20:48:22.8093966Z [37m[0m
2025-11-29T20:48:22.8383047Z [37m[0m
2025-11-29T20:48:22.8384914Z [37m> vitrine-de-craques-web-site@0.1.0 prepare[0m
2025-11-29T20:48:22.8387204Z [37m> husky install[0m
2025-11-29T20:48:22.8387609Z [37m[0m
2025-11-29T20:48:22.8714892Z [37mhusky - Git hooks installed[0m
2025-11-29T20:48:22.8814594Z [37m[0m
2025-11-29T20:48:22.8827372Z [37mremoved 7 packages, and audited 867 packages in 11s[0m
2025-11-29T20:48:22.8834842Z [37m[0m
2025-11-29T20:48:22.8835403Z [37m192 packages are looking for funding[0m
2025-11-29T20:48:22.8836142Z [37m  run `npm fund` for details[0m
2025-11-29T20:48:22.9375856Z [37m[0m
2025-11-29T20:48:22.9378009Z [37m3 high severity vulnerabilities[0m
2025-11-29T20:48:22.9390831Z [37m[0m
2025-11-29T20:48:22.9391893Z [37mTo address all issues (including breaking changes), run:[0m
2025-11-29T20:48:22.9393578Z [37m  npm audit fix --force[0m
2025-11-29T20:48:22.9394050Z [37m[0m
2025-11-29T20:48:22.9394491Z [37mRun `npm audit` for details.[0m
2025-11-29T20:48:22.9572906Z [37m[0m
2025-11-29T20:48:22.9574189Z [37mRunning 'npm run build'...[0m
2025-11-29T20:48:22.9575352Z [37m[0m
2025-11-29T20:48:23.0770819Z [37m[0m
2025-11-29T20:48:23.0774682Z [37m> vitrine-de-craques-web-site@0.1.0 build[0m
2025-11-29T20:48:23.0779684Z [37m> npx prisma generate && next build[0m
2025-11-29T20:48:23.0781649Z [37m[0m
2025-11-29T20:48:24.4197734Z [37mPrisma schema loaded from prisma/schema.prisma[0m
2025-11-29T20:48:25.2256899Z [31m┌─────────────────────────────────────────────────────────┐[0m
2025-11-29T20:48:25.2263797Z [31m│  Update available 6.16.2 -> 7.0.1                       │[0m
2025-11-29T20:48:25.2265513Z [31m│                                                         │[0m
2025-11-29T20:48:25.2267554Z [31m│  This is a major update - please follow the guide at    │[0m
2025-11-29T20:48:25.2268514Z [31m│  https://pris.ly/d/major-version-upgrade                │[0m
2025-11-29T20:48:25.2269332Z [31m│                                                         │[0m
2025-11-29T20:48:25.2270335Z [31m│  Run the following to update                            │[0m
2025-11-29T20:48:25.2271238Z [31m│    npm i --save-dev prisma@latest                       │[0m
2025-11-29T20:48:25.2272106Z [31m│    npm i @prisma/client@latest                          │[0m
2025-11-29T20:48:25.2272981Z [31m└─────────────────────────────────────────────────────────┘[0m
2025-11-29T20:48:25.2273484Z [37m[0m
2025-11-29T20:48:25.2274297Z [37m✔ Generated Prisma Client (v6.16.2) to ./node_modules/@prisma/client in 411ms[0m
2025-11-29T20:48:25.2275002Z [37m[0m
2025-11-29T20:48:25.2275860Z [37mStart by importing your Prisma Client (See: https://pris.ly/d/importing-client)[0m
2025-11-29T20:48:25.2276594Z [37m[0m
2025-11-29T20:48:25.2277341Z [37mTip: Want to turn off tips and other hints? https://pris.ly/tip-4-nohints[0m
2025-11-29T20:48:25.2277911Z [37m[0m
2025-11-29T20:48:25.8147546Z [37m  ▲ Next.js 14.2.33[0m
2025-11-29T20:48:25.8152708Z [37m[0m
2025-11-29T20:48:26.2822068Z [37m   Creating an optimized production build ...[0m
2025-11-29T20:49:04.2746246Z [31m ⚠ Compiled with warnings[0m
2025-11-29T20:49:04.2750951Z [31m[0m
2025-11-29T20:49:04.2751686Z [31m./node_modules/@ffmpeg-installer/ffmpeg/index.js[0m
2025-11-29T20:49:04.2753243Z [31mCritical dependency: the request of a dependency is an expression[0m
2025-11-29T20:49:04.2756897Z [31m[0m
2025-11-29T20:49:04.2757568Z [31mImport trace for requested module:[0m
2025-11-29T20:49:04.2780917Z [31m./node_modules/@ffmpeg-installer/ffmpeg/index.js[0m
2025-11-29T20:49:04.2781739Z [31m./app/api/videos/route.ts[0m
2025-11-29T20:49:04.2783797Z [31m[0m
2025-11-29T20:49:04.2785795Z [31m./node_modules/fluent-ffmpeg/lib/options/misc.js[0m
2025-11-29T20:49:04.2787517Z [31mCritical dependency: the request of a dependency is an expression[0m
2025-11-29T20:49:04.2789408Z [31m[0m
2025-11-29T20:49:04.2790138Z [31mImport trace for requested module:[0m
2025-11-29T20:49:04.2790887Z [31m./node_modules/fluent-ffmpeg/lib/options/misc.js[0m
2025-11-29T20:49:04.2791686Z [31m./node_modules/fluent-ffmpeg/lib/fluent-ffmpeg.js[0m
2025-11-29T20:49:04.2792397Z [31m./node_modules/fluent-ffmpeg/index.js[0m
2025-11-29T20:49:04.2793021Z [31m./app/api/videos/route.ts[0m
2025-11-29T20:49:04.2793437Z [31m[0m
2025-11-29T20:49:19.3416607Z [37m ✓ Compiled successfully[0m
2025-11-29T20:49:19.3425634Z [37m   Linting and checking validity of types ...[0m
2025-11-29T20:49:39.7417384Z [37m   Collecting page data ...[0m
2025-11-29T20:49:40.3293157Z [31m[Telemetry] Application Insights desabilitado: nenhuma connection string encontrada nas variáveis de ambiente[0m
2025-11-29T20:49:40.7336959Z [31mFFmpeg installer package not available. Falling back to system ffmpeg binary. O pacote opcional @ffmpeg-installer/ffmpeg não foi instalado para esta plataforma. Certifique-se de ter o FFmpeg disponível no sistema ou defina a variável FFMPEG_PATH.[0m
2025-11-29T20:49:43.0503844Z [37m   Generating static pages (0/58) ...[0m
2025-11-29T20:49:44.1761644Z [37m   Generating static pages (14/58) [0m
2025-11-29T20:49:47.0250705Z [37m   Generating static pages (28/58) [0m
2025-11-29T20:49:47.7676489Z [37m   Generating static pages (43/58) [0m
2025-11-29T20:49:48.7794000Z [37m ✓ Generating static pages (58/58)[0m
2025-11-29T20:49:49.7701763Z [37m   Finalizing page optimization ...[0m
2025-11-29T20:49:49.7703664Z [37m   Collecting build traces ...[0m
2025-11-29T20:50:11.6127560Z [37m[0m
2025-11-29T20:50:11.6242113Z [37mRoute (app)                                      Size     First Load JS[0m
2025-11-29T20:50:11.6244402Z [37m┌ ƒ /                                            1.83 kB         110 kB[0m
2025-11-29T20:50:11.6248132Z [37m├ ƒ /_not-found                                  876 B          88.2 kB[0m
2025-11-29T20:50:11.6249081Z [37m├ ƒ /administrator                               155 B          87.5 kB[0m
2025-11-29T20:50:11.6250309Z [37m├ ƒ /administrator/clubes                        6.46 kB         117 kB[0m
2025-11-29T20:50:11.6255896Z [37m├ ƒ /administrator/users                         5.68 kB         111 kB[0m
2025-11-29T20:50:11.6256873Z [37m├ ƒ /administrator/videos                        5.24 kB         111 kB[0m
2025-11-29T20:50:11.6257884Z [37m├ ƒ /agentes                                     2.7 kB         98.7 kB[0m
2025-11-29T20:50:11.6258836Z [37m├ ƒ /agentes/[id]                                1.84 kB         117 kB[0m
2025-11-29T20:50:11.6259773Z [37m├ ƒ /api/admin/clubes                            0 B                0 B[0m
2025-11-29T20:50:11.6290304Z [37m├ ƒ /api/admin/clubes/[id]                       0 B                0 B[0m
2025-11-29T20:50:11.6291338Z [37m├ ƒ /api/admin/summary                           0 B                0 B[0m
2025-11-29T20:50:11.6292644Z [37m├ ƒ /api/admin/users                             0 B                0 B[0m
2025-11-29T20:50:11.6295054Z [37m├ ƒ /api/admin/users/[userId]/block              0 B                0 B[0m
2025-11-29T20:50:11.6296068Z [37m├ ƒ /api/admin/videos                            0 B                0 B[0m
2025-11-29T20:50:11.6297074Z [37m├ ƒ /api/admin/videos/[videoId]/appeal-response  0 B                0 B[0m
2025-11-29T20:50:11.6304054Z [37m├ ƒ /api/admin/videos/[videoId]/block            0 B                0 B[0m
2025-11-29T20:50:11.6306078Z [37m├ ƒ /api/agentes                                 0 B                0 B[0m
2025-11-29T20:50:11.6307059Z [37m├ ƒ /api/agentes/[id]                            0 B                0 B[0m
2025-11-29T20:50:11.6328150Z [37m├ ƒ /api/atletas                                 0 B                0 B[0m
2025-11-29T20:50:11.6329067Z [37m├ ƒ /api/atletas/[id]                            0 B                0 B[0m
2025-11-29T20:50:11.6332189Z [37m├ ƒ /api/auth/[...nextauth]                      0 B                0 B[0m
2025-11-29T20:50:11.6333123Z [37m├ ƒ /api/blocks/[targetUserId]                   0 B                0 B[0m
2025-11-29T20:50:11.6334016Z [37m├ ƒ /api/clubes                                  0 B                0 B[0m
2025-11-29T20:50:11.6334886Z [37m├ ƒ /api/clubes/[slug]                           0 B                0 B[0m
2025-11-29T20:50:11.6335755Z [37m├ ƒ /api/confederacoes                           0 B                0 B[0m
2025-11-29T20:50:11.6336679Z [37m├ ƒ /api/confederacoes/[slug]                    0 B                0 B[0m
2025-11-29T20:50:11.6337540Z [37m├ ƒ /api/db-check                                0 B                0 B[0m
2025-11-29T20:50:11.6338326Z [37m├ ƒ /api/env                                     0 B                0 B[0m
2025-11-29T20:50:11.6339198Z [37m├ ƒ /api/errors                                  0 B                0 B[0m
2025-11-29T20:50:11.6340478Z [37m├ ƒ /api/follows/[targetUserId]                  0 B                0 B[0m
2025-11-29T20:50:11.6341430Z [37m├ ƒ /api/games                                   0 B                0 B[0m
2025-11-29T20:50:11.6342309Z [37m├ ƒ /api/games/[slug]                            0 B                0 B[0m
2025-11-29T20:50:11.6343209Z [37m├ ƒ /api/games/[slug]/comments                   0 B                0 B[0m
2025-11-29T20:50:11.6344020Z [37m├ ƒ /api/games/[slug]/engagement                 0 B                0 B[0m
2025-11-29T20:50:11.6344790Z [37m├ ƒ /api/health                                  0 B                0 B[0m
2025-11-29T20:50:11.6345639Z [37m├ ƒ /api/messages                                0 B                0 B[0m
2025-11-29T20:50:11.6346575Z [37m├ ƒ /api/messages/unread-count                   0 B                0 B[0m
2025-11-29T20:50:11.6347704Z [37m├ ƒ /api/news                                    0 B                0 B[0m
2025-11-29T20:50:11.6348686Z [37m├ ƒ /api/news/[id]                               0 B                0 B[0m
2025-11-29T20:50:11.6349547Z [37m├ ƒ /api/news/cover                              0 B                0 B[0m
2025-11-29T20:50:11.6350828Z [37m├ ƒ /api/noticias                                0 B                0 B[0m
2025-11-29T20:50:11.6351751Z [37m├ ƒ /api/noticias/[slug]                         0 B                0 B[0m
2025-11-29T20:50:11.6352720Z [37m├ ƒ /api/noticias/[slug]/comments                0 B                0 B[0m
2025-11-29T20:50:11.6353725Z [37m├ ƒ /api/noticias/[slug]/engagement              0 B                0 B[0m
2025-11-29T20:50:11.6354673Z [37m├ ƒ /api/pg-check                                0 B                0 B[0m
2025-11-29T20:50:11.6355555Z [37m├ ƒ /api/profile                                 0 B                0 B[0m
2025-11-29T20:50:11.6356498Z [37m├ ƒ /api/profile/avatar                          0 B                0 B[0m
2025-11-29T20:50:11.6357551Z [37m├ ƒ /api/profile/personal-info                   0 B                0 B[0m
2025-11-29T20:50:11.6358527Z [37m├ ƒ /api/register                                0 B                0 B[0m
2025-11-29T20:50:11.6359453Z [37m├ ƒ /api/register/atleta-18                      0 B                0 B[0m
2025-11-29T20:50:11.6360523Z [37m├ ƒ /api/register/clube                          0 B                0 B[0m
2025-11-29T20:50:11.6361463Z [37m├ ƒ /api/register/de-agentes-licenciados         0 B                0 B[0m
2025-11-29T20:50:11.6362464Z [37m├ ƒ /api/register/imprensa-jornalistablogueiro   0 B                0 B[0m
2025-11-29T20:50:11.6363455Z [37m├ ƒ /api/register/responsavel                    0 B                0 B[0m
2025-11-29T20:50:11.6364429Z [37m├ ƒ /api/register/responsavel/documents          0 B                0 B[0m
2025-11-29T20:50:11.6365410Z [37m├ ƒ /api/register/torcedor                       0 B                0 B[0m
2025-11-29T20:50:11.6366290Z [37m├ ○ /api/times                                   0 B                0 B[0m
2025-11-29T20:50:11.6367129Z [37m├ ƒ /api/videos                                  0 B                0 B[0m
2025-11-29T20:50:11.6367931Z [37m├ ƒ /api/videos/[id]                             0 B                0 B[0m
2025-11-29T20:50:11.6368797Z [37m├ ƒ /api/videos/[id]/appeal                      0 B                0 B[0m
2025-11-29T20:50:11.6369679Z [37m├ ƒ /api/videos/[id]/comments                    0 B                0 B[0m
2025-11-29T20:50:11.6370830Z [37m├ ƒ /api/videos/proxy                            0 B                0 B[0m
2025-11-29T20:50:11.6371710Z [37m├ ƒ /arquibancada                                4.49 kB        98.6 kB[0m
2025-11-29T20:50:11.6372531Z [37m├ ƒ /atletas                                     4.5 kB          107 kB[0m
2025-11-29T20:50:11.6373332Z [37m├ ƒ /atletas/[id]                                5.24 kB         138 kB[0m
2025-11-29T20:50:11.6374175Z [37m├ ƒ /cadastro                                    2.21 kB         129 kB[0m
2025-11-29T20:50:11.6375186Z [37m├ ƒ /cadastro/[slug]                             2.92 kB         121 kB[0m
2025-11-29T20:50:11.6376126Z [37m├ ƒ /cadastro/atleta-18                          3.91 kB         137 kB[0m
2025-11-29T20:50:11.6377070Z [37m├ ƒ /cadastro/clube                              4.03 kB         137 kB[0m
2025-11-29T20:50:11.6378067Z [37m├ ƒ /cadastro/de-agentes-licenciados             4.04 kB         137 kB[0m
2025-11-29T20:50:11.6379148Z [37m├ ƒ /cadastro/imprensa-jornalistablogueiro       4.19 kB         137 kB[0m
2025-11-29T20:50:11.6380479Z [37m├ ƒ /cadastro/responsavel                        4.23 kB         137 kB[0m
2025-11-29T20:50:11.6381527Z [37m├ ƒ /cadastro/responsavel/uploads                3.69 kB         137 kB[0m
2025-11-29T20:50:11.6382527Z [37m├ ƒ /cadastro/sucesso                            155 B          87.5 kB[0m
2025-11-29T20:50:11.6383652Z [37m├ ƒ /cadastro/torcedor                           5.13 kB         147 kB[0m
2025-11-29T20:50:11.6384586Z [37m├ ƒ /clubes                                      3.35 kB         111 kB[0m
2025-11-29T20:50:11.6385450Z [37m├ ƒ /clubes/[slug]                               807 B           109 kB[0m
2025-11-29T20:50:11.6386359Z [37m├ ƒ /confederacoes                               807 B           109 kB[0m
2025-11-29T20:50:11.6387319Z [37m├ ƒ /confederacoes/[slug]                        807 B           109 kB[0m
2025-11-29T20:50:11.6388213Z [37m├ ƒ /feed                                        12.2 kB         145 kB[0m
2025-11-29T20:50:11.6389029Z [37m├ ƒ /games                                       197 B           121 kB[0m
2025-11-29T20:50:11.6390107Z [37m├ ƒ /games/[slug]                                211 B           128 kB[0m
2025-11-29T20:50:11.6390972Z [37m├ ○ /icon                                        0 B                0 B[0m
2025-11-29T20:50:11.6391811Z [37m├ ƒ /login                                       3.73 kB         145 kB[0m
2025-11-29T20:50:11.6392659Z [37m├ ƒ /noticias                                    204 B           121 kB[0m
2025-11-29T20:50:11.6393549Z [37m├ ƒ /noticias/[slug]                             614 B           129 kB[0m
2025-11-29T20:50:11.6394385Z [37m├ ƒ /perfil                                      27.3 kB         171 kB[0m
2025-11-29T20:50:11.6395191Z [37m├ ƒ /perfis/[id]                                 1.84 kB         117 kB[0m
2025-11-29T20:50:11.6395990Z [37m├ ƒ /player/[id]                                 9.15 kB         127 kB[0m
2025-11-29T20:50:11.6396826Z [37m├ ƒ /privacidade                                 189 B          96.2 kB[0m
2025-11-29T20:50:11.6397751Z [37m├ ƒ /registrar-escolha-perfil                    189 B          96.2 kB[0m
2025-11-29T20:50:11.6398650Z [37m├ ƒ /sobre                                       189 B          96.2 kB[0m
2025-11-29T20:50:11.6399438Z [37m├ ƒ /torcida                                     155 B          87.5 kB[0m
2025-11-29T20:50:11.6400400Z [37m└ ƒ /upload                                      10.4 kB         119 kB[0m
2025-11-29T20:50:11.6401208Z [37m+ First Load JS shared by all                    87.3 kB[0m
2025-11-29T20:50:11.6402057Z [37m  ├ chunks/2117-8600b608bfb46d0e.js              31.7 kB[0m
2025-11-29T20:50:11.6402840Z [37m  ├ chunks/fd9d1056-55796e42a8a57fc6.js          53.6 kB[0m
2025-11-29T20:50:11.6403621Z [37m  └ other shared chunks (total)                  1.97 kB[0m
2025-11-29T20:50:11.6404113Z [37m[0m
2025-11-29T20:50:11.6404422Z [37m[0m
2025-11-29T20:50:11.6404993Z [37mƒ Middleware                                     48.3 kB[0m
2025-11-29T20:50:11.6405486Z [37m[0m
2025-11-29T20:50:11.6406011Z [37m○  (Static)   prerendered as static content[0m
2025-11-29T20:50:11.6406681Z [37mƒ  (Dynamic)  server-rendered on demand[0m
2025-11-29T20:50:11.6407146Z [37m[0m
2025-11-29T20:50:11.6723444Z [37m[0m
2025-11-29T20:50:11.6724382Z [37m> vitrine-de-craques-web-site@0.1.0 postbuild[0m
2025-11-29T20:50:11.6725198Z [37m> node scripts/copy-prisma-artifacts.js[0m
2025-11-29T20:50:11.6728374Z [37m[0m
2025-11-29T20:50:11.7953100Z [37m[copy-prisma-artifacts] Copied Prisma artifacts to /github/workspace/.next/standalone/node_modules/.prisma/client[0m
2025-11-29T20:50:11.7971416Z [37m[copy-prisma-artifacts] Linked Prisma artifacts to /github/workspace/.next/server/.prisma/client[0m
2025-11-29T20:50:11.7973183Z [37m[copy-prisma-artifacts] Linked Prisma artifacts to /github/workspace/.next/server/chunks/.prisma/client[0m
2025-11-29T20:50:11.9182372Z [37m[copy-prisma-artifacts] Copied Prisma artifacts to /github/workspace/.next/standalone/node_modules/@prisma/client[0m
2025-11-29T20:50:11.9191766Z [37m[copy-prisma-artifacts] Linked Prisma artifacts to /github/workspace/.next/server/@prisma/client[0m
2025-11-29T20:50:11.9204036Z [37m[copy-prisma-artifacts] Linked Prisma artifacts to /github/workspace/.next/server/chunks/@prisma/client[0m
2025-11-29T20:50:11.9327081Z [37mPreparing output...[0m
2025-11-29T20:50:11.9329783Z [37m[0m
2025-11-29T20:50:11.9331078Z [37mCopying files to destination directory '/bin/staticsites/62fdb434-265d-4b0b-aad2-25aa7bf9fa02-swa-oryx/app'...[0m
2025-11-29T20:50:34.4003141Z [37mDone in 23 sec(s).[0m
2025-11-29T20:50:34.4009665Z [37m[0m
2025-11-29T20:50:34.4011487Z [37mRemoving existing manifest file[0m
2025-11-29T20:50:34.4025666Z [37mCreating a manifest file...[0m
2025-11-29T20:50:34.4032188Z [37mManifest file created.[0m
2025-11-29T20:50:34.4036042Z [37mCopying .ostype to manifest output directory.[0m
2025-11-29T20:50:34.4064437Z [37m[0m
2025-11-29T20:50:34.4067362Z [37mDone in 153 sec(s).[0m
2025-11-29T20:50:34.6068499Z [37m[0m
2025-11-29T20:50:34.6070312Z [37m[0m
2025-11-29T20:50:34.6070864Z [37m---End of Oryx build logs---[0m
2025-11-29T20:50:34.6101475Z [37mTry to validate location at: '/bin/staticsites/62fdb434-265d-4b0b-aad2-25aa7bf9fa02-swa-oryx/app/.next'.[0m
2025-11-29T20:50:34.6104546Z [37mOryx has determined that the app build artifacts are in the '.next' directory. If this is incorrect please specify the app artifact location.[0m
2025-11-29T20:50:34.6105861Z [37mFinished building app with Oryx[0m
2025-11-29T20:50:34.9149768Z [37mDetected standalone folder, so using it for deployment.[0m
2025-11-29T20:50:34.9543332Z [37mRepackaged Next.js app to deploy on the backend.[0m
2025-11-29T20:50:34.9551043Z [37mSkipping step to build /bin/staticsites/62fdb434-265d-4b0b-aad2-25aa7bf9fa02-swa-oryx/app/.next/standalone with Oryx[0m
2025-11-29T20:50:34.9553891Z [33mWeb App Runtime Information. OS: linux, node version: 20[0m
2025-11-29T20:50:37.2343122Z [37mZipping Api Artifacts[0m
2025-11-29T20:51:05.6943162Z [37mDone Zipping Api Artifacts[0m
2025-11-29T20:51:07.8354646Z [37mZipping App Artifacts[0m
2025-11-29T20:51:08.7765071Z [37mDone Zipping App Artifacts[0m
2025-11-29T20:51:08.7765818Z [37mUploading build artifacts.[0m
2025-11-29T20:51:12.2894816Z [32mFinished Upload. Polling on deployment.[0m
2025-11-29T20:51:12.4377255Z [37mStatus: InProgress. Time: 0.1474799(s)[0m
2025-11-29T20:51:27.5847247Z [37mStatus: Failed. Time: 15.2951403(s)[0m
2025-11-29T20:51:27.5848472Z [31mDeployment Failed :([0m
2025-11-29T20:51:27.5849606Z [31mDeployment Failure Reason: Failed to deploy the Azure Functions.[0m
2025-11-29T20:51:27.6341352Z [37m[0m
2025-11-29T20:51:27.6342736Z [33mFor further information, please visit the Azure Static Web Apps documentation at https://docs.microsoft.com/en-us/azure/static-web-apps/[0m
2025-11-29T20:51:27.6346212Z [33mIf you believe this behavior is unexpected, please raise a GitHub issue at https://github.com/azure/static-web-apps/issues/[0m
2025-11-29T20:51:27.6347289Z [33mExiting[0m
2025-11-29T20:51:30.1835146Z Post job cleanup.
2025-11-29T20:51:30.2676866Z [command]/usr/bin/git version
2025-11-29T20:51:30.2717805Z git version 2.51.2
2025-11-29T20:51:30.2764682Z Temporarily overriding HOME='/home/runner/work/_temp/7f427282-e5b7-4ba9-9ce7-c51fb810821e' before making global git config changes
2025-11-29T20:51:30.2766544Z Adding repository directory to the temporary git global config as a safe directory
2025-11-29T20:51:30.2771863Z [command]/usr/bin/git config --global --add safe.directory /home/runner/work/vitrine-de-craques-web-site/vitrine-de-craques-web-site
2025-11-29T20:51:30.2805794Z [command]/usr/bin/git config --local --name-only --get-regexp core\.sshCommand
2025-11-29T20:51:30.2839732Z [command]/usr/bin/git submodule foreach --recursive sh -c "git config --local --name-only --get-regexp 'core\.sshCommand' && git config --local --unset-all 'core.sshCommand' || :"
2025-11-29T20:51:30.3124057Z fatal: No url found for submodule path 'Vitrine-De-Craques-App-iOS/Vitrine-De-Craques-App-iOS' in .gitmodules
2025-11-29T20:51:30.3176808Z ##[warning]The process '/usr/bin/git' failed with exit code 128
2025-11-29T20:51:30.3266261Z Cleaning up orphan processes
