2025-11-23T22:23:31.5806487Z Current runner version: '2.329.0'
2025-11-23T22:23:31.5862421Z ##[group]Runner Image Provisioner
2025-11-23T22:23:31.5863745Z Hosted Compute Agent
2025-11-23T22:23:31.5864733Z Version: 20251016.436
2025-11-23T22:23:31.5866027Z Commit: 8ab8ac8bfd662a3739dab9fe09456aba92132568
2025-11-23T22:23:31.5867345Z Build Date: 2025-10-15T20:44:12Z
2025-11-23T22:23:31.5868564Z ##[endgroup]
2025-11-23T22:23:31.5869788Z ##[group]Operating System
2025-11-23T22:23:31.5870817Z Ubuntu
2025-11-23T22:23:31.5871843Z 24.04.3
2025-11-23T22:23:31.5872832Z LTS
2025-11-23T22:23:31.5873711Z ##[endgroup]
2025-11-23T22:23:31.5874773Z ##[group]Runner Image
2025-11-23T22:23:31.5875748Z Image: ubuntu-24.04
2025-11-23T22:23:31.5876636Z Version: 20251112.124.1
2025-11-23T22:23:31.5919018Z Included Software: https://github.com/actions/runner-images/blob/ubuntu24/20251112.124/images/ubuntu/Ubuntu2404-Readme.md
2025-11-23T22:23:31.5922601Z Image Release: https://github.com/actions/runner-images/releases/tag/ubuntu24%2F20251112.124
2025-11-23T22:23:31.5924491Z ##[endgroup]
2025-11-23T22:23:31.5926715Z ##[group]GITHUB_TOKEN Permissions
2025-11-23T22:23:31.5929875Z Contents: read
2025-11-23T22:23:31.5930900Z Metadata: read
2025-11-23T22:23:31.5931826Z Packages: read
2025-11-23T22:23:31.5932674Z ##[endgroup]
2025-11-23T22:23:31.5936077Z Secret source: Actions
2025-11-23T22:23:31.5937551Z Prepare workflow directory
2025-11-23T22:23:31.7426755Z Prepare all required actions
2025-11-23T22:23:31.7552390Z Getting action download info
2025-11-23T22:23:32.1200183Z Download action repository 'actions/checkout@v3' (SHA:f43a0e5ff2bd294095638e18286ca9a3d1956744)
2025-11-23T22:23:32.2444379Z Download action repository 'actions/setup-node@v4' (SHA:49933ea5288caeca8642d1e84afbd3f7d6820020)
2025-11-23T22:23:32.3437411Z Download action repository 'Azure/static-web-apps-deploy@v1' (SHA:4d27395796ac319302594769cfe812bd207490b1)
2025-11-23T22:23:32.6483147Z Complete job name: Build and Deploy Job
2025-11-23T22:23:32.6875168Z ##[group]Build container for action use: '/home/runner/work/_actions/Azure/static-web-apps-deploy/v1/Dockerfile'.
2025-11-23T22:23:32.6926023Z ##[command]/usr/bin/docker build -t b2aefe:09236a3d549e444b9a3aa86ee51c85d6 -f "/home/runner/work/_actions/Azure/static-web-apps-deploy/v1/Dockerfile" "/home/runner/work/_actions/Azure/static-web-apps-deploy/v1"
2025-11-23T22:23:33.2163863Z #0 building with "default" instance using docker driver
2025-11-23T22:23:33.2205427Z 
2025-11-23T22:23:33.2207459Z #1 [internal] load build definition from Dockerfile
2025-11-23T22:23:33.2210664Z #1 transferring dockerfile: 160B done
2025-11-23T22:23:33.2213477Z #1 DONE 0.0s
2025-11-23T22:23:33.2231584Z 
2025-11-23T22:23:33.2233034Z #2 [internal] load metadata for mcr.microsoft.com/appsvc/staticappsclient:stable
2025-11-23T22:23:33.2235610Z #2 DONE 0.1s
2025-11-23T22:23:33.3546916Z 
2025-11-23T22:23:33.3558977Z #3 [internal] load .dockerignore
2025-11-23T22:23:33.3566550Z #3 transferring context: 2B done
2025-11-23T22:23:33.3567793Z #3 DONE 0.0s
2025-11-23T22:23:33.3570489Z 
2025-11-23T22:23:33.3572084Z #4 [internal] load build context
2025-11-23T22:23:33.3573494Z #4 transferring context: 107B done
2025-11-23T22:23:33.3574852Z #4 DONE 0.0s
2025-11-23T22:23:33.3575529Z 
2025-11-23T22:23:33.3580156Z #5 [1/2] FROM mcr.microsoft.com/appsvc/staticappsclient:stable@sha256:3178a283e885dc45a0c7b4c6e9f728f0331ae7fb93de75db4181fa38651170f2
2025-11-23T22:23:33.3583677Z #5 resolve mcr.microsoft.com/appsvc/staticappsclient:stable@sha256:3178a283e885dc45a0c7b4c6e9f728f0331ae7fb93de75db4181fa38651170f2 done
2025-11-23T22:23:33.3593600Z #5 sha256:2377065f3b700cf1b5e391d26c572c8b91892dd44acd75deebdab5e403b23175 11.53MB / 15.56MB 0.1s
2025-11-23T22:23:33.3596059Z #5 sha256:1df8e0748f30e89b0c0477edfc706fc39242e1d6008433c0494113de267e7ca8 15.34kB / 15.34kB done
2025-11-23T22:23:33.3604318Z #5 sha256:5d6e107a26c2ffb6e234f04132358dea70a691a64c1152f984d2f2ba0e218c58 18.84MB / 53.74MB 0.1s
2025-11-23T22:23:33.3609729Z #5 sha256:3178a283e885dc45a0c7b4c6e9f728f0331ae7fb93de75db4181fa38651170f2 2.88kB / 2.88kB done
2025-11-23T22:23:33.3620444Z #5 sha256:5ee26b7a209f9a26720207792b237af3e19c0efeed8695e1e630fcd0feef9230 5.24MB / 54.75MB 0.1s
2025-11-23T22:23:33.5407955Z #5 sha256:2377065f3b700cf1b5e391d26c572c8b91892dd44acd75deebdab5e403b23175 15.56MB / 15.56MB 0.2s done
2025-11-23T22:23:33.5640645Z #5 sha256:5d6e107a26c2ffb6e234f04132358dea70a691a64c1152f984d2f2ba0e218c58 52.43MB / 53.74MB 0.3s
2025-11-23T22:23:33.5676540Z #5 sha256:5ee26b7a209f9a26720207792b237af3e19c0efeed8695e1e630fcd0feef9230 32.41MB / 54.75MB 0.3s
2025-11-23T22:23:33.5680695Z #5 sha256:41c7cd6fb37363fd1ec16dad3463ecc5820eda12c418a82b4849604252d29b88 15.16MB / 197.07MB 0.3s
2025-11-23T22:23:33.7531471Z #5 sha256:5d6e107a26c2ffb6e234f04132358dea70a691a64c1152f984d2f2ba0e218c58 53.74MB / 53.74MB 0.4s done
2025-11-23T22:23:33.7541795Z #5 sha256:5ee26b7a209f9a26720207792b237af3e19c0efeed8695e1e630fcd0feef9230 51.41MB / 54.75MB 0.4s
2025-11-23T22:23:33.7547851Z #5 sha256:41c7cd6fb37363fd1ec16dad3463ecc5820eda12c418a82b4849604252d29b88 32.74MB / 197.07MB 0.4s
2025-11-23T22:23:33.7575135Z #5 extracting sha256:5d6e107a26c2ffb6e234f04132358dea70a691a64c1152f984d2f2ba0e218c58
2025-11-23T22:23:33.7587569Z #5 sha256:4f4fb700ef54461cfa02571ae0db9a0dc1e0cdb5577484a6d75e68dc38e8acc1 32B / 32B 0.4s done
2025-11-23T22:23:33.8403309Z #5 sha256:5ee26b7a209f9a26720207792b237af3e19c0efeed8695e1e630fcd0feef9230 54.75MB / 54.75MB 0.6s done
2025-11-23T22:23:33.8409435Z #5 sha256:41c7cd6fb37363fd1ec16dad3463ecc5820eda12c418a82b4849604252d29b88 65.01MB / 197.07MB 0.6s
2025-11-23T22:23:33.8414758Z #5 sha256:aede74d79976f9d1be608a1286cdb2ca61aad25185440263691db6a0880adadd 24.46MB / 24.46MB 0.6s
2025-11-23T22:23:33.8419556Z #5 sha256:c279a6399750ee20e802fb2c47da034ccee5eb4f3b89087f32618f10e8af074a 0B / 1.56MB 0.6s
2025-11-23T22:23:33.9609039Z #5 sha256:41c7cd6fb37363fd1ec16dad3463ecc5820eda12c418a82b4849604252d29b88 103.06MB / 197.07MB 0.7s
2025-11-23T22:23:33.9617393Z #5 sha256:c279a6399750ee20e802fb2c47da034ccee5eb4f3b89087f32618f10e8af074a 1.56MB / 1.56MB 0.7s
2025-11-23T22:23:34.0767420Z #5 sha256:41c7cd6fb37363fd1ec16dad3463ecc5820eda12c418a82b4849604252d29b88 121.63MB / 197.07MB 0.8s
2025-11-23T22:23:34.0779126Z #5 sha256:aede74d79976f9d1be608a1286cdb2ca61aad25185440263691db6a0880adadd 24.46MB / 24.46MB 0.7s done
2025-11-23T22:23:34.0783870Z #5 sha256:c279a6399750ee20e802fb2c47da034ccee5eb4f3b89087f32618f10e8af074a 1.56MB / 1.56MB 0.7s done
2025-11-23T22:23:34.0803971Z #5 sha256:ec0af1da0a0576de654092a28624c0565c6d854216944f18159460338af43293 10.49MB / 72.99MB 0.8s
2025-11-23T22:23:34.0814541Z #5 sha256:351447e6e3829fac25a761f87d07dc5bfc289f38908901d05fa53aaab54dbdcd 115.52kB / 115.52kB 0.8s done
2025-11-23T22:23:34.0819714Z #5 sha256:eec8099d3f58ba87e25216a07db18b5a0de40b6921ee61ea8ab9b4c29b53a12f 0B / 1.16MB 0.8s
2025-11-23T22:23:34.2007497Z #5 sha256:41c7cd6fb37363fd1ec16dad3463ecc5820eda12c418a82b4849604252d29b88 139.72MB / 197.07MB 0.9s
2025-11-23T22:23:34.2026446Z #5 sha256:ec0af1da0a0576de654092a28624c0565c6d854216944f18159460338af43293 26.21MB / 72.99MB 0.9s
2025-11-23T22:23:34.2031842Z #5 sha256:eec8099d3f58ba87e25216a07db18b5a0de40b6921ee61ea8ab9b4c29b53a12f 1.16MB / 1.16MB 0.8s done
2025-11-23T22:23:34.2045572Z #5 sha256:cddc70a1cccef26d55fcf9242759c41404c305acea0b4c3a30961c99846a0a55 637.94kB / 637.94kB 0.9s done
2025-11-23T22:23:34.2050722Z #5 sha256:36312d7930e0666f8cfc7940823ac101235e873b7cbb8b20d9481fd404095767 0B / 35.20MB 0.9s
2025-11-23T22:23:34.3106461Z #5 sha256:41c7cd6fb37363fd1ec16dad3463ecc5820eda12c418a82b4849604252d29b88 155.19MB / 197.07MB 1.0s
2025-11-23T22:23:34.3111971Z #5 sha256:ec0af1da0a0576de654092a28624c0565c6d854216944f18159460338af43293 45.09MB / 72.99MB 1.0s
2025-11-23T22:23:34.3130253Z #5 sha256:36312d7930e0666f8cfc7940823ac101235e873b7cbb8b20d9481fd404095767 12.64MB / 35.20MB 1.0s
2025-11-23T22:23:34.4147088Z #5 sha256:41c7cd6fb37363fd1ec16dad3463ecc5820eda12c418a82b4849604252d29b88 166.72MB / 197.07MB 1.1s
2025-11-23T22:23:34.4150220Z #5 sha256:ec0af1da0a0576de654092a28624c0565c6d854216944f18159460338af43293 56.62MB / 72.99MB 1.1s
2025-11-23T22:23:34.4169747Z #5 sha256:36312d7930e0666f8cfc7940823ac101235e873b7cbb8b20d9481fd404095767 26.30MB / 35.20MB 1.1s
2025-11-23T22:23:34.5347896Z #5 sha256:ec0af1da0a0576de654092a28624c0565c6d854216944f18159460338af43293 66.72MB / 72.99MB 1.2s
2025-11-23T22:23:34.5357185Z #5 sha256:36312d7930e0666f8cfc7940823ac101235e873b7cbb8b20d9481fd404095767 35.20MB / 35.20MB 1.3s
2025-11-23T22:23:34.7152402Z #5 sha256:41c7cd6fb37363fd1ec16dad3463ecc5820eda12c418a82b4849604252d29b88 197.07MB / 197.07MB 1.4s
2025-11-23T22:23:34.7156177Z #5 sha256:ec0af1da0a0576de654092a28624c0565c6d854216944f18159460338af43293 72.99MB / 72.99MB 1.4s
2025-11-23T22:23:34.7158951Z #5 sha256:36312d7930e0666f8cfc7940823ac101235e873b7cbb8b20d9481fd404095767 35.20MB / 35.20MB 1.3s done
2025-11-23T22:23:35.3342936Z #5 sha256:4a1fde1690fe113870084a3224c66554fc9cbd2310abb9593b0244ec21f4b76d 0B / 168B 2.1s
2025-11-23T22:23:35.5340336Z #5 sha256:4a1fde1690fe113870084a3224c66554fc9cbd2310abb9593b0244ec21f4b76d 168B / 168B 2.3s
2025-11-23T22:23:35.6409872Z #5 sha256:ec0af1da0a0576de654092a28624c0565c6d854216944f18159460338af43293 72.99MB / 72.99MB 2.4s done
2025-11-23T22:23:35.6414624Z #5 sha256:4a1fde1690fe113870084a3224c66554fc9cbd2310abb9593b0244ec21f4b76d 168B / 168B 2.4s done
2025-11-23T22:23:35.6415792Z #5 sha256:8023cb51985fccd3faa4be6340cdc75b72240277850569aa974767dda5176159 0B / 168B 2.4s
2025-11-23T22:23:35.7579582Z #5 sha256:41c7cd6fb37363fd1ec16dad3463ecc5820eda12c418a82b4849604252d29b88 197.07MB / 197.07MB 2.4s done
2025-11-23T22:23:35.7583638Z #5 sha256:8023cb51985fccd3faa4be6340cdc75b72240277850569aa974767dda5176159 168B / 168B 2.4s done
2025-11-23T22:23:35.7600821Z #5 sha256:4836a863d60df9ca0cedad0eb5e729c4a7f755449fbfbd6d4ea6443e64c990e0 17.83MB / 118.65MB 2.5s
2025-11-23T22:23:35.8633402Z #5 sha256:4836a863d60df9ca0cedad0eb5e729c4a7f755449fbfbd6d4ea6443e64c990e0 47.28MB / 118.65MB 2.6s
2025-11-23T22:23:35.9661986Z #5 sha256:4836a863d60df9ca0cedad0eb5e729c4a7f755449fbfbd6d4ea6443e64c990e0 78.64MB / 118.65MB 2.7s
2025-11-23T22:23:36.0749697Z #5 sha256:4836a863d60df9ca0cedad0eb5e729c4a7f755449fbfbd6d4ea6443e64c990e0 106.69MB / 118.65MB 2.8s
2025-11-23T22:23:36.1923825Z #5 sha256:4836a863d60df9ca0cedad0eb5e729c4a7f755449fbfbd6d4ea6443e64c990e0 118.65MB / 118.65MB 2.9s
2025-11-23T22:23:36.5074452Z #5 sha256:4836a863d60df9ca0cedad0eb5e729c4a7f755449fbfbd6d4ea6443e64c990e0 118.65MB / 118.65MB 3.2s done
2025-11-23T22:23:37.7070148Z #5 extracting sha256:5d6e107a26c2ffb6e234f04132358dea70a691a64c1152f984d2f2ba0e218c58 4.1s done
2025-11-23T22:23:37.8449742Z #5 extracting sha256:2377065f3b700cf1b5e391d26c572c8b91892dd44acd75deebdab5e403b23175 0.1s
2025-11-23T22:23:38.2977864Z #5 extracting sha256:2377065f3b700cf1b5e391d26c572c8b91892dd44acd75deebdab5e403b23175 0.4s done
2025-11-23T22:23:38.9158307Z #5 extracting sha256:5ee26b7a209f9a26720207792b237af3e19c0efeed8695e1e630fcd0feef9230
2025-11-23T22:23:41.1047745Z #5 extracting sha256:5ee26b7a209f9a26720207792b237af3e19c0efeed8695e1e630fcd0feef9230 2.0s done
2025-11-23T22:23:41.6377901Z #5 extracting sha256:41c7cd6fb37363fd1ec16dad3463ecc5820eda12c418a82b4849604252d29b88
2025-11-23T22:23:46.6825797Z #5 extracting sha256:41c7cd6fb37363fd1ec16dad3463ecc5820eda12c418a82b4849604252d29b88 5.0s
2025-11-23T22:23:46.8537130Z #5 extracting sha256:41c7cd6fb37363fd1ec16dad3463ecc5820eda12c418a82b4849604252d29b88 5.2s done
2025-11-23T22:23:49.3379972Z #5 extracting sha256:4f4fb700ef54461cfa02571ae0db9a0dc1e0cdb5577484a6d75e68dc38e8acc1
2025-11-23T22:23:49.5285413Z #5 extracting sha256:4f4fb700ef54461cfa02571ae0db9a0dc1e0cdb5577484a6d75e68dc38e8acc1 done
2025-11-23T22:23:49.5286504Z #5 extracting sha256:aede74d79976f9d1be608a1286cdb2ca61aad25185440263691db6a0880adadd 0.1s
2025-11-23T22:23:50.2902160Z #5 extracting sha256:aede74d79976f9d1be608a1286cdb2ca61aad25185440263691db6a0880adadd 0.8s done
2025-11-23T22:23:50.2906443Z #5 extracting sha256:c279a6399750ee20e802fb2c47da034ccee5eb4f3b89087f32618f10e8af074a
2025-11-23T22:23:50.5473341Z #5 extracting sha256:c279a6399750ee20e802fb2c47da034ccee5eb4f3b89087f32618f10e8af074a 0.1s done
2025-11-23T22:23:50.5477686Z #5 extracting sha256:ec0af1da0a0576de654092a28624c0565c6d854216944f18159460338af43293 0.1s
2025-11-23T22:23:51.6996329Z #5 extracting sha256:ec0af1da0a0576de654092a28624c0565c6d854216944f18159460338af43293 1.1s done
2025-11-23T22:23:52.2362820Z #5 extracting sha256:351447e6e3829fac25a761f87d07dc5bfc289f38908901d05fa53aaab54dbdcd
2025-11-23T22:23:52.3717084Z #5 extracting sha256:351447e6e3829fac25a761f87d07dc5bfc289f38908901d05fa53aaab54dbdcd done
2025-11-23T22:23:52.3718443Z #5 extracting sha256:eec8099d3f58ba87e25216a07db18b5a0de40b6921ee61ea8ab9b4c29b53a12f 0.1s done
2025-11-23T22:23:52.3719601Z #5 extracting sha256:cddc70a1cccef26d55fcf9242759c41404c305acea0b4c3a30961c99846a0a55 0.0s done
2025-11-23T22:23:52.4928069Z #5 extracting sha256:36312d7930e0666f8cfc7940823ac101235e873b7cbb8b20d9481fd404095767 0.1s
2025-11-23T22:23:52.8708885Z #5 extracting sha256:36312d7930e0666f8cfc7940823ac101235e873b7cbb8b20d9481fd404095767 0.5s done
2025-11-23T22:23:52.9972285Z #5 extracting sha256:4a1fde1690fe113870084a3224c66554fc9cbd2310abb9593b0244ec21f4b76d
2025-11-23T22:23:53.1840606Z #5 extracting sha256:4a1fde1690fe113870084a3224c66554fc9cbd2310abb9593b0244ec21f4b76d done
2025-11-23T22:23:53.1841911Z #5 extracting sha256:8023cb51985fccd3faa4be6340cdc75b72240277850569aa974767dda5176159 done
2025-11-23T22:23:53.1843397Z #5 extracting sha256:4836a863d60df9ca0cedad0eb5e729c4a7f755449fbfbd6d4ea6443e64c990e0 0.1s
2025-11-23T22:23:56.6060380Z #5 extracting sha256:4836a863d60df9ca0cedad0eb5e729c4a7f755449fbfbd6d4ea6443e64c990e0 3.5s done
2025-11-23T22:23:58.0926850Z #5 DONE 24.9s
2025-11-23T22:23:58.2679677Z 
2025-11-23T22:23:58.2682677Z #6 [2/2] COPY entrypoint.sh /entrypoint.sh
2025-11-23T22:23:58.2683240Z #6 DONE 0.0s
2025-11-23T22:23:58.2683433Z 
2025-11-23T22:23:58.2683567Z #7 exporting to image
2025-11-23T22:23:58.2683915Z #7 exporting layers
2025-11-23T22:23:59.3821976Z #7 exporting layers 1.3s done
2025-11-23T22:23:59.4008459Z #7 writing image sha256:a7f1d2d4e76103351c97a0a4600181c3537ebfaf0bcf192f38512517fe344e06 done
2025-11-23T22:23:59.4011057Z #7 naming to docker.io/library/b2aefe:09236a3d549e444b9a3aa86ee51c85d6 done
2025-11-23T22:23:59.4011975Z #7 DONE 1.3s
2025-11-23T22:23:59.4066679Z ##[endgroup]
2025-11-23T22:23:59.4297203Z ##[group]Run actions/checkout@v3
2025-11-23T22:23:59.4297744Z with:
2025-11-23T22:23:59.4297932Z   submodules: false
2025-11-23T22:23:59.4298134Z   lfs: false
2025-11-23T22:23:59.4298786Z   sparse-checkout: *
!Vitrine-De-Craques-App/
!Vitrine-De-Craques-App-iOS/
!docs/

2025-11-23T22:23:59.4299193Z   sparse-checkout-cone-mode: false
2025-11-23T22:23:59.4299492Z   repository: aspepper/vitrine-de-craques-web-site
2025-11-23T22:23:59.4299929Z   token: ***
2025-11-23T22:23:59.4300119Z   ssh-strict: true
2025-11-23T22:23:59.4300325Z   persist-credentials: true
2025-11-23T22:23:59.4300687Z   clean: true
2025-11-23T22:23:59.4300960Z   fetch-depth: 1
2025-11-23T22:23:59.4301156Z   fetch-tags: false
2025-11-23T22:23:59.4301349Z   set-safe-directory: true
2025-11-23T22:23:59.4302049Z env:
2025-11-23T22:23:59.4302781Z   DATABASE_URL: ***
2025-11-23T22:23:59.4303094Z   NEXTAUTH_URL: ***
2025-11-23T22:23:59.4303388Z   NEXTAUTH_SECRET: ***
2025-11-23T22:23:59.4303684Z   AUTH_TRUST_HOST: true
2025-11-23T22:23:59.4304167Z ##[endgroup]
2025-11-23T22:23:59.5264209Z Syncing repository: aspepper/vitrine-de-craques-web-site
2025-11-23T22:23:59.5266220Z ##[group]Getting Git version info
2025-11-23T22:23:59.5267102Z Working directory is '/home/runner/work/vitrine-de-craques-web-site/vitrine-de-craques-web-site'
2025-11-23T22:23:59.5268546Z [command]/usr/bin/git version
2025-11-23T22:23:59.5268978Z git version 2.51.2
2025-11-23T22:23:59.5287179Z ##[endgroup]
2025-11-23T22:23:59.5304324Z Temporarily overriding HOME='/home/runner/work/_temp/7302c705-a037-40d3-9ebd-9767e635b78a' before making global git config changes
2025-11-23T22:23:59.5309090Z Adding repository directory to the temporary git global config as a safe directory
2025-11-23T22:23:59.5310427Z [command]/usr/bin/git config --global --add safe.directory /home/runner/work/vitrine-de-craques-web-site/vitrine-de-craques-web-site
2025-11-23T22:23:59.5345394Z Deleting the contents of '/home/runner/work/vitrine-de-craques-web-site/vitrine-de-craques-web-site'
2025-11-23T22:23:59.5350100Z ##[group]Initializing the repository
2025-11-23T22:23:59.5354506Z [command]/usr/bin/git init /home/runner/work/vitrine-de-craques-web-site/vitrine-de-craques-web-site
2025-11-23T22:23:59.5455765Z hint: Using 'master' as the name for the initial branch. This default branch name
2025-11-23T22:23:59.5457370Z hint: is subject to change. To configure the initial branch name to use in all
2025-11-23T22:23:59.5460660Z hint: of your new repositories, which will suppress this warning, call:
2025-11-23T22:23:59.5461276Z hint:
2025-11-23T22:23:59.5461703Z hint: 	git config --global init.defaultBranch <name>
2025-11-23T22:23:59.5462194Z hint:
2025-11-23T22:23:59.5462665Z hint: Names commonly chosen instead of 'master' are 'main', 'trunk' and
2025-11-23T22:23:59.5463467Z hint: 'development'. The just-created branch can be renamed via this command:
2025-11-23T22:23:59.5464171Z hint:
2025-11-23T22:23:59.5464530Z hint: 	git branch -m <name>
2025-11-23T22:23:59.5464924Z hint:
2025-11-23T22:23:59.5465507Z hint: Disable this message with "git config set advice.defaultBranchName false"
2025-11-23T22:23:59.5466722Z Initialized empty Git repository in /home/runner/work/vitrine-de-craques-web-site/vitrine-de-craques-web-site/.git/
2025-11-23T22:23:59.5474976Z [command]/usr/bin/git remote add origin https://github.com/aspepper/vitrine-de-craques-web-site
2025-11-23T22:23:59.5513023Z ##[endgroup]
2025-11-23T22:23:59.5514870Z ##[group]Disabling automatic garbage collection
2025-11-23T22:23:59.5516891Z [command]/usr/bin/git config --local gc.auto 0
2025-11-23T22:23:59.5547847Z ##[endgroup]
2025-11-23T22:23:59.5550853Z ##[group]Setting up auth
2025-11-23T22:23:59.5551782Z [command]/usr/bin/git config --local --name-only --get-regexp core\.sshCommand
2025-11-23T22:23:59.5582684Z [command]/usr/bin/git submodule foreach --recursive sh -c "git config --local --name-only --get-regexp 'core\.sshCommand' && git config --local --unset-all 'core.sshCommand' || :"
2025-11-23T22:23:59.5919646Z [command]/usr/bin/git config --local --name-only --get-regexp http\.https\:\/\/github\.com\/\.extraheader
2025-11-23T22:23:59.5949203Z [command]/usr/bin/git submodule foreach --recursive sh -c "git config --local --name-only --get-regexp 'http\.https\:\/\/github\.com\/\.extraheader' && git config --local --unset-all 'http.https://github.com/.extraheader' || :"
2025-11-23T22:23:59.6177783Z [command]/usr/bin/git config --local http.https://github.com/.extraheader AUTHORIZATION: basic ***
2025-11-23T22:23:59.6213647Z ##[endgroup]
2025-11-23T22:23:59.6214754Z ##[group]Fetching the repository
2025-11-23T22:23:59.6224007Z [command]/usr/bin/git -c protocol.version=2 fetch --no-tags --prune --progress --no-recurse-submodules --filter=blob:none --depth=1 origin +89dd8256fdca7cc86e2f2bb69ef8311ca192f5f1:refs/remotes/origin/main
2025-11-23T22:23:59.8775218Z remote: Enumerating objects: 198, done.        
2025-11-23T22:23:59.8775871Z remote: Counting objects:   0% (1/198)        
2025-11-23T22:23:59.8776460Z remote: Counting objects:   1% (2/198)        
2025-11-23T22:23:59.8776996Z remote: Counting objects:   2% (4/198)        
2025-11-23T22:23:59.8777552Z remote: Counting objects:   3% (6/198)        
2025-11-23T22:23:59.8778095Z remote: Counting objects:   4% (8/198)        
2025-11-23T22:23:59.8778861Z remote: Counting objects:   5% (10/198)        
2025-11-23T22:23:59.8779409Z remote: Counting objects:   6% (12/198)        
2025-11-23T22:23:59.8779935Z remote: Counting objects:   7% (14/198)        
2025-11-23T22:23:59.8780457Z remote: Counting objects:   8% (16/198)        
2025-11-23T22:23:59.8780988Z remote: Counting objects:   9% (18/198)        
2025-11-23T22:23:59.8781513Z remote: Counting objects:  10% (20/198)        
2025-11-23T22:23:59.8782018Z remote: Counting objects:  11% (22/198)        
2025-11-23T22:23:59.8782953Z remote: Counting objects:  12% (24/198)        
2025-11-23T22:23:59.8783546Z remote: Counting objects:  13% (26/198)        
2025-11-23T22:23:59.8784056Z remote: Counting objects:  14% (28/198)        
2025-11-23T22:23:59.8784575Z remote: Counting objects:  15% (30/198)        
2025-11-23T22:23:59.8785105Z remote: Counting objects:  16% (32/198)        
2025-11-23T22:23:59.8785621Z remote: Counting objects:  17% (34/198)        
2025-11-23T22:23:59.8786143Z remote: Counting objects:  18% (36/198)        
2025-11-23T22:23:59.8786674Z remote: Counting objects:  19% (38/198)        
2025-11-23T22:23:59.8787195Z remote: Counting objects:  20% (40/198)        
2025-11-23T22:23:59.8787744Z remote: Counting objects:  21% (42/198)        
2025-11-23T22:23:59.8788619Z remote: Counting objects:  22% (44/198)        
2025-11-23T22:23:59.8789158Z remote: Counting objects:  23% (46/198)        
2025-11-23T22:23:59.8789784Z remote: Counting objects:  24% (48/198)        
2025-11-23T22:23:59.8790333Z remote: Counting objects:  25% (50/198)        
2025-11-23T22:23:59.8790887Z remote: Counting objects:  26% (52/198)        
2025-11-23T22:23:59.8791427Z remote: Counting objects:  27% (54/198)        
2025-11-23T22:23:59.8792019Z remote: Counting objects:  28% (56/198)        
2025-11-23T22:23:59.8792556Z remote: Counting objects:  29% (58/198)        
2025-11-23T22:23:59.8793073Z remote: Counting objects:  30% (60/198)        
2025-11-23T22:23:59.8793589Z remote: Counting objects:  31% (62/198)        
2025-11-23T22:23:59.8794105Z remote: Counting objects:  32% (64/198)        
2025-11-23T22:23:59.8794624Z remote: Counting objects:  33% (66/198)        
2025-11-23T22:23:59.8795158Z remote: Counting objects:  34% (68/198)        
2025-11-23T22:23:59.8795682Z remote: Counting objects:  35% (70/198)        
2025-11-23T22:23:59.8796214Z remote: Counting objects:  36% (72/198)        
2025-11-23T22:23:59.8796763Z remote: Counting objects:  37% (74/198)        
2025-11-23T22:23:59.8797306Z remote: Counting objects:  38% (76/198)        
2025-11-23T22:23:59.8797843Z remote: Counting objects:  39% (78/198)        
2025-11-23T22:23:59.8798626Z remote: Counting objects:  40% (80/198)        
2025-11-23T22:23:59.8799433Z remote: Counting objects:  41% (82/198)        
2025-11-23T22:23:59.8800028Z remote: Counting objects:  42% (84/198)        
2025-11-23T22:23:59.8800583Z remote: Counting objects:  43% (86/198)        
2025-11-23T22:23:59.8801124Z remote: Counting objects:  44% (88/198)        
2025-11-23T22:23:59.8801660Z remote: Counting objects:  45% (90/198)        
2025-11-23T22:23:59.8802186Z remote: Counting objects:  46% (92/198)        
2025-11-23T22:23:59.8802713Z remote: Counting objects:  47% (94/198)        
2025-11-23T22:23:59.8803238Z remote: Counting objects:  48% (96/198)        
2025-11-23T22:23:59.8803754Z remote: Counting objects:  49% (98/198)        
2025-11-23T22:23:59.8804289Z remote: Counting objects:  50% (99/198)        
2025-11-23T22:23:59.8804827Z remote: Counting objects:  51% (101/198)        
2025-11-23T22:23:59.8805383Z remote: Counting objects:  52% (103/198)        
2025-11-23T22:23:59.8805984Z remote: Counting objects:  53% (105/198)        
2025-11-23T22:23:59.8806527Z remote: Counting objects:  54% (107/198)        
2025-11-23T22:23:59.8807080Z remote: Counting objects:  55% (109/198)        
2025-11-23T22:23:59.8807686Z remote: Counting objects:  56% (111/198)        
2025-11-23T22:23:59.8808627Z remote: Counting objects:  57% (113/198)        
2025-11-23T22:23:59.8809239Z remote: Counting objects:  58% (115/198)        
2025-11-23T22:23:59.8809750Z remote: Counting objects:  59% (117/198)        
2025-11-23T22:23:59.8810268Z remote: Counting objects:  60% (119/198)        
2025-11-23T22:23:59.8810871Z remote: Counting objects:  61% (121/198)        
2025-11-23T22:23:59.8811423Z remote: Counting objects:  62% (123/198)        
2025-11-23T22:23:59.8811968Z remote: Counting objects:  63% (125/198)        
2025-11-23T22:23:59.8812539Z remote: Counting objects:  64% (127/198)        
2025-11-23T22:23:59.8874954Z remote: Counting objects:  65% (129/198)        
2025-11-23T22:23:59.8875596Z remote: Counting objects:  66% (131/198)        
2025-11-23T22:23:59.8876102Z remote: Counting objects:  67% (133/198)        
2025-11-23T22:23:59.8876570Z remote: Counting objects:  68% (135/198)        
2025-11-23T22:23:59.8877035Z remote: Counting objects:  69% (137/198)        
2025-11-23T22:23:59.8877653Z remote: Counting objects:  70% (139/198)        
2025-11-23T22:23:59.8920202Z remote: Counting objects:  71% (141/198)        
2025-11-23T22:23:59.8922323Z remote: Counting objects:  72% (143/198)        
2025-11-23T22:23:59.8923212Z remote: Counting objects:  73% (145/198)        
2025-11-23T22:23:59.8923757Z remote: Counting objects:  74% (147/198)        
2025-11-23T22:23:59.8924266Z remote: Counting objects:  75% (149/198)        
2025-11-23T22:23:59.8924931Z remote: Counting objects:  76% (151/198)        
2025-11-23T22:23:59.8925446Z remote: Counting objects:  77% (153/198)        
2025-11-23T22:23:59.8925990Z remote: Counting objects:  78% (155/198)        
2025-11-23T22:23:59.8926511Z remote: Counting objects:  79% (157/198)        
2025-11-23T22:23:59.8926999Z remote: Counting objects:  80% (159/198)        
2025-11-23T22:23:59.8927489Z remote: Counting objects:  81% (161/198)        
2025-11-23T22:23:59.8927944Z remote: Counting objects:  82% (163/198)        
2025-11-23T22:23:59.8928680Z remote: Counting objects:  83% (165/198)        
2025-11-23T22:23:59.8929172Z remote: Counting objects:  84% (167/198)        
2025-11-23T22:23:59.8929665Z remote: Counting objects:  85% (169/198)        
2025-11-23T22:23:59.8930161Z remote: Counting objects:  86% (171/198)        
2025-11-23T22:23:59.8930639Z remote: Counting objects:  87% (173/198)        
2025-11-23T22:23:59.8931126Z remote: Counting objects:  88% (175/198)        
2025-11-23T22:23:59.8931617Z remote: Counting objects:  89% (177/198)        
2025-11-23T22:23:59.8932034Z remote: Counting objects:  90% (179/198)        
2025-11-23T22:23:59.8932470Z remote: Counting objects:  91% (181/198)        
2025-11-23T22:23:59.8932992Z remote: Counting objects:  92% (183/198)        
2025-11-23T22:23:59.8933504Z remote: Counting objects:  93% (185/198)        
2025-11-23T22:23:59.8934292Z remote: Counting objects:  94% (187/198)        
2025-11-23T22:23:59.8934853Z remote: Counting objects:  95% (189/198)        
2025-11-23T22:23:59.8935474Z remote: Counting objects:  96% (191/198)        
2025-11-23T22:23:59.8935989Z remote: Counting objects:  97% (193/198)        
2025-11-23T22:23:59.8936500Z remote: Counting objects:  98% (195/198)        
2025-11-23T22:23:59.8937025Z remote: Counting objects:  99% (197/198)        
2025-11-23T22:23:59.8937548Z remote: Counting objects: 100% (198/198)        
2025-11-23T22:23:59.8938111Z remote: Counting objects: 100% (198/198), done.        
2025-11-23T22:23:59.8940268Z remote: Compressing objects:   0% (1/110)        
2025-11-23T22:23:59.8940784Z remote: Compressing objects:   1% (2/110)        
2025-11-23T22:23:59.8941307Z remote: Compressing objects:   2% (3/110)        
2025-11-23T22:23:59.8941842Z remote: Compressing objects:   3% (4/110)        
2025-11-23T22:23:59.8942372Z remote: Compressing objects:   4% (5/110)        
2025-11-23T22:23:59.8942912Z remote: Compressing objects:   5% (6/110)        
2025-11-23T22:23:59.8943431Z remote: Compressing objects:   6% (7/110)        
2025-11-23T22:23:59.8943959Z remote: Compressing objects:   7% (8/110)        
2025-11-23T22:23:59.8944487Z remote: Compressing objects:   8% (9/110)        
2025-11-23T22:23:59.8945014Z remote: Compressing objects:   9% (10/110)        
2025-11-23T22:23:59.8945559Z remote: Compressing objects:  10% (11/110)        
2025-11-23T22:23:59.8946149Z remote: Compressing objects:  11% (13/110)        
2025-11-23T22:23:59.8946745Z remote: Compressing objects:  12% (14/110)        
2025-11-23T22:23:59.8947253Z remote: Compressing objects:  13% (15/110)        
2025-11-23T22:23:59.8947803Z remote: Compressing objects:  14% (16/110)        
2025-11-23T22:23:59.8948484Z remote: Compressing objects:  15% (17/110)        
2025-11-23T22:23:59.8949022Z remote: Compressing objects:  16% (18/110)        
2025-11-23T22:23:59.8949357Z remote: Compressing objects:  17% (19/110)        
2025-11-23T22:23:59.8949682Z remote: Compressing objects:  18% (20/110)        
2025-11-23T22:23:59.8949999Z remote: Compressing objects:  19% (21/110)        
2025-11-23T22:23:59.8950712Z remote: Compressing objects:  20% (22/110)        
2025-11-23T22:23:59.8951266Z remote: Compressing objects:  21% (24/110)        
2025-11-23T22:23:59.8951786Z remote: Compressing objects:  22% (25/110)        
2025-11-23T22:23:59.8952347Z remote: Compressing objects:  23% (26/110)        
2025-11-23T22:23:59.8952701Z remote: Compressing objects:  24% (27/110)        
2025-11-23T22:23:59.8953029Z remote: Compressing objects:  25% (28/110)        
2025-11-23T22:23:59.8953342Z remote: Compressing objects:  26% (29/110)        
2025-11-23T22:23:59.8953654Z remote: Compressing objects:  27% (30/110)        
2025-11-23T22:23:59.8953964Z remote: Compressing objects:  28% (31/110)        
2025-11-23T22:23:59.8954281Z remote: Compressing objects:  29% (32/110)        
2025-11-23T22:23:59.8954865Z remote: Compressing objects:  30% (33/110)        
2025-11-23T22:23:59.8955416Z remote: Compressing objects:  31% (35/110)        
2025-11-23T22:23:59.8955926Z remote: Compressing objects:  32% (36/110)        
2025-11-23T22:23:59.8956562Z remote: Compressing objects:  33% (37/110)        
2025-11-23T22:23:59.8957199Z remote: Compressing objects:  34% (38/110)        
2025-11-23T22:23:59.8957785Z remote: Compressing objects:  35% (39/110)        
2025-11-23T22:23:59.8958814Z remote: Compressing objects:  36% (40/110)        
2025-11-23T22:23:59.8959518Z remote: Compressing objects:  37% (41/110)        
2025-11-23T22:23:59.8959910Z remote: Compressing objects:  38% (42/110)        
2025-11-23T22:23:59.8960224Z remote: Compressing objects:  39% (43/110)        
2025-11-23T22:23:59.8960540Z remote: Compressing objects:  40% (44/110)        
2025-11-23T22:23:59.8960863Z remote: Compressing objects:  41% (46/110)        
2025-11-23T22:23:59.8961443Z remote: Compressing objects:  42% (47/110)        
2025-11-23T22:23:59.8962190Z remote: Compressing objects:  43% (48/110)        
2025-11-23T22:23:59.8962804Z remote: Compressing objects:  44% (49/110)        
2025-11-23T22:23:59.8963370Z remote: Compressing objects:  45% (50/110)        
2025-11-23T22:23:59.8963935Z remote: Compressing objects:  46% (51/110)        
2025-11-23T22:23:59.8964499Z remote: Compressing objects:  47% (52/110)        
2025-11-23T22:23:59.8965057Z remote: Compressing objects:  48% (53/110)        
2025-11-23T22:23:59.8965626Z remote: Compressing objects:  49% (54/110)        
2025-11-23T22:23:59.8966359Z remote: Compressing objects:  50% (55/110)        
2025-11-23T22:23:59.8967873Z remote: Compressing objects:  51% (57/110)        
2025-11-23T22:23:59.8968644Z remote: Compressing objects:  52% (58/110)        
2025-11-23T22:23:59.8969227Z remote: Compressing objects:  53% (59/110)        
2025-11-23T22:23:59.8969804Z remote: Compressing objects:  54% (60/110)        
2025-11-23T22:23:59.8970356Z remote: Compressing objects:  55% (61/110)        
2025-11-23T22:23:59.8970924Z remote: Compressing objects:  56% (62/110)        
2025-11-23T22:23:59.8971485Z remote: Compressing objects:  57% (63/110)        
2025-11-23T22:23:59.8972041Z remote: Compressing objects:  58% (64/110)        
2025-11-23T22:23:59.8972596Z remote: Compressing objects:  59% (65/110)        
2025-11-23T22:23:59.8973216Z remote: Compressing objects:  60% (66/110)        
2025-11-23T22:23:59.8973778Z remote: Compressing objects:  61% (68/110)        
2025-11-23T22:23:59.8974339Z remote: Compressing objects:  62% (69/110)        
2025-11-23T22:23:59.8974911Z remote: Compressing objects:  63% (70/110)        
2025-11-23T22:23:59.8975464Z remote: Compressing objects:  64% (71/110)        
2025-11-23T22:23:59.8976029Z remote: Compressing objects:  65% (72/110)        
2025-11-23T22:23:59.8976583Z remote: Compressing objects:  66% (73/110)        
2025-11-23T22:23:59.8977381Z remote: Compressing objects:  67% (74/110)        
2025-11-23T22:23:59.8977942Z remote: Compressing objects:  68% (75/110)        
2025-11-23T22:23:59.8978799Z remote: Compressing objects:  69% (76/110)        
2025-11-23T22:23:59.8979353Z remote: Compressing objects:  70% (77/110)        
2025-11-23T22:23:59.8980137Z remote: Compressing objects:  71% (79/110)        
2025-11-23T22:23:59.8980733Z remote: Compressing objects:  72% (80/110)        
2025-11-23T22:23:59.8981273Z remote: Compressing objects:  73% (81/110)        
2025-11-23T22:23:59.8981824Z remote: Compressing objects:  74% (82/110)        
2025-11-23T22:23:59.8982406Z remote: Compressing objects:  75% (83/110)        
2025-11-23T22:23:59.8983002Z remote: Compressing objects:  76% (84/110)        
2025-11-23T22:23:59.8983575Z remote: Compressing objects:  77% (85/110)        
2025-11-23T22:23:59.8984172Z remote: Compressing objects:  78% (86/110)        
2025-11-23T22:23:59.8984766Z remote: Compressing objects:  79% (87/110)        
2025-11-23T22:23:59.8985373Z remote: Compressing objects:  80% (88/110)        
2025-11-23T22:23:59.8985968Z remote: Compressing objects:  81% (90/110)        
2025-11-23T22:23:59.8986538Z remote: Compressing objects:  82% (91/110)        
2025-11-23T22:23:59.8987088Z remote: Compressing objects:  83% (92/110)        
2025-11-23T22:23:59.8987639Z remote: Compressing objects:  84% (93/110)        
2025-11-23T22:23:59.8988426Z remote: Compressing objects:  85% (94/110)        
2025-11-23T22:23:59.8989029Z remote: Compressing objects:  86% (95/110)        
2025-11-23T22:23:59.8989620Z remote: Compressing objects:  87% (96/110)        
2025-11-23T22:23:59.8990196Z remote: Compressing objects:  88% (97/110)        
2025-11-23T22:23:59.8990780Z remote: Compressing objects:  89% (98/110)        
2025-11-23T22:23:59.8991387Z remote: Compressing objects:  90% (99/110)        
2025-11-23T22:23:59.8992027Z remote: Compressing objects:  91% (101/110)        
2025-11-23T22:23:59.8992503Z remote: Compressing objects:  92% (102/110)        
2025-11-23T22:23:59.8992827Z remote: Compressing objects:  93% (103/110)        
2025-11-23T22:23:59.8993143Z remote: Compressing objects:  94% (104/110)        
2025-11-23T22:23:59.8993603Z remote: Compressing objects:  95% (105/110)        
2025-11-23T22:23:59.8993921Z remote: Compressing objects:  96% (106/110)        
2025-11-23T22:23:59.8994225Z remote: Compressing objects:  97% (107/110)        
2025-11-23T22:23:59.8994534Z remote: Compressing objects:  98% (108/110)        
2025-11-23T22:23:59.8994842Z remote: Compressing objects:  99% (109/110)        
2025-11-23T22:23:59.8995145Z remote: Compressing objects: 100% (110/110)        
2025-11-23T22:23:59.8995481Z remote: Compressing objects: 100% (110/110), done.        
2025-11-23T22:23:59.8996122Z Receiving objects:   0% (1/198)
2025-11-23T22:23:59.8996648Z Receiving objects:   1% (2/198)
2025-11-23T22:23:59.8997122Z Receiving objects:   2% (4/198)
2025-11-23T22:23:59.8997594Z Receiving objects:   3% (6/198)
2025-11-23T22:23:59.8998089Z Receiving objects:   4% (8/198)
2025-11-23T22:23:59.8998787Z Receiving objects:   5% (10/198)
2025-11-23T22:23:59.8999271Z Receiving objects:   6% (12/198)
2025-11-23T22:23:59.8999755Z Receiving objects:   7% (14/198)
2025-11-23T22:23:59.9000227Z Receiving objects:   8% (16/198)
2025-11-23T22:23:59.9000708Z Receiving objects:   9% (18/198)
2025-11-23T22:23:59.9001167Z Receiving objects:  10% (20/198)
2025-11-23T22:23:59.9001617Z Receiving objects:  11% (22/198)
2025-11-23T22:23:59.9002067Z Receiving objects:  12% (24/198)
2025-11-23T22:23:59.9002532Z Receiving objects:  13% (26/198)
2025-11-23T22:23:59.9002993Z Receiving objects:  14% (28/198)
2025-11-23T22:23:59.9003446Z Receiving objects:  15% (30/198)
2025-11-23T22:23:59.9003899Z Receiving objects:  16% (32/198)
2025-11-23T22:23:59.9004356Z Receiving objects:  17% (34/198)
2025-11-23T22:23:59.9004817Z Receiving objects:  18% (36/198)
2025-11-23T22:23:59.9005288Z Receiving objects:  19% (38/198)
2025-11-23T22:23:59.9005932Z Receiving objects:  20% (40/198)
2025-11-23T22:23:59.9006413Z Receiving objects:  21% (42/198)
2025-11-23T22:23:59.9006875Z Receiving objects:  22% (44/198)
2025-11-23T22:23:59.9007336Z Receiving objects:  23% (46/198)
2025-11-23T22:23:59.9007799Z Receiving objects:  24% (48/198)
2025-11-23T22:23:59.9008451Z Receiving objects:  25% (50/198)
2025-11-23T22:23:59.9008979Z Receiving objects:  26% (52/198)
2025-11-23T22:23:59.9009492Z Receiving objects:  27% (54/198)
2025-11-23T22:23:59.9009993Z Receiving objects:  28% (56/198)
2025-11-23T22:23:59.9010498Z Receiving objects:  29% (58/198)
2025-11-23T22:23:59.9010993Z Receiving objects:  30% (60/198)
2025-11-23T22:23:59.9011497Z Receiving objects:  31% (62/198)
2025-11-23T22:23:59.9011991Z Receiving objects:  32% (64/198)
2025-11-23T22:23:59.9012486Z Receiving objects:  33% (66/198)
2025-11-23T22:23:59.9012979Z Receiving objects:  34% (68/198)
2025-11-23T22:23:59.9013472Z Receiving objects:  35% (70/198)
2025-11-23T22:23:59.9013960Z Receiving objects:  36% (72/198)
2025-11-23T22:23:59.9014459Z Receiving objects:  37% (74/198)
2025-11-23T22:23:59.9014951Z Receiving objects:  38% (76/198)
2025-11-23T22:23:59.9015442Z Receiving objects:  39% (78/198)
2025-11-23T22:23:59.9015943Z Receiving objects:  40% (80/198)
2025-11-23T22:23:59.9016439Z Receiving objects:  41% (82/198)
2025-11-23T22:23:59.9016940Z Receiving objects:  42% (84/198)
2025-11-23T22:23:59.9017432Z Receiving objects:  43% (86/198)
2025-11-23T22:23:59.9017927Z Receiving objects:  44% (88/198)
2025-11-23T22:23:59.9018619Z Receiving objects:  45% (90/198)
2025-11-23T22:23:59.9019131Z Receiving objects:  46% (92/198)
2025-11-23T22:23:59.9019628Z Receiving objects:  47% (94/198)
2025-11-23T22:23:59.9020119Z Receiving objects:  48% (96/198)
2025-11-23T22:23:59.9020610Z Receiving objects:  49% (98/198)
2025-11-23T22:23:59.9021096Z Receiving objects:  50% (99/198)
2025-11-23T22:23:59.9021593Z Receiving objects:  51% (101/198)
2025-11-23T22:23:59.9022104Z Receiving objects:  52% (103/198)
2025-11-23T22:23:59.9022634Z Receiving objects:  53% (105/198)
2025-11-23T22:23:59.9023135Z Receiving objects:  54% (107/198)
2025-11-23T22:23:59.9023640Z Receiving objects:  55% (109/198)
2025-11-23T22:23:59.9024345Z Receiving objects:  56% (111/198)
2025-11-23T22:23:59.9024827Z Receiving objects:  57% (113/198)
2025-11-23T22:23:59.9025338Z Receiving objects:  58% (115/198)
2025-11-23T22:23:59.9025851Z Receiving objects:  59% (117/198)
2025-11-23T22:23:59.9026358Z Receiving objects:  60% (119/198)
2025-11-23T22:23:59.9026864Z Receiving objects:  61% (121/198)
2025-11-23T22:23:59.9027359Z Receiving objects:  62% (123/198)
2025-11-23T22:23:59.9027857Z Receiving objects:  63% (125/198)
2025-11-23T22:23:59.9028512Z Receiving objects:  64% (127/198)
2025-11-23T22:23:59.9029010Z Receiving objects:  65% (129/198)
2025-11-23T22:23:59.9029505Z Receiving objects:  66% (131/198)
2025-11-23T22:23:59.9029998Z Receiving objects:  67% (133/198)
2025-11-23T22:23:59.9030490Z Receiving objects:  68% (135/198)
2025-11-23T22:23:59.9030985Z Receiving objects:  69% (137/198)
2025-11-23T22:23:59.9031485Z Receiving objects:  70% (139/198)
2025-11-23T22:23:59.9031984Z Receiving objects:  71% (141/198)
2025-11-23T22:23:59.9032477Z Receiving objects:  72% (143/198)
2025-11-23T22:23:59.9033076Z Receiving objects:  73% (145/198)
2025-11-23T22:23:59.9033583Z Receiving objects:  74% (147/198)
2025-11-23T22:23:59.9034092Z Receiving objects:  75% (149/198)
2025-11-23T22:23:59.9034624Z Receiving objects:  76% (151/198)
2025-11-23T22:23:59.9035156Z Receiving objects:  77% (153/198)
2025-11-23T22:23:59.9035658Z Receiving objects:  78% (155/198)
2025-11-23T22:23:59.9036163Z Receiving objects:  79% (157/198)
2025-11-23T22:23:59.9036663Z Receiving objects:  80% (159/198)
2025-11-23T22:23:59.9037164Z Receiving objects:  81% (161/198)
2025-11-23T22:23:59.9037661Z Receiving objects:  82% (163/198)
2025-11-23T22:23:59.9038288Z Receiving objects:  83% (165/198)
2025-11-23T22:23:59.9038832Z Receiving objects:  84% (167/198)
2025-11-23T22:23:59.9088819Z Receiving objects:  85% (169/198)
2025-11-23T22:23:59.9090137Z remote: Total 198 (delta 0), reused 123 (delta 0), pack-reused 0 (from 0)        
2025-11-23T22:23:59.9091523Z Receiving objects:  86% (171/198)
2025-11-23T22:23:59.9091974Z Receiving objects:  87% (173/198)
2025-11-23T22:23:59.9092681Z Receiving objects:  88% (175/198)
2025-11-23T22:23:59.9093102Z Receiving objects:  89% (177/198)
2025-11-23T22:23:59.9093504Z Receiving objects:  90% (179/198)
2025-11-23T22:23:59.9093898Z Receiving objects:  91% (181/198)
2025-11-23T22:23:59.9094289Z Receiving objects:  92% (183/198)
2025-11-23T22:23:59.9094686Z Receiving objects:  93% (185/198)
2025-11-23T22:23:59.9095084Z Receiving objects:  94% (187/198)
2025-11-23T22:23:59.9095492Z Receiving objects:  95% (189/198)
2025-11-23T22:23:59.9095901Z Receiving objects:  96% (191/198)
2025-11-23T22:23:59.9096274Z Receiving objects:  97% (193/198)
2025-11-23T22:23:59.9096670Z Receiving objects:  98% (195/198)
2025-11-23T22:23:59.9097071Z Receiving objects:  99% (197/198)
2025-11-23T22:23:59.9097588Z Receiving objects: 100% (198/198)
2025-11-23T22:23:59.9099851Z Receiving objects: 100% (198/198), 32.27 KiB | 2.48 MiB/s, done.
2025-11-23T22:23:59.9123449Z From https://github.com/aspepper/vitrine-de-craques-web-site
2025-11-23T22:23:59.9125754Z  * [new ref]         89dd8256fdca7cc86e2f2bb69ef8311ca192f5f1 -> origin/main
2025-11-23T22:23:59.9160032Z ##[endgroup]
2025-11-23T22:23:59.9161535Z ##[group]Determining the checkout info
2025-11-23T22:23:59.9162501Z ##[endgroup]
2025-11-23T22:23:59.9163989Z ##[group]Setting up sparse checkout
2025-11-23T22:23:59.9167169Z [command]/usr/bin/git config core.sparseCheckout true
2025-11-23T22:23:59.9197831Z [command]/usr/bin/git rev-parse --git-path info/sparse-checkout
2025-11-23T22:23:59.9217727Z .git/info/sparse-checkout
2025-11-23T22:23:59.9229233Z ##[endgroup]
2025-11-23T22:23:59.9230052Z ##[group]Checking out the ref
2025-11-23T22:23:59.9233855Z [command]/usr/bin/git checkout --progress --force -B main refs/remotes/origin/main
2025-11-23T22:24:04.7413376Z Updating files:   0% (1/665)
2025-11-23T22:24:04.7418437Z Updating files:   1% (7/665)
2025-11-23T22:24:04.7422097Z Updating files:   2% (14/665)
2025-11-23T22:24:04.7427815Z Updating files:   3% (20/665)
2025-11-23T22:24:04.7436938Z Updating files:   4% (27/665)
2025-11-23T22:24:04.7441836Z Updating files:   5% (34/665)
2025-11-23T22:24:04.7448921Z Updating files:   6% (40/665)
2025-11-23T22:24:04.7457482Z Updating files:   7% (47/665)
2025-11-23T22:24:04.7462970Z Updating files:   8% (54/665)
2025-11-23T22:24:04.7467277Z Updating files:   9% (60/665)
2025-11-23T22:24:04.7471468Z Updating files:  10% (67/665)
2025-11-23T22:24:04.7475273Z Updating files:  11% (74/665)
2025-11-23T22:24:04.7479029Z Updating files:  12% (80/665)
2025-11-23T22:24:04.7483090Z Updating files:  13% (87/665)
2025-11-23T22:24:04.7509910Z Updating files:  14% (94/665)
2025-11-23T22:24:04.7515923Z Updating files:  15% (100/665)
2025-11-23T22:24:04.7535802Z Updating files:  16% (107/665)
2025-11-23T22:24:04.7536232Z Updating files:  17% (114/665)
2025-11-23T22:24:04.7540588Z Updating files:  18% (120/665)
2025-11-23T22:24:04.7547441Z Updating files:  19% (127/665)
2025-11-23T22:24:04.7555128Z Updating files:  20% (133/665)
2025-11-23T22:24:04.7563535Z Updating files:  21% (140/665)
2025-11-23T22:24:04.7570228Z Updating files:  22% (147/665)
2025-11-23T22:24:04.7576261Z Updating files:  23% (153/665)
2025-11-23T22:24:04.7582518Z Updating files:  24% (160/665)
2025-11-23T22:24:04.7588725Z Updating files:  25% (167/665)
2025-11-23T22:24:04.7595503Z Updating files:  26% (173/665)
2025-11-23T22:24:04.7603872Z Updating files:  27% (180/665)
2025-11-23T22:24:04.7611926Z Updating files:  28% (187/665)
2025-11-23T22:24:04.7618641Z Updating files:  29% (193/665)
2025-11-23T22:24:04.7628065Z Updating files:  30% (200/665)
2025-11-23T22:24:04.7638384Z Updating files:  31% (207/665)
2025-11-23T22:24:04.7660724Z Updating files:  32% (213/665)
2025-11-23T22:24:04.7667175Z Updating files:  33% (220/665)
2025-11-23T22:24:04.7667930Z Updating files:  34% (227/665)
2025-11-23T22:24:04.7671879Z Updating files:  35% (233/665)
2025-11-23T22:24:04.7680521Z Updating files:  36% (240/665)
2025-11-23T22:24:04.7688698Z Updating files:  37% (247/665)
2025-11-23T22:24:04.7693711Z Updating files:  38% (253/665)
2025-11-23T22:24:04.7731876Z Updating files:  39% (260/665)
2025-11-23T22:24:04.8035947Z Updating files:  40% (266/665)
2025-11-23T22:24:04.8047780Z Updating files:  41% (273/665)
2025-11-23T22:24:04.9427230Z Updating files:  42% (280/665)
2025-11-23T22:24:04.9429911Z Updating files:  42% (285/665)
2025-11-23T22:24:04.9580488Z Updating files:  43% (286/665)
2025-11-23T22:24:04.9749424Z Updating files:  44% (293/665)
2025-11-23T22:24:04.9890376Z Updating files:  45% (300/665)
2025-11-23T22:24:05.0348084Z Updating files:  46% (306/665)
2025-11-23T22:24:05.0592033Z Updating files:  47% (313/665)
2025-11-23T22:24:05.0758777Z Updating files:  48% (320/665)
2025-11-23T22:24:05.0803621Z Updating files:  49% (326/665)
2025-11-23T22:24:05.0829345Z Updating files:  50% (333/665)
2025-11-23T22:24:05.0914505Z Updating files:  51% (340/665)
2025-11-23T22:24:05.1066564Z Updating files:  52% (346/665)
2025-11-23T22:24:05.1135538Z Updating files:  53% (353/665)
2025-11-23T22:24:05.1140810Z Updating files:  54% (360/665)
2025-11-23T22:24:05.1178484Z Updating files:  55% (366/665)
2025-11-23T22:24:05.1753475Z Updating files:  56% (373/665)
2025-11-23T22:24:05.1879260Z Updating files:  57% (380/665)
2025-11-23T22:24:05.2030795Z Updating files:  58% (386/665)
2025-11-23T22:24:05.2373517Z Updating files:  59% (393/665)
2025-11-23T22:24:05.2441821Z Updating files:  60% (399/665)
2025-11-23T22:24:05.2444829Z Updating files:  61% (406/665)
2025-11-23T22:24:05.2478020Z Updating files:  62% (413/665)
2025-11-23T22:24:05.2686806Z Updating files:  63% (419/665)
2025-11-23T22:24:05.2718755Z Updating files:  64% (426/665)
2025-11-23T22:24:05.2975038Z Updating files:  65% (433/665)
2025-11-23T22:24:05.2978925Z Updating files:  66% (439/665)
2025-11-23T22:24:05.3060538Z Updating files:  67% (446/665)
2025-11-23T22:24:05.3151414Z Updating files:  68% (453/665)
2025-11-23T22:24:05.3155303Z Updating files:  69% (459/665)
2025-11-23T22:24:05.3159277Z Updating files:  70% (466/665)
2025-11-23T22:24:05.3176214Z Updating files:  71% (473/665)
2025-11-23T22:24:05.3204762Z Updating files:  72% (479/665)
2025-11-23T22:24:05.3343143Z Updating files:  73% (486/665)
2025-11-23T22:24:05.3401319Z Updating files:  74% (493/665)
2025-11-23T22:24:05.3581348Z Updating files:  75% (499/665)
2025-11-23T22:24:05.3611802Z Updating files:  76% (506/665)
2025-11-23T22:24:05.3631790Z Updating files:  77% (513/665)
2025-11-23T22:24:05.3647301Z Updating files:  78% (519/665)
2025-11-23T22:24:05.3663976Z Updating files:  79% (526/665)
2025-11-23T22:24:05.3691393Z Updating files:  80% (532/665)
2025-11-23T22:24:05.3711741Z Updating files:  81% (539/665)
2025-11-23T22:24:05.3715620Z Updating files:  82% (546/665)
2025-11-23T22:24:05.3719863Z Updating files:  83% (552/665)
2025-11-23T22:24:05.3724384Z Updating files:  84% (559/665)
2025-11-23T22:24:05.3740122Z Updating files:  85% (566/665)
2025-11-23T22:24:05.3745664Z Updating files:  86% (572/665)
2025-11-23T22:24:05.3753756Z Updating files:  87% (579/665)
2025-11-23T22:24:05.3764495Z Updating files:  88% (586/665)
2025-11-23T22:24:05.3768018Z Updating files:  89% (592/665)
2025-11-23T22:24:05.3771593Z Updating files:  90% (599/665)
2025-11-23T22:24:05.3775483Z Updating files:  91% (606/665)
2025-11-23T22:24:05.3779653Z Updating files:  92% (612/665)
2025-11-23T22:24:05.3783437Z Updating files:  93% (619/665)
2025-11-23T22:24:05.3786686Z Updating files:  94% (626/665)
2025-11-23T22:24:05.3790036Z Updating files:  95% (632/665)
2025-11-23T22:24:05.4334806Z Updating files:  96% (639/665)
2025-11-23T22:24:05.4337703Z Updating files:  97% (646/665)
2025-11-23T22:24:05.4342495Z Updating files:  98% (652/665)
2025-11-23T22:24:05.4346034Z Updating files:  99% (659/665)
2025-11-23T22:24:05.4347199Z Updating files: 100% (665/665)
2025-11-23T22:24:05.4348600Z Updating files: 100% (665/665), done.
2025-11-23T22:24:05.4369709Z Switched to a new branch 'main'
2025-11-23T22:24:05.4372848Z branch 'main' set up to track 'origin/main'.
2025-11-23T22:24:05.4457167Z ##[endgroup]
2025-11-23T22:24:05.4495840Z [command]/usr/bin/git log -1 --format='%H'
2025-11-23T22:24:05.4517484Z '89dd8256fdca7cc86e2f2bb69ef8311ca192f5f1'
2025-11-23T22:24:05.4721436Z ##[group]Run actions/setup-node@v4
2025-11-23T22:24:05.4721710Z with:
2025-11-23T22:24:05.4721892Z   node-version: 20
2025-11-23T22:24:05.4722101Z   cache: npm
2025-11-23T22:24:05.4722292Z   always-auth: false
2025-11-23T22:24:05.4722492Z   check-latest: false
2025-11-23T22:24:05.4722805Z   token: ***
2025-11-23T22:24:05.4722987Z env:
2025-11-23T22:24:05.4723675Z   DATABASE_URL: ***
2025-11-23T22:24:05.4723986Z   NEXTAUTH_URL: ***
2025-11-23T22:24:05.4724281Z   NEXTAUTH_SECRET: ***
2025-11-23T22:24:05.4724486Z   AUTH_TRUST_HOST: true
2025-11-23T22:24:05.4724688Z ##[endgroup]
2025-11-23T22:24:05.6508640Z Found in cache @ /opt/hostedtoolcache/node/20.19.5/x64
2025-11-23T22:24:05.6514268Z ##[group]Environment details
2025-11-23T22:24:06.1171247Z node: v20.19.5
2025-11-23T22:24:06.1175510Z npm: 10.8.2
2025-11-23T22:24:06.1180081Z yarn: 1.22.22
2025-11-23T22:24:06.1185649Z ##[endgroup]
2025-11-23T22:24:06.1204106Z [command]/opt/hostedtoolcache/node/20.19.5/x64/bin/npm config get cache
2025-11-23T22:24:06.2411186Z /home/runner/.npm
2025-11-23T22:24:06.4493152Z Cache hit for: node-cache-Linux-x64-npm-7a37f00dbb49b213ff9469b7d87cb9481db306262f95e4f112cc6aec83ba8a27
2025-11-23T22:24:07.5491987Z Received 134217728 of 256886524 (52.2%), 128.0 MBs/sec
2025-11-23T22:24:08.0425705Z Received 256886524 of 256886524 (100.0%), 164.0 MBs/sec
2025-11-23T22:24:08.0427720Z Cache Size: ~245 MB (256886524 B)
2025-11-23T22:24:08.0458395Z [command]/usr/bin/tar -xf /home/runner/work/_temp/605a5dda-d414-4b23-9738-7bd1413661e6/cache.tzst -P -C /home/runner/work/vitrine-de-craques-web-site/vitrine-de-craques-web-site --use-compress-program unzstd
2025-11-23T22:24:09.1320750Z Cache restored successfully
2025-11-23T22:24:09.1803271Z Cache restored from key: node-cache-Linux-x64-npm-7a37f00dbb49b213ff9469b7d87cb9481db306262f95e4f112cc6aec83ba8a27
2025-11-23T22:24:09.1983976Z ##[group]Run npm ci
2025-11-23T22:24:09.1984253Z [36;1mnpm ci[0m
2025-11-23T22:24:09.2030050Z shell: /usr/bin/bash -e {0}
2025-11-23T22:24:09.2030308Z env:
2025-11-23T22:24:09.2031123Z   DATABASE_URL: ***
2025-11-23T22:24:09.2031463Z   NEXTAUTH_URL: ***
2025-11-23T22:24:09.2031769Z   NEXTAUTH_SECRET: ***
2025-11-23T22:24:09.2031988Z   AUTH_TRUST_HOST: true
2025-11-23T22:24:09.2032193Z ##[endgroup]
2025-11-23T22:24:16.2015693Z npm warn deprecated inflight@1.0.6: This module is not supported, and leaks memory. Do not use it. Check out lru-cache if you want a good and tested way to coalesce async requests by a key value, which is much more comprehensive and powerful.
2025-11-23T22:24:16.3975869Z npm warn deprecated @humanwhocodes/config-array@0.13.0: Use @eslint/config-array instead
2025-11-23T22:24:16.4140742Z npm warn deprecated rimraf@3.0.2: Rimraf versions prior to v4 are no longer supported
2025-11-23T22:24:16.5850557Z npm warn deprecated @humanwhocodes/object-schema@2.0.3: Use @eslint/object-schema instead
2025-11-23T22:24:16.5959469Z npm warn deprecated glob@7.2.3: Glob versions prior to v9 are no longer supported
2025-11-23T22:24:22.4569196Z npm warn deprecated eslint@8.57.1: This version is no longer supported. Please see https://eslint.org/version-support for other options.
2025-11-23T22:24:22.9882292Z npm warn deprecated fluent-ffmpeg@2.1.3: Package no longer supported. Contact Support at https://www.npmjs.com/support for more info.
2025-11-23T22:24:37.7900169Z 
2025-11-23T22:24:37.7902565Z > vitrine-de-craques-web-site@0.1.0 postinstall
2025-11-23T22:24:37.7906601Z > npx prisma generate
2025-11-23T22:24:37.7906859Z 
2025-11-23T22:24:39.1578885Z Prisma schema loaded from prisma/schema.prisma
2025-11-23T22:24:40.0839610Z ┌─────────────────────────────────────────────────────────┐
2025-11-23T22:24:40.0840659Z │  Update available 6.16.2 -> 7.0.0                       │
2025-11-23T22:24:40.0841918Z │                                                         │
2025-11-23T22:24:40.0842756Z │  This is a major update - please follow the guide at    │
2025-11-23T22:24:40.0843660Z │  https://pris.ly/d/major-version-upgrade                │
2025-11-23T22:24:40.0844438Z │                                                         │
2025-11-23T22:24:40.0845176Z │  Run the following to update                            │
2025-11-23T22:24:40.0846038Z │    npm i --save-dev prisma@latest                       │
2025-11-23T22:24:40.0846859Z │    npm i @prisma/client@latest                          │
2025-11-23T22:24:40.0847814Z └─────────────────────────────────────────────────────────┘
2025-11-23T22:24:40.0937366Z 
2025-11-23T22:24:40.0941359Z ✔ Generated Prisma Client (v6.16.2) to ./node_modules/@prisma/client in 404ms
2025-11-23T22:24:40.0942021Z 
2025-11-23T22:24:40.0959203Z Start by importing your Prisma Client (See: https://pris.ly/d/importing-client)
2025-11-23T22:24:40.0959916Z 
2025-11-23T22:24:40.0960480Z Tip: Want to turn off tips and other hints? https://pris.ly/tip-4-nohints
2025-11-23T22:24:40.0961082Z 
2025-11-23T22:24:40.1170233Z 
2025-11-23T22:24:40.1170629Z > vitrine-de-craques-web-site@0.1.0 prepare
2025-11-23T22:24:40.1171135Z > husky install
2025-11-23T22:24:40.1171330Z 
2025-11-23T22:24:40.1776943Z husky - Git hooks installed
2025-11-23T22:24:40.1962394Z 
2025-11-23T22:24:40.1963557Z added 832 packages, and audited 833 packages in 31s
2025-11-23T22:24:40.1968977Z 
2025-11-23T22:24:40.1969319Z 195 packages are looking for funding
2025-11-23T22:24:40.1969887Z   run `npm fund` for details
2025-11-23T22:24:40.2613284Z 
2025-11-23T22:24:40.2614055Z 8 vulnerabilities (2 low, 3 moderate, 3 high)
2025-11-23T22:24:40.2614677Z 
2025-11-23T22:24:40.2615267Z To address issues that do not require attention, run:
2025-11-23T22:24:40.2616676Z   npm audit fix
2025-11-23T22:24:40.2616896Z 
2025-11-23T22:24:40.2617298Z To address all issues (including breaking changes), run:
2025-11-23T22:24:40.2617916Z   npm audit fix --force
2025-11-23T22:24:40.2618341Z 
2025-11-23T22:24:40.2632447Z Run `npm audit` for details.
2025-11-23T22:24:40.3769523Z ##[group]Run npm run build
2025-11-23T22:24:40.3769831Z [36;1mnpm run build[0m
2025-11-23T22:24:40.3826037Z shell: /usr/bin/bash -e {0}
2025-11-23T22:24:40.3826282Z env:
2025-11-23T22:24:40.3827087Z   DATABASE_URL: ***
2025-11-23T22:24:40.3827424Z   NEXTAUTH_URL: ***
2025-11-23T22:24:40.3827738Z   NEXTAUTH_SECRET: ***
2025-11-23T22:24:40.3827949Z   AUTH_TRUST_HOST: true
2025-11-23T22:24:40.3828369Z ##[endgroup]
2025-11-23T22:24:40.4980719Z 
2025-11-23T22:24:40.4983073Z > vitrine-de-craques-web-site@0.1.0 build
2025-11-23T22:24:40.4987830Z > npx prisma generate && next build
2025-11-23T22:24:40.4988383Z 
2025-11-23T22:24:41.8886956Z Prisma schema loaded from prisma/schema.prisma
2025-11-23T22:24:42.8013546Z 
2025-11-23T22:24:42.8018722Z ✔ Generated Prisma Client (v6.16.2) to ./node_modules/@prisma/client in 422ms
2025-11-23T22:24:42.8022317Z 
2025-11-23T22:24:42.8026158Z Start by importing your Prisma Client (See: https://pris.ly/d/importing-client)
2025-11-23T22:24:42.8030160Z 
2025-11-23T22:24:42.8034282Z Tip: Interested in query caching in just a few lines of code? Try Accelerate today! https://pris.ly/tip-3-accelerate
2025-11-23T22:24:42.8038115Z 
2025-11-23T22:24:43.3352534Z ⚠ No build cache found. Please configure build caching for faster rebuilds. Read more: https://nextjs.org/docs/messages/no-cache
2025-11-23T22:24:43.3433476Z Attention: Next.js now collects completely anonymous telemetry regarding usage.
2025-11-23T22:24:43.3436427Z This information is used to shape Next.js' roadmap and prioritize features.
2025-11-23T22:24:43.3442300Z You can learn more, including how to opt-out if you'd not like to participate in this anonymous program, by visiting the following URL:
2025-11-23T22:24:43.3444808Z https://nextjs.org/telemetry
2025-11-23T22:24:43.3447435Z 
2025-11-23T22:24:43.4017846Z   ▲ Next.js 14.2.33
2025-11-23T22:24:43.4019673Z 
2025-11-23T22:24:43.4644129Z    Creating an optimized production build ...
2025-11-23T22:25:25.0184018Z  ⚠ Compiled with warnings
2025-11-23T22:25:25.0184380Z 
2025-11-23T22:25:25.0184723Z ./node_modules/@ffmpeg-installer/ffmpeg/index.js
2025-11-23T22:25:25.0187461Z Critical dependency: the request of a dependency is an expression
2025-11-23T22:25:25.0187911Z 
2025-11-23T22:25:25.0205597Z Import trace for requested module:
2025-11-23T22:25:25.0206433Z ./node_modules/@ffmpeg-installer/ffmpeg/index.js
2025-11-23T22:25:25.0206986Z ./app/api/videos/route.ts
2025-11-23T22:25:25.0207247Z 
2025-11-23T22:25:25.0207558Z ./node_modules/fluent-ffmpeg/lib/options/misc.js
2025-11-23T22:25:25.0208533Z Critical dependency: the request of a dependency is an expression
2025-11-23T22:25:25.0209009Z 
2025-11-23T22:25:25.0209245Z Import trace for requested module:
2025-11-23T22:25:25.0209829Z ./node_modules/fluent-ffmpeg/lib/options/misc.js
2025-11-23T22:25:25.0210470Z ./node_modules/fluent-ffmpeg/lib/fluent-ffmpeg.js
2025-11-23T22:25:25.0211078Z ./node_modules/fluent-ffmpeg/index.js
2025-11-23T22:25:25.0211535Z ./app/api/videos/route.ts
2025-11-23T22:25:25.0211769Z 
2025-11-23T22:25:39.9762997Z  ✓ Compiled successfully
2025-11-23T22:25:39.9771138Z    Linting and checking validity of types ...
2025-11-23T22:25:58.8149167Z    Collecting page data ...
2025-11-23T22:25:59.7904795Z FFmpeg installer package not available. Falling back to system ffmpeg binary. O pacote opcional @ffmpeg-installer/ffmpeg não foi instalado para esta plataforma. Certifique-se de ter o FFmpeg disponível no sistema ou defina a variável FFMPEG_PATH.
2025-11-23T22:26:01.9449427Z    Generating static pages (0/57) ...
2025-11-23T22:26:03.1339183Z    Generating static pages (14/57) 
2025-11-23T22:26:06.1208098Z    Generating static pages (28/57) 
2025-11-23T22:26:06.7690218Z    Generating static pages (42/57) 
2025-11-23T22:26:07.8093542Z  ✓ Generating static pages (57/57)
2025-11-23T22:26:08.7568520Z    Finalizing page optimization ...
2025-11-23T22:26:08.7569768Z    Collecting build traces ...
2025-11-23T22:26:27.9586759Z 
2025-11-23T22:26:27.9684620Z Route (app)                                      Size     First Load JS
2025-11-23T22:26:27.9689323Z ┌ ƒ /                                            1.33 kB         103 kB
2025-11-23T22:26:27.9690839Z ├ ƒ /_not-found                                  876 B          88.2 kB
2025-11-23T22:26:27.9693677Z ├ ƒ /administrator                               155 B          87.5 kB
2025-11-23T22:26:27.9700201Z ├ ƒ /administrator/clubes                        6.28 kB         117 kB
2025-11-23T22:26:27.9701166Z ├ ƒ /administrator/users                         5.58 kB         111 kB
2025-11-23T22:26:27.9702163Z ├ ƒ /administrator/videos                        5.33 kB         110 kB
2025-11-23T22:26:27.9703069Z ├ ƒ /agentes                                     2.7 kB         98.7 kB
2025-11-23T22:26:27.9703878Z ├ ƒ /agentes/[id]                                1.73 kB         117 kB
2025-11-23T22:26:27.9704748Z ├ ƒ /api/admin/clubes                            0 B                0 B
2025-11-23T22:26:27.9705646Z ├ ƒ /api/admin/clubes/[id]                       0 B                0 B
2025-11-23T22:26:27.9706523Z ├ ƒ /api/admin/summary                           0 B                0 B
2025-11-23T22:26:27.9707392Z ├ ƒ /api/admin/users                             0 B                0 B
2025-11-23T22:26:27.9708446Z ├ ƒ /api/admin/users/[userId]/block              0 B                0 B
2025-11-23T22:26:27.9709277Z ├ ƒ /api/admin/videos                            0 B                0 B
2025-11-23T22:26:27.9710158Z ├ ƒ /api/admin/videos/[videoId]/appeal-response  0 B                0 B
2025-11-23T22:26:27.9711058Z ├ ƒ /api/admin/videos/[videoId]/block            0 B                0 B
2025-11-23T22:26:27.9711927Z ├ ƒ /api/agentes                                 0 B                0 B
2025-11-23T22:26:27.9712671Z ├ ƒ /api/agentes/[id]                            0 B                0 B
2025-11-23T22:26:27.9713473Z ├ ƒ /api/atletas                                 0 B                0 B
2025-11-23T22:26:27.9714560Z ├ ƒ /api/atletas/[id]                            0 B                0 B
2025-11-23T22:26:27.9715372Z ├ ƒ /api/auth/[...nextauth]                      0 B                0 B
2025-11-23T22:26:27.9716697Z ├ ƒ /api/blocks/[targetUserId]                   0 B                0 B
2025-11-23T22:26:27.9717446Z ├ ƒ /api/clubes                                  0 B                0 B
2025-11-23T22:26:27.9718437Z ├ ƒ /api/clubes/[slug]                           0 B                0 B
2025-11-23T22:26:27.9719352Z ├ ƒ /api/confederacoes                           0 B                0 B
2025-11-23T22:26:27.9720281Z ├ ƒ /api/confederacoes/[slug]                    0 B                0 B
2025-11-23T22:26:27.9721152Z ├ ƒ /api/db-check                                0 B                0 B
2025-11-23T22:26:27.9721955Z ├ ƒ /api/env                                     0 B                0 B
2025-11-23T22:26:27.9722812Z ├ ƒ /api/follows/[targetUserId]                  0 B                0 B
2025-11-23T22:26:27.9723704Z ├ ƒ /api/games                                   0 B                0 B
2025-11-23T22:26:27.9724529Z ├ ƒ /api/games/[slug]                            0 B                0 B
2025-11-23T22:26:27.9725384Z ├ ƒ /api/games/[slug]/comments                   0 B                0 B
2025-11-23T22:26:27.9726279Z ├ ƒ /api/games/[slug]/engagement                 0 B                0 B
2025-11-23T22:26:27.9727138Z ├ ƒ /api/health                                  0 B                0 B
2025-11-23T22:26:27.9727964Z ├ ƒ /api/messages                                0 B                0 B
2025-11-23T22:26:27.9731907Z ├ ƒ /api/messages/unread-count                   0 B                0 B
2025-11-23T22:26:27.9732786Z ├ ƒ /api/news                                    0 B                0 B
2025-11-23T22:26:27.9733555Z ├ ƒ /api/news/[id]                               0 B                0 B
2025-11-23T22:26:27.9734354Z ├ ƒ /api/news/cover                              0 B                0 B
2025-11-23T22:26:27.9735168Z ├ ƒ /api/noticias                                0 B                0 B
2025-11-23T22:26:27.9736226Z ├ ƒ /api/noticias/[slug]                         0 B                0 B
2025-11-23T22:26:27.9737117Z ├ ƒ /api/noticias/[slug]/comments                0 B                0 B
2025-11-23T22:26:27.9737990Z ├ ƒ /api/noticias/[slug]/engagement              0 B                0 B
2025-11-23T22:26:27.9739009Z ├ ƒ /api/pg-check                                0 B                0 B
2025-11-23T22:26:27.9739805Z ├ ƒ /api/profile                                 0 B                0 B
2025-11-23T22:26:27.9740605Z ├ ƒ /api/profile/avatar                          0 B                0 B
2025-11-23T22:26:27.9741468Z ├ ƒ /api/profile/personal-info                   0 B                0 B
2025-11-23T22:26:27.9742305Z ├ ƒ /api/register                                0 B                0 B
2025-11-23T22:26:27.9743118Z ├ ƒ /api/register/atleta-18                      0 B                0 B
2025-11-23T22:26:27.9743987Z ├ ƒ /api/register/clube                          0 B                0 B
2025-11-23T22:26:27.9744883Z ├ ƒ /api/register/de-agentes-licenciados         0 B                0 B
2025-11-23T22:26:27.9745820Z ├ ƒ /api/register/imprensa-jornalistablogueiro   0 B                0 B
2025-11-23T22:26:27.9746762Z ├ ƒ /api/register/responsavel                    0 B                0 B
2025-11-23T22:26:27.9747684Z ├ ƒ /api/register/responsavel/documents          0 B                0 B
2025-11-23T22:26:27.9748766Z ├ ƒ /api/register/torcedor                       0 B                0 B
2025-11-23T22:26:27.9749643Z ├ ○ /api/times                                   0 B                0 B
2025-11-23T22:26:27.9750457Z ├ ƒ /api/videos                                  0 B                0 B
2025-11-23T22:26:27.9751284Z ├ ƒ /api/videos/[id]                             0 B                0 B
2025-11-23T22:26:27.9752135Z ├ ƒ /api/videos/[id]/appeal                      0 B                0 B
2025-11-23T22:26:27.9753241Z ├ ƒ /api/videos/[id]/comments                    0 B                0 B
2025-11-23T22:26:27.9754146Z ├ ƒ /api/videos/proxy                            0 B                0 B
2025-11-23T22:26:27.9755016Z ├ ƒ /arquibancada                                4.47 kB        98.6 kB
2025-11-23T22:26:27.9755838Z ├ ƒ /atletas                                     4.48 kB         107 kB
2025-11-23T22:26:27.9756637Z ├ ƒ /atletas/[id]                                6.98 kB         136 kB
2025-11-23T22:26:27.9757445Z ├ ƒ /cadastro                                    2.21 kB         129 kB
2025-11-23T22:26:27.9758408Z ├ ƒ /cadastro/[slug]                             2.92 kB         121 kB
2025-11-23T22:26:27.9759284Z ├ ƒ /cadastro/atleta-18                          3.78 kB         136 kB
2025-11-23T22:26:27.9760161Z ├ ƒ /cadastro/clube                              3.91 kB         137 kB
2025-11-23T22:26:27.9761077Z ├ ƒ /cadastro/de-agentes-licenciados             3.91 kB         137 kB
2025-11-23T22:26:27.9762072Z ├ ƒ /cadastro/imprensa-jornalistablogueiro       4.07 kB         137 kB
2025-11-23T22:26:27.9763040Z ├ ƒ /cadastro/responsavel                        4.1 kB          137 kB
2025-11-23T22:26:27.9763943Z ├ ƒ /cadastro/responsavel/uploads                3.58 kB         136 kB
2025-11-23T22:26:27.9764833Z ├ ƒ /cadastro/sucesso                            155 B          87.5 kB
2025-11-23T22:26:27.9765718Z ├ ƒ /cadastro/torcedor                           5.05 kB         146 kB
2025-11-23T22:26:27.9766550Z ├ ƒ /clubes                                      2.8 kB          111 kB
2025-11-23T22:26:27.9767344Z ├ ƒ /clubes/[slug]                               194 B           101 kB
2025-11-23T22:26:27.9768292Z ├ ƒ /confederacoes                               194 B           101 kB
2025-11-23T22:26:27.9769128Z ├ ƒ /confederacoes/[slug]                        194 B           101 kB
2025-11-23T22:26:27.9769929Z ├ ƒ /feed                                        14.6 kB         143 kB
2025-11-23T22:26:27.9772101Z ├ ƒ /games                                       582 B           121 kB
2025-11-23T22:26:27.9773067Z ├ ƒ /games/[slug]                                210 B           128 kB
2025-11-23T22:26:27.9773836Z ├ ○ /icon                                        0 B                0 B
2025-11-23T22:26:27.9774572Z ├ ƒ /login                                       3.64 kB         145 kB
2025-11-23T22:26:27.9775337Z ├ ƒ /noticias                                    587 B           121 kB
2025-11-23T22:26:27.9776120Z ├ ƒ /noticias/[slug]                             616 B           128 kB
2025-11-23T22:26:27.9776896Z ├ ƒ /perfil                                      26.9 kB         170 kB
2025-11-23T22:26:27.9777642Z ├ ƒ /perfis/[id]                                 1.73 kB         117 kB
2025-11-23T22:26:27.9780684Z ├ ƒ /player/[id]                                 9.1 kB          127 kB
2025-11-23T22:26:27.9781485Z ├ ƒ /privacidade                                 188 B          96.2 kB
2025-11-23T22:26:27.9782343Z ├ ƒ /registrar-escolha-perfil                    188 B          96.2 kB
2025-11-23T22:26:27.9783183Z ├ ƒ /sobre                                       188 B          96.2 kB
2025-11-23T22:26:27.9783935Z ├ ƒ /torcida                                     155 B          87.5 kB
2025-11-23T22:26:27.9784694Z └ ƒ /upload                                      9.94 kB         113 kB
2025-11-23T22:26:27.9785358Z + First Load JS shared by all                    87.3 kB
2025-11-23T22:26:27.9786060Z   ├ chunks/2117-14ae4ae7e705def5.js              31.7 kB
2025-11-23T22:26:27.9786736Z   ├ chunks/fd9d1056-34631afcb5c7f147.js          53.6 kB
2025-11-23T22:26:27.9787401Z   └ other shared chunks (total)                  1.97 kB
2025-11-23T22:26:27.9787748Z 
2025-11-23T22:26:27.9787758Z 
2025-11-23T22:26:27.9788328Z ƒ Middleware                                     48.3 kB
2025-11-23T22:26:27.9788677Z 
2025-11-23T22:26:27.9789027Z ○  (Static)   prerendered as static content
2025-11-23T22:26:27.9789661Z ƒ  (Dynamic)  server-rendered on demand
2025-11-23T22:26:27.9790161Z 
2025-11-23T22:26:28.0147634Z 
2025-11-23T22:26:28.0149926Z > vitrine-de-craques-web-site@0.1.0 postbuild
2025-11-23T22:26:28.0151746Z > node scripts/copy-prisma-artifacts.js
2025-11-23T22:26:28.0152086Z 
2025-11-23T22:26:28.1383094Z [copy-prisma-artifacts] Copied Prisma artifacts to /home/runner/work/vitrine-de-craques-web-site/vitrine-de-craques-web-site/.next/standalone/node_modules/.prisma/client
2025-11-23T22:26:28.1391163Z [copy-prisma-artifacts] Linked Prisma artifacts to /home/runner/work/vitrine-de-craques-web-site/vitrine-de-craques-web-site/.next/server/.prisma/client
2025-11-23T22:26:28.1394988Z [copy-prisma-artifacts] Linked Prisma artifacts to /home/runner/work/vitrine-de-craques-web-site/vitrine-de-craques-web-site/.next/server/chunks/.prisma/client
2025-11-23T22:26:28.2366008Z [copy-prisma-artifacts] Copied Prisma artifacts to /home/runner/work/vitrine-de-craques-web-site/vitrine-de-craques-web-site/.next/standalone/node_modules/@prisma/client
2025-11-23T22:26:28.2369937Z [copy-prisma-artifacts] Linked Prisma artifacts to /home/runner/work/vitrine-de-craques-web-site/vitrine-de-craques-web-site/.next/server/@prisma/client
2025-11-23T22:26:28.2372090Z [copy-prisma-artifacts] Linked Prisma artifacts to /home/runner/work/vitrine-de-craques-web-site/vitrine-de-craques-web-site/.next/server/chunks/@prisma/client
2025-11-23T22:26:28.2485667Z ##[group]Run rm -rf deploy
2025-11-23T22:26:28.2485966Z [36;1mrm -rf deploy[0m
2025-11-23T22:26:28.2486196Z [36;1mmkdir -p deploy[0m
2025-11-23T22:26:28.2486532Z [36;1m# Copy only the runtime pieces from the standalone build output[0m
2025-11-23T22:26:28.2486928Z [36;1mcp -R .next/standalone/.next deploy/.next[0m
2025-11-23T22:26:28.2487289Z [36;1mcp -R .next/standalone/node_modules deploy/node_modules[0m
2025-11-23T22:26:28.2487687Z [36;1mcp .next/standalone/package.json deploy/package.json[0m
2025-11-23T22:26:28.2488044Z [36;1mif [ -f .next/standalone/server.js ]; then[0m
2025-11-23T22:26:28.2489022Z [36;1m  cp .next/standalone/server.js deploy/server.js[0m
2025-11-23T22:26:28.2489328Z [36;1mfi[0m
2025-11-23T22:26:28.2489574Z [36;1mif [ -f .next/standalone/server.js.nft.json ]; then[0m
2025-11-23T22:26:28.2489982Z [36;1m  cp .next/standalone/server.js.nft.json deploy/server.js.nft.json[0m
2025-11-23T22:26:28.2490326Z [36;1mfi[0m
2025-11-23T22:26:28.2490529Z [36;1m[0m
2025-11-23T22:26:28.2490726Z [36;1mmkdir -p deploy/.next/static[0m
2025-11-23T22:26:28.2491017Z [36;1mcp -R .next/static/. deploy/.next/static[0m
2025-11-23T22:26:28.2491282Z [36;1m[0m
2025-11-23T22:26:28.2491497Z [36;1mcp next.config.mjs deploy/next.config.mjs[0m
2025-11-23T22:26:28.2491880Z [36;1mcp staticwebapp.config.json deploy/staticwebapp.config.json[0m
2025-11-23T22:26:28.2492238Z [36;1mcp -R prisma deploy/prisma[0m
2025-11-23T22:26:28.2492493Z [36;1mif [ -d public ]; then[0m
2025-11-23T22:26:28.2492741Z [36;1m  cp -R public deploy/public[0m
2025-11-23T22:26:28.2492977Z [36;1mfi[0m
2025-11-23T22:26:28.2493197Z [36;1m./scripts/prune-deploy-artifact.sh deploy[0m
2025-11-23T22:26:28.2526988Z shell: /usr/bin/bash -e {0}
2025-11-23T22:26:28.2527222Z env:
2025-11-23T22:26:28.2528106Z   DATABASE_URL: ***
2025-11-23T22:26:28.2528703Z   NEXTAUTH_URL: ***
2025-11-23T22:26:28.2529012Z   NEXTAUTH_SECRET: ***
2025-11-23T22:26:28.2529224Z   AUTH_TRUST_HOST: true
2025-11-23T22:26:28.2529436Z ##[endgroup]
2025-11-23T22:26:28.8741408Z Pruning unused Prisma runtime binaries...
2025-11-23T22:26:28.8785495Z deploy/node_modules/@prisma/client/runtime/query_engine_bg.cockroachdb.js
2025-11-23T22:26:28.8788004Z deploy/node_modules/@prisma/client/runtime/query_engine_bg.cockroachdb.mjs
2025-11-23T22:26:28.8789509Z deploy/node_modules/@prisma/client/runtime/query_engine_bg.cockroachdb.wasm-base64.js
2025-11-23T22:26:28.8790752Z deploy/node_modules/@prisma/client/runtime/query_engine_bg.cockroachdb.wasm-base64.mjs
2025-11-23T22:26:28.8807068Z deploy/node_modules/@prisma/client/runtime/query_engine_bg.mysql.wasm-base64.mjs
2025-11-23T22:26:28.8809782Z deploy/node_modules/@prisma/client/runtime/query_engine_bg.mysql.mjs
2025-11-23T22:26:28.8812317Z deploy/node_modules/@prisma/client/runtime/query_engine_bg.mysql.js
2025-11-23T22:26:28.8813369Z deploy/node_modules/@prisma/client/runtime/query_engine_bg.mysql.wasm-base64.js
2025-11-23T22:26:28.8834729Z deploy/node_modules/@prisma/client/runtime/query_engine_bg.sqlite.wasm-base64.js
2025-11-23T22:26:28.8837375Z deploy/node_modules/@prisma/client/runtime/query_engine_bg.sqlite.mjs
2025-11-23T22:26:28.8840225Z deploy/node_modules/@prisma/client/runtime/query_engine_bg.sqlite.js
2025-11-23T22:26:28.8845387Z deploy/node_modules/@prisma/client/runtime/query_engine_bg.sqlite.wasm-base64.mjs
2025-11-23T22:26:28.8864429Z deploy/node_modules/@prisma/client/runtime/query_engine_bg.sqlserver.wasm-base64.js
2025-11-23T22:26:28.8871795Z deploy/node_modules/@prisma/client/runtime/query_engine_bg.sqlserver.wasm-base64.mjs
2025-11-23T22:26:28.8872933Z deploy/node_modules/@prisma/client/runtime/query_engine_bg.sqlserver.mjs
2025-11-23T22:26:28.8873974Z deploy/node_modules/@prisma/client/runtime/query_engine_bg.sqlserver.js
2025-11-23T22:26:28.8891325Z deploy/node_modules/@prisma/client/runtime/query_compiler_bg.cockroachdb.js
2025-11-23T22:26:28.8893422Z deploy/node_modules/@prisma/client/runtime/query_compiler_bg.cockroachdb.mjs
2025-11-23T22:26:28.8894994Z deploy/node_modules/@prisma/client/runtime/query_compiler_bg.cockroachdb.wasm-base64.mjs
2025-11-23T22:26:28.8896387Z deploy/node_modules/@prisma/client/runtime/query_compiler_bg.cockroachdb.wasm-base64.js
2025-11-23T22:26:28.8920650Z deploy/node_modules/@prisma/client/runtime/query_compiler_bg.mysql.js
2025-11-23T22:26:28.8922257Z deploy/node_modules/@prisma/client/runtime/query_compiler_bg.mysql.wasm-base64.mjs
2025-11-23T22:26:28.8925970Z deploy/node_modules/@prisma/client/runtime/query_compiler_bg.mysql.mjs
2025-11-23T22:26:28.8927414Z deploy/node_modules/@prisma/client/runtime/query_compiler_bg.mysql.wasm-base64.js
2025-11-23T22:26:28.8949448Z deploy/node_modules/@prisma/client/runtime/query_compiler_bg.sqlite.mjs
2025-11-23T22:26:28.8950714Z deploy/node_modules/@prisma/client/runtime/query_compiler_bg.sqlite.js
2025-11-23T22:26:28.8954246Z deploy/node_modules/@prisma/client/runtime/query_compiler_bg.sqlite.wasm-base64.mjs
2025-11-23T22:26:28.8957056Z deploy/node_modules/@prisma/client/runtime/query_compiler_bg.sqlite.wasm-base64.js
2025-11-23T22:26:28.8984165Z deploy/node_modules/@prisma/client/runtime/query_compiler_bg.sqlserver.wasm-base64.mjs
2025-11-23T22:26:28.8985824Z deploy/node_modules/@prisma/client/runtime/query_compiler_bg.sqlserver.wasm-base64.js
2025-11-23T22:26:28.8988586Z deploy/node_modules/@prisma/client/runtime/query_compiler_bg.sqlserver.mjs
2025-11-23T22:26:28.8991538Z deploy/node_modules/@prisma/client/runtime/query_compiler_bg.sqlserver.js
2025-11-23T22:26:28.8992357Z Removing unused Prisma client engines...
2025-11-23T22:26:28.9083466Z deploy/node_modules/.prisma/client/libquery_engine-darwin-arm64.dylib.node
2025-11-23T22:26:28.9084725Z deploy/node_modules/.prisma/client/libquery_engine-darwin.dylib.node
2025-11-23T22:26:28.9086639Z Cleaning up optional sharp binaries...
2025-11-23T22:26:28.9143298Z Deleting dependency source maps...
2025-11-23T22:26:28.9488400Z Removing Next.js build cache...
2025-11-23T22:26:28.9701246Z Pruning finished.
2025-11-23T22:26:28.9742052Z ##[group]Run node -v
2025-11-23T22:26:28.9742506Z [36;1mnode -v[0m
2025-11-23T22:26:28.9742875Z [36;1mnpx prisma -v[0m
2025-11-23T22:26:28.9792110Z shell: /usr/bin/bash -e {0}
2025-11-23T22:26:28.9792520Z env:
2025-11-23T22:26:28.9793792Z   DATABASE_URL: ***
2025-11-23T22:26:28.9794362Z   NEXTAUTH_URL: ***
2025-11-23T22:26:28.9794939Z   NEXTAUTH_SECRET: ***
2025-11-23T22:26:28.9795317Z   AUTH_TRUST_HOST: true
2025-11-23T22:26:28.9795679Z ##[endgroup]
2025-11-23T22:26:28.9919830Z v20.19.5
2025-11-23T22:26:30.7624790Z Prisma schema loaded from prisma/schema.prisma
2025-11-23T22:26:30.7663476Z prisma                  : 6.16.2
2025-11-23T22:26:30.7665684Z @prisma/client          : 6.16.2
2025-11-23T22:26:30.7669035Z Computed binaryTarget   : debian-openssl-3.0.x
2025-11-23T22:26:30.7669609Z Operating System        : linux
2025-11-23T22:26:30.7670031Z Architecture            : x64
2025-11-23T22:26:30.7671456Z Node.js                 : v20.19.5
2025-11-23T22:26:30.7672004Z TypeScript              : 5.9.2
2025-11-23T22:26:30.7673401Z Query Engine (Node-API) : libquery-engine 1c57fdcd7e44b29b9313256c76699e91c3ac3c43 (at node_modules/@prisma/engines/libquery_engine-debian-openssl-3.0.x.so.node)
2025-11-23T22:26:30.7674875Z PSL                     : @prisma/prisma-schema-wasm 6.16.0-7.1c57fdcd7e44b29b9313256c76699e91c3ac3c43
2025-11-23T22:26:30.7676400Z Schema Engine           : schema-engine-cli 1c57fdcd7e44b29b9313256c76699e91c3ac3c43 (at node_modules/@prisma/engines/schema-engine-debian-openssl-3.0.x)
2025-11-23T22:26:30.7677724Z Default Engines Hash    : 1c57fdcd7e44b29b9313256c76699e91c3ac3c43
2025-11-23T22:26:30.7678569Z Studio                  : 0.511.0
2025-11-23T22:26:30.7982650Z ##[group]Run Azure/static-web-apps-deploy@v1
2025-11-23T22:26:30.7982967Z with:
2025-11-23T22:26:30.7983674Z   azure_static_web_apps_api_token: ***
2025-11-23T22:26:30.7984045Z   repo_token: ***
2025-11-23T22:26:30.7984251Z   action: upload
2025-11-23T22:26:30.7984453Z   app_location: deploy
2025-11-23T22:26:30.7984663Z   skip_app_build: true
2025-11-23T22:26:30.7984862Z   skip_api_build: true
2025-11-23T22:26:30.7985062Z   is_static_export: false
2025-11-23T22:26:30.7985272Z env:
2025-11-23T22:26:30.7985905Z   DATABASE_URL: ***
2025-11-23T22:26:30.7986217Z   NEXTAUTH_URL: ***
2025-11-23T22:26:30.7986507Z   NEXTAUTH_SECRET: ***
2025-11-23T22:26:30.7986710Z   AUTH_TRUST_HOST: true
2025-11-23T22:26:30.7986909Z ##[endgroup]
2025-11-23T22:26:30.8079467Z ##[command]/usr/bin/docker run --name b2aefe09236a3d549e444b9a3aa86ee51c85d6_3b820f --label b2aefe --workdir /github/workspace --rm -e "DATABASE_URL" -e "NEXTAUTH_URL" -e "NEXTAUTH_SECRET" -e "AUTH_TRUST_HOST" -e "INPUT_AZURE_STATIC_WEB_APPS_API_TOKEN" -e "INPUT_REPO_TOKEN" -e "INPUT_ACTION" -e "INPUT_APP_LOCATION" -e "INPUT_API_LOCATION" -e "INPUT_SKIP_APP_BUILD" -e "INPUT_SKIP_API_BUILD" -e "INPUT_OUTPUT_LOCATION" -e "INPUT_IS_STATIC_EXPORT" -e "INPUT_API_BUILD_COMMAND" -e "INPUT_APP_ARTIFACT_LOCATION" -e "INPUT_APP_BUILD_COMMAND" -e "INPUT_ROUTES_LOCATION" -e "INPUT_CONFIG_FILE_LOCATION" -e "INPUT_PRODUCTION_BRANCH" -e "INPUT_DEPLOYMENT_ENVIRONMENT" -e "INPUT_DATA_API_LOCATION" -e "INPUT_GITHUB_ID_TOKEN" -e "HOME" -e "GITHUB_JOB" -e "GITHUB_REF" -e "GITHUB_SHA" -e "GITHUB_REPOSITORY" -e "GITHUB_REPOSITORY_OWNER" -e "GITHUB_REPOSITORY_OWNER_ID" -e "GITHUB_RUN_ID" -e "GITHUB_RUN_NUMBER" -e "GITHUB_RETENTION_DAYS" -e "GITHUB_RUN_ATTEMPT" -e "GITHUB_ACTOR_ID" -e "GITHUB_ACTOR" -e "GITHUB_WORKFLOW" -e "GITHUB_HEAD_REF" -e "GITHUB_BASE_REF" -e "GITHUB_EVENT_NAME" -e "GITHUB_SERVER_URL" -e "GITHUB_API_URL" -e "GITHUB_GRAPHQL_URL" -e "GITHUB_REF_NAME" -e "GITHUB_REF_PROTECTED" -e "GITHUB_REF_TYPE" -e "GITHUB_WORKFLOW_REF" -e "GITHUB_WORKFLOW_SHA" -e "GITHUB_REPOSITORY_ID" -e "GITHUB_TRIGGERING_ACTOR" -e "GITHUB_WORKSPACE" -e "GITHUB_ACTION" -e "GITHUB_EVENT_PATH" -e "GITHUB_ACTION_REPOSITORY" -e "GITHUB_ACTION_REF" -e "GITHUB_PATH" -e "GITHUB_ENV" -e "GITHUB_STEP_SUMMARY" -e "GITHUB_STATE" -e "GITHUB_OUTPUT" -e "RUNNER_OS" -e "RUNNER_ARCH" -e "RUNNER_NAME" -e "RUNNER_ENVIRONMENT" -e "RUNNER_TOOL_CACHE" -e "RUNNER_TEMP" -e "RUNNER_WORKSPACE" -e "ACTIONS_RUNTIME_URL" -e "ACTIONS_RUNTIME_TOKEN" -e "ACTIONS_CACHE_URL" -e "ACTIONS_RESULTS_URL" -e GITHUB_ACTIONS=true -e CI=true -v "/var/run/docker.sock":"/var/run/docker.sock" -v "/home/runner/work/_temp/_github_home":"/github/home" -v "/home/runner/work/_temp/_github_workflow":"/github/workflow" -v "/home/runner/work/_temp/_runner_file_commands":"/github/file_commands" -v "/home/runner/work/vitrine-de-craques-web-site/vitrine-de-craques-web-site":"/github/workspace" b2aefe:09236a3d549e444b9a3aa86ee51c85d6
2025-11-23T22:26:31.6710691Z DeploymentId: b20ed0ed-13bb-4724-aa70-3f7462e9eb14
2025-11-23T22:26:31.6717308Z 
2025-11-23T22:26:31.8081963Z [37mTry to validate location at: '/github/workspace/deploy'.[0m
2025-11-23T22:26:31.8097022Z [37mApp Directory Location: 'deploy' was found.[0m
2025-11-23T22:26:31.8101653Z [37mTry to validate location at: '/github/workspace/swa-db-connections'.[0m
2025-11-23T22:26:31.8103579Z [37mLooking for event info[0m
2025-11-23T22:26:32.2321172Z [37mSkipping step to build /github/workspace/deploy with Oryx[0m
2025-11-23T22:26:32.2492123Z [37mDetected the following framework: Next.js[0m
2025-11-23T22:26:32.2495182Z [37mTry to validate location at: '/github/workspace/deploy/.next'.[0m
2025-11-23T22:26:32.2928129Z [37mUsing 'staticwebapp.config.json' file for configuration information, 'routes.json' will be ignored.[0m
2025-11-23T22:26:32.4032164Z [33m[WARNING] For Next.js apps, staticwebapp.config.json features are not fully supported yet![0m
2025-11-23T22:26:32.4056350Z [37mPlease note: For Next.js applications if skip_api_build=true, Static Web Apps will not remove dev dependencies or add the sharp package by default. If you want these optimizations, kindly add them to your custom build steps before passing skip_app_build=true[0m
2025-11-23T22:26:32.4087930Z [37mRepackaged Next.js app to deploy on the backend.[0m
2025-11-23T22:26:32.4102147Z [37mSkipping step to build /github/workspace/deploy with Oryx[0m
2025-11-23T22:26:32.4103305Z [33mWeb App Runtime Information. OS: linux, node version: 20[0m
2025-11-23T22:26:32.8690830Z [37mZipping Api Artifacts[0m
2025-11-23T22:26:38.7091266Z [37mDone Zipping Api Artifacts[0m
2025-11-23T22:26:39.3373504Z [37mZipping App Artifacts[0m
2025-11-23T22:26:39.9466468Z [37mDone Zipping App Artifacts[0m
2025-11-23T22:26:39.9473723Z [37mUploading build artifacts.[0m
2025-11-23T22:26:42.6316317Z [32mFinished Upload. Polling on deployment.[0m
2025-11-23T22:26:42.8264574Z [37mStatus: InProgress. Time: 0.1923623(s)[0m
2025-11-23T22:26:58.0346780Z [37mStatus: InProgress. Time: 15.4027193(s)[0m
2025-11-23T22:27:13.2106697Z [37mStatus: InProgress. Time: 30.578808(s)[0m
2025-11-23T22:27:28.3586783Z [37mStatus: InProgress. Time: 45.7265492(s)[0m
2025-11-23T22:27:43.4984729Z [37mStatus: InProgress. Time: 60.8666212(s)[0m
2025-11-23T22:27:58.8780854Z [37mStatus: InProgress. Time: 76.2462992(s)[0m
2025-11-23T22:28:14.1639953Z [37mStatus: InProgress. Time: 91.5321458(s)[0m
2025-11-23T22:28:29.4042265Z [37mStatus: InProgress. Time: 106.7723321(s)[0m
2025-11-23T22:28:44.6130791Z [37mStatus: InProgress. Time: 121.9811819(s)[0m
2025-11-23T22:28:59.9580165Z [37mStatus: InProgress. Time: 137.3262406(s)[0m
2025-11-23T22:29:15.0910658Z [37mStatus: InProgress. Time: 152.4592875(s)[0m
2025-11-23T22:29:30.3211705Z [37mStatus: InProgress. Time: 167.6892659(s)[0m
2025-11-23T22:29:45.4797954Z [37mStatus: InProgress. Time: 182.8478149(s)[0m
2025-11-23T22:30:01.8032634Z [37mStatus: InProgress. Time: 199.1712469(s)[0m
2025-11-23T22:30:17.5337794Z [37mStatus: InProgress. Time: 214.9015604(s)[0m
2025-11-23T22:30:32.6657166Z [37mStatus: InProgress. Time: 230.0339394(s)[0m
2025-11-23T22:30:47.8026670Z [37mStatus: InProgress. Time: 245.1698618(s)[0m
2025-11-23T22:31:02.9954081Z [37mStatus: InProgress. Time: 260.3634292(s)[0m
2025-11-23T22:31:18.1194378Z [37mStatus: InProgress. Time: 275.4875482(s)[0m
2025-11-23T22:31:33.2718559Z [37mStatus: InProgress. Time: 290.6397373(s)[0m
2025-11-23T22:31:48.6894126Z [37mStatus: InProgress. Time: 306.0575797(s)[0m
2025-11-23T22:32:03.8181167Z [37mStatus: InProgress. Time: 321.186084(s)[0m
2025-11-23T22:32:18.9340955Z [37mStatus: InProgress. Time: 336.3022212(s)[0m
2025-11-23T22:32:34.0569405Z [37mStatus: InProgress. Time: 351.4250842(s)[0m
2025-11-23T22:32:49.3495069Z [37mStatus: InProgress. Time: 366.7175577(s)[0m
2025-11-23T22:33:04.4831525Z [37mStatus: InProgress. Time: 381.851229(s)[0m
2025-11-23T22:33:19.7625341Z [37mStatus: InProgress. Time: 397.1307125(s)[0m
2025-11-23T22:33:35.2539796Z [37mStatus: InProgress. Time: 412.6222251(s)[0m
2025-11-23T22:33:50.4370202Z [37mStatus: InProgress. Time: 427.8054117(s)[0m
2025-11-23T22:34:05.5752083Z [37mStatus: InProgress. Time: 442.9432766(s)[0m
2025-11-23T22:34:20.7038602Z [37mStatus: InProgress. Time: 458.0720426(s)[0m
2025-11-23T22:34:36.2569947Z [37mStatus: InProgress. Time: 473.6252448(s)[0m
2025-11-23T22:34:51.5918024Z [37mStatus: InProgress. Time: 488.9599432(s)[0m
2025-11-23T22:35:06.8096286Z [37mStatus: InProgress. Time: 504.1780583(s)[0m
2025-11-23T22:35:21.9461508Z [37mStatus: InProgress. Time: 519.3145009(s)[0m
2025-11-23T22:35:37.0592044Z [37mStatus: InProgress. Time: 534.4275709(s)[0m
2025-11-23T22:35:52.1923614Z [37mStatus: InProgress. Time: 549.5607537(s)[0m
2025-11-23T22:36:07.3746175Z [37mStatus: InProgress. Time: 564.7427581(s)[0m
2025-11-23T22:36:22.4866675Z [37mStatus: Failed. Time: 579.8544438(s)[0m
2025-11-23T22:36:22.4867408Z [31mDeployment Failed :([0m
2025-11-23T22:36:22.4868673Z [31mDeployment Failure Reason: Web app warm up timed out. Please try again later.[0m
2025-11-23T22:36:22.5066868Z [37m[0m
2025-11-23T22:36:22.5069368Z [33mFor further information, please visit the Azure Static Web Apps documentation at https://docs.microsoft.com/en-us/azure/static-web-apps/[0m
2025-11-23T22:36:22.5072304Z [33mIf you believe this behavior is unexpected, please raise a GitHub issue at https://github.com/azure/static-web-apps/issues/[0m
2025-11-23T22:36:22.5073259Z [33mExiting[0m
2025-11-23T22:36:22.6271028Z Post job cleanup.
2025-11-23T22:36:22.7042411Z [command]/usr/bin/git version
2025-11-23T22:36:22.7082432Z git version 2.51.2
2025-11-23T22:36:22.7131685Z Temporarily overriding HOME='/home/runner/work/_temp/6676318c-85b1-435a-8b43-4a6c6a6705cc' before making global git config changes
2025-11-23T22:36:22.7133748Z Adding repository directory to the temporary git global config as a safe directory
2025-11-23T22:36:22.7137227Z [command]/usr/bin/git config --global --add safe.directory /home/runner/work/vitrine-de-craques-web-site/vitrine-de-craques-web-site
2025-11-23T22:36:22.7172768Z [command]/usr/bin/git config --local --name-only --get-regexp core\.sshCommand
2025-11-23T22:36:22.7205246Z [command]/usr/bin/git submodule foreach --recursive sh -c "git config --local --name-only --get-regexp 'core\.sshCommand' && git config --local --unset-all 'core.sshCommand' || :"
2025-11-23T22:36:22.7450073Z fatal: No url found for submodule path 'Vitrine-De-Craques-App-iOS/Vitrine-De-Craques-App-iOS' in .gitmodules
2025-11-23T22:36:22.7503892Z ##[warning]The process '/usr/bin/git' failed with exit code 128
2025-11-23T22:36:22.7588113Z Cleaning up orphan processes
