2025-11-24T01:41:13.7675777Z Current runner version: '2.329.0'
2025-11-24T01:41:13.7745297Z ##[group]Runner Image Provisioner
2025-11-24T01:41:13.7746646Z Hosted Compute Agent
2025-11-24T01:41:13.7747609Z Version: 20251016.436
2025-11-24T01:41:13.7749088Z Commit: 8ab8ac8bfd662a3739dab9fe09456aba92132568
2025-11-24T01:41:13.7750374Z Build Date: 2025-10-15T20:44:12Z
2025-11-24T01:41:13.7751561Z ##[endgroup]
2025-11-24T01:41:13.7752546Z ##[group]Operating System
2025-11-24T01:41:13.7753532Z Ubuntu
2025-11-24T01:41:13.7754903Z 24.04.3
2025-11-24T01:41:13.7755759Z LTS
2025-11-24T01:41:13.7756595Z ##[endgroup]
2025-11-24T01:41:13.7757693Z ##[group]Runner Image
2025-11-24T01:41:13.7769141Z Image: ubuntu-24.04
2025-11-24T01:41:13.7770238Z Version: 20251112.124.1
2025-11-24T01:41:13.7772109Z Included Software: https://github.com/actions/runner-images/blob/ubuntu24/20251112.124/images/ubuntu/Ubuntu2404-Readme.md
2025-11-24T01:41:13.7775081Z Image Release: https://github.com/actions/runner-images/releases/tag/ubuntu24%2F20251112.124
2025-11-24T01:41:13.7776942Z ##[endgroup]
2025-11-24T01:41:13.7779306Z ##[group]GITHUB_TOKEN Permissions
2025-11-24T01:41:13.7782159Z Contents: read
2025-11-24T01:41:13.7783169Z Metadata: read
2025-11-24T01:41:13.7784092Z Packages: read
2025-11-24T01:41:13.7784963Z ##[endgroup]
2025-11-24T01:41:13.7808733Z Secret source: Actions
2025-11-24T01:41:13.7810387Z Prepare workflow directory
2025-11-24T01:41:13.8675128Z Prepare all required actions
2025-11-24T01:41:13.8730797Z Getting action download info
2025-11-24T01:41:14.1505389Z Download action repository 'actions/checkout@v3' (SHA:f43a0e5ff2bd294095638e18286ca9a3d1956744)
2025-11-24T01:41:14.3003520Z Download action repository 'actions/setup-node@v4' (SHA:49933ea5288caeca8642d1e84afbd3f7d6820020)
2025-11-24T01:41:14.4380394Z Download action repository 'Azure/static-web-apps-deploy@v1' (SHA:4d27395796ac319302594769cfe812bd207490b1)
2025-11-24T01:41:14.6676394Z Complete job name: Build and Deploy Job
2025-11-24T01:41:14.7111753Z ##[group]Build container for action use: '/home/runner/work/_actions/Azure/static-web-apps-deploy/v1/Dockerfile'.
2025-11-24T01:41:14.7166218Z ##[command]/usr/bin/docker build -t 181f4d:0df0ae7c020842b2b65efdabdb2a7ba1 -f "/home/runner/work/_actions/Azure/static-web-apps-deploy/v1/Dockerfile" "/home/runner/work/_actions/Azure/static-web-apps-deploy/v1"
2025-11-24T01:41:16.7511184Z #0 building with "default" instance using docker driver
2025-11-24T01:41:16.7512397Z 
2025-11-24T01:41:16.7513118Z #1 [internal] load build definition from Dockerfile
2025-11-24T01:41:16.7514554Z #1 transferring dockerfile: 160B done
2025-11-24T01:41:16.7515713Z #1 DONE 0.0s
2025-11-24T01:41:16.7516152Z 
2025-11-24T01:41:16.7517086Z #2 [internal] load metadata for mcr.microsoft.com/appsvc/staticappsclient:stable
2025-11-24T01:41:16.7519190Z #2 DONE 0.1s
2025-11-24T01:41:16.8811138Z 
2025-11-24T01:41:16.8816518Z #3 [internal] load .dockerignore
2025-11-24T01:41:16.8833211Z #3 transferring context: 2B done
2025-11-24T01:41:16.8835085Z #3 DONE 0.0s
2025-11-24T01:41:16.8836138Z 
2025-11-24T01:41:16.8878717Z #4 [internal] load build context
2025-11-24T01:41:16.8889192Z #4 transferring context: 107B done
2025-11-24T01:41:16.8890623Z #4 DONE 0.0s
2025-11-24T01:41:16.8891353Z 
2025-11-24T01:41:16.8893814Z #5 [1/2] FROM mcr.microsoft.com/appsvc/staticappsclient:stable@sha256:3178a283e885dc45a0c7b4c6e9f728f0331ae7fb93de75db4181fa38651170f2
2025-11-24T01:41:16.8901145Z #5 resolve mcr.microsoft.com/appsvc/staticappsclient:stable@sha256:3178a283e885dc45a0c7b4c6e9f728f0331ae7fb93de75db4181fa38651170f2 done
2025-11-24T01:41:16.8952509Z #5 sha256:2377065f3b700cf1b5e391d26c572c8b91892dd44acd75deebdab5e403b23175 5.64MB / 15.56MB 0.1s
2025-11-24T01:41:16.8963173Z #5 sha256:1df8e0748f30e89b0c0477edfc706fc39242e1d6008433c0494113de267e7ca8 15.34kB / 15.34kB done
2025-11-24T01:41:16.8967228Z #5 sha256:5d6e107a26c2ffb6e234f04132358dea70a691a64c1152f984d2f2ba0e218c58 16.78MB / 53.74MB 0.1s
2025-11-24T01:41:16.9008282Z #5 sha256:5ee26b7a209f9a26720207792b237af3e19c0efeed8695e1e630fcd0feef9230 3.15MB / 54.75MB 0.1s
2025-11-24T01:41:16.9013217Z #5 sha256:3178a283e885dc45a0c7b4c6e9f728f0331ae7fb93de75db4181fa38651170f2 2.88kB / 2.88kB done
2025-11-24T01:41:16.9824767Z #5 sha256:2377065f3b700cf1b5e391d26c572c8b91892dd44acd75deebdab5e403b23175 15.56MB / 15.56MB 0.2s
2025-11-24T01:41:16.9844843Z #5 sha256:5d6e107a26c2ffb6e234f04132358dea70a691a64c1152f984d2f2ba0e218c58 35.65MB / 53.74MB 0.2s
2025-11-24T01:41:16.9871419Z #5 sha256:5ee26b7a209f9a26720207792b237af3e19c0efeed8695e1e630fcd0feef9230 15.73MB / 54.75MB 0.2s
2025-11-24T01:41:17.0862430Z #5 sha256:2377065f3b700cf1b5e391d26c572c8b91892dd44acd75deebdab5e403b23175 15.56MB / 15.56MB 0.2s done
2025-11-24T01:41:17.0865501Z #5 sha256:5d6e107a26c2ffb6e234f04132358dea70a691a64c1152f984d2f2ba0e218c58 47.19MB / 53.74MB 0.3s
2025-11-24T01:41:17.0868674Z #5 sha256:5ee26b7a209f9a26720207792b237af3e19c0efeed8695e1e630fcd0feef9230 34.60MB / 54.75MB 0.3s
2025-11-24T01:41:17.0870412Z #5 sha256:41c7cd6fb37363fd1ec16dad3463ecc5820eda12c418a82b4849604252d29b88 3.45MB / 197.07MB 0.3s
2025-11-24T01:41:17.1964305Z #5 sha256:5d6e107a26c2ffb6e234f04132358dea70a691a64c1152f984d2f2ba0e218c58 53.74MB / 53.74MB 0.4s done
2025-11-24T01:41:17.1965849Z #5 sha256:5ee26b7a209f9a26720207792b237af3e19c0efeed8695e1e630fcd0feef9230 48.23MB / 54.75MB 0.4s
2025-11-24T01:41:17.1967288Z #5 sha256:41c7cd6fb37363fd1ec16dad3463ecc5820eda12c418a82b4849604252d29b88 28.31MB / 197.07MB 0.4s
2025-11-24T01:41:17.1968777Z #5 sha256:4f4fb700ef54461cfa02571ae0db9a0dc1e0cdb5577484a6d75e68dc38e8acc1 0B / 32B 0.4s
2025-11-24T01:41:17.1970100Z #5 extracting sha256:5d6e107a26c2ffb6e234f04132358dea70a691a64c1152f984d2f2ba0e218c58
2025-11-24T01:41:17.3110097Z #5 sha256:5ee26b7a209f9a26720207792b237af3e19c0efeed8695e1e630fcd0feef9230 54.75MB / 54.75MB 0.5s
2025-11-24T01:41:17.3111931Z #5 sha256:41c7cd6fb37363fd1ec16dad3463ecc5820eda12c418a82b4849604252d29b88 48.12MB / 197.07MB 0.5s
2025-11-24T01:41:17.3115080Z #5 sha256:4f4fb700ef54461cfa02571ae0db9a0dc1e0cdb5577484a6d75e68dc38e8acc1 32B / 32B 0.4s done
2025-11-24T01:41:17.3118279Z #5 sha256:aede74d79976f9d1be608a1286cdb2ca61aad25185440263691db6a0880adadd 7.49MB / 24.46MB 0.5s
2025-11-24T01:41:17.4799155Z #5 sha256:5ee26b7a209f9a26720207792b237af3e19c0efeed8695e1e630fcd0feef9230 54.75MB / 54.75MB 0.6s done
2025-11-24T01:41:17.4800517Z #5 sha256:41c7cd6fb37363fd1ec16dad3463ecc5820eda12c418a82b4849604252d29b88 84.93MB / 197.07MB 0.7s
2025-11-24T01:41:17.4801756Z #5 sha256:aede74d79976f9d1be608a1286cdb2ca61aad25185440263691db6a0880adadd 24.46MB / 24.46MB 0.7s
2025-11-24T01:41:17.4802954Z #5 sha256:c279a6399750ee20e802fb2c47da034ccee5eb4f3b89087f32618f10e8af074a 1.56MB / 1.56MB 0.7s
2025-11-24T01:41:17.6119808Z #5 sha256:41c7cd6fb37363fd1ec16dad3463ecc5820eda12c418a82b4849604252d29b88 104.43MB / 197.07MB 0.8s
2025-11-24T01:41:17.6122526Z #5 sha256:aede74d79976f9d1be608a1286cdb2ca61aad25185440263691db6a0880adadd 24.46MB / 24.46MB 0.7s done
2025-11-24T01:41:17.6131755Z #5 sha256:c279a6399750ee20e802fb2c47da034ccee5eb4f3b89087f32618f10e8af074a 1.56MB / 1.56MB 0.7s done
2025-11-24T01:41:17.6133098Z #5 sha256:351447e6e3829fac25a761f87d07dc5bfc289f38908901d05fa53aaab54dbdcd 115.52kB / 115.52kB 0.8s done
2025-11-24T01:41:17.6134321Z #5 sha256:eec8099d3f58ba87e25216a07db18b5a0de40b6921ee61ea8ab9b4c29b53a12f 0B / 1.16MB 0.8s
2025-11-24T01:41:17.6158568Z #5 sha256:ec0af1da0a0576de654092a28624c0565c6d854216944f18159460338af43293 6.26MB / 72.99MB 0.8s
2025-11-24T01:41:17.7495116Z #5 sha256:41c7cd6fb37363fd1ec16dad3463ecc5820eda12c418a82b4849604252d29b88 120.59MB / 197.07MB 0.9s
2025-11-24T01:41:17.7499683Z #5 sha256:eec8099d3f58ba87e25216a07db18b5a0de40b6921ee61ea8ab9b4c29b53a12f 1.16MB / 1.16MB 0.8s done
2025-11-24T01:41:17.7500938Z #5 sha256:ec0af1da0a0576de654092a28624c0565c6d854216944f18159460338af43293 22.02MB / 72.99MB 0.9s
2025-11-24T01:41:17.7502226Z #5 sha256:cddc70a1cccef26d55fcf9242759c41404c305acea0b4c3a30961c99846a0a55 637.94kB / 637.94kB 0.9s done
2025-11-24T01:41:17.7503547Z #5 sha256:36312d7930e0666f8cfc7940823ac101235e873b7cbb8b20d9481fd404095767 0B / 35.20MB 0.9s
2025-11-24T01:41:17.8655653Z #5 sha256:41c7cd6fb37363fd1ec16dad3463ecc5820eda12c418a82b4849604252d29b88 140.51MB / 197.07MB 1.0s
2025-11-24T01:41:17.8657015Z #5 sha256:ec0af1da0a0576de654092a28624c0565c6d854216944f18159460338af43293 36.86MB / 72.99MB 1.0s
2025-11-24T01:41:17.8658976Z #5 sha256:36312d7930e0666f8cfc7940823ac101235e873b7cbb8b20d9481fd404095767 14.83MB / 35.20MB 1.0s
2025-11-24T01:41:18.0081311Z #5 sha256:41c7cd6fb37363fd1ec16dad3463ecc5820eda12c418a82b4849604252d29b88 157.18MB / 197.07MB 1.1s
2025-11-24T01:41:18.0088244Z #5 sha256:ec0af1da0a0576de654092a28624c0565c6d854216944f18159460338af43293 48.71MB / 72.99MB 1.1s
2025-11-24T01:41:18.0108876Z #5 sha256:36312d7930e0666f8cfc7940823ac101235e873b7cbb8b20d9481fd404095767 31.46MB / 35.20MB 1.1s
2025-11-24T01:41:18.1771017Z #5 sha256:41c7cd6fb37363fd1ec16dad3463ecc5820eda12c418a82b4849604252d29b88 197.07MB / 197.07MB 1.4s
2025-11-24T01:41:18.1773598Z #5 sha256:ec0af1da0a0576de654092a28624c0565c6d854216944f18159460338af43293 72.99MB / 72.99MB 1.4s
2025-11-24T01:41:18.1774834Z #5 sha256:36312d7930e0666f8cfc7940823ac101235e873b7cbb8b20d9481fd404095767 35.20MB / 35.20MB 1.2s done
2025-11-24T01:41:18.1775901Z #5 sha256:4a1fde1690fe113870084a3224c66554fc9cbd2310abb9593b0244ec21f4b76d 168B / 168B 1.2s done
2025-11-24T01:41:18.1776918Z #5 sha256:8023cb51985fccd3faa4be6340cdc75b72240277850569aa974767dda5176159 168B / 168B 1.4s
2025-11-24T01:41:19.0768417Z #5 sha256:8023cb51985fccd3faa4be6340cdc75b72240277850569aa974767dda5176159 168B / 168B 2.1s done
2025-11-24T01:41:19.1782691Z #5 sha256:41c7cd6fb37363fd1ec16dad3463ecc5820eda12c418a82b4849604252d29b88 197.07MB / 197.07MB 2.3s done
2025-11-24T01:41:19.1784003Z #5 sha256:ec0af1da0a0576de654092a28624c0565c6d854216944f18159460338af43293 72.99MB / 72.99MB 2.3s done
2025-11-24T01:41:19.1790429Z #5 sha256:4836a863d60df9ca0cedad0eb5e729c4a7f755449fbfbd6d4ea6443e64c990e0 9.44MB / 118.65MB 2.4s
2025-11-24T01:41:19.2786542Z #5 sha256:4836a863d60df9ca0cedad0eb5e729c4a7f755449fbfbd6d4ea6443e64c990e0 35.65MB / 118.65MB 2.5s
2025-11-24T01:41:19.4475531Z #5 sha256:4836a863d60df9ca0cedad0eb5e729c4a7f755449fbfbd6d4ea6443e64c990e0 62.91MB / 118.65MB 2.6s
2025-11-24T01:41:19.5783756Z #5 sha256:4836a863d60df9ca0cedad0eb5e729c4a7f755449fbfbd6d4ea6443e64c990e0 115.34MB / 118.65MB 2.8s
2025-11-24T01:41:20.0125899Z #5 sha256:4836a863d60df9ca0cedad0eb5e729c4a7f755449fbfbd6d4ea6443e64c990e0 118.65MB / 118.65MB 3.1s done
2025-11-24T01:41:21.0492166Z #5 extracting sha256:5d6e107a26c2ffb6e234f04132358dea70a691a64c1152f984d2f2ba0e218c58 3.9s done
2025-11-24T01:41:21.1869086Z #5 extracting sha256:2377065f3b700cf1b5e391d26c572c8b91892dd44acd75deebdab5e403b23175 0.1s
2025-11-24T01:41:21.6551301Z #5 extracting sha256:2377065f3b700cf1b5e391d26c572c8b91892dd44acd75deebdab5e403b23175 0.4s done
2025-11-24T01:41:23.9792737Z #5 extracting sha256:5ee26b7a209f9a26720207792b237af3e19c0efeed8695e1e630fcd0feef9230
2025-11-24T01:41:26.2960681Z #5 extracting sha256:5ee26b7a209f9a26720207792b237af3e19c0efeed8695e1e630fcd0feef9230 2.2s done
2025-11-24T01:41:26.8146110Z #5 extracting sha256:41c7cd6fb37363fd1ec16dad3463ecc5820eda12c418a82b4849604252d29b88
2025-11-24T01:41:31.9976161Z #5 extracting sha256:41c7cd6fb37363fd1ec16dad3463ecc5820eda12c418a82b4849604252d29b88 5.2s
2025-11-24T01:41:32.4004287Z #5 extracting sha256:41c7cd6fb37363fd1ec16dad3463ecc5820eda12c418a82b4849604252d29b88 5.6s done
2025-11-24T01:41:34.4677761Z #5 extracting sha256:4f4fb700ef54461cfa02571ae0db9a0dc1e0cdb5577484a6d75e68dc38e8acc1
2025-11-24T01:41:34.6272424Z #5 extracting sha256:4f4fb700ef54461cfa02571ae0db9a0dc1e0cdb5577484a6d75e68dc38e8acc1 done
2025-11-24T01:41:34.6274197Z #5 extracting sha256:aede74d79976f9d1be608a1286cdb2ca61aad25185440263691db6a0880adadd 0.1s
2025-11-24T01:41:35.4065966Z #5 extracting sha256:aede74d79976f9d1be608a1286cdb2ca61aad25185440263691db6a0880adadd 0.8s done
2025-11-24T01:41:35.4068487Z #5 extracting sha256:c279a6399750ee20e802fb2c47da034ccee5eb4f3b89087f32618f10e8af074a
2025-11-24T01:41:35.6695131Z #5 extracting sha256:c279a6399750ee20e802fb2c47da034ccee5eb4f3b89087f32618f10e8af074a 0.1s done
2025-11-24T01:41:35.6696685Z #5 extracting sha256:ec0af1da0a0576de654092a28624c0565c6d854216944f18159460338af43293 0.1s
2025-11-24T01:41:36.8700209Z #5 extracting sha256:ec0af1da0a0576de654092a28624c0565c6d854216944f18159460338af43293 1.2s done
2025-11-24T01:41:37.4014160Z #5 extracting sha256:351447e6e3829fac25a761f87d07dc5bfc289f38908901d05fa53aaab54dbdcd
2025-11-24T01:41:37.5327861Z #5 extracting sha256:351447e6e3829fac25a761f87d07dc5bfc289f38908901d05fa53aaab54dbdcd done
2025-11-24T01:41:37.5329527Z #5 extracting sha256:eec8099d3f58ba87e25216a07db18b5a0de40b6921ee61ea8ab9b4c29b53a12f 0.1s done
2025-11-24T01:41:37.5330587Z #5 extracting sha256:cddc70a1cccef26d55fcf9242759c41404c305acea0b4c3a30961c99846a0a55 0.0s done
2025-11-24T01:41:37.6547413Z #5 extracting sha256:36312d7930e0666f8cfc7940823ac101235e873b7cbb8b20d9481fd404095767 0.1s
2025-11-24T01:41:38.1595233Z #5 extracting sha256:36312d7930e0666f8cfc7940823ac101235e873b7cbb8b20d9481fd404095767 0.5s done
2025-11-24T01:41:38.1600091Z #5 extracting sha256:4a1fde1690fe113870084a3224c66554fc9cbd2310abb9593b0244ec21f4b76d
2025-11-24T01:41:38.3496349Z #5 extracting sha256:4a1fde1690fe113870084a3224c66554fc9cbd2310abb9593b0244ec21f4b76d done
2025-11-24T01:41:38.3498638Z #5 extracting sha256:8023cb51985fccd3faa4be6340cdc75b72240277850569aa974767dda5176159 done
2025-11-24T01:41:38.3499710Z #5 extracting sha256:4836a863d60df9ca0cedad0eb5e729c4a7f755449fbfbd6d4ea6443e64c990e0 0.1s
2025-11-24T01:41:41.9156777Z #5 extracting sha256:4836a863d60df9ca0cedad0eb5e729c4a7f755449fbfbd6d4ea6443e64c990e0 3.7s done
2025-11-24T01:41:43.4060380Z #5 DONE 26.6s
2025-11-24T01:41:43.4060643Z 
2025-11-24T01:41:43.4063701Z #6 [2/2] COPY entrypoint.sh /entrypoint.sh
2025-11-24T01:41:43.5761917Z #6 DONE 0.0s
2025-11-24T01:41:43.5767718Z 
2025-11-24T01:41:43.5771924Z #7 exporting to image
2025-11-24T01:41:43.5774252Z #7 exporting layers
2025-11-24T01:41:44.7580071Z #7 exporting layers 1.3s done
2025-11-24T01:41:44.7835718Z #7 writing image sha256:951808b491baa774f8466345bc5007f93effacc537ab2c3e5b1fffdd11f1b106 done
2025-11-24T01:41:44.7837143Z #7 naming to docker.io/library/181f4d:0df0ae7c020842b2b65efdabdb2a7ba1 done
2025-11-24T01:41:44.7837787Z #7 DONE 1.3s
2025-11-24T01:41:44.7891955Z ##[endgroup]
2025-11-24T01:41:44.8133894Z ##[group]Run actions/checkout@v3
2025-11-24T01:41:44.8134581Z with:
2025-11-24T01:41:44.8134783Z   submodules: false
2025-11-24T01:41:44.8134988Z   lfs: false
2025-11-24T01:41:44.8135335Z   sparse-checkout: *
!Vitrine-De-Craques-App/
!Vitrine-De-Craques-App-iOS/
!docs/

2025-11-24T01:41:44.8135759Z   sparse-checkout-cone-mode: false
2025-11-24T01:41:44.8136056Z   repository: aspepper/vitrine-de-craques-web-site
2025-11-24T01:41:44.8136549Z   token: ***
2025-11-24T01:41:44.8136733Z   ssh-strict: true
2025-11-24T01:41:44.8136937Z   persist-credentials: true
2025-11-24T01:41:44.8137157Z   clean: true
2025-11-24T01:41:44.8137330Z   fetch-depth: 1
2025-11-24T01:41:44.8137509Z   fetch-tags: false
2025-11-24T01:41:44.8137703Z   set-safe-directory: true
2025-11-24T01:41:44.8138326Z env:
2025-11-24T01:41:44.8139067Z   DATABASE_URL: ***
2025-11-24T01:41:44.8139384Z   NEXTAUTH_URL: ***
2025-11-24T01:41:44.8139677Z   NEXTAUTH_SECRET: ***
2025-11-24T01:41:44.8139889Z   AUTH_TRUST_HOST: true
2025-11-24T01:41:44.8140134Z ##[endgroup]
2025-11-24T01:41:44.9105117Z Syncing repository: aspepper/vitrine-de-craques-web-site
2025-11-24T01:41:44.9107494Z ##[group]Getting Git version info
2025-11-24T01:41:44.9108766Z Working directory is '/home/runner/work/vitrine-de-craques-web-site/vitrine-de-craques-web-site'
2025-11-24T01:41:44.9110018Z [command]/usr/bin/git version
2025-11-24T01:41:44.9121145Z git version 2.51.2
2025-11-24T01:41:44.9152187Z ##[endgroup]
2025-11-24T01:41:44.9167261Z Temporarily overriding HOME='/home/runner/work/_temp/24064ef8-9cd1-4490-8481-736b2c68c66f' before making global git config changes
2025-11-24T01:41:44.9174376Z Adding repository directory to the temporary git global config as a safe directory
2025-11-24T01:41:44.9175819Z [command]/usr/bin/git config --global --add safe.directory /home/runner/work/vitrine-de-craques-web-site/vitrine-de-craques-web-site
2025-11-24T01:41:44.9214532Z Deleting the contents of '/home/runner/work/vitrine-de-craques-web-site/vitrine-de-craques-web-site'
2025-11-24T01:41:44.9219313Z ##[group]Initializing the repository
2025-11-24T01:41:44.9222448Z [command]/usr/bin/git init /home/runner/work/vitrine-de-craques-web-site/vitrine-de-craques-web-site
2025-11-24T01:41:44.9359043Z hint: Using 'master' as the name for the initial branch. This default branch name
2025-11-24T01:41:44.9360076Z hint: is subject to change. To configure the initial branch name to use in all
2025-11-24T01:41:44.9360944Z hint: of your new repositories, which will suppress this warning, call:
2025-11-24T01:41:44.9361556Z hint:
2025-11-24T01:41:44.9362009Z hint: 	git config --global init.defaultBranch <name>
2025-11-24T01:41:44.9362515Z hint:
2025-11-24T01:41:44.9363005Z hint: Names commonly chosen instead of 'master' are 'main', 'trunk' and
2025-11-24T01:41:44.9363846Z hint: 'development'. The just-created branch can be renamed via this command:
2025-11-24T01:41:44.9364474Z hint:
2025-11-24T01:41:44.9364787Z hint: 	git branch -m <name>
2025-11-24T01:41:44.9365144Z hint:
2025-11-24T01:41:44.9365669Z hint: Disable this message with "git config set advice.defaultBranchName false"
2025-11-24T01:41:44.9366758Z Initialized empty Git repository in /home/runner/work/vitrine-de-craques-web-site/vitrine-de-craques-web-site/.git/
2025-11-24T01:41:44.9373930Z [command]/usr/bin/git remote add origin https://github.com/aspepper/vitrine-de-craques-web-site
2025-11-24T01:41:44.9448311Z ##[endgroup]
2025-11-24T01:41:44.9448938Z ##[group]Disabling automatic garbage collection
2025-11-24T01:41:44.9453911Z [command]/usr/bin/git config --local gc.auto 0
2025-11-24T01:41:44.9488006Z ##[endgroup]
2025-11-24T01:41:44.9489033Z ##[group]Setting up auth
2025-11-24T01:41:44.9494421Z [command]/usr/bin/git config --local --name-only --get-regexp core\.sshCommand
2025-11-24T01:41:44.9527230Z [command]/usr/bin/git submodule foreach --recursive sh -c "git config --local --name-only --get-regexp 'core\.sshCommand' && git config --local --unset-all 'core.sshCommand' || :"
2025-11-24T01:41:44.9904657Z [command]/usr/bin/git config --local --name-only --get-regexp http\.https\:\/\/github\.com\/\.extraheader
2025-11-24T01:41:44.9935392Z [command]/usr/bin/git submodule foreach --recursive sh -c "git config --local --name-only --get-regexp 'http\.https\:\/\/github\.com\/\.extraheader' && git config --local --unset-all 'http.https://github.com/.extraheader' || :"
2025-11-24T01:41:45.0172356Z [command]/usr/bin/git config --local http.https://github.com/.extraheader AUTHORIZATION: basic ***
2025-11-24T01:41:45.0210350Z ##[endgroup]
2025-11-24T01:41:45.0212030Z ##[group]Fetching the repository
2025-11-24T01:41:45.0220182Z [command]/usr/bin/git -c protocol.version=2 fetch --no-tags --prune --progress --no-recurse-submodules --filter=blob:none --depth=1 origin +6237017e69f1dc78b53b5717a9f0321f7597bde0:refs/remotes/origin/main
2025-11-24T01:41:45.2007798Z remote: Enumerating objects: 198, done.        
2025-11-24T01:41:45.2010836Z remote: Counting objects:   0% (1/198)        
2025-11-24T01:41:45.2011578Z remote: Counting objects:   1% (2/198)        
2025-11-24T01:41:45.2012690Z remote: Counting objects:   2% (4/198)        
2025-11-24T01:41:45.2013248Z remote: Counting objects:   3% (6/198)        
2025-11-24T01:41:45.2013833Z remote: Counting objects:   4% (8/198)        
2025-11-24T01:41:45.2014313Z remote: Counting objects:   5% (10/198)        
2025-11-24T01:41:45.2014669Z remote: Counting objects:   6% (12/198)        
2025-11-24T01:41:45.2015015Z remote: Counting objects:   7% (14/198)        
2025-11-24T01:41:45.2015360Z remote: Counting objects:   8% (16/198)        
2025-11-24T01:41:45.2015728Z remote: Counting objects:   9% (18/198)        
2025-11-24T01:41:45.2016084Z remote: Counting objects:  10% (20/198)        
2025-11-24T01:41:45.2016425Z remote: Counting objects:  11% (22/198)        
2025-11-24T01:41:45.2017056Z remote: Counting objects:  12% (24/198)        
2025-11-24T01:41:45.2017436Z remote: Counting objects:  13% (26/198)        
2025-11-24T01:41:45.2017776Z remote: Counting objects:  14% (28/198)        
2025-11-24T01:41:45.2018342Z remote: Counting objects:  15% (30/198)        
2025-11-24T01:41:45.2018703Z remote: Counting objects:  16% (32/198)        
2025-11-24T01:41:45.2019047Z remote: Counting objects:  17% (34/198)        
2025-11-24T01:41:45.2019390Z remote: Counting objects:  18% (36/198)        
2025-11-24T01:41:45.2019733Z remote: Counting objects:  19% (38/198)        
2025-11-24T01:41:45.2020075Z remote: Counting objects:  20% (40/198)        
2025-11-24T01:41:45.2020423Z remote: Counting objects:  21% (42/198)        
2025-11-24T01:41:45.2020767Z remote: Counting objects:  22% (44/198)        
2025-11-24T01:41:45.2021114Z remote: Counting objects:  23% (46/198)        
2025-11-24T01:41:45.2021467Z remote: Counting objects:  24% (48/198)        
2025-11-24T01:41:45.2021805Z remote: Counting objects:  25% (50/198)        
2025-11-24T01:41:45.2022151Z remote: Counting objects:  26% (52/198)        
2025-11-24T01:41:45.2022432Z remote: Counting objects:  27% (54/198)        
2025-11-24T01:41:45.2022773Z remote: Counting objects:  28% (56/198)        
2025-11-24T01:41:45.2023065Z remote: Counting objects:  29% (58/198)        
2025-11-24T01:41:45.2023359Z remote: Counting objects:  30% (60/198)        
2025-11-24T01:41:45.2023640Z remote: Counting objects:  31% (62/198)        
2025-11-24T01:41:45.2024062Z remote: Counting objects:  32% (64/198)        
2025-11-24T01:41:45.2024446Z remote: Counting objects:  33% (66/198)        
2025-11-24T01:41:45.2024787Z remote: Counting objects:  34% (68/198)        
2025-11-24T01:41:45.2025365Z remote: Counting objects:  35% (70/198)        
2025-11-24T01:41:45.2046657Z remote: Counting objects:  36% (72/198)        
2025-11-24T01:41:45.2047340Z remote: Counting objects:  37% (74/198)        
2025-11-24T01:41:45.2047954Z remote: Counting objects:  38% (76/198)        
2025-11-24T01:41:45.2048718Z remote: Counting objects:  39% (78/198)        
2025-11-24T01:41:45.2049296Z remote: Counting objects:  40% (80/198)        
2025-11-24T01:41:45.2050139Z remote: Counting objects:  41% (82/198)        
2025-11-24T01:41:45.2050675Z remote: Counting objects:  42% (84/198)        
2025-11-24T01:41:45.2051258Z remote: Counting objects:  43% (86/198)        
2025-11-24T01:41:45.2051815Z remote: Counting objects:  44% (88/198)        
2025-11-24T01:41:45.2052363Z remote: Counting objects:  45% (90/198)        
2025-11-24T01:41:45.2052911Z remote: Counting objects:  46% (92/198)        
2025-11-24T01:41:45.2053462Z remote: Counting objects:  47% (94/198)        
2025-11-24T01:41:45.2054431Z remote: Counting objects:  48% (96/198)        
2025-11-24T01:41:45.2146136Z remote: Counting objects:  49% (98/198)        
2025-11-24T01:41:45.2146979Z remote: Counting objects:  50% (99/198)        
2025-11-24T01:41:45.2147516Z remote: Counting objects:  51% (101/198)        
2025-11-24T01:41:45.2148232Z remote: Counting objects:  52% (103/198)        
2025-11-24T01:41:45.2148733Z remote: Counting objects:  53% (105/198)        
2025-11-24T01:41:45.2149186Z remote: Counting objects:  54% (107/198)        
2025-11-24T01:41:45.2149670Z remote: Counting objects:  55% (109/198)        
2025-11-24T01:41:45.2150106Z remote: Counting objects:  56% (111/198)        
2025-11-24T01:41:45.2150591Z remote: Counting objects:  57% (113/198)        
2025-11-24T01:41:45.2151065Z remote: Counting objects:  58% (115/198)        
2025-11-24T01:41:45.2151542Z remote: Counting objects:  59% (117/198)        
2025-11-24T01:41:45.2152023Z remote: Counting objects:  60% (119/198)        
2025-11-24T01:41:45.2152507Z remote: Counting objects:  61% (121/198)        
2025-11-24T01:41:45.2152986Z remote: Counting objects:  62% (123/198)        
2025-11-24T01:41:45.2153459Z remote: Counting objects:  63% (125/198)        
2025-11-24T01:41:45.2153987Z remote: Counting objects:  64% (127/198)        
2025-11-24T01:41:45.2154767Z remote: Counting objects:  65% (129/198)        
2025-11-24T01:41:45.2155227Z remote: Counting objects:  66% (131/198)        
2025-11-24T01:41:45.2155702Z remote: Counting objects:  67% (133/198)        
2025-11-24T01:41:45.2156189Z remote: Counting objects:  68% (135/198)        
2025-11-24T01:41:45.2156663Z remote: Counting objects:  69% (137/198)        
2025-11-24T01:41:45.2157145Z remote: Counting objects:  70% (139/198)        
2025-11-24T01:41:45.2157619Z remote: Counting objects:  71% (141/198)        
2025-11-24T01:41:45.2158256Z remote: Counting objects:  72% (143/198)        
2025-11-24T01:41:45.2158712Z remote: Counting objects:  73% (145/198)        
2025-11-24T01:41:45.2159165Z remote: Counting objects:  74% (147/198)        
2025-11-24T01:41:45.2159653Z remote: Counting objects:  75% (149/198)        
2025-11-24T01:41:45.2160137Z remote: Counting objects:  76% (151/198)        
2025-11-24T01:41:45.2160620Z remote: Counting objects:  77% (153/198)        
2025-11-24T01:41:45.2161122Z remote: Counting objects:  78% (155/198)        
2025-11-24T01:41:45.2161617Z remote: Counting objects:  79% (157/198)        
2025-11-24T01:41:45.2162108Z remote: Counting objects:  80% (159/198)        
2025-11-24T01:41:45.2162610Z remote: Counting objects:  81% (161/198)        
2025-11-24T01:41:45.2163098Z remote: Counting objects:  82% (163/198)        
2025-11-24T01:41:45.2163585Z remote: Counting objects:  83% (165/198)        
2025-11-24T01:41:45.2164077Z remote: Counting objects:  84% (167/198)        
2025-11-24T01:41:45.2164541Z remote: Counting objects:  85% (169/198)        
2025-11-24T01:41:45.2164997Z remote: Counting objects:  86% (171/198)        
2025-11-24T01:41:45.2165453Z remote: Counting objects:  87% (173/198)        
2025-11-24T01:41:45.2165912Z remote: Counting objects:  88% (175/198)        
2025-11-24T01:41:45.2192954Z remote: Counting objects:  89% (177/198)        
2025-11-24T01:41:45.2193539Z remote: Counting objects:  90% (179/198)        
2025-11-24T01:41:45.2194067Z remote: Counting objects:  91% (181/198)        
2025-11-24T01:41:45.2194539Z remote: Counting objects:  92% (183/198)        
2025-11-24T01:41:45.2194873Z remote: Counting objects:  93% (185/198)        
2025-11-24T01:41:45.2195867Z remote: Counting objects:  94% (187/198)        
2025-11-24T01:41:45.2196371Z remote: Counting objects:  95% (189/198)        
2025-11-24T01:41:45.2196713Z remote: Counting objects:  96% (191/198)        
2025-11-24T01:41:45.2197216Z remote: Counting objects:  97% (193/198)        
2025-11-24T01:41:45.2197741Z remote: Counting objects:  98% (195/198)        
2025-11-24T01:41:45.2198564Z remote: Counting objects:  99% (197/198)        
2025-11-24T01:41:45.2199144Z remote: Counting objects: 100% (198/198)        
2025-11-24T01:41:45.2199670Z remote: Counting objects: 100% (198/198), done.        
2025-11-24T01:41:45.2200282Z remote: Compressing objects:   0% (1/108)        
2025-11-24T01:41:45.2200883Z remote: Compressing objects:   1% (2/108)        
2025-11-24T01:41:45.2201336Z remote: Compressing objects:   2% (3/108)        
2025-11-24T01:41:45.2201669Z remote: Compressing objects:   3% (4/108)        
2025-11-24T01:41:45.2202156Z remote: Compressing objects:   4% (5/108)        
2025-11-24T01:41:45.2202467Z remote: Compressing objects:   5% (6/108)        
2025-11-24T01:41:45.2203016Z remote: Compressing objects:   6% (7/108)        
2025-11-24T01:41:45.2203483Z remote: Compressing objects:   7% (8/108)        
2025-11-24T01:41:45.2203786Z remote: Compressing objects:   8% (9/108)        
2025-11-24T01:41:45.2204104Z remote: Compressing objects:   9% (10/108)        
2025-11-24T01:41:45.2204540Z remote: Compressing objects:  10% (11/108)        
2025-11-24T01:41:45.2205068Z remote: Compressing objects:  11% (12/108)        
2025-11-24T01:41:45.2205421Z remote: Compressing objects:  12% (13/108)        
2025-11-24T01:41:45.2205887Z remote: Compressing objects:  13% (15/108)        
2025-11-24T01:41:45.2206342Z remote: Compressing objects:  14% (16/108)        
2025-11-24T01:41:45.2206919Z remote: Compressing objects:  15% (17/108)        
2025-11-24T01:41:45.2207706Z remote: Compressing objects:  16% (18/108)        
2025-11-24T01:41:45.2208515Z remote: Compressing objects:  17% (19/108)        
2025-11-24T01:41:45.2209087Z remote: Compressing objects:  18% (20/108)        
2025-11-24T01:41:45.2209630Z remote: Compressing objects:  19% (21/108)        
2025-11-24T01:41:45.2210154Z remote: Compressing objects:  20% (22/108)        
2025-11-24T01:41:45.2225252Z remote: Compressing objects:  21% (23/108)        
2025-11-24T01:41:45.2227285Z remote: Compressing objects:  22% (24/108)        
2025-11-24T01:41:45.2227872Z remote: Compressing objects:  23% (25/108)        
2025-11-24T01:41:45.2228766Z remote: Compressing objects:  24% (26/108)        
2025-11-24T01:41:45.2229332Z remote: Compressing objects:  25% (27/108)        
2025-11-24T01:41:45.2229894Z remote: Compressing objects:  26% (29/108)        
2025-11-24T01:41:45.2230463Z remote: Compressing objects:  27% (30/108)        
2025-11-24T01:41:45.2231025Z remote: Compressing objects:  28% (31/108)        
2025-11-24T01:41:45.2231539Z remote: Compressing objects:  29% (32/108)        
2025-11-24T01:41:45.2232053Z remote: Compressing objects:  30% (33/108)        
2025-11-24T01:41:45.2232586Z remote: Compressing objects:  31% (34/108)        
2025-11-24T01:41:45.2233134Z remote: Compressing objects:  32% (35/108)        
2025-11-24T01:41:45.2233668Z remote: Compressing objects:  33% (36/108)        
2025-11-24T01:41:45.2234196Z remote: Compressing objects:  34% (37/108)        
2025-11-24T01:41:45.2234662Z remote: Compressing objects:  35% (38/108)        
2025-11-24T01:41:45.2235087Z remote: Compressing objects:  36% (39/108)        
2025-11-24T01:41:45.2235592Z remote: Compressing objects:  37% (40/108)        
2025-11-24T01:41:45.2236138Z remote: Compressing objects:  38% (42/108)        
2025-11-24T01:41:45.2236678Z remote: Compressing objects:  39% (43/108)        
2025-11-24T01:41:45.2237226Z remote: Compressing objects:  40% (44/108)        
2025-11-24T01:41:45.2237776Z remote: Compressing objects:  41% (45/108)        
2025-11-24T01:41:45.2238745Z remote: Compressing objects:  42% (46/108)        
2025-11-24T01:41:45.2239528Z remote: Compressing objects:  43% (47/108)        
2025-11-24T01:41:45.2240115Z remote: Compressing objects:  44% (48/108)        
2025-11-24T01:41:45.2240666Z remote: Compressing objects:  45% (49/108)        
2025-11-24T01:41:45.2241210Z remote: Compressing objects:  46% (50/108)        
2025-11-24T01:41:45.2241733Z remote: Compressing objects:  47% (51/108)        
2025-11-24T01:41:45.2242255Z remote: Compressing objects:  48% (52/108)        
2025-11-24T01:41:45.2242802Z remote: Compressing objects:  49% (53/108)        
2025-11-24T01:41:45.2243312Z remote: Compressing objects:  50% (54/108)        
2025-11-24T01:41:45.2243802Z remote: Compressing objects:  51% (56/108)        
2025-11-24T01:41:45.2244342Z remote: Compressing objects:  52% (57/108)        
2025-11-24T01:41:45.2244866Z remote: Compressing objects:  53% (58/108)        
2025-11-24T01:41:45.2245422Z remote: Compressing objects:  54% (59/108)        
2025-11-24T01:41:45.2245973Z remote: Compressing objects:  55% (60/108)        
2025-11-24T01:41:45.2246522Z remote: Compressing objects:  56% (61/108)        
2025-11-24T01:41:45.2247068Z remote: Compressing objects:  57% (62/108)        
2025-11-24T01:41:45.2247606Z remote: Compressing objects:  58% (63/108)        
2025-11-24T01:41:45.2248417Z remote: Compressing objects:  59% (64/108)        
2025-11-24T01:41:45.2248992Z remote: Compressing objects:  60% (65/108)        
2025-11-24T01:41:45.2249547Z remote: Compressing objects:  61% (66/108)        
2025-11-24T01:41:45.2250084Z remote: Compressing objects:  62% (67/108)        
2025-11-24T01:41:45.2250615Z remote: Compressing objects:  63% (69/108)        
2025-11-24T01:41:45.2250932Z remote: Compressing objects:  64% (70/108)        
2025-11-24T01:41:45.2251239Z remote: Compressing objects:  65% (71/108)        
2025-11-24T01:41:45.2251550Z remote: Compressing objects:  66% (72/108)        
2025-11-24T01:41:45.2252070Z remote: Compressing objects:  67% (73/108)        
2025-11-24T01:41:45.2252383Z remote: Compressing objects:  68% (74/108)        
2025-11-24T01:41:45.2252691Z remote: Compressing objects:  69% (75/108)        
2025-11-24T01:41:45.2252994Z remote: Compressing objects:  70% (76/108)        
2025-11-24T01:41:45.2253297Z remote: Compressing objects:  71% (77/108)        
2025-11-24T01:41:45.2253595Z remote: Compressing objects:  72% (78/108)        
2025-11-24T01:41:45.2253894Z remote: Compressing objects:  73% (79/108)        
2025-11-24T01:41:45.2254195Z remote: Compressing objects:  74% (80/108)        
2025-11-24T01:41:45.2254486Z remote: Compressing objects:  75% (81/108)        
2025-11-24T01:41:45.2254782Z remote: Compressing objects:  76% (83/108)        
2025-11-24T01:41:45.2255082Z remote: Compressing objects:  77% (84/108)        
2025-11-24T01:41:45.2255539Z remote: Compressing objects:  78% (85/108)        
2025-11-24T01:41:45.2256104Z remote: Compressing objects:  79% (86/108)        
2025-11-24T01:41:45.2256657Z remote: Compressing objects:  80% (87/108)        
2025-11-24T01:41:45.2257201Z remote: Compressing objects:  81% (88/108)        
2025-11-24T01:41:45.2257737Z remote: Compressing objects:  82% (89/108)        
2025-11-24T01:41:45.2258477Z remote: Compressing objects:  83% (90/108)        
2025-11-24T01:41:45.2259028Z remote: Compressing objects:  84% (91/108)        
2025-11-24T01:41:45.2259557Z remote: Compressing objects:  85% (92/108)        
2025-11-24T01:41:45.2260090Z remote: Compressing objects:  86% (93/108)        
2025-11-24T01:41:45.2260630Z remote: Compressing objects:  87% (94/108)        
2025-11-24T01:41:45.2261169Z remote: Compressing objects:  88% (96/108)        
2025-11-24T01:41:45.2261706Z remote: Compressing objects:  89% (97/108)        
2025-11-24T01:41:45.2262288Z remote: Compressing objects:  90% (98/108)        
2025-11-24T01:41:45.2262817Z remote: Compressing objects:  91% (99/108)        
2025-11-24T01:41:45.2263374Z remote: Compressing objects:  92% (100/108)        
2025-11-24T01:41:45.2263948Z remote: Compressing objects:  93% (101/108)        
2025-11-24T01:41:45.2264491Z remote: Compressing objects:  94% (102/108)        
2025-11-24T01:41:45.2265215Z remote: Compressing objects:  95% (103/108)        
2025-11-24T01:41:45.2265764Z remote: Compressing objects:  96% (104/108)        
2025-11-24T01:41:45.2266301Z remote: Compressing objects:  97% (105/108)        
2025-11-24T01:41:45.2266825Z remote: Compressing objects:  98% (106/108)        
2025-11-24T01:41:45.2267352Z remote: Compressing objects:  99% (107/108)        
2025-11-24T01:41:45.2267851Z remote: Compressing objects: 100% (108/108)        
2025-11-24T01:41:45.2268636Z remote: Compressing objects: 100% (108/108), done.        
2025-11-24T01:41:45.2269156Z Receiving objects:   0% (1/198)
2025-11-24T01:41:45.2269557Z Receiving objects:   1% (2/198)
2025-11-24T01:41:45.2269962Z Receiving objects:   2% (4/198)
2025-11-24T01:41:45.2270349Z Receiving objects:   3% (6/198)
2025-11-24T01:41:45.2270772Z Receiving objects:   4% (8/198)
2025-11-24T01:41:45.2271170Z Receiving objects:   5% (10/198)
2025-11-24T01:41:45.2271589Z Receiving objects:   6% (12/198)
2025-11-24T01:41:45.2272036Z Receiving objects:   7% (14/198)
2025-11-24T01:41:45.2272488Z Receiving objects:   8% (16/198)
2025-11-24T01:41:45.2272932Z Receiving objects:   9% (18/198)
2025-11-24T01:41:45.2273371Z Receiving objects:  10% (20/198)
2025-11-24T01:41:45.2273834Z Receiving objects:  11% (22/198)
2025-11-24T01:41:45.2274288Z Receiving objects:  12% (24/198)
2025-11-24T01:41:45.2274693Z Receiving objects:  13% (26/198)
2025-11-24T01:41:45.2275105Z Receiving objects:  14% (28/198)
2025-11-24T01:41:45.2275508Z Receiving objects:  15% (30/198)
2025-11-24T01:41:45.2275898Z Receiving objects:  16% (32/198)
2025-11-24T01:41:45.2276271Z Receiving objects:  17% (34/198)
2025-11-24T01:41:45.2276659Z Receiving objects:  18% (36/198)
2025-11-24T01:41:45.2277064Z Receiving objects:  19% (38/198)
2025-11-24T01:41:45.2278399Z Receiving objects:  20% (40/198)
2025-11-24T01:41:45.2278862Z Receiving objects:  21% (42/198)
2025-11-24T01:41:45.2279288Z Receiving objects:  22% (44/198)
2025-11-24T01:41:45.2279717Z Receiving objects:  23% (46/198)
2025-11-24T01:41:45.2280164Z Receiving objects:  24% (48/198)
2025-11-24T01:41:45.2280611Z Receiving objects:  25% (50/198)
2025-11-24T01:41:45.2281040Z Receiving objects:  26% (52/198)
2025-11-24T01:41:45.2281451Z Receiving objects:  27% (54/198)
2025-11-24T01:41:45.2281854Z Receiving objects:  28% (56/198)
2025-11-24T01:41:45.2282263Z Receiving objects:  29% (58/198)
2025-11-24T01:41:45.2282670Z Receiving objects:  30% (60/198)
2025-11-24T01:41:45.2283086Z Receiving objects:  31% (62/198)
2025-11-24T01:41:45.2283501Z Receiving objects:  32% (64/198)
2025-11-24T01:41:45.2283904Z Receiving objects:  33% (66/198)
2025-11-24T01:41:45.2284306Z Receiving objects:  34% (68/198)
2025-11-24T01:41:45.2284711Z Receiving objects:  35% (70/198)
2025-11-24T01:41:45.2285112Z Receiving objects:  36% (72/198)
2025-11-24T01:41:45.2285626Z Receiving objects:  37% (74/198)
2025-11-24T01:41:45.2286044Z Receiving objects:  38% (76/198)
2025-11-24T01:41:45.2286482Z Receiving objects:  39% (78/198)
2025-11-24T01:41:45.2286903Z Receiving objects:  40% (80/198)
2025-11-24T01:41:45.2287321Z Receiving objects:  41% (82/198)
2025-11-24T01:41:45.2287730Z Receiving objects:  42% (84/198)
2025-11-24T01:41:45.2288425Z Receiving objects:  43% (86/198)
2025-11-24T01:41:45.2288842Z Receiving objects:  44% (88/198)
2025-11-24T01:41:45.2289219Z Receiving objects:  45% (90/198)
2025-11-24T01:41:45.2289590Z Receiving objects:  46% (92/198)
2025-11-24T01:41:45.2289971Z Receiving objects:  47% (94/198)
2025-11-24T01:41:45.2290383Z Receiving objects:  48% (96/198)
2025-11-24T01:41:45.2290781Z Receiving objects:  49% (98/198)
2025-11-24T01:41:45.2291171Z Receiving objects:  50% (99/198)
2025-11-24T01:41:45.2291570Z Receiving objects:  51% (101/198)
2025-11-24T01:41:45.2291971Z Receiving objects:  52% (103/198)
2025-11-24T01:41:45.2292386Z Receiving objects:  53% (105/198)
2025-11-24T01:41:45.2292816Z Receiving objects:  54% (107/198)
2025-11-24T01:41:45.2293236Z Receiving objects:  55% (109/198)
2025-11-24T01:41:45.2293839Z Receiving objects:  56% (111/198)
2025-11-24T01:41:45.2294266Z Receiving objects:  57% (113/198)
2025-11-24T01:41:45.2294677Z Receiving objects:  58% (115/198)
2025-11-24T01:41:45.2295093Z Receiving objects:  59% (117/198)
2025-11-24T01:41:45.2295454Z Receiving objects:  60% (119/198)
2025-11-24T01:41:45.2295798Z Receiving objects:  61% (121/198)
2025-11-24T01:41:45.2296145Z Receiving objects:  62% (123/198)
2025-11-24T01:41:45.2296559Z Receiving objects:  63% (125/198)
2025-11-24T01:41:45.2296964Z Receiving objects:  64% (127/198)
2025-11-24T01:41:45.2297375Z Receiving objects:  65% (129/198)
2025-11-24T01:41:45.2297781Z Receiving objects:  66% (131/198)
2025-11-24T01:41:45.2298938Z Receiving objects:  67% (133/198)
2025-11-24T01:41:45.2299376Z Receiving objects:  68% (135/198)
2025-11-24T01:41:45.2299804Z Receiving objects:  69% (137/198)
2025-11-24T01:41:45.2300226Z Receiving objects:  70% (139/198)
2025-11-24T01:41:45.2300674Z Receiving objects:  71% (141/198)
2025-11-24T01:41:45.2301158Z Receiving objects:  72% (143/198)
2025-11-24T01:41:45.2301587Z Receiving objects:  73% (145/198)
2025-11-24T01:41:45.2302024Z Receiving objects:  74% (147/198)
2025-11-24T01:41:45.2302449Z Receiving objects:  75% (149/198)
2025-11-24T01:41:45.2302867Z Receiving objects:  76% (151/198)
2025-11-24T01:41:45.2303293Z Receiving objects:  77% (153/198)
2025-11-24T01:41:45.2303718Z Receiving objects:  78% (155/198)
2025-11-24T01:41:45.2304124Z Receiving objects:  79% (157/198)
2025-11-24T01:41:45.2304548Z Receiving objects:  80% (159/198)
2025-11-24T01:41:45.2304962Z Receiving objects:  81% (161/198)
2025-11-24T01:41:45.2305344Z Receiving objects:  82% (163/198)
2025-11-24T01:41:45.2305731Z Receiving objects:  83% (165/198)
2025-11-24T01:41:45.2306153Z Receiving objects:  84% (167/198)
2025-11-24T01:41:45.2306557Z Receiving objects:  85% (169/198)
2025-11-24T01:41:45.2307470Z remote: Total 198 (delta 0), reused 140 (delta 0), pack-reused 0 (from 0)        
2025-11-24T01:41:45.2308381Z Receiving objects:  86% (171/198)
2025-11-24T01:41:45.2308860Z Receiving objects:  87% (173/198)
2025-11-24T01:41:45.2309300Z Receiving objects:  88% (175/198)
2025-11-24T01:41:45.2309715Z Receiving objects:  89% (177/198)
2025-11-24T01:41:45.2310129Z Receiving objects:  90% (179/198)
2025-11-24T01:41:45.2310558Z Receiving objects:  91% (181/198)
2025-11-24T01:41:45.2311005Z Receiving objects:  92% (183/198)
2025-11-24T01:41:45.2311449Z Receiving objects:  93% (185/198)
2025-11-24T01:41:45.2311891Z Receiving objects:  94% (187/198)
2025-11-24T01:41:45.2312385Z Receiving objects:  95% (189/198)
2025-11-24T01:41:45.2312817Z Receiving objects:  96% (191/198)
2025-11-24T01:41:45.2313240Z Receiving objects:  97% (193/198)
2025-11-24T01:41:45.2313661Z Receiving objects:  98% (195/198)
2025-11-24T01:41:45.2314081Z Receiving objects:  99% (197/198)
2025-11-24T01:41:45.2314525Z Receiving objects: 100% (198/198)
2025-11-24T01:41:45.2315084Z Receiving objects: 100% (198/198), 31.94 KiB | 3.55 MiB/s, done.
2025-11-24T01:41:45.2315929Z From https://github.com/aspepper/vitrine-de-craques-web-site
2025-11-24T01:41:45.2316701Z  * [new ref]         6237017e69f1dc78b53b5717a9f0321f7597bde0 -> origin/main
2025-11-24T01:41:45.2319766Z ##[endgroup]
2025-11-24T01:41:45.2320354Z ##[group]Determining the checkout info
2025-11-24T01:41:45.2320996Z ##[endgroup]
2025-11-24T01:41:45.2321556Z ##[group]Setting up sparse checkout
2025-11-24T01:41:45.2322144Z [command]/usr/bin/git config core.sparseCheckout true
2025-11-24T01:41:45.2331037Z [command]/usr/bin/git rev-parse --git-path info/sparse-checkout
2025-11-24T01:41:45.2352063Z .git/info/sparse-checkout
2025-11-24T01:41:45.2363842Z ##[endgroup]
2025-11-24T01:41:45.2365423Z ##[group]Checking out the ref
2025-11-24T01:41:45.2369082Z [command]/usr/bin/git checkout --progress --force -B main refs/remotes/origin/main
2025-11-24T01:41:52.0083804Z Updating files:   0% (1/657)
2025-11-24T01:41:52.0088950Z Updating files:   1% (7/657)
2025-11-24T01:41:52.0096890Z Updating files:   2% (14/657)
2025-11-24T01:41:52.0103348Z Updating files:   3% (20/657)
2025-11-24T01:41:52.0109959Z Updating files:   4% (27/657)
2025-11-24T01:41:52.0119609Z Updating files:   5% (33/657)
2025-11-24T01:41:52.0125062Z Updating files:   6% (40/657)
2025-11-24T01:41:52.0129577Z Updating files:   7% (46/657)
2025-11-24T01:41:52.0132798Z Updating files:   8% (53/657)
2025-11-24T01:41:52.0136448Z Updating files:   9% (60/657)
2025-11-24T01:41:52.0140413Z Updating files:  10% (66/657)
2025-11-24T01:41:52.0144553Z Updating files:  11% (73/657)
2025-11-24T01:41:52.0149637Z Updating files:  12% (79/657)
2025-11-24T01:41:52.0176805Z Updating files:  13% (86/657)
2025-11-24T01:41:52.0183715Z Updating files:  14% (92/657)
2025-11-24T01:41:52.0193611Z Updating files:  15% (99/657)
2025-11-24T01:41:52.0200562Z Updating files:  16% (106/657)
2025-11-24T01:41:52.0208748Z Updating files:  17% (112/657)
2025-11-24T01:41:52.0215914Z Updating files:  18% (119/657)
2025-11-24T01:41:52.0223589Z Updating files:  19% (125/657)
2025-11-24T01:41:52.0229680Z Updating files:  20% (132/657)
2025-11-24T01:41:52.0236368Z Updating files:  21% (138/657)
2025-11-24T01:41:52.0242711Z Updating files:  22% (145/657)
2025-11-24T01:41:52.0250005Z Updating files:  23% (152/657)
2025-11-24T01:41:52.0256625Z Updating files:  24% (158/657)
2025-11-24T01:41:52.0263491Z Updating files:  25% (165/657)
2025-11-24T01:41:52.0273038Z Updating files:  26% (171/657)
2025-11-24T01:41:52.0280150Z Updating files:  27% (178/657)
2025-11-24T01:41:52.0288441Z Updating files:  28% (184/657)
2025-11-24T01:41:52.0296579Z Updating files:  29% (191/657)
2025-11-24T01:41:52.0337134Z Updating files:  30% (198/657)
2025-11-24T01:41:52.0337574Z Updating files:  31% (204/657)
2025-11-24T01:41:52.0337977Z Updating files:  32% (211/657)
2025-11-24T01:41:52.0338578Z Updating files:  33% (217/657)
2025-11-24T01:41:52.0338965Z Updating files:  34% (224/657)
2025-11-24T01:41:52.0345439Z Updating files:  35% (230/657)
2025-11-24T01:41:52.0354692Z Updating files:  36% (237/657)
2025-11-24T01:41:52.0359474Z Updating files:  37% (244/657)
2025-11-24T01:41:52.0481652Z Updating files:  38% (250/657)
2025-11-24T01:41:52.0716352Z Updating files:  39% (257/657)
2025-11-24T01:41:52.0781986Z Updating files:  40% (263/657)
2025-11-24T01:41:52.2166928Z Updating files:  41% (270/657)
2025-11-24T01:41:52.2374672Z Updating files:  42% (276/657)
2025-11-24T01:41:52.2449955Z Updating files:  43% (283/657)
2025-11-24T01:41:52.2516375Z Updating files:  43% (286/657)
2025-11-24T01:41:52.2838776Z Updating files:  44% (290/657)
2025-11-24T01:41:52.3134583Z Updating files:  45% (296/657)
2025-11-24T01:41:52.3366761Z Updating files:  46% (303/657)
2025-11-24T01:41:52.3478351Z Updating files:  47% (309/657)
2025-11-24T01:41:52.3535386Z Updating files:  48% (316/657)
2025-11-24T01:41:52.3585710Z Updating files:  49% (322/657)
2025-11-24T01:41:52.3671170Z Updating files:  50% (329/657)
2025-11-24T01:41:52.3793250Z Updating files:  51% (336/657)
2025-11-24T01:41:52.3863485Z Updating files:  52% (342/657)
2025-11-24T01:41:52.3871580Z Updating files:  53% (349/657)
2025-11-24T01:41:52.4169097Z Updating files:  54% (355/657)
2025-11-24T01:41:52.4489312Z Updating files:  55% (362/657)
2025-11-24T01:41:52.4634824Z Updating files:  56% (368/657)
2025-11-24T01:41:52.5000419Z Updating files:  57% (375/657)
2025-11-24T01:41:52.5169051Z Updating files:  58% (382/657)
2025-11-24T01:41:52.5229918Z Updating files:  59% (388/657)
2025-11-24T01:41:52.5233337Z Updating files:  60% (395/657)
2025-11-24T01:41:52.5276545Z Updating files:  61% (401/657)
2025-11-24T01:41:52.5483595Z Updating files:  62% (408/657)
2025-11-24T01:41:52.5487871Z Updating files:  63% (414/657)
2025-11-24T01:41:52.5771274Z Updating files:  64% (421/657)
2025-11-24T01:41:52.5775094Z Updating files:  65% (428/657)
2025-11-24T01:41:52.5857759Z Updating files:  66% (434/657)
2025-11-24T01:41:52.5951547Z Updating files:  67% (441/657)
2025-11-24T01:41:52.5955017Z Updating files:  68% (447/657)
2025-11-24T01:41:52.5958357Z Updating files:  69% (454/657)
2025-11-24T01:41:52.5975107Z Updating files:  70% (460/657)
2025-11-24T01:41:52.6003410Z Updating files:  71% (467/657)
2025-11-24T01:41:52.6125934Z Updating files:  72% (474/657)
2025-11-24T01:41:52.6199201Z Updating files:  73% (480/657)
2025-11-24T01:41:52.6374912Z Updating files:  74% (487/657)
2025-11-24T01:41:52.6409034Z Updating files:  75% (493/657)
2025-11-24T01:41:52.6430246Z Updating files:  76% (500/657)
2025-11-24T01:41:52.6446012Z Updating files:  77% (506/657)
2025-11-24T01:41:52.6466020Z Updating files:  78% (513/657)
2025-11-24T01:41:52.6490300Z Updating files:  79% (520/657)
2025-11-24T01:41:52.6518978Z Updating files:  80% (526/657)
2025-11-24T01:41:52.6521937Z Updating files:  81% (533/657)
2025-11-24T01:41:52.6525834Z Updating files:  82% (539/657)
2025-11-24T01:41:52.6530143Z Updating files:  83% (546/657)
2025-11-24T01:41:52.6535492Z Updating files:  84% (552/657)
2025-11-24T01:41:52.6551615Z Updating files:  85% (559/657)
2025-11-24T01:41:52.6557916Z Updating files:  86% (566/657)
2025-11-24T01:41:52.6566208Z Updating files:  87% (572/657)
2025-11-24T01:41:52.6571374Z Updating files:  88% (579/657)
2025-11-24T01:41:52.6574540Z Updating files:  89% (585/657)
2025-11-24T01:41:52.6578562Z Updating files:  90% (592/657)
2025-11-24T01:41:52.6582774Z Updating files:  91% (598/657)
2025-11-24T01:41:52.6587113Z Updating files:  92% (605/657)
2025-11-24T01:41:52.6590982Z Updating files:  93% (612/657)
2025-11-24T01:41:52.6594673Z Updating files:  94% (618/657)
2025-11-24T01:41:52.6597676Z Updating files:  95% (625/657)
2025-11-24T01:41:52.7422348Z Updating files:  96% (631/657)
2025-11-24T01:41:52.7425743Z Updating files:  97% (638/657)
2025-11-24T01:41:52.7430163Z Updating files:  98% (644/657)
2025-11-24T01:41:52.7433706Z Updating files:  99% (651/657)
2025-11-24T01:41:52.7435084Z Updating files: 100% (657/657)
2025-11-24T01:41:52.7436473Z Updating files: 100% (657/657), done.
2025-11-24T01:41:52.7457881Z Switched to a new branch 'main'
2025-11-24T01:41:52.7461457Z branch 'main' set up to track 'origin/main'.
2025-11-24T01:41:52.7555993Z ##[endgroup]
2025-11-24T01:41:52.7596422Z [command]/usr/bin/git log -1 --format='%H'
2025-11-24T01:41:52.7619539Z '6237017e69f1dc78b53b5717a9f0321f7597bde0'
2025-11-24T01:41:52.7831590Z ##[group]Run actions/setup-node@v4
2025-11-24T01:41:52.7831872Z with:
2025-11-24T01:41:52.7832059Z   node-version: 20
2025-11-24T01:41:52.7832243Z   cache: npm
2025-11-24T01:41:52.7832417Z   always-auth: false
2025-11-24T01:41:52.7832613Z   check-latest: false
2025-11-24T01:41:52.7832930Z   token: ***
2025-11-24T01:41:52.7833104Z env:
2025-11-24T01:41:52.7833805Z   DATABASE_URL: ***
2025-11-24T01:41:52.7834111Z   NEXTAUTH_URL: ***
2025-11-24T01:41:52.7834393Z   NEXTAUTH_SECRET: ***
2025-11-24T01:41:52.7834594Z   AUTH_TRUST_HOST: true
2025-11-24T01:41:52.7834785Z ##[endgroup]
2025-11-24T01:41:53.0030914Z Found in cache @ /opt/hostedtoolcache/node/20.19.5/x64
2025-11-24T01:41:53.0031829Z ##[group]Environment details
2025-11-24T01:41:54.8585974Z node: v20.19.5
2025-11-24T01:41:54.8587761Z npm: 10.8.2
2025-11-24T01:41:54.8588304Z yarn: 1.22.22
2025-11-24T01:41:54.8589664Z ##[endgroup]
2025-11-24T01:41:54.8614344Z [command]/opt/hostedtoolcache/node/20.19.5/x64/bin/npm config get cache
2025-11-24T01:41:55.1230226Z /home/runner/.npm
2025-11-24T01:41:55.2317999Z Cache hit for: node-cache-Linux-x64-npm-7a37f00dbb49b213ff9469b7d87cb9481db306262f95e4f112cc6aec83ba8a27
2025-11-24T01:41:56.2920351Z Received 184549376 of 256886524 (71.8%), 176.0 MBs/sec
2025-11-24T01:41:56.5848470Z Received 256886524 of 256886524 (100.0%), 189.5 MBs/sec
2025-11-24T01:41:56.5851415Z Cache Size: ~245 MB (256886524 B)
2025-11-24T01:41:56.5891891Z [command]/usr/bin/tar -xf /home/runner/work/_temp/ff06692d-084c-4194-a853-3aef12234bbe/cache.tzst -P -C /home/runner/work/vitrine-de-craques-web-site/vitrine-de-craques-web-site --use-compress-program unzstd
2025-11-24T01:41:57.5040952Z Cache restored successfully
2025-11-24T01:41:57.5532753Z Cache restored from key: node-cache-Linux-x64-npm-7a37f00dbb49b213ff9469b7d87cb9481db306262f95e4f112cc6aec83ba8a27
2025-11-24T01:41:57.5732784Z ##[group]Run npm ci
2025-11-24T01:41:57.5733060Z [36;1mnpm ci[0m
2025-11-24T01:41:57.5779784Z shell: /usr/bin/bash -e {0}
2025-11-24T01:41:57.5780037Z env:
2025-11-24T01:41:57.5780843Z   DATABASE_URL: ***
2025-11-24T01:41:57.5781177Z   NEXTAUTH_URL: ***
2025-11-24T01:41:57.5781486Z   NEXTAUTH_SECRET: ***
2025-11-24T01:41:57.5781697Z   AUTH_TRUST_HOST: true
2025-11-24T01:41:57.5781898Z ##[endgroup]
2025-11-24T01:42:05.4206113Z npm warn deprecated inflight@1.0.6: This module is not supported, and leaks memory. Do not use it. Check out lru-cache if you want a good and tested way to coalesce async requests by a key value, which is much more comprehensive and powerful.
2025-11-24T01:42:05.6280345Z npm warn deprecated @humanwhocodes/config-array@0.13.0: Use @eslint/config-array instead
2025-11-24T01:42:05.6393058Z npm warn deprecated rimraf@3.0.2: Rimraf versions prior to v4 are no longer supported
2025-11-24T01:42:05.7852027Z npm warn deprecated @humanwhocodes/object-schema@2.0.3: Use @eslint/object-schema instead
2025-11-24T01:42:05.7939506Z npm warn deprecated glob@7.2.3: Glob versions prior to v9 are no longer supported
2025-11-24T01:42:10.5589072Z npm warn deprecated eslint@8.57.1: This version is no longer supported. Please see https://eslint.org/version-support for other options.
2025-11-24T01:42:11.1458933Z npm warn deprecated fluent-ffmpeg@2.1.3: Package no longer supported. Contact Support at https://www.npmjs.com/support for more info.
2025-11-24T01:42:27.0254317Z 
2025-11-24T01:42:27.0257025Z > vitrine-de-craques-web-site@0.1.0 postinstall
2025-11-24T01:42:27.0262043Z > npx prisma generate
2025-11-24T01:42:27.0262300Z 
2025-11-24T01:42:28.4108302Z Prisma schema loaded from prisma/schema.prisma
2025-11-24T01:42:29.3361868Z ┌─────────────────────────────────────────────────────────┐
2025-11-24T01:42:29.3362949Z │  Update available 6.16.2 -> 7.0.0                       │
2025-11-24T01:42:29.3370156Z │                                                         │
2025-11-24T01:42:29.3371026Z │  This is a major update - please follow the guide at    │
2025-11-24T01:42:29.3371924Z │  https://pris.ly/d/major-version-upgrade                │
2025-11-24T01:42:29.3372711Z │                                                         │
2025-11-24T01:42:29.3373448Z │  Run the following to update                            │
2025-11-24T01:42:29.3374278Z │    npm i --save-dev prisma@latest                       │
2025-11-24T01:42:29.3375075Z │    npm i @prisma/client@latest                          │
2025-11-24T01:42:29.3375894Z └─────────────────────────────────────────────────────────┘
2025-11-24T01:42:29.3376258Z 
2025-11-24T01:42:29.3376966Z ✔ Generated Prisma Client (v6.16.2) to ./node_modules/@prisma/client in 395ms
2025-11-24T01:42:29.3377477Z 
2025-11-24T01:42:29.3378230Z Start by importing your Prisma Client (See: https://pris.ly/d/importing-client)
2025-11-24T01:42:29.3378825Z 
2025-11-24T01:42:29.3379671Z Tip: Interested in query caching in just a few lines of code? Try Accelerate today! https://pris.ly/tip-3-accelerate
2025-11-24T01:42:29.3380388Z 
2025-11-24T01:42:29.3689806Z 
2025-11-24T01:42:29.3696927Z > vitrine-de-craques-web-site@0.1.0 prepare
2025-11-24T01:42:29.3698914Z > husky install
2025-11-24T01:42:29.3700315Z 
2025-11-24T01:42:29.4299374Z husky - Git hooks installed
2025-11-24T01:42:29.4489375Z 
2025-11-24T01:42:29.4490317Z added 832 packages, and audited 833 packages in 32s
2025-11-24T01:42:29.4491542Z 
2025-11-24T01:42:29.4491984Z 195 packages are looking for funding
2025-11-24T01:42:29.4492883Z   run `npm fund` for details
2025-11-24T01:42:29.5183814Z 
2025-11-24T01:42:29.5184991Z 8 vulnerabilities (2 low, 3 moderate, 3 high)
2025-11-24T01:42:29.5185751Z 
2025-11-24T01:42:29.5186549Z To address issues that do not require attention, run:
2025-11-24T01:42:29.5187326Z   npm audit fix
2025-11-24T01:42:29.5190060Z 
2025-11-24T01:42:29.5190754Z To address all issues (including breaking changes), run:
2025-11-24T01:42:29.5191495Z   npm audit fix --force
2025-11-24T01:42:29.5191744Z 
2025-11-24T01:42:29.5192408Z Run `npm audit` for details.
2025-11-24T01:42:29.6265893Z ##[group]Run npm run build
2025-11-24T01:42:29.6266185Z [36;1mnpm run build[0m
2025-11-24T01:42:29.6301225Z shell: /usr/bin/bash -e {0}
2025-11-24T01:42:29.6301481Z env:
2025-11-24T01:42:29.6302270Z   DATABASE_URL: ***
2025-11-24T01:42:29.6302597Z   NEXTAUTH_URL: ***
2025-11-24T01:42:29.6302913Z   NEXTAUTH_SECRET: ***
2025-11-24T01:42:29.6303122Z   AUTH_TRUST_HOST: true
2025-11-24T01:42:29.6303323Z ##[endgroup]
2025-11-24T01:42:29.7505992Z 
2025-11-24T01:42:29.7506835Z > vitrine-de-craques-web-site@0.1.0 build
2025-11-24T01:42:29.7507506Z > npx prisma generate && next build
2025-11-24T01:42:29.7507830Z 
2025-11-24T01:42:31.1333842Z Prisma schema loaded from prisma/schema.prisma
2025-11-24T01:42:32.0778718Z 
2025-11-24T01:42:32.0780373Z ✔ Generated Prisma Client (v6.16.2) to ./node_modules/@prisma/client in 415ms
2025-11-24T01:42:32.0781905Z 
2025-11-24T01:42:32.0782484Z Start by importing your Prisma Client (See: https://pris.ly/d/importing-client)
2025-11-24T01:42:32.0783019Z 
2025-11-24T01:42:32.0783546Z Tip: Want to turn off tips and other hints? https://pris.ly/tip-4-nohints
2025-11-24T01:42:32.0783972Z 
2025-11-24T01:42:32.6428737Z ⚠ No build cache found. Please configure build caching for faster rebuilds. Read more: https://nextjs.org/docs/messages/no-cache
2025-11-24T01:42:32.6557061Z Attention: Next.js now collects completely anonymous telemetry regarding usage.
2025-11-24T01:42:32.6559704Z This information is used to shape Next.js' roadmap and prioritize features.
2025-11-24T01:42:32.6561284Z You can learn more, including how to opt-out if you'd not like to participate in this anonymous program, by visiting the following URL:
2025-11-24T01:42:32.6562292Z https://nextjs.org/telemetry
2025-11-24T01:42:32.6562576Z 
2025-11-24T01:42:32.7171667Z   ▲ Next.js 14.2.33
2025-11-24T01:42:32.7185471Z 
2025-11-24T01:42:32.7820675Z    Creating an optimized production build ...
2025-11-24T01:43:15.3790389Z  ⚠ Compiled with warnings
2025-11-24T01:43:15.3807148Z 
2025-11-24T01:43:15.3807645Z ./node_modules/@ffmpeg-installer/ffmpeg/index.js
2025-11-24T01:43:15.3808777Z Critical dependency: the request of a dependency is an expression
2025-11-24T01:43:15.3809253Z 
2025-11-24T01:43:15.3809509Z Import trace for requested module:
2025-11-24T01:43:15.3811611Z ./node_modules/@ffmpeg-installer/ffmpeg/index.js
2025-11-24T01:43:15.3812184Z ./app/api/videos/route.ts
2025-11-24T01:43:15.3812442Z 
2025-11-24T01:43:15.3812750Z ./node_modules/fluent-ffmpeg/lib/options/misc.js
2025-11-24T01:43:15.3813541Z Critical dependency: the request of a dependency is an expression
2025-11-24T01:43:15.3814074Z 
2025-11-24T01:43:15.3814328Z Import trace for requested module:
2025-11-24T01:43:15.3814909Z ./node_modules/fluent-ffmpeg/lib/options/misc.js
2025-11-24T01:43:15.3815558Z ./node_modules/fluent-ffmpeg/lib/fluent-ffmpeg.js
2025-11-24T01:43:15.3816178Z ./node_modules/fluent-ffmpeg/index.js
2025-11-24T01:43:15.3816637Z ./app/api/videos/route.ts
2025-11-24T01:43:15.3816875Z 
2025-11-24T01:43:31.2457965Z  ✓ Compiled successfully
2025-11-24T01:43:31.2467356Z    Linting and checking validity of types ...
2025-11-24T01:43:51.0296804Z Failed to compile.
2025-11-24T01:43:51.0297158Z 
2025-11-24T01:43:51.0301762Z ./components/media/SafeMedia.tsx:68:45
2025-11-24T01:43:51.0302812Z Type error: Type 'HTMLVideoElement | null' is not assignable to type 'HTMLVideoElement'.
2025-11-24T01:43:51.0303743Z   Type 'null' is not assignable to type 'HTMLVideoElement'.
2025-11-24T01:43:51.0304129Z 
2025-11-24T01:43:51.0304660Z [0m [90m 66 |[39m     )[33m;[39m[0m
2025-11-24T01:43:51.0305215Z [0m [90m 67 |[39m[0m
2025-11-24T01:43:51.0306412Z [0m[31m[1m>[22m[39m[90m 68 |[39m     useImperativeHandle(forwardedRef[33m,[39m () [33m=>[39m videoRef[33m.[39mcurrent)[33m;[39m[0m
2025-11-24T01:43:51.0307559Z [0m [90m    |[39m                                             [31m[1m^[22m[39m[0m
2025-11-24T01:43:51.0308360Z [0m [90m 69 |[39m[0m
2025-11-24T01:43:51.0309436Z [0m [90m 70 |[39m     useEffect(() [33m=>[39m {[0m
2025-11-24T01:43:51.0310207Z [0m [90m 71 |[39m       setHasError([36mfalse[39m)[33m;[39m[0m
2025-11-24T01:43:51.0983201Z Next.js build worker exited with code: 1 and signal: null
2025-11-24T01:43:51.1156201Z ##[error]Process completed with exit code 1.
2025-11-24T01:43:51.1241260Z Post job cleanup.
2025-11-24T01:43:51.2014519Z [command]/usr/bin/git version
2025-11-24T01:43:51.2054859Z git version 2.51.2
2025-11-24T01:43:51.2105116Z Temporarily overriding HOME='/home/runner/work/_temp/a8e498ac-0ff5-4375-af19-74390b1fc900' before making global git config changes
2025-11-24T01:43:51.2106904Z Adding repository directory to the temporary git global config as a safe directory
2025-11-24T01:43:51.2111559Z [command]/usr/bin/git config --global --add safe.directory /home/runner/work/vitrine-de-craques-web-site/vitrine-de-craques-web-site
2025-11-24T01:43:51.2149523Z [command]/usr/bin/git config --local --name-only --get-regexp core\.sshCommand
2025-11-24T01:43:51.2184329Z [command]/usr/bin/git submodule foreach --recursive sh -c "git config --local --name-only --get-regexp 'core\.sshCommand' && git config --local --unset-all 'core.sshCommand' || :"
2025-11-24T01:43:51.2421316Z fatal: No url found for submodule path 'Vitrine-De-Craques-App-iOS/Vitrine-De-Craques-App-iOS' in .gitmodules
2025-11-24T01:43:51.2467586Z ##[warning]The process '/usr/bin/git' failed with exit code 128
2025-11-24T01:43:51.2556659Z Cleaning up orphan processes
