2025-11-22T16:56:20.7256347Z Current runner version: '2.329.0'
2025-11-22T16:56:20.7289933Z ##[group]Runner Image Provisioner
2025-11-22T16:56:20.7291329Z Hosted Compute Agent
2025-11-22T16:56:20.7292530Z Version: 20251016.436
2025-11-22T16:56:20.7293777Z Commit: 8ab8ac8bfd662a3739dab9fe09456aba92132568
2025-11-22T16:56:20.7295109Z Build Date: 2025-10-15T20:44:12Z
2025-11-22T16:56:20.7296241Z ##[endgroup]
2025-11-22T16:56:20.7297120Z ##[group]Operating System
2025-11-22T16:56:20.7298213Z Ubuntu
2025-11-22T16:56:20.7299069Z 24.04.3
2025-11-22T16:56:20.7300247Z LTS
2025-11-22T16:56:20.7301275Z ##[endgroup]
2025-11-22T16:56:20.7302247Z ##[group]Runner Image
2025-11-22T16:56:20.7303183Z Image: ubuntu-24.04
2025-11-22T16:56:20.7304276Z Version: 20251112.124.1
2025-11-22T16:56:20.7306286Z Included Software: https://github.com/actions/runner-images/blob/ubuntu24/20251112.124/images/ubuntu/Ubuntu2404-Readme.md
2025-11-22T16:56:20.7309538Z Image Release: https://github.com/actions/runner-images/releases/tag/ubuntu24%2F20251112.124
2025-11-22T16:56:20.7311349Z ##[endgroup]
2025-11-22T16:56:20.7313283Z ##[group]GITHUB_TOKEN Permissions
2025-11-22T16:56:20.7315904Z Contents: read
2025-11-22T16:56:20.7317469Z Metadata: read
2025-11-22T16:56:20.7318325Z Packages: read
2025-11-22T16:56:20.7319428Z ##[endgroup]
2025-11-22T16:56:20.7322422Z Secret source: Actions
2025-11-22T16:56:20.7323592Z Prepare workflow directory
2025-11-22T16:56:20.8282365Z Prepare all required actions
2025-11-22T16:56:20.8391708Z Getting action download info
2025-11-22T16:56:21.2271436Z Download action repository 'actions/checkout@v3' (SHA:f43a0e5ff2bd294095638e18286ca9a3d1956744)
2025-11-22T16:56:21.3604585Z Download action repository 'actions/setup-node@v4' (SHA:49933ea5288caeca8642d1e84afbd3f7d6820020)
2025-11-22T16:56:21.5010773Z Download action repository 'Azure/static-web-apps-deploy@v1' (SHA:4d27395796ac319302594769cfe812bd207490b1)
2025-11-22T16:56:22.0765438Z Complete job name: Build and Deploy Job
2025-11-22T16:56:22.1164613Z ##[group]Build container for action use: '/home/runner/work/_actions/Azure/static-web-apps-deploy/v1/Dockerfile'.
2025-11-22T16:56:22.1216217Z ##[command]/usr/bin/docker build -t 9eb852:b3a6ebd0fc45435999ff1dc1ee4d6649 -f "/home/runner/work/_actions/Azure/static-web-apps-deploy/v1/Dockerfile" "/home/runner/work/_actions/Azure/static-web-apps-deploy/v1"
2025-11-22T16:56:26.5891810Z #0 building with "default" instance using docker driver
2025-11-22T16:56:26.5892223Z 
2025-11-22T16:56:26.5892411Z #1 [internal] load build definition from Dockerfile
2025-11-22T16:56:26.5892921Z #1 transferring dockerfile: 160B done
2025-11-22T16:56:26.5893928Z #1 DONE 0.0s
2025-11-22T16:56:26.5894388Z 
2025-11-22T16:56:26.5894857Z #2 [internal] load metadata for mcr.microsoft.com/appsvc/staticappsclient:stable
2025-11-22T16:56:26.6783333Z #2 DONE 0.2s
2025-11-22T16:56:26.8073681Z 
2025-11-22T16:56:26.8074477Z #3 [internal] load .dockerignore
2025-11-22T16:56:26.8075418Z #3 transferring context: 2B done
2025-11-22T16:56:26.8076309Z #3 DONE 0.0s
2025-11-22T16:56:26.8076751Z 
2025-11-22T16:56:26.8076968Z #4 [internal] load build context
2025-11-22T16:56:26.8077406Z #4 transferring context: 107B done
2025-11-22T16:56:26.8077799Z #4 DONE 0.0s
2025-11-22T16:56:26.8078002Z 
2025-11-22T16:56:26.8078700Z #5 [1/2] FROM mcr.microsoft.com/appsvc/staticappsclient:stable@sha256:3178a283e885dc45a0c7b4c6e9f728f0331ae7fb93de75db4181fa38651170f2
2025-11-22T16:56:26.8080592Z #5 resolve mcr.microsoft.com/appsvc/staticappsclient:stable@sha256:3178a283e885dc45a0c7b4c6e9f728f0331ae7fb93de75db4181fa38651170f2 done
2025-11-22T16:56:26.8084184Z #5 sha256:3178a283e885dc45a0c7b4c6e9f728f0331ae7fb93de75db4181fa38651170f2 2.88kB / 2.88kB done
2025-11-22T16:56:26.8085492Z #5 sha256:5d6e107a26c2ffb6e234f04132358dea70a691a64c1152f984d2f2ba0e218c58 1.05MB / 53.74MB 0.1s
2025-11-22T16:56:26.8086634Z #5 sha256:2377065f3b700cf1b5e391d26c572c8b91892dd44acd75deebdab5e403b23175 0B / 15.56MB 0.1s
2025-11-22T16:56:26.8087777Z #5 sha256:5ee26b7a209f9a26720207792b237af3e19c0efeed8695e1e630fcd0feef9230 0B / 54.75MB 0.1s
2025-11-22T16:56:26.8090117Z #5 sha256:1df8e0748f30e89b0c0477edfc706fc39242e1d6008433c0494113de267e7ca8 15.34kB / 15.34kB done
2025-11-22T16:56:27.0027092Z #5 sha256:5d6e107a26c2ffb6e234f04132358dea70a691a64c1152f984d2f2ba0e218c58 42.99MB / 53.74MB 0.3s
2025-11-22T16:56:27.0032142Z #5 sha256:2377065f3b700cf1b5e391d26c572c8b91892dd44acd75deebdab5e403b23175 15.56MB / 15.56MB 0.3s done
2025-11-22T16:56:27.0033337Z #5 sha256:5ee26b7a209f9a26720207792b237af3e19c0efeed8695e1e630fcd0feef9230 15.73MB / 54.75MB 0.3s
2025-11-22T16:56:27.0034437Z #5 sha256:41c7cd6fb37363fd1ec16dad3463ecc5820eda12c418a82b4849604252d29b88 0B / 197.07MB 0.3s
2025-11-22T16:56:27.1055797Z #5 sha256:5d6e107a26c2ffb6e234f04132358dea70a691a64c1152f984d2f2ba0e218c58 53.74MB / 53.74MB 0.4s done
2025-11-22T16:56:27.1060371Z #5 sha256:5ee26b7a209f9a26720207792b237af3e19c0efeed8695e1e630fcd0feef9230 35.93MB / 54.75MB 0.4s
2025-11-22T16:56:27.1072899Z #5 sha256:41c7cd6fb37363fd1ec16dad3463ecc5820eda12c418a82b4849604252d29b88 14.14MB / 197.07MB 0.4s
2025-11-22T16:56:27.3027692Z #5 sha256:5ee26b7a209f9a26720207792b237af3e19c0efeed8695e1e630fcd0feef9230 54.75MB / 54.75MB 0.6s done
2025-11-22T16:56:27.3053563Z #5 sha256:41c7cd6fb37363fd1ec16dad3463ecc5820eda12c418a82b4849604252d29b88 50.33MB / 197.07MB 0.6s
2025-11-22T16:56:27.3111560Z #5 extracting sha256:5d6e107a26c2ffb6e234f04132358dea70a691a64c1152f984d2f2ba0e218c58
2025-11-22T16:56:27.3112665Z #5 sha256:4f4fb700ef54461cfa02571ae0db9a0dc1e0cdb5577484a6d75e68dc38e8acc1 32B / 32B 0.5s done
2025-11-22T16:56:27.3113834Z #5 sha256:aede74d79976f9d1be608a1286cdb2ca61aad25185440263691db6a0880adadd 15.48MB / 24.46MB 0.6s
2025-11-22T16:56:27.3114975Z #5 sha256:c279a6399750ee20e802fb2c47da034ccee5eb4f3b89087f32618f10e8af074a 0B / 1.56MB 0.6s
2025-11-22T16:56:27.4040054Z #5 sha256:41c7cd6fb37363fd1ec16dad3463ecc5820eda12c418a82b4849604252d29b88 63.96MB / 197.07MB 0.7s
2025-11-22T16:56:27.4042765Z #5 sha256:aede74d79976f9d1be608a1286cdb2ca61aad25185440263691db6a0880adadd 24.46MB / 24.46MB 0.7s
2025-11-22T16:56:27.5039645Z #5 sha256:41c7cd6fb37363fd1ec16dad3463ecc5820eda12c418a82b4849604252d29b88 96.19MB / 197.07MB 0.8s
2025-11-22T16:56:27.5066976Z #5 sha256:aede74d79976f9d1be608a1286cdb2ca61aad25185440263691db6a0880adadd 24.46MB / 24.46MB 0.7s done
2025-11-22T16:56:27.5075597Z #5 sha256:c279a6399750ee20e802fb2c47da034ccee5eb4f3b89087f32618f10e8af074a 1.56MB / 1.56MB 0.7s done
2025-11-22T16:56:27.5084359Z #5 sha256:ec0af1da0a0576de654092a28624c0565c6d854216944f18159460338af43293 3.80MB / 72.99MB 0.8s
2025-11-22T16:56:27.6936857Z #5 sha256:41c7cd6fb37363fd1ec16dad3463ecc5820eda12c418a82b4849604252d29b88 116.39MB / 197.07MB 0.9s
2025-11-22T16:56:27.6951481Z #5 sha256:ec0af1da0a0576de654092a28624c0565c6d854216944f18159460338af43293 20.97MB / 72.99MB 0.9s
2025-11-22T16:56:27.6954989Z #5 sha256:351447e6e3829fac25a761f87d07dc5bfc289f38908901d05fa53aaab54dbdcd 115.52kB / 115.52kB 0.8s done
2025-11-22T16:56:27.6958802Z #5 sha256:cddc70a1cccef26d55fcf9242759c41404c305acea0b4c3a30961c99846a0a55 0B / 637.94kB 0.9s
2025-11-22T16:56:27.6964111Z #5 sha256:eec8099d3f58ba87e25216a07db18b5a0de40b6921ee61ea8ab9b4c29b53a12f 1.16MB / 1.16MB 0.9s done
2025-11-22T16:56:27.8025185Z #5 sha256:41c7cd6fb37363fd1ec16dad3463ecc5820eda12c418a82b4849604252d29b88 151.09MB / 197.07MB 1.1s
2025-11-22T16:56:27.8042900Z #5 sha256:ec0af1da0a0576de654092a28624c0565c6d854216944f18159460338af43293 59.77MB / 72.99MB 1.1s
2025-11-22T16:56:27.8044863Z #5 sha256:cddc70a1cccef26d55fcf9242759c41404c305acea0b4c3a30961c99846a0a55 637.94kB / 637.94kB 0.9s done
2025-11-22T16:56:27.8045906Z #5 sha256:36312d7930e0666f8cfc7940823ac101235e873b7cbb8b20d9481fd404095767 16.78MB / 35.20MB 1.1s
2025-11-22T16:56:27.9152213Z #5 sha256:41c7cd6fb37363fd1ec16dad3463ecc5820eda12c418a82b4849604252d29b88 166.78MB / 197.07MB 1.2s
2025-11-22T16:56:27.9153795Z #5 sha256:ec0af1da0a0576de654092a28624c0565c6d854216944f18159460338af43293 72.99MB / 72.99MB 1.2s
2025-11-22T16:56:27.9161854Z #5 sha256:36312d7930e0666f8cfc7940823ac101235e873b7cbb8b20d9481fd404095767 31.46MB / 35.20MB 1.2s
2025-11-22T16:56:28.1025063Z #5 sha256:41c7cd6fb37363fd1ec16dad3463ecc5820eda12c418a82b4849604252d29b88 197.07MB / 197.07MB 1.4s
2025-11-22T16:56:28.1026313Z #5 sha256:ec0af1da0a0576de654092a28624c0565c6d854216944f18159460338af43293 72.99MB / 72.99MB 1.2s done
2025-11-22T16:56:28.1030955Z #5 sha256:36312d7930e0666f8cfc7940823ac101235e873b7cbb8b20d9481fd404095767 35.20MB / 35.20MB 1.4s
2025-11-22T16:56:29.1040145Z #5 sha256:41c7cd6fb37363fd1ec16dad3463ecc5820eda12c418a82b4849604252d29b88 197.07MB / 197.07MB 2.4s done
2025-11-22T16:56:29.1045462Z #5 sha256:4a1fde1690fe113870084a3224c66554fc9cbd2310abb9593b0244ec21f4b76d 0B / 168B 2.4s
2025-11-22T16:56:29.1049552Z #5 sha256:8023cb51985fccd3faa4be6340cdc75b72240277850569aa974767dda5176159 0B / 168B 2.4s
2025-11-22T16:56:29.2209671Z #5 sha256:36312d7930e0666f8cfc7940823ac101235e873b7cbb8b20d9481fd404095767 35.20MB / 35.20MB 2.4s done
2025-11-22T16:56:29.2211046Z #5 sha256:4a1fde1690fe113870084a3224c66554fc9cbd2310abb9593b0244ec21f4b76d 168B / 168B 2.4s done
2025-11-22T16:56:29.2213363Z #5 sha256:8023cb51985fccd3faa4be6340cdc75b72240277850569aa974767dda5176159 168B / 168B 2.4s done
2025-11-22T16:56:29.2216354Z #5 sha256:4836a863d60df9ca0cedad0eb5e729c4a7f755449fbfbd6d4ea6443e64c990e0 10.49MB / 118.65MB 2.5s
2025-11-22T16:56:29.3354916Z #5 sha256:4836a863d60df9ca0cedad0eb5e729c4a7f755449fbfbd6d4ea6443e64c990e0 36.75MB / 118.65MB 2.6s
2025-11-22T16:56:29.4391781Z #5 sha256:4836a863d60df9ca0cedad0eb5e729c4a7f755449fbfbd6d4ea6443e64c990e0 66.06MB / 118.65MB 2.7s
2025-11-22T16:56:29.5434870Z #5 sha256:4836a863d60df9ca0cedad0eb5e729c4a7f755449fbfbd6d4ea6443e64c990e0 94.48MB / 118.65MB 2.8s
2025-11-22T16:56:29.7020938Z #5 sha256:4836a863d60df9ca0cedad0eb5e729c4a7f755449fbfbd6d4ea6443e64c990e0 118.65MB / 118.65MB 3.0s
2025-11-22T16:56:30.0524335Z #5 sha256:4836a863d60df9ca0cedad0eb5e729c4a7f755449fbfbd6d4ea6443e64c990e0 118.65MB / 118.65MB 3.2s done
2025-11-22T16:56:31.2642160Z #5 extracting sha256:5d6e107a26c2ffb6e234f04132358dea70a691a64c1152f984d2f2ba0e218c58 4.1s done
2025-11-22T16:56:31.3985697Z #5 extracting sha256:2377065f3b700cf1b5e391d26c572c8b91892dd44acd75deebdab5e403b23175 0.1s
2025-11-22T16:56:31.8635519Z #5 extracting sha256:2377065f3b700cf1b5e391d26c572c8b91892dd44acd75deebdab5e403b23175 0.4s done
2025-11-22T16:56:32.4800012Z #5 extracting sha256:5ee26b7a209f9a26720207792b237af3e19c0efeed8695e1e630fcd0feef9230
2025-11-22T16:56:34.6697499Z #5 extracting sha256:5ee26b7a209f9a26720207792b237af3e19c0efeed8695e1e630fcd0feef9230 2.0s done
2025-11-22T16:56:35.1946745Z #5 extracting sha256:41c7cd6fb37363fd1ec16dad3463ecc5820eda12c418a82b4849604252d29b88
2025-11-22T16:56:40.2638506Z #5 extracting sha256:41c7cd6fb37363fd1ec16dad3463ecc5820eda12c418a82b4849604252d29b88 5.1s
2025-11-22T16:56:40.4337197Z #5 extracting sha256:41c7cd6fb37363fd1ec16dad3463ecc5820eda12c418a82b4849604252d29b88 5.2s done
2025-11-22T16:56:42.9385348Z #5 extracting sha256:4f4fb700ef54461cfa02571ae0db9a0dc1e0cdb5577484a6d75e68dc38e8acc1
2025-11-22T16:56:43.1011947Z #5 extracting sha256:4f4fb700ef54461cfa02571ae0db9a0dc1e0cdb5577484a6d75e68dc38e8acc1 done
2025-11-22T16:56:43.1013024Z #5 extracting sha256:aede74d79976f9d1be608a1286cdb2ca61aad25185440263691db6a0880adadd 0.1s
2025-11-22T16:56:43.8414716Z #5 extracting sha256:aede74d79976f9d1be608a1286cdb2ca61aad25185440263691db6a0880adadd 0.8s done
2025-11-22T16:56:43.8416222Z #5 extracting sha256:c279a6399750ee20e802fb2c47da034ccee5eb4f3b89087f32618f10e8af074a
2025-11-22T16:56:44.1001326Z #5 extracting sha256:c279a6399750ee20e802fb2c47da034ccee5eb4f3b89087f32618f10e8af074a 0.1s done
2025-11-22T16:56:44.1002387Z #5 extracting sha256:ec0af1da0a0576de654092a28624c0565c6d854216944f18159460338af43293 0.1s
2025-11-22T16:56:45.2516797Z #5 extracting sha256:ec0af1da0a0576de654092a28624c0565c6d854216944f18159460338af43293 1.1s done
2025-11-22T16:56:45.8210127Z #5 extracting sha256:351447e6e3829fac25a761f87d07dc5bfc289f38908901d05fa53aaab54dbdcd
2025-11-22T16:56:45.9537768Z #5 extracting sha256:351447e6e3829fac25a761f87d07dc5bfc289f38908901d05fa53aaab54dbdcd done
2025-11-22T16:56:45.9539342Z #5 extracting sha256:eec8099d3f58ba87e25216a07db18b5a0de40b6921ee61ea8ab9b4c29b53a12f 0.1s done
2025-11-22T16:56:45.9540465Z #5 extracting sha256:cddc70a1cccef26d55fcf9242759c41404c305acea0b4c3a30961c99846a0a55 0.0s done
2025-11-22T16:56:46.0833720Z #5 extracting sha256:36312d7930e0666f8cfc7940823ac101235e873b7cbb8b20d9481fd404095767 0.1s
2025-11-22T16:56:46.5311837Z #5 extracting sha256:36312d7930e0666f8cfc7940823ac101235e873b7cbb8b20d9481fd404095767 0.5s done
2025-11-22T16:56:46.5313280Z #5 extracting sha256:4a1fde1690fe113870084a3224c66554fc9cbd2310abb9593b0244ec21f4b76d
2025-11-22T16:56:46.6307603Z #5 extracting sha256:4a1fde1690fe113870084a3224c66554fc9cbd2310abb9593b0244ec21f4b76d done
2025-11-22T16:56:46.6308835Z #5 extracting sha256:8023cb51985fccd3faa4be6340cdc75b72240277850569aa974767dda5176159 done
2025-11-22T16:56:46.6310121Z #5 extracting sha256:4836a863d60df9ca0cedad0eb5e729c4a7f755449fbfbd6d4ea6443e64c990e0
2025-11-22T16:56:50.4725509Z #5 extracting sha256:4836a863d60df9ca0cedad0eb5e729c4a7f755449fbfbd6d4ea6443e64c990e0 3.7s done
2025-11-22T16:56:51.8054830Z #5 DONE 25.1s
2025-11-22T16:56:51.9791391Z 
2025-11-22T16:56:51.9793106Z #6 [2/2] COPY entrypoint.sh /entrypoint.sh
2025-11-22T16:56:51.9794571Z #6 DONE 0.0s
2025-11-22T16:56:51.9794787Z 
2025-11-22T16:56:51.9794922Z #7 exporting to image
2025-11-22T16:56:51.9795278Z #7 exporting layers
2025-11-22T16:56:53.1196876Z #7 exporting layers 1.3s done
2025-11-22T16:56:53.1197635Z #7 writing image sha256:87afddf327fef7b8c41b535c3bd6c54850bf0a7f876643bea9ee837c0c8e0f35
2025-11-22T16:56:53.1454392Z #7 writing image sha256:87afddf327fef7b8c41b535c3bd6c54850bf0a7f876643bea9ee837c0c8e0f35 done
2025-11-22T16:56:53.1457240Z #7 naming to docker.io/library/9eb852:b3a6ebd0fc45435999ff1dc1ee4d6649 done
2025-11-22T16:56:53.1457950Z #7 DONE 1.3s
2025-11-22T16:56:53.1509455Z ##[endgroup]
2025-11-22T16:56:53.1746381Z ##[group]Run actions/checkout@v3
2025-11-22T16:56:53.1746929Z with:
2025-11-22T16:56:53.1747126Z   submodules: false
2025-11-22T16:56:53.1747324Z   lfs: false
2025-11-22T16:56:53.1747581Z   repository: aspepper/vitrine-de-craques-web-site
2025-11-22T16:56:53.1748009Z   token: ***
2025-11-22T16:56:53.1748200Z   ssh-strict: true
2025-11-22T16:56:53.1748407Z   persist-credentials: true
2025-11-22T16:56:53.1748627Z   clean: true
2025-11-22T16:56:53.1749083Z   sparse-checkout-cone-mode: true
2025-11-22T16:56:53.1749541Z   fetch-depth: 1
2025-11-22T16:56:53.1749805Z   fetch-tags: false
2025-11-22T16:56:53.1750150Z   set-safe-directory: true
2025-11-22T16:56:53.1750596Z env:
2025-11-22T16:56:53.1751289Z   DATABASE_URL: ***
2025-11-22T16:56:53.1751609Z   NEXTAUTH_URL: ***
2025-11-22T16:56:53.1751898Z   NEXTAUTH_SECRET: ***
2025-11-22T16:56:53.1752097Z   AUTH_TRUST_HOST: true
2025-11-22T16:56:53.1752288Z ##[endgroup]
2025-11-22T16:56:53.2695165Z Syncing repository: aspepper/vitrine-de-craques-web-site
2025-11-22T16:56:53.2697148Z ##[group]Getting Git version info
2025-11-22T16:56:53.2698052Z Working directory is '/home/runner/work/vitrine-de-craques-web-site/vitrine-de-craques-web-site'
2025-11-22T16:56:53.2699518Z [command]/usr/bin/git version
2025-11-22T16:56:53.2712620Z git version 2.51.2
2025-11-22T16:56:53.2743382Z ##[endgroup]
2025-11-22T16:56:53.2756732Z Temporarily overriding HOME='/home/runner/work/_temp/dd2f7175-9c48-4023-a6c3-d5d95c96a554' before making global git config changes
2025-11-22T16:56:53.2759392Z Adding repository directory to the temporary git global config as a safe directory
2025-11-22T16:56:53.2763458Z [command]/usr/bin/git config --global --add safe.directory /home/runner/work/vitrine-de-craques-web-site/vitrine-de-craques-web-site
2025-11-22T16:56:53.2801845Z Deleting the contents of '/home/runner/work/vitrine-de-craques-web-site/vitrine-de-craques-web-site'
2025-11-22T16:56:53.2806622Z ##[group]Initializing the repository
2025-11-22T16:56:53.2810980Z [command]/usr/bin/git init /home/runner/work/vitrine-de-craques-web-site/vitrine-de-craques-web-site
2025-11-22T16:56:53.2936716Z hint: Using 'master' as the name for the initial branch. This default branch name
2025-11-22T16:56:53.2938640Z hint: is subject to change. To configure the initial branch name to use in all
2025-11-22T16:56:53.2940729Z hint: of your new repositories, which will suppress this warning, call:
2025-11-22T16:56:53.2941379Z hint:
2025-11-22T16:56:53.2941893Z hint: 	git config --global init.defaultBranch <name>
2025-11-22T16:56:53.2944653Z hint:
2025-11-22T16:56:53.2945254Z hint: Names commonly chosen instead of 'master' are 'main', 'trunk' and
2025-11-22T16:56:53.2946175Z hint: 'development'. The just-created branch can be renamed via this command:
2025-11-22T16:56:53.2946942Z hint:
2025-11-22T16:56:53.2947337Z hint: 	git branch -m <name>
2025-11-22T16:56:53.2947795Z hint:
2025-11-22T16:56:53.2948480Z hint: Disable this message with "git config set advice.defaultBranchName false"
2025-11-22T16:56:53.2950092Z Initialized empty Git repository in /home/runner/work/vitrine-de-craques-web-site/vitrine-de-craques-web-site/.git/
2025-11-22T16:56:53.2957241Z [command]/usr/bin/git remote add origin https://github.com/aspepper/vitrine-de-craques-web-site
2025-11-22T16:56:53.2996528Z ##[endgroup]
2025-11-22T16:56:53.2997612Z ##[group]Disabling automatic garbage collection
2025-11-22T16:56:53.3000522Z [command]/usr/bin/git config --local gc.auto 0
2025-11-22T16:56:53.3031510Z ##[endgroup]
2025-11-22T16:56:53.3032438Z ##[group]Setting up auth
2025-11-22T16:56:53.3036525Z [command]/usr/bin/git config --local --name-only --get-regexp core\.sshCommand
2025-11-22T16:56:53.3073406Z [command]/usr/bin/git submodule foreach --recursive sh -c "git config --local --name-only --get-regexp 'core\.sshCommand' && git config --local --unset-all 'core.sshCommand' || :"
2025-11-22T16:56:53.3481168Z [command]/usr/bin/git config --local --name-only --get-regexp http\.https\:\/\/github\.com\/\.extraheader
2025-11-22T16:56:53.3512157Z [command]/usr/bin/git submodule foreach --recursive sh -c "git config --local --name-only --get-regexp 'http\.https\:\/\/github\.com\/\.extraheader' && git config --local --unset-all 'http.https://github.com/.extraheader' || :"
2025-11-22T16:56:53.3741800Z [command]/usr/bin/git config --local http.https://github.com/.extraheader AUTHORIZATION: basic ***
2025-11-22T16:56:53.3777196Z ##[endgroup]
2025-11-22T16:56:53.3779434Z ##[group]Fetching the repository
2025-11-22T16:56:53.3787352Z [command]/usr/bin/git -c protocol.version=2 fetch --no-tags --prune --progress --no-recurse-submodules --depth=1 origin +3df1e05ca2037d8b4e26ec65be7ed22650743952:refs/remotes/origin/main
2025-11-22T16:56:53.7911143Z remote: Enumerating objects: 844, done.        
2025-11-22T16:56:53.7916681Z remote: Counting objects:   0% (1/844)        
2025-11-22T16:56:53.7918682Z remote: Counting objects:   1% (9/844)        
2025-11-22T16:56:53.7919467Z remote: Counting objects:   2% (17/844)        
2025-11-22T16:56:53.7920056Z remote: Counting objects:   3% (26/844)        
2025-11-22T16:56:53.7920614Z remote: Counting objects:   4% (34/844)        
2025-11-22T16:56:53.7921152Z remote: Counting objects:   5% (43/844)        
2025-11-22T16:56:53.7921699Z remote: Counting objects:   6% (51/844)        
2025-11-22T16:56:53.7922219Z remote: Counting objects:   7% (60/844)        
2025-11-22T16:56:53.7922752Z remote: Counting objects:   8% (68/844)        
2025-11-22T16:56:53.7923286Z remote: Counting objects:   9% (76/844)        
2025-11-22T16:56:53.7923819Z remote: Counting objects:  10% (85/844)        
2025-11-22T16:56:53.7924352Z remote: Counting objects:  11% (93/844)        
2025-11-22T16:56:53.7924897Z remote: Counting objects:  12% (102/844)        
2025-11-22T16:56:53.7925470Z remote: Counting objects:  13% (110/844)        
2025-11-22T16:56:53.7926002Z remote: Counting objects:  14% (119/844)        
2025-11-22T16:56:53.7926530Z remote: Counting objects:  15% (127/844)        
2025-11-22T16:56:53.7927056Z remote: Counting objects:  16% (136/844)        
2025-11-22T16:56:53.7927563Z remote: Counting objects:  17% (144/844)        
2025-11-22T16:56:53.7928091Z remote: Counting objects:  18% (152/844)        
2025-11-22T16:56:53.7928940Z remote: Counting objects:  19% (161/844)        
2025-11-22T16:56:53.7929680Z remote: Counting objects:  20% (169/844)        
2025-11-22T16:56:53.7930230Z remote: Counting objects:  21% (178/844)        
2025-11-22T16:56:53.7930752Z remote: Counting objects:  22% (186/844)        
2025-11-22T16:56:53.7931265Z remote: Counting objects:  23% (195/844)        
2025-11-22T16:56:53.7931770Z remote: Counting objects:  24% (203/844)        
2025-11-22T16:56:53.7932305Z remote: Counting objects:  25% (211/844)        
2025-11-22T16:56:53.7932819Z remote: Counting objects:  26% (220/844)        
2025-11-22T16:56:53.7933343Z remote: Counting objects:  27% (228/844)        
2025-11-22T16:56:53.7933914Z remote: Counting objects:  28% (237/844)        
2025-11-22T16:56:53.7934459Z remote: Counting objects:  29% (245/844)        
2025-11-22T16:56:53.7935019Z remote: Counting objects:  30% (254/844)        
2025-11-22T16:56:53.7935571Z remote: Counting objects:  31% (262/844)        
2025-11-22T16:56:53.7936150Z remote: Counting objects:  32% (271/844)        
2025-11-22T16:56:53.7936707Z remote: Counting objects:  33% (279/844)        
2025-11-22T16:56:53.7937264Z remote: Counting objects:  34% (287/844)        
2025-11-22T16:56:53.7937808Z remote: Counting objects:  35% (296/844)        
2025-11-22T16:56:53.7938338Z remote: Counting objects:  36% (304/844)        
2025-11-22T16:56:53.7938863Z remote: Counting objects:  37% (313/844)        
2025-11-22T16:56:53.7941313Z remote: Counting objects:  38% (321/844)        
2025-11-22T16:56:53.7941868Z remote: Counting objects:  39% (330/844)        
2025-11-22T16:56:53.7942389Z remote: Counting objects:  40% (338/844)        
2025-11-22T16:56:53.7942907Z remote: Counting objects:  41% (347/844)        
2025-11-22T16:56:53.7943426Z remote: Counting objects:  42% (355/844)        
2025-11-22T16:56:53.7944191Z remote: Counting objects:  43% (363/844)        
2025-11-22T16:56:53.7944727Z remote: Counting objects:  44% (372/844)        
2025-11-22T16:56:53.7945249Z remote: Counting objects:  45% (380/844)        
2025-11-22T16:56:53.7945781Z remote: Counting objects:  46% (389/844)        
2025-11-22T16:56:53.7946310Z remote: Counting objects:  47% (397/844)        
2025-11-22T16:56:53.7946822Z remote: Counting objects:  48% (406/844)        
2025-11-22T16:56:53.7947330Z remote: Counting objects:  49% (414/844)        
2025-11-22T16:56:53.7947838Z remote: Counting objects:  50% (422/844)        
2025-11-22T16:56:53.7948362Z remote: Counting objects:  51% (431/844)        
2025-11-22T16:56:53.7949882Z remote: Counting objects:  52% (439/844)        
2025-11-22T16:56:53.7950449Z remote: Counting objects:  53% (448/844)        
2025-11-22T16:56:53.7950994Z remote: Counting objects:  54% (456/844)        
2025-11-22T16:56:53.8015001Z remote: Counting objects:  55% (465/844)        
2025-11-22T16:56:53.8015588Z remote: Counting objects:  56% (473/844)        
2025-11-22T16:56:53.8088399Z remote: Counting objects:  57% (482/844)        
2025-11-22T16:56:53.8090459Z remote: Counting objects:  58% (490/844)        
2025-11-22T16:56:53.8091391Z remote: Counting objects:  59% (498/844)        
2025-11-22T16:56:53.8091702Z remote: Counting objects:  60% (507/844)        
2025-11-22T16:56:53.8092013Z remote: Counting objects:  61% (515/844)        
2025-11-22T16:56:53.8092297Z remote: Counting objects:  62% (524/844)        
2025-11-22T16:56:53.8092818Z remote: Counting objects:  63% (532/844)        
2025-11-22T16:56:53.8093442Z remote: Counting objects:  64% (541/844)        
2025-11-22T16:56:53.8093989Z remote: Counting objects:  65% (549/844)        
2025-11-22T16:56:53.8094529Z remote: Counting objects:  66% (558/844)        
2025-11-22T16:56:53.8095062Z remote: Counting objects:  67% (566/844)        
2025-11-22T16:56:53.8095592Z remote: Counting objects:  68% (574/844)        
2025-11-22T16:56:53.8096130Z remote: Counting objects:  69% (583/844)        
2025-11-22T16:56:53.8096660Z remote: Counting objects:  70% (591/844)        
2025-11-22T16:56:53.8097191Z remote: Counting objects:  71% (600/844)        
2025-11-22T16:56:53.8097936Z remote: Counting objects:  72% (608/844)        
2025-11-22T16:56:53.8098489Z remote: Counting objects:  73% (617/844)        
2025-11-22T16:56:53.8099017Z remote: Counting objects:  74% (625/844)        
2025-11-22T16:56:53.8099712Z remote: Counting objects:  75% (633/844)        
2025-11-22T16:56:53.8100239Z remote: Counting objects:  76% (642/844)        
2025-11-22T16:56:53.8100761Z remote: Counting objects:  77% (650/844)        
2025-11-22T16:56:53.8101275Z remote: Counting objects:  78% (659/844)        
2025-11-22T16:56:53.8101802Z remote: Counting objects:  79% (667/844)        
2025-11-22T16:56:53.8102322Z remote: Counting objects:  80% (676/844)        
2025-11-22T16:56:53.8102842Z remote: Counting objects:  81% (684/844)        
2025-11-22T16:56:53.8103370Z remote: Counting objects:  82% (693/844)        
2025-11-22T16:56:53.8103885Z remote: Counting objects:  83% (701/844)        
2025-11-22T16:56:53.8104411Z remote: Counting objects:  84% (709/844)        
2025-11-22T16:56:53.8104951Z remote: Counting objects:  85% (718/844)        
2025-11-22T16:56:53.8105463Z remote: Counting objects:  86% (726/844)        
2025-11-22T16:56:53.8105979Z remote: Counting objects:  87% (735/844)        
2025-11-22T16:56:53.8106499Z remote: Counting objects:  88% (743/844)        
2025-11-22T16:56:53.8107043Z remote: Counting objects:  89% (752/844)        
2025-11-22T16:56:53.8107574Z remote: Counting objects:  90% (760/844)        
2025-11-22T16:56:53.8108098Z remote: Counting objects:  91% (769/844)        
2025-11-22T16:56:53.8108620Z remote: Counting objects:  92% (777/844)        
2025-11-22T16:56:53.8109261Z remote: Counting objects:  93% (785/844)        
2025-11-22T16:56:53.8109804Z remote: Counting objects:  94% (794/844)        
2025-11-22T16:56:53.8110528Z remote: Counting objects:  95% (802/844)        
2025-11-22T16:56:53.8111015Z remote: Counting objects:  96% (811/844)        
2025-11-22T16:56:53.8111548Z remote: Counting objects:  97% (819/844)        
2025-11-22T16:56:53.8112072Z remote: Counting objects:  98% (828/844)        
2025-11-22T16:56:53.8112586Z remote: Counting objects:  99% (836/844)        
2025-11-22T16:56:53.8113112Z remote: Counting objects: 100% (844/844)        
2025-11-22T16:56:53.8113700Z remote: Counting objects: 100% (844/844), done.        
2025-11-22T16:56:53.8114254Z remote: Compressing objects:   0% (1/674)        
2025-11-22T16:56:53.8114809Z remote: Compressing objects:   1% (7/674)        
2025-11-22T16:56:53.8115399Z remote: Compressing objects:   2% (14/674)        
2025-11-22T16:56:53.8115935Z remote: Compressing objects:   3% (21/674)        
2025-11-22T16:56:53.8116468Z remote: Compressing objects:   4% (27/674)        
2025-11-22T16:56:53.8116998Z remote: Compressing objects:   5% (34/674)        
2025-11-22T16:56:53.8117544Z remote: Compressing objects:   6% (41/674)        
2025-11-22T16:56:53.8118075Z remote: Compressing objects:   7% (48/674)        
2025-11-22T16:56:53.8118619Z remote: Compressing objects:   8% (54/674)        
2025-11-22T16:56:53.8119290Z remote: Compressing objects:   9% (61/674)        
2025-11-22T16:56:53.8119849Z remote: Compressing objects:  10% (68/674)        
2025-11-22T16:56:53.8120391Z remote: Compressing objects:  11% (75/674)        
2025-11-22T16:56:53.8120924Z remote: Compressing objects:  12% (81/674)        
2025-11-22T16:56:53.8121462Z remote: Compressing objects:  13% (88/674)        
2025-11-22T16:56:53.8122007Z remote: Compressing objects:  14% (95/674)        
2025-11-22T16:56:53.8184722Z remote: Compressing objects:  15% (102/674)        
2025-11-22T16:56:53.8199857Z remote: Compressing objects:  16% (108/674)        
2025-11-22T16:56:53.8201511Z remote: Compressing objects:  17% (115/674)        
2025-11-22T16:56:53.8202247Z remote: Compressing objects:  18% (122/674)        
2025-11-22T16:56:53.8203273Z remote: Compressing objects:  19% (129/674)        
2025-11-22T16:56:53.8204128Z remote: Compressing objects:  20% (135/674)        
2025-11-22T16:56:53.8204860Z remote: Compressing objects:  21% (142/674)        
2025-11-22T16:56:53.8205796Z remote: Compressing objects:  22% (149/674)        
2025-11-22T16:56:53.8206514Z remote: Compressing objects:  23% (156/674)        
2025-11-22T16:56:53.8479680Z remote: Compressing objects:  24% (162/674)        
2025-11-22T16:56:53.8480832Z remote: Compressing objects:  25% (169/674)        
2025-11-22T16:56:53.8481372Z remote: Compressing objects:  26% (176/674)        
2025-11-22T16:56:53.8481722Z remote: Compressing objects:  27% (182/674)        
2025-11-22T16:56:53.8482050Z remote: Compressing objects:  28% (189/674)        
2025-11-22T16:56:53.8482591Z remote: Compressing objects:  29% (196/674)        
2025-11-22T16:56:53.8483191Z remote: Compressing objects:  30% (203/674)        
2025-11-22T16:56:53.8483768Z remote: Compressing objects:  31% (209/674)        
2025-11-22T16:56:53.8484330Z remote: Compressing objects:  32% (216/674)        
2025-11-22T16:56:53.8484884Z remote: Compressing objects:  33% (223/674)        
2025-11-22T16:56:53.8485447Z remote: Compressing objects:  34% (230/674)        
2025-11-22T16:56:53.8486012Z remote: Compressing objects:  35% (236/674)        
2025-11-22T16:56:53.8698234Z remote: Compressing objects:  36% (243/674)        
2025-11-22T16:56:53.8996831Z remote: Compressing objects:  37% (250/674)        
2025-11-22T16:56:53.9186262Z remote: Compressing objects:  38% (257/674)        
2025-11-22T16:56:53.9920298Z remote: Compressing objects:  39% (263/674)        
2025-11-22T16:56:53.9928630Z remote: Compressing objects:  40% (270/674)        
2025-11-22T16:56:53.9929642Z remote: Compressing objects:  41% (277/674)        
2025-11-22T16:56:53.9931412Z remote: Compressing objects:  42% (284/674)        
2025-11-22T16:56:53.9931823Z remote: Compressing objects:  43% (290/674)        
2025-11-22T16:56:53.9932444Z remote: Compressing objects:  44% (297/674)        
2025-11-22T16:56:53.9934871Z remote: Compressing objects:  45% (304/674)        
2025-11-22T16:56:53.9935626Z remote: Compressing objects:  46% (311/674)        
2025-11-22T16:56:53.9937958Z remote: Compressing objects:  47% (317/674)        
2025-11-22T16:56:53.9938901Z remote: Compressing objects:  48% (324/674)        
2025-11-22T16:56:53.9939686Z remote: Compressing objects:  49% (331/674)        
2025-11-22T16:56:53.9940400Z remote: Compressing objects:  50% (337/674)        
2025-11-22T16:56:53.9940998Z remote: Compressing objects:  51% (344/674)        
2025-11-22T16:56:53.9941549Z remote: Compressing objects:  52% (351/674)        
2025-11-22T16:56:53.9942103Z remote: Compressing objects:  53% (358/674)        
2025-11-22T16:56:53.9942693Z remote: Compressing objects:  54% (364/674)        
2025-11-22T16:56:53.9943266Z remote: Compressing objects:  55% (371/674)        
2025-11-22T16:56:53.9943839Z remote: Compressing objects:  56% (378/674)        
2025-11-22T16:56:53.9944427Z remote: Compressing objects:  57% (385/674)        
2025-11-22T16:56:53.9944983Z remote: Compressing objects:  58% (391/674)        
2025-11-22T16:56:53.9945515Z remote: Compressing objects:  59% (398/674)        
2025-11-22T16:56:53.9946015Z remote: Compressing objects:  60% (405/674)        
2025-11-22T16:56:53.9946511Z remote: Compressing objects:  61% (412/674)        
2025-11-22T16:56:53.9947013Z remote: Compressing objects:  62% (418/674)        
2025-11-22T16:56:53.9947536Z remote: Compressing objects:  63% (425/674)        
2025-11-22T16:56:53.9948080Z remote: Compressing objects:  64% (432/674)        
2025-11-22T16:56:53.9948643Z remote: Compressing objects:  65% (439/674)        
2025-11-22T16:56:53.9949353Z remote: Compressing objects:  66% (445/674)        
2025-11-22T16:56:53.9949868Z remote: Compressing objects:  67% (452/674)        
2025-11-22T16:56:53.9950373Z remote: Compressing objects:  68% (459/674)        
2025-11-22T16:56:53.9950898Z remote: Compressing objects:  69% (466/674)        
2025-11-22T16:56:53.9951435Z remote: Compressing objects:  70% (472/674)        
2025-11-22T16:56:53.9951950Z remote: Compressing objects:  71% (479/674)        
2025-11-22T16:56:53.9952790Z remote: Compressing objects:  72% (486/674)        
2025-11-22T16:56:53.9953323Z remote: Compressing objects:  73% (493/674)        
2025-11-22T16:56:53.9953850Z remote: Compressing objects:  74% (499/674)        
2025-11-22T16:56:53.9957105Z remote: Compressing objects:  75% (506/674)        
2025-11-22T16:56:53.9958434Z remote: Compressing objects:  76% (513/674)        
2025-11-22T16:56:53.9958986Z remote: Compressing objects:  77% (519/674)        
2025-11-22T16:56:53.9959704Z remote: Compressing objects:  78% (526/674)        
2025-11-22T16:56:53.9960255Z remote: Compressing objects:  79% (533/674)        
2025-11-22T16:56:53.9960814Z remote: Compressing objects:  80% (540/674)        
2025-11-22T16:56:53.9961390Z remote: Compressing objects:  81% (546/674)        
2025-11-22T16:56:53.9961990Z remote: Compressing objects:  82% (553/674)        
2025-11-22T16:56:53.9962542Z remote: Compressing objects:  83% (560/674)        
2025-11-22T16:56:53.9963071Z remote: Compressing objects:  84% (567/674)        
2025-11-22T16:56:53.9963609Z remote: Compressing objects:  85% (573/674)        
2025-11-22T16:56:53.9964152Z remote: Compressing objects:  86% (580/674)        
2025-11-22T16:56:53.9964665Z remote: Compressing objects:  87% (587/674)        
2025-11-22T16:56:53.9965188Z remote: Compressing objects:  88% (594/674)        
2025-11-22T16:56:53.9965696Z remote: Compressing objects:  89% (600/674)        
2025-11-22T16:56:53.9966200Z remote: Compressing objects:  90% (607/674)        
2025-11-22T16:56:53.9967860Z remote: Compressing objects:  91% (614/674)        
2025-11-22T16:56:53.9968434Z remote: Compressing objects:  92% (621/674)        
2025-11-22T16:56:53.9968950Z remote: Compressing objects:  93% (627/674)        
2025-11-22T16:56:53.9969636Z remote: Compressing objects:  94% (634/674)        
2025-11-22T16:56:53.9970349Z remote: Compressing objects:  95% (641/674)        
2025-11-22T16:56:53.9970868Z remote: Compressing objects:  96% (648/674)        
2025-11-22T16:56:53.9971384Z remote: Compressing objects:  97% (654/674)        
2025-11-22T16:56:53.9971762Z remote: Compressing objects:  98% (661/674)        
2025-11-22T16:56:53.9972041Z remote: Compressing objects:  99% (668/674)        
2025-11-22T16:56:53.9972323Z remote: Compressing objects: 100% (674/674)        
2025-11-22T16:56:53.9972636Z remote: Compressing objects: 100% (674/674), done.        
2025-11-22T16:56:54.0025747Z Receiving objects:   0% (1/844)
2025-11-22T16:56:54.0494641Z Receiving objects:   1% (9/844)
2025-11-22T16:56:54.0498679Z Receiving objects:   2% (17/844)
2025-11-22T16:56:54.0513435Z Receiving objects:   3% (26/844)
2025-11-22T16:56:54.0515135Z Receiving objects:   4% (34/844)
2025-11-22T16:56:54.0517348Z Receiving objects:   5% (43/844)
2025-11-22T16:56:54.0531475Z Receiving objects:   6% (51/844)
2025-11-22T16:56:54.0536472Z Receiving objects:   7% (60/844)
2025-11-22T16:56:54.0541482Z Receiving objects:   8% (68/844)
2025-11-22T16:56:54.0553252Z Receiving objects:   9% (76/844)
2025-11-22T16:56:54.0558314Z Receiving objects:  10% (85/844)
2025-11-22T16:56:54.0562110Z Receiving objects:  11% (93/844)
2025-11-22T16:56:54.0562599Z Receiving objects:  12% (102/844)
2025-11-22T16:56:54.0563025Z Receiving objects:  13% (110/844)
2025-11-22T16:56:54.1084611Z Receiving objects:  14% (119/844)
2025-11-22T16:56:54.1691385Z Receiving objects:  15% (127/844)
2025-11-22T16:56:54.1694572Z Receiving objects:  16% (136/844)
2025-11-22T16:56:54.1708054Z Receiving objects:  17% (144/844)
2025-11-22T16:56:54.1711910Z Receiving objects:  18% (152/844)
2025-11-22T16:56:54.1716804Z Receiving objects:  19% (161/844)
2025-11-22T16:56:54.1720260Z Receiving objects:  20% (169/844)
2025-11-22T16:56:54.1722515Z Receiving objects:  21% (178/844)
2025-11-22T16:56:54.1723897Z Receiving objects:  22% (186/844)
2025-11-22T16:56:54.1725857Z Receiving objects:  23% (195/844)
2025-11-22T16:56:54.1726561Z Receiving objects:  24% (203/844)
2025-11-22T16:56:54.1728267Z Receiving objects:  25% (211/844)
2025-11-22T16:56:54.1730313Z Receiving objects:  26% (220/844)
2025-11-22T16:56:54.1731979Z Receiving objects:  27% (228/844)
2025-11-22T16:56:54.1733713Z Receiving objects:  28% (237/844)
2025-11-22T16:56:54.1735612Z Receiving objects:  29% (245/844)
2025-11-22T16:56:54.1736395Z Receiving objects:  30% (254/844)
2025-11-22T16:56:54.1760640Z Receiving objects:  31% (262/844)
2025-11-22T16:56:54.1761363Z Receiving objects:  32% (271/844)
2025-11-22T16:56:54.1763393Z Receiving objects:  33% (279/844)
2025-11-22T16:56:54.1763841Z Receiving objects:  34% (287/844)
2025-11-22T16:56:54.1764264Z Receiving objects:  35% (296/844)
2025-11-22T16:56:54.1764671Z Receiving objects:  36% (304/844)
2025-11-22T16:56:54.1772554Z Receiving objects:  37% (313/844)
2025-11-22T16:56:54.1784495Z Receiving objects:  38% (321/844)
2025-11-22T16:56:54.1793277Z Receiving objects:  39% (330/844)
2025-11-22T16:56:54.1950620Z Receiving objects:  40% (338/844)
2025-11-22T16:56:54.1954867Z Receiving objects:  41% (347/844)
2025-11-22T16:56:54.2216385Z Receiving objects:  42% (355/844)
2025-11-22T16:56:54.2226523Z Receiving objects:  43% (363/844)
2025-11-22T16:56:54.2234652Z Receiving objects:  44% (372/844)
2025-11-22T16:56:54.2241618Z Receiving objects:  45% (380/844)
2025-11-22T16:56:54.2249683Z Receiving objects:  46% (389/844)
2025-11-22T16:56:54.2255728Z Receiving objects:  47% (397/844)
2025-11-22T16:56:54.2902640Z Receiving objects:  48% (406/844)
2025-11-22T16:56:54.5108666Z Receiving objects:  49% (414/844)
2025-11-22T16:56:54.5161020Z Receiving objects:  50% (422/844), 12.68 MiB | 25.29 MiB/s
2025-11-22T16:56:55.0051032Z Receiving objects:  51% (431/844), 12.68 MiB | 25.29 MiB/s
2025-11-22T16:56:56.0051468Z Receiving objects:  51% (433/844), 45.75 MiB | 45.61 MiB/s
2025-11-22T16:56:56.1050098Z Receiving objects:  51% (434/844), 115.38 MiB | 57.60 MiB/s
2025-11-22T16:56:56.1730272Z Receiving objects:  52% (439/844), 115.38 MiB | 57.60 MiB/s
2025-11-22T16:56:56.2013149Z Receiving objects:  53% (448/844), 115.38 MiB | 57.60 MiB/s
2025-11-22T16:56:56.3051781Z Receiving objects:  54% (456/844), 115.38 MiB | 57.60 MiB/s
2025-11-22T16:56:56.5185409Z Receiving objects:  55% (465/844), 115.38 MiB | 57.60 MiB/s
2025-11-22T16:56:56.6386225Z Receiving objects:  56% (473/844), 145.43 MiB | 58.10 MiB/s
2025-11-22T16:56:56.6795223Z Receiving objects:  57% (482/844), 145.43 MiB | 58.10 MiB/s
2025-11-22T16:56:56.6934146Z Receiving objects:  58% (490/844), 145.43 MiB | 58.10 MiB/s
2025-11-22T16:56:56.7393011Z Receiving objects:  59% (498/844), 145.43 MiB | 58.10 MiB/s
2025-11-22T16:56:56.7563916Z Receiving objects:  60% (507/844), 145.43 MiB | 58.10 MiB/s
2025-11-22T16:56:56.7677850Z Receiving objects:  61% (515/844), 145.43 MiB | 58.10 MiB/s
2025-11-22T16:56:56.9833200Z Receiving objects:  62% (524/844), 145.43 MiB | 58.10 MiB/s
2025-11-22T16:56:57.0060403Z Receiving objects:  63% (532/844), 145.43 MiB | 58.10 MiB/s
2025-11-22T16:56:57.0681426Z Receiving objects:  63% (532/844), 175.14 MiB | 58.32 MiB/s
2025-11-22T16:56:57.1327250Z Receiving objects:  64% (541/844), 175.14 MiB | 58.32 MiB/s
2025-11-22T16:56:57.1890998Z Receiving objects:  65% (549/844), 175.14 MiB | 58.32 MiB/s
2025-11-22T16:56:57.1953290Z Receiving objects:  66% (558/844), 175.14 MiB | 58.32 MiB/s
2025-11-22T16:56:57.1956555Z Receiving objects:  67% (566/844), 175.14 MiB | 58.32 MiB/s
2025-11-22T16:56:57.3221458Z Receiving objects:  68% (574/844), 175.14 MiB | 58.32 MiB/s
2025-11-22T16:56:57.3223066Z Receiving objects:  69% (583/844), 175.14 MiB | 58.32 MiB/s
2025-11-22T16:56:57.3962487Z Receiving objects:  70% (591/844), 175.14 MiB | 58.32 MiB/s
2025-11-22T16:56:57.3964969Z Receiving objects:  71% (600/844), 175.14 MiB | 58.32 MiB/s
2025-11-22T16:56:57.4636464Z Receiving objects:  72% (608/844), 175.14 MiB | 58.32 MiB/s
2025-11-22T16:56:57.4665034Z Receiving objects:  73% (617/844), 175.14 MiB | 58.32 MiB/s
2025-11-22T16:56:57.4668197Z Receiving objects:  74% (625/844), 175.14 MiB | 58.32 MiB/s
2025-11-22T16:56:57.4758581Z Receiving objects:  75% (633/844), 175.14 MiB | 58.32 MiB/s
2025-11-22T16:56:57.4918331Z Receiving objects:  76% (642/844), 175.14 MiB | 58.32 MiB/s
2025-11-22T16:56:57.5361573Z Receiving objects:  77% (650/844), 175.14 MiB | 58.32 MiB/s
2025-11-22T16:56:57.5618008Z Receiving objects:  78% (659/844), 201.95 MiB | 57.65 MiB/s
2025-11-22T16:56:57.5635044Z Receiving objects:  79% (667/844), 201.95 MiB | 57.65 MiB/s
2025-11-22T16:56:57.5643626Z Receiving objects:  80% (676/844), 201.95 MiB | 57.65 MiB/s
2025-11-22T16:56:57.5670708Z Receiving objects:  81% (684/844), 201.95 MiB | 57.65 MiB/s
2025-11-22T16:56:57.5691391Z Receiving objects:  82% (693/844), 201.95 MiB | 57.65 MiB/s
2025-11-22T16:56:57.5694738Z Receiving objects:  83% (701/844), 201.95 MiB | 57.65 MiB/s
2025-11-22T16:56:57.5698301Z Receiving objects:  84% (709/844), 201.95 MiB | 57.65 MiB/s
2025-11-22T16:56:57.5703574Z Receiving objects:  85% (718/844), 201.95 MiB | 57.65 MiB/s
2025-11-22T16:56:57.5748686Z Receiving objects:  86% (726/844), 201.95 MiB | 57.65 MiB/s
2025-11-22T16:56:57.5753196Z Receiving objects:  87% (735/844), 201.95 MiB | 57.65 MiB/s
2025-11-22T16:56:57.5759570Z Receiving objects:  88% (743/844), 201.95 MiB | 57.65 MiB/s
2025-11-22T16:56:57.5778736Z Receiving objects:  89% (752/844), 201.95 MiB | 57.65 MiB/s
2025-11-22T16:56:57.5785311Z Receiving objects:  90% (760/844), 201.95 MiB | 57.65 MiB/s
2025-11-22T16:56:57.5796005Z Receiving objects:  91% (769/844), 201.95 MiB | 57.65 MiB/s
2025-11-22T16:56:57.5803702Z Receiving objects:  92% (777/844), 201.95 MiB | 57.65 MiB/s
2025-11-22T16:56:57.5810347Z Receiving objects:  93% (785/844), 201.95 MiB | 57.65 MiB/s
2025-11-22T16:56:57.6173017Z Receiving objects:  94% (794/844), 201.95 MiB | 57.65 MiB/s
2025-11-22T16:56:57.6179498Z Receiving objects:  95% (802/844), 201.95 MiB | 57.65 MiB/s
2025-11-22T16:56:57.6181421Z Receiving objects:  96% (811/844), 201.95 MiB | 57.65 MiB/s
2025-11-22T16:56:57.6932171Z Receiving objects:  97% (819/844), 201.95 MiB | 57.65 MiB/s
2025-11-22T16:56:57.9062677Z Receiving objects:  98% (828/844), 201.95 MiB | 57.65 MiB/s
2025-11-22T16:56:57.9595453Z Receiving objects:  99% (836/844), 201.95 MiB | 57.65 MiB/s
2025-11-22T16:56:57.9597205Z remote: Total 844 (delta 107), reused 687 (delta 74), pack-reused 0 (from 0)        
2025-11-22T16:56:57.9613148Z Receiving objects: 100% (844/844), 201.95 MiB | 57.65 MiB/s
2025-11-22T16:56:57.9614082Z Receiving objects: 100% (844/844), 226.95 MiB | 57.31 MiB/s, done.
2025-11-22T16:56:57.9629652Z Resolving deltas:   0% (0/107)
2025-11-22T16:56:57.9630866Z Resolving deltas:   2% (3/107)
2025-11-22T16:56:57.9633273Z Resolving deltas:   3% (4/107)
2025-11-22T16:56:57.9633706Z Resolving deltas:   4% (5/107)
2025-11-22T16:56:57.9636184Z Resolving deltas:   5% (6/107)
2025-11-22T16:56:57.9636752Z Resolving deltas:   6% (7/107)
2025-11-22T16:56:57.9637314Z Resolving deltas:   7% (8/107)
2025-11-22T16:56:57.9637851Z Resolving deltas:   8% (9/107)
2025-11-22T16:56:57.9638399Z Resolving deltas:   9% (10/107)
2025-11-22T16:56:57.9638955Z Resolving deltas:  10% (11/107)
2025-11-22T16:56:57.9642148Z Resolving deltas:  11% (12/107)
2025-11-22T16:56:57.9642744Z Resolving deltas:  12% (13/107)
2025-11-22T16:56:57.9643360Z Resolving deltas:  13% (14/107)
2025-11-22T16:56:57.9643877Z Resolving deltas:  14% (15/107)
2025-11-22T16:56:57.9648811Z Resolving deltas:  15% (17/107)
2025-11-22T16:56:57.9649617Z Resolving deltas:  16% (18/107)
2025-11-22T16:56:57.9650127Z Resolving deltas:  17% (19/107)
2025-11-22T16:56:57.9650591Z Resolving deltas:  18% (20/107)
2025-11-22T16:56:57.9651174Z Resolving deltas:  19% (21/107)
2025-11-22T16:56:57.9651687Z Resolving deltas:  20% (22/107)
2025-11-22T16:56:57.9652185Z Resolving deltas:  21% (23/107)
2025-11-22T16:56:57.9652665Z Resolving deltas:  22% (24/107)
2025-11-22T16:56:57.9653158Z Resolving deltas:  23% (25/107)
2025-11-22T16:56:57.9653648Z Resolving deltas:  24% (26/107)
2025-11-22T16:56:57.9654066Z Resolving deltas:  25% (27/107)
2025-11-22T16:56:57.9680923Z Resolving deltas:  26% (28/107)
2025-11-22T16:56:57.9681363Z Resolving deltas:  27% (29/107)
2025-11-22T16:56:57.9681908Z Resolving deltas:  28% (30/107)
2025-11-22T16:56:57.9682691Z Resolving deltas:  29% (32/107)
2025-11-22T16:56:57.9683173Z Resolving deltas:  30% (33/107)
2025-11-22T16:56:57.9683641Z Resolving deltas:  31% (34/107)
2025-11-22T16:56:57.9684106Z Resolving deltas:  32% (35/107)
2025-11-22T16:56:57.9684565Z Resolving deltas:  33% (36/107)
2025-11-22T16:56:57.9685031Z Resolving deltas:  34% (37/107)
2025-11-22T16:56:57.9685491Z Resolving deltas:  35% (38/107)
2025-11-22T16:56:57.9685959Z Resolving deltas:  36% (39/107)
2025-11-22T16:56:57.9686427Z Resolving deltas:  37% (40/107)
2025-11-22T16:56:57.9686886Z Resolving deltas:  38% (41/107)
2025-11-22T16:56:57.9687353Z Resolving deltas:  39% (42/107)
2025-11-22T16:56:57.9879621Z Resolving deltas:  40% (43/107)
2025-11-22T16:56:58.0060974Z Resolving deltas:  41% (44/107)
2025-11-22T16:56:58.0202219Z Resolving deltas:  42% (45/107)
2025-11-22T16:56:58.0260389Z Resolving deltas:  43% (47/107)
2025-11-22T16:56:58.0301104Z Resolving deltas:  44% (48/107)
2025-11-22T16:56:58.0365292Z Resolving deltas:  45% (49/107)
2025-11-22T16:56:58.0367833Z Resolving deltas:  46% (50/107)
2025-11-22T16:56:58.0415312Z Resolving deltas:  47% (51/107)
2025-11-22T16:56:58.0440007Z Resolving deltas:  48% (52/107)
2025-11-22T16:56:58.0567182Z Resolving deltas:  49% (53/107)
2025-11-22T16:56:58.0691076Z Resolving deltas:  50% (54/107)
2025-11-22T16:56:58.0728527Z Resolving deltas:  51% (55/107)
2025-11-22T16:56:58.0852342Z Resolving deltas:  52% (56/107)
2025-11-22T16:56:58.0872022Z Resolving deltas:  53% (57/107)
2025-11-22T16:56:58.1066498Z Resolving deltas:  54% (58/107)
2025-11-22T16:56:58.1118223Z Resolving deltas:  55% (59/107)
2025-11-22T16:56:58.1120554Z Resolving deltas:  56% (60/107)
2025-11-22T16:56:58.1122067Z Resolving deltas:  57% (61/107)
2025-11-22T16:56:58.1122929Z Resolving deltas:  58% (63/107)
2025-11-22T16:56:58.1124364Z Resolving deltas:  59% (64/107)
2025-11-22T16:56:58.1171320Z Resolving deltas:  60% (65/107)
2025-11-22T16:56:58.1189955Z Resolving deltas:  61% (66/107)
2025-11-22T16:56:58.1201940Z Resolving deltas:  62% (67/107)
2025-11-22T16:56:58.1213938Z Resolving deltas:  63% (68/107)
2025-11-22T16:56:58.1222584Z Resolving deltas:  64% (69/107)
2025-11-22T16:56:58.1229651Z Resolving deltas:  65% (70/107)
2025-11-22T16:56:58.1236457Z Resolving deltas:  66% (71/107)
2025-11-22T16:56:58.1242552Z Resolving deltas:  67% (72/107)
2025-11-22T16:56:58.1257238Z Resolving deltas:  68% (73/107)
2025-11-22T16:56:58.1269980Z Resolving deltas:  69% (74/107)
2025-11-22T16:56:58.1289643Z Resolving deltas:  70% (75/107)
2025-11-22T16:56:58.1290391Z Resolving deltas:  71% (76/107)
2025-11-22T16:56:58.1296020Z Resolving deltas:  72% (78/107)
2025-11-22T16:56:58.1302236Z Resolving deltas:  73% (79/107)
2025-11-22T16:56:58.1312984Z Resolving deltas:  74% (80/107)
2025-11-22T16:56:58.1317845Z Resolving deltas:  75% (81/107)
2025-11-22T16:56:58.1340642Z Resolving deltas:  76% (82/107)
2025-11-22T16:56:58.1341080Z Resolving deltas:  77% (83/107)
2025-11-22T16:56:58.1344962Z Resolving deltas:  78% (84/107)
2025-11-22T16:56:58.1357672Z Resolving deltas:  79% (85/107)
2025-11-22T16:56:58.1371259Z Resolving deltas:  80% (86/107)
2025-11-22T16:56:58.1375163Z Resolving deltas:  81% (87/107)
2025-11-22T16:56:58.1382169Z Resolving deltas:  82% (88/107)
2025-11-22T16:56:58.1393171Z Resolving deltas:  83% (89/107)
2025-11-22T16:56:58.1410387Z Resolving deltas:  84% (90/107)
2025-11-22T16:56:58.1414579Z Resolving deltas:  85% (91/107)
2025-11-22T16:56:58.1440344Z Resolving deltas:  86% (93/107)
2025-11-22T16:56:58.1440996Z Resolving deltas:  87% (94/107)
2025-11-22T16:56:58.1441630Z Resolving deltas:  88% (95/107)
2025-11-22T16:56:58.1442161Z Resolving deltas:  89% (96/107)
2025-11-22T16:56:58.1442558Z Resolving deltas:  90% (97/107)
2025-11-22T16:56:58.1442936Z Resolving deltas:  91% (98/107)
2025-11-22T16:56:58.1452157Z Resolving deltas:  92% (99/107)
2025-11-22T16:56:58.1457083Z Resolving deltas:  93% (100/107)
2025-11-22T16:56:58.2472355Z Resolving deltas:  94% (101/107)
2025-11-22T16:56:58.2853279Z Resolving deltas:  95% (102/107)
2025-11-22T16:56:58.3070895Z Resolving deltas:  96% (103/107)
2025-11-22T16:56:58.3177306Z Resolving deltas:  97% (104/107)
2025-11-22T16:56:58.3473089Z Resolving deltas:  98% (105/107)
2025-11-22T16:56:58.3710593Z Resolving deltas:  99% (106/107)
2025-11-22T16:56:58.3724158Z Resolving deltas: 100% (107/107)
2025-11-22T16:56:58.3724600Z Resolving deltas: 100% (107/107), done.
2025-11-22T16:56:59.1913700Z From https://github.com/aspepper/vitrine-de-craques-web-site
2025-11-22T16:56:59.1917688Z  * [new ref]         3df1e05ca2037d8b4e26ec65be7ed22650743952 -> origin/main
2025-11-22T16:56:59.1953096Z ##[endgroup]
2025-11-22T16:56:59.1953696Z ##[group]Determining the checkout info
2025-11-22T16:56:59.1954332Z ##[endgroup]
2025-11-22T16:56:59.1954866Z ##[group]Checking out the ref
2025-11-22T16:56:59.1961047Z [command]/usr/bin/git checkout --progress --force -B main refs/remotes/origin/main
2025-11-22T16:57:00.0655329Z Switched to a new branch 'main'
2025-11-22T16:57:00.0657807Z branch 'main' set up to track 'origin/main'.
2025-11-22T16:57:00.0759752Z ##[endgroup]
2025-11-22T16:57:00.0798868Z [command]/usr/bin/git log -1 --format='%H'
2025-11-22T16:57:00.0821909Z '3df1e05ca2037d8b4e26ec65be7ed22650743952'
2025-11-22T16:57:00.1032130Z ##[group]Run actions/setup-node@v4
2025-11-22T16:57:00.1032399Z with:
2025-11-22T16:57:00.1032582Z   node-version: 20
2025-11-22T16:57:00.1032772Z   cache: npm
2025-11-22T16:57:00.1032949Z   always-auth: false
2025-11-22T16:57:00.1033144Z   check-latest: false
2025-11-22T16:57:00.1033456Z   token: ***
2025-11-22T16:57:00.1033629Z env:
2025-11-22T16:57:00.1034292Z   DATABASE_URL: ***
2025-11-22T16:57:00.1034599Z   NEXTAUTH_URL: ***
2025-11-22T16:57:00.1034884Z   NEXTAUTH_SECRET: ***
2025-11-22T16:57:00.1035083Z   AUTH_TRUST_HOST: true
2025-11-22T16:57:00.1035277Z ##[endgroup]
2025-11-22T16:57:00.2881067Z Found in cache @ /opt/hostedtoolcache/node/20.19.5/x64
2025-11-22T16:57:00.2882155Z ##[group]Environment details
2025-11-22T16:57:02.2630799Z node: v20.19.5
2025-11-22T16:57:02.2631671Z npm: 10.8.2
2025-11-22T16:57:02.2632448Z yarn: 1.22.22
2025-11-22T16:57:02.2633646Z ##[endgroup]
2025-11-22T16:57:02.2668874Z [command]/opt/hostedtoolcache/node/20.19.5/x64/bin/npm config get cache
2025-11-22T16:57:02.5117903Z /home/runner/.npm
2025-11-22T16:57:02.8379491Z Cache hit for: node-cache-Linux-x64-npm-7a37f00dbb49b213ff9469b7d87cb9481db306262f95e4f112cc6aec83ba8a27
2025-11-22T16:57:04.1250263Z Received 12582912 of 256886524 (4.9%), 12.0 MBs/sec
2025-11-22T16:57:05.1257014Z Received 134217728 of 256886524 (52.2%), 63.9 MBs/sec
2025-11-22T16:57:06.1386006Z Received 256886524 of 256886524 (100.0%), 81.3 MBs/sec
2025-11-22T16:57:06.1387161Z Cache Size: ~245 MB (256886524 B)
2025-11-22T16:57:06.1418413Z [command]/usr/bin/tar -xf /home/runner/work/_temp/e46f6599-b908-4042-b28b-141a58cb7105/cache.tzst -P -C /home/runner/work/vitrine-de-craques-web-site/vitrine-de-craques-web-site --use-compress-program unzstd
2025-11-22T16:57:07.1330356Z Cache restored successfully
2025-11-22T16:57:07.1827890Z Cache restored from key: node-cache-Linux-x64-npm-7a37f00dbb49b213ff9469b7d87cb9481db306262f95e4f112cc6aec83ba8a27
2025-11-22T16:57:07.2001452Z ##[group]Run npm ci
2025-11-22T16:57:07.2001732Z [36;1mnpm ci[0m
2025-11-22T16:57:07.2046365Z shell: /usr/bin/bash -e {0}
2025-11-22T16:57:07.2046617Z env:
2025-11-22T16:57:07.2047393Z   DATABASE_URL: ***
2025-11-22T16:57:07.2047713Z   NEXTAUTH_URL: ***
2025-11-22T16:57:07.2048009Z   NEXTAUTH_SECRET: ***
2025-11-22T16:57:07.2048217Z   AUTH_TRUST_HOST: true
2025-11-22T16:57:07.2048417Z ##[endgroup]
2025-11-22T16:57:16.7440953Z npm warn deprecated inflight@1.0.6: This module is not supported, and leaks memory. Do not use it. Check out lru-cache if you want a good and tested way to coalesce async requests by a key value, which is much more comprehensive and powerful.
2025-11-22T16:57:17.0436034Z npm warn deprecated @humanwhocodes/config-array@0.13.0: Use @eslint/config-array instead
2025-11-22T16:57:17.0699508Z npm warn deprecated rimraf@3.0.2: Rimraf versions prior to v4 are no longer supported
2025-11-22T16:57:17.2781110Z npm warn deprecated @humanwhocodes/object-schema@2.0.3: Use @eslint/object-schema instead
2025-11-22T16:57:17.2893612Z npm warn deprecated glob@7.2.3: Glob versions prior to v9 are no longer supported
2025-11-22T16:57:21.3022358Z npm warn deprecated eslint@8.57.1: This version is no longer supported. Please see https://eslint.org/version-support for other options.
2025-11-22T16:57:21.6818572Z npm warn deprecated fluent-ffmpeg@2.1.3: Package no longer supported. Contact Support at https://www.npmjs.com/support for more info.
2025-11-22T16:57:36.8762095Z 
2025-11-22T16:57:36.8762842Z > vitrine-de-craques-web-site@0.1.0 postinstall
2025-11-22T16:57:36.8763544Z > npx prisma generate
2025-11-22T16:57:36.8763799Z 
2025-11-22T16:57:38.2342663Z Prisma schema loaded from prisma/schema.prisma
2025-11-22T16:57:39.1713874Z ┌─────────────────────────────────────────────────────────┐
2025-11-22T16:57:39.1752519Z │  Update available 6.16.2 -> 7.0.0                       │
2025-11-22T16:57:39.1753673Z │                                                         │
2025-11-22T16:57:39.1754710Z │  This is a major update - please follow the guide at    │
2025-11-22T16:57:39.1755806Z │  https://pris.ly/d/major-version-upgrade                │
2025-11-22T16:57:39.1756772Z │                                                         │
2025-11-22T16:57:39.1760211Z │  Run the following to update                            │
2025-11-22T16:57:39.1765690Z │    npm i --save-dev prisma@latest                       │
2025-11-22T16:57:39.1766533Z │    npm i @prisma/client@latest                          │
2025-11-22T16:57:39.1767404Z └─────────────────────────────────────────────────────────┘
2025-11-22T16:57:39.1774120Z 
2025-11-22T16:57:39.1776848Z ✔ Generated Prisma Client (v6.16.2) to ./node_modules/@prisma/client in 420ms
2025-11-22T16:57:39.1779047Z 
2025-11-22T16:57:39.1780621Z Start by importing your Prisma Client (See: https://pris.ly/d/importing-client)
2025-11-22T16:57:39.1782823Z 
2025-11-22T16:57:39.1800125Z Tip: Want to turn off tips and other hints? https://pris.ly/tip-4-nohints
2025-11-22T16:57:39.1800666Z 
2025-11-22T16:57:39.2051270Z 
2025-11-22T16:57:39.2053085Z > vitrine-de-craques-web-site@0.1.0 prepare
2025-11-22T16:57:39.2056646Z > husky install
2025-11-22T16:57:39.2056878Z 
2025-11-22T16:57:39.2642433Z husky - Git hooks installed
2025-11-22T16:57:39.2832353Z 
2025-11-22T16:57:39.2833415Z added 832 packages, and audited 833 packages in 32s
2025-11-22T16:57:39.2834496Z 
2025-11-22T16:57:39.2835063Z 195 packages are looking for funding
2025-11-22T16:57:39.2835612Z   run `npm fund` for details
2025-11-22T16:57:39.3445068Z 
2025-11-22T16:57:39.3445921Z 8 vulnerabilities (2 low, 3 moderate, 3 high)
2025-11-22T16:57:39.3446344Z 
2025-11-22T16:57:39.3447088Z To address issues that do not require attention, run:
2025-11-22T16:57:39.3447690Z   npm audit fix
2025-11-22T16:57:39.3447912Z 
2025-11-22T16:57:39.3448319Z To address all issues (including breaking changes), run:
2025-11-22T16:57:39.3448933Z   npm audit fix --force
2025-11-22T16:57:39.3449414Z 
2025-11-22T16:57:39.3450188Z Run `npm audit` for details.
2025-11-22T16:57:39.4546584Z ##[group]Run npm run build
2025-11-22T16:57:39.4546889Z [36;1mnpm run build[0m
2025-11-22T16:57:39.4611134Z shell: /usr/bin/bash -e {0}
2025-11-22T16:57:39.4611396Z env:
2025-11-22T16:57:39.4612417Z   DATABASE_URL: ***
2025-11-22T16:57:39.4612817Z   NEXTAUTH_URL: ***
2025-11-22T16:57:39.4613162Z   NEXTAUTH_SECRET: ***
2025-11-22T16:57:39.4613404Z   AUTH_TRUST_HOST: true
2025-11-22T16:57:39.4613636Z ##[endgroup]
2025-11-22T16:57:39.5759752Z 
2025-11-22T16:57:39.5761760Z > vitrine-de-craques-web-site@0.1.0 build
2025-11-22T16:57:39.5763713Z > npx prisma generate && next build
2025-11-22T16:57:39.5765199Z 
2025-11-22T16:57:40.9573420Z Prisma schema loaded from prisma/schema.prisma
2025-11-22T16:57:41.8765871Z 
2025-11-22T16:57:41.8767143Z ✔ Generated Prisma Client (v6.16.2) to ./node_modules/@prisma/client in 390ms
2025-11-22T16:57:41.8767738Z 
2025-11-22T16:57:41.8768356Z Start by importing your Prisma Client (See: https://pris.ly/d/importing-client)
2025-11-22T16:57:41.8769406Z 
2025-11-22T16:57:41.8770330Z Tip: Interested in query caching in just a few lines of code? Try Accelerate today! https://pris.ly/tip-3-accelerate
2025-11-22T16:57:41.8770970Z 
2025-11-22T16:57:42.4197682Z ⚠ No build cache found. Please configure build caching for faster rebuilds. Read more: https://nextjs.org/docs/messages/no-cache
2025-11-22T16:57:42.4277741Z Attention: Next.js now collects completely anonymous telemetry regarding usage.
2025-11-22T16:57:42.4280016Z This information is used to shape Next.js' roadmap and prioritize features.
2025-11-22T16:57:42.4281697Z You can learn more, including how to opt-out if you'd not like to participate in this anonymous program, by visiting the following URL:
2025-11-22T16:57:42.4289532Z https://nextjs.org/telemetry
2025-11-22T16:57:42.4289873Z 
2025-11-22T16:57:42.4886596Z   ▲ Next.js 14.2.33
2025-11-22T16:57:42.4889586Z 
2025-11-22T16:57:42.5539866Z    Creating an optimized production build ...
2025-11-22T16:58:23.4351546Z  ⚠ Compiled with warnings
2025-11-22T16:58:23.4351909Z 
2025-11-22T16:58:23.4352248Z ./node_modules/@ffmpeg-installer/ffmpeg/index.js
2025-11-22T16:58:23.4353046Z Critical dependency: the request of a dependency is an expression
2025-11-22T16:58:23.4353503Z 
2025-11-22T16:58:23.4363843Z Import trace for requested module:
2025-11-22T16:58:23.4376346Z ./node_modules/@ffmpeg-installer/ffmpeg/index.js
2025-11-22T16:58:23.4376953Z ./app/api/videos/route.ts
2025-11-22T16:58:23.4377216Z 
2025-11-22T16:58:23.4377532Z ./node_modules/fluent-ffmpeg/lib/options/misc.js
2025-11-22T16:58:23.4378329Z Critical dependency: the request of a dependency is an expression
2025-11-22T16:58:23.4378757Z 
2025-11-22T16:58:23.4378990Z Import trace for requested module:
2025-11-22T16:58:23.4379771Z ./node_modules/fluent-ffmpeg/lib/options/misc.js
2025-11-22T16:58:23.4380416Z ./node_modules/fluent-ffmpeg/lib/fluent-ffmpeg.js
2025-11-22T16:58:23.4380996Z ./node_modules/fluent-ffmpeg/index.js
2025-11-22T16:58:23.4381487Z ./app/api/videos/route.ts
2025-11-22T16:58:23.4381737Z 
2025-11-22T16:58:38.5169817Z  ✓ Compiled successfully
2025-11-22T16:58:38.5177972Z    Linting and checking validity of types ...
2025-11-22T16:58:57.5260638Z    Collecting page data ...
2025-11-22T16:58:58.5163448Z FFmpeg installer package not available. Falling back to system ffmpeg binary. O pacote opcional @ffmpeg-installer/ffmpeg não foi instalado para esta plataforma. Certifique-se de ter o FFmpeg disponível no sistema ou defina a variável FFMPEG_PATH.
2025-11-22T16:59:00.7428376Z    Generating static pages (0/57) ...
2025-11-22T16:59:01.9438981Z    Generating static pages (14/57) 
2025-11-22T16:59:04.9128174Z    Generating static pages (28/57) 
2025-11-22T16:59:05.5445938Z    Generating static pages (42/57) 
2025-11-22T16:59:06.5706280Z  ✓ Generating static pages (57/57)
2025-11-22T16:59:07.5137508Z    Finalizing page optimization ...
2025-11-22T16:59:07.5140527Z    Collecting build traces ...
2025-11-22T16:59:27.0072850Z 
2025-11-22T16:59:27.0169603Z Route (app)                                      Size     First Load JS
2025-11-22T16:59:27.0171097Z ┌ ƒ /                                            1.33 kB         103 kB
2025-11-22T16:59:27.0173535Z ├ ƒ /_not-found                                  876 B          88.2 kB
2025-11-22T16:59:27.0174531Z ├ ƒ /administrator                               155 B          87.5 kB
2025-11-22T16:59:27.0175504Z ├ ƒ /administrator/clubes                        6.28 kB         117 kB
2025-11-22T16:59:27.0176556Z ├ ƒ /administrator/users                         5.58 kB         111 kB
2025-11-22T16:59:27.0177615Z ├ ƒ /administrator/videos                        5.33 kB         110 kB
2025-11-22T16:59:27.0178604Z ├ ƒ /agentes                                     2.7 kB         98.7 kB
2025-11-22T16:59:27.0179722Z ├ ƒ /agentes/[id]                                1.73 kB         117 kB
2025-11-22T16:59:27.0180627Z ├ ƒ /api/admin/clubes                            0 B                0 B
2025-11-22T16:59:27.0181828Z ├ ƒ /api/admin/clubes/[id]                       0 B                0 B
2025-11-22T16:59:27.0182710Z ├ ƒ /api/admin/summary                           0 B                0 B
2025-11-22T16:59:27.0183590Z ├ ƒ /api/admin/users                             0 B                0 B
2025-11-22T16:59:27.0184502Z ├ ƒ /api/admin/users/[userId]/block              0 B                0 B
2025-11-22T16:59:27.0185409Z ├ ƒ /api/admin/videos                            0 B                0 B
2025-11-22T16:59:27.0186335Z ├ ƒ /api/admin/videos/[videoId]/appeal-response  0 B                0 B
2025-11-22T16:59:27.0188005Z ├ ƒ /api/admin/videos/[videoId]/block            0 B                0 B
2025-11-22T16:59:27.0188834Z ├ ƒ /api/agentes                                 0 B                0 B
2025-11-22T16:59:27.0189929Z ├ ƒ /api/agentes/[id]                            0 B                0 B
2025-11-22T16:59:27.0190811Z ├ ƒ /api/atletas                                 0 B                0 B
2025-11-22T16:59:27.0191671Z ├ ƒ /api/atletas/[id]                            0 B                0 B
2025-11-22T16:59:27.0192532Z ├ ƒ /api/auth/[...nextauth]                      0 B                0 B
2025-11-22T16:59:27.0193395Z ├ ƒ /api/blocks/[targetUserId]                   0 B                0 B
2025-11-22T16:59:27.0194270Z ├ ƒ /api/clubes                                  0 B                0 B
2025-11-22T16:59:27.0195064Z ├ ƒ /api/clubes/[slug]                           0 B                0 B
2025-11-22T16:59:27.0195931Z ├ ƒ /api/confederacoes                           0 B                0 B
2025-11-22T16:59:27.0196747Z ├ ƒ /api/confederacoes/[slug]                    0 B                0 B
2025-11-22T16:59:27.0197541Z ├ ƒ /api/db-check                                0 B                0 B
2025-11-22T16:59:27.0198306Z ├ ƒ /api/env                                     0 B                0 B
2025-11-22T16:59:27.0199082Z ├ ƒ /api/follows/[targetUserId]                  0 B                0 B
2025-11-22T16:59:27.0200122Z ├ ƒ /api/games                                   0 B                0 B
2025-11-22T16:59:27.0200881Z ├ ƒ /api/games/[slug]                            0 B                0 B
2025-11-22T16:59:27.0201709Z ├ ƒ /api/games/[slug]/comments                   0 B                0 B
2025-11-22T16:59:27.0202520Z ├ ƒ /api/games/[slug]/engagement                 0 B                0 B
2025-11-22T16:59:27.0203305Z ├ ƒ /api/health                                  0 B                0 B
2025-11-22T16:59:27.0204129Z ├ ƒ /api/messages                                0 B                0 B
2025-11-22T16:59:27.0204883Z ├ ƒ /api/messages/unread-count                   0 B                0 B
2025-11-22T16:59:27.0205617Z ├ ƒ /api/news                                    0 B                0 B
2025-11-22T16:59:27.0206388Z ├ ƒ /api/news/[id]                               0 B                0 B
2025-11-22T16:59:27.0207149Z ├ ƒ /api/news/cover                              0 B                0 B
2025-11-22T16:59:27.0207941Z ├ ƒ /api/noticias                                0 B                0 B
2025-11-22T16:59:27.0208976Z ├ ƒ /api/noticias/[slug]                         0 B                0 B
2025-11-22T16:59:27.0210906Z ├ ƒ /api/noticias/[slug]/comments                0 B                0 B
2025-11-22T16:59:27.0211846Z ├ ƒ /api/noticias/[slug]/engagement              0 B                0 B
2025-11-22T16:59:27.0212738Z ├ ƒ /api/pg-check                                0 B                0 B
2025-11-22T16:59:27.0213543Z ├ ƒ /api/profile                                 0 B                0 B
2025-11-22T16:59:27.0214392Z ├ ƒ /api/profile/avatar                          0 B                0 B
2025-11-22T16:59:27.0215312Z ├ ƒ /api/profile/personal-info                   0 B                0 B
2025-11-22T16:59:27.0216207Z ├ ƒ /api/register                                0 B                0 B
2025-11-22T16:59:27.0217071Z ├ ƒ /api/register/atleta-18                      0 B                0 B
2025-11-22T16:59:27.0217983Z ├ ƒ /api/register/clube                          0 B                0 B
2025-11-22T16:59:27.0219383Z ├ ƒ /api/register/de-agentes-licenciados         0 B                0 B
2025-11-22T16:59:27.0220472Z ├ ƒ /api/register/imprensa-jornalistablogueiro   0 B                0 B
2025-11-22T16:59:27.0221444Z ├ ƒ /api/register/responsavel                    0 B                0 B
2025-11-22T16:59:27.0222344Z ├ ƒ /api/register/responsavel/documents          0 B                0 B
2025-11-22T16:59:27.0223233Z ├ ƒ /api/register/torcedor                       0 B                0 B
2025-11-22T16:59:27.0224031Z ├ ○ /api/times                                   0 B                0 B
2025-11-22T16:59:27.0224802Z ├ ƒ /api/videos                                  0 B                0 B
2025-11-22T16:59:27.0225594Z ├ ƒ /api/videos/[id]                             0 B                0 B
2025-11-22T16:59:27.0226397Z ├ ƒ /api/videos/[id]/appeal                      0 B                0 B
2025-11-22T16:59:27.0227224Z ├ ƒ /api/videos/[id]/comments                    0 B                0 B
2025-11-22T16:59:27.0228094Z ├ ƒ /api/videos/proxy                            0 B                0 B
2025-11-22T16:59:27.0228924Z ├ ƒ /arquibancada                                4.47 kB        98.6 kB
2025-11-22T16:59:27.0229851Z ├ ƒ /atletas                                     4.48 kB         107 kB
2025-11-22T16:59:27.0230605Z ├ ƒ /atletas/[id]                                6.98 kB         136 kB
2025-11-22T16:59:27.0231366Z ├ ƒ /cadastro                                    2.21 kB         129 kB
2025-11-22T16:59:27.0232158Z ├ ƒ /cadastro/[slug]                             2.92 kB         121 kB
2025-11-22T16:59:27.0232966Z ├ ƒ /cadastro/atleta-18                          3.78 kB         136 kB
2025-11-22T16:59:27.0233790Z ├ ƒ /cadastro/clube                              3.91 kB         137 kB
2025-11-22T16:59:27.0234621Z ├ ƒ /cadastro/de-agentes-licenciados             3.91 kB         137 kB
2025-11-22T16:59:27.0235518Z ├ ƒ /cadastro/imprensa-jornalistablogueiro       4.07 kB         137 kB
2025-11-22T16:59:27.0236448Z ├ ƒ /cadastro/responsavel                        4.1 kB          137 kB
2025-11-22T16:59:27.0237375Z ├ ƒ /cadastro/responsavel/uploads                3.58 kB         136 kB
2025-11-22T16:59:27.0238317Z ├ ƒ /cadastro/sucesso                            155 B          87.5 kB
2025-11-22T16:59:27.0239350Z ├ ƒ /cadastro/torcedor                           5.05 kB         146 kB
2025-11-22T16:59:27.0240205Z ├ ƒ /clubes                                      2.8 kB          111 kB
2025-11-22T16:59:27.0241018Z ├ ƒ /clubes/[slug]                               194 B           101 kB
2025-11-22T16:59:27.0241868Z ├ ƒ /confederacoes                               194 B           101 kB
2025-11-22T16:59:27.0242761Z ├ ƒ /confederacoes/[slug]                        194 B           101 kB
2025-11-22T16:59:27.0243595Z ├ ƒ /feed                                        14.6 kB         143 kB
2025-11-22T16:59:27.0244361Z ├ ƒ /games                                       582 B           121 kB
2025-11-22T16:59:27.0245341Z ├ ƒ /games/[slug]                                210 B           128 kB
2025-11-22T16:59:27.0246149Z ├ ○ /icon                                        0 B                0 B
2025-11-22T16:59:27.0246921Z ├ ƒ /login                                       3.64 kB         145 kB
2025-11-22T16:59:27.0247696Z ├ ƒ /noticias                                    587 B           121 kB
2025-11-22T16:59:27.0248539Z ├ ƒ /noticias/[slug]                             616 B           128 kB
2025-11-22T16:59:27.0249549Z ├ ƒ /perfil                                      26.9 kB         170 kB
2025-11-22T16:59:27.0250364Z ├ ƒ /perfis/[id]                                 1.73 kB         117 kB
2025-11-22T16:59:27.0251176Z ├ ƒ /player/[id]                                 9.1 kB          127 kB
2025-11-22T16:59:27.0252011Z ├ ƒ /privacidade                                 188 B          96.2 kB
2025-11-22T16:59:27.0252839Z ├ ƒ /registrar-escolha-perfil                    188 B          96.2 kB
2025-11-22T16:59:27.0253867Z ├ ƒ /sobre                                       188 B          96.2 kB
2025-11-22T16:59:27.0254672Z ├ ƒ /torcida                                     155 B          87.5 kB
2025-11-22T16:59:27.0255470Z └ ƒ /upload                                      9.94 kB         113 kB
2025-11-22T16:59:27.0256159Z + First Load JS shared by all                    87.3 kB
2025-11-22T16:59:27.0256898Z   ├ chunks/2117-14ae4ae7e705def5.js              31.7 kB
2025-11-22T16:59:27.0257601Z   ├ chunks/fd9d1056-34631afcb5c7f147.js          53.6 kB
2025-11-22T16:59:27.0258257Z   └ other shared chunks (total)                  1.97 kB
2025-11-22T16:59:27.0258588Z 
2025-11-22T16:59:27.0258597Z 
2025-11-22T16:59:27.0258973Z ƒ Middleware                                     48.3 kB
2025-11-22T16:59:27.0259533Z 
2025-11-22T16:59:27.0259862Z ○  (Static)   prerendered as static content
2025-11-22T16:59:27.0260455Z ƒ  (Dynamic)  server-rendered on demand
2025-11-22T16:59:27.0260742Z 
2025-11-22T16:59:27.0550538Z 
2025-11-22T16:59:27.0554581Z > vitrine-de-craques-web-site@0.1.0 postbuild
2025-11-22T16:59:27.0558845Z > node scripts/copy-prisma-artifacts.js
2025-11-22T16:59:27.0559786Z 
2025-11-22T16:59:27.1748906Z [copy-prisma-artifacts] Copied Prisma artifacts to /home/runner/work/vitrine-de-craques-web-site/vitrine-de-craques-web-site/.next/standalone/node_modules/.prisma/client
2025-11-22T16:59:27.2450213Z [copy-prisma-artifacts] Copied Prisma artifacts to /home/runner/work/vitrine-de-craques-web-site/vitrine-de-craques-web-site/.next/server/.prisma/client
2025-11-22T16:59:27.5922265Z [copy-prisma-artifacts] Copied Prisma artifacts to /home/runner/work/vitrine-de-craques-web-site/vitrine-de-craques-web-site/.next/server/chunks/.prisma/client
2025-11-22T16:59:27.9914553Z [copy-prisma-artifacts] Copied Prisma artifacts to /home/runner/work/vitrine-de-craques-web-site/vitrine-de-craques-web-site/.next/standalone/node_modules/@prisma/client
2025-11-22T16:59:28.4883980Z [copy-prisma-artifacts] Copied Prisma artifacts to /home/runner/work/vitrine-de-craques-web-site/vitrine-de-craques-web-site/.next/server/@prisma/client
2025-11-22T16:59:28.8038730Z [copy-prisma-artifacts] Copied Prisma artifacts to /home/runner/work/vitrine-de-craques-web-site/vitrine-de-craques-web-site/.next/server/chunks/@prisma/client
2025-11-22T16:59:28.8163783Z ##[group]Run rm -rf deploy
2025-11-22T16:59:28.8164107Z [36;1mrm -rf deploy[0m
2025-11-22T16:59:28.8164342Z [36;1mmkdir -p deploy[0m
2025-11-22T16:59:28.8164593Z [36;1mcp -R .next/standalone/. deploy/[0m
2025-11-22T16:59:28.8164880Z [36;1mmkdir -p deploy/.next/static[0m
2025-11-22T16:59:28.8165178Z [36;1mcp -R .next/static/. deploy/.next/static[0m
2025-11-22T16:59:28.8165498Z [36;1mcp package.json deploy/package.json[0m
2025-11-22T16:59:28.8165808Z [36;1mcp next.config.mjs deploy/next.config.mjs[0m
2025-11-22T16:59:28.8166125Z [36;1mif [ -f staticwebapp.config.json ]; then[0m
2025-11-22T16:59:28.8166508Z [36;1m  cp staticwebapp.config.json deploy/staticwebapp.config.json[0m
2025-11-22T16:59:28.8166858Z [36;1mfi[0m
2025-11-22T16:59:28.8167055Z [36;1mcp -R prisma deploy/prisma[0m
2025-11-22T16:59:28.8167307Z [36;1mif [ -d public ]; then[0m
2025-11-22T16:59:28.8167548Z [36;1m  cp -R public deploy/public[0m
2025-11-22T16:59:28.8167782Z [36;1mfi[0m
2025-11-22T16:59:28.8168015Z [36;1mnpm prune --omit=dev --prefix deploy[0m
2025-11-22T16:59:28.8168327Z [36;1m./scripts/prune-deploy-artifact.sh deploy[0m
2025-11-22T16:59:28.8200517Z shell: /usr/bin/bash -e {0}
2025-11-22T16:59:28.8200759Z env:
2025-11-22T16:59:28.8201530Z   DATABASE_URL: ***
2025-11-22T16:59:28.8201861Z   NEXTAUTH_URL: ***
2025-11-22T16:59:28.8202160Z   NEXTAUTH_SECRET: ***
2025-11-22T16:59:28.8202365Z   AUTH_TRUST_HOST: true
2025-11-22T16:59:28.8202564Z ##[endgroup]
2025-11-22T16:59:38.1083226Z npm warn deprecated fluent-ffmpeg@2.1.3: Package no longer supported. Contact Support at https://www.npmjs.com/support for more info.
2025-11-22T16:59:43.6120349Z 
2025-11-22T16:59:43.6123495Z added 341 packages, changed 4 packages, and audited 465 packages in 13s
2025-11-22T16:59:43.6130683Z 
2025-11-22T16:59:43.6131014Z 56 packages are looking for funding
2025-11-22T16:59:43.6131547Z   run `npm fund` for details
2025-11-22T16:59:43.6265858Z 
2025-11-22T16:59:43.6266620Z 4 vulnerabilities (2 low, 1 moderate, 1 high)
2025-11-22T16:59:43.6283799Z 
2025-11-22T16:59:43.6284348Z To address all issues, run:
2025-11-22T16:59:43.6285046Z   npm audit fix
2025-11-22T16:59:43.6285259Z 
2025-11-22T16:59:43.6285459Z Run `npm audit` for details.
2025-11-22T16:59:43.7059535Z Pruning unused Prisma runtime binaries...
2025-11-22T16:59:43.7092855Z deploy/node_modules/@prisma/client/runtime/query_engine_bg.cockroachdb.js
2025-11-22T16:59:43.7094269Z deploy/node_modules/@prisma/client/runtime/query_engine_bg.cockroachdb.mjs
2025-11-22T16:59:43.7096569Z deploy/node_modules/@prisma/client/runtime/query_engine_bg.cockroachdb.wasm-base64.js
2025-11-22T16:59:43.7098578Z deploy/node_modules/@prisma/client/runtime/query_engine_bg.cockroachdb.wasm-base64.mjs
2025-11-22T16:59:43.7119542Z deploy/node_modules/@prisma/client/runtime/query_engine_bg.mysql.wasm-base64.mjs
2025-11-22T16:59:43.7121325Z deploy/node_modules/@prisma/client/runtime/query_engine_bg.mysql.mjs
2025-11-22T16:59:43.7122450Z deploy/node_modules/@prisma/client/runtime/query_engine_bg.mysql.js
2025-11-22T16:59:43.7123630Z deploy/node_modules/@prisma/client/runtime/query_engine_bg.mysql.wasm-base64.js
2025-11-22T16:59:43.7146392Z deploy/node_modules/@prisma/client/runtime/query_engine_bg.sqlite.wasm-base64.js
2025-11-22T16:59:43.7147765Z deploy/node_modules/@prisma/client/runtime/query_engine_bg.sqlite.mjs
2025-11-22T16:59:43.7148741Z deploy/node_modules/@prisma/client/runtime/query_engine_bg.sqlite.js
2025-11-22T16:59:43.7154817Z deploy/node_modules/@prisma/client/runtime/query_engine_bg.sqlite.wasm-base64.mjs
2025-11-22T16:59:43.7173443Z deploy/node_modules/@prisma/client/runtime/query_engine_bg.sqlserver.wasm-base64.js
2025-11-22T16:59:43.7175450Z deploy/node_modules/@prisma/client/runtime/query_engine_bg.sqlserver.wasm-base64.mjs
2025-11-22T16:59:43.7176582Z deploy/node_modules/@prisma/client/runtime/query_engine_bg.sqlserver.mjs
2025-11-22T16:59:43.7177595Z deploy/node_modules/@prisma/client/runtime/query_engine_bg.sqlserver.js
2025-11-22T16:59:43.7198856Z deploy/node_modules/@prisma/client/runtime/query_compiler_bg.cockroachdb.js
2025-11-22T16:59:43.7200958Z deploy/node_modules/@prisma/client/runtime/query_compiler_bg.cockroachdb.mjs
2025-11-22T16:59:43.7202155Z deploy/node_modules/@prisma/client/runtime/query_compiler_bg.cockroachdb.wasm-base64.mjs
2025-11-22T16:59:43.7203390Z deploy/node_modules/@prisma/client/runtime/query_compiler_bg.cockroachdb.wasm-base64.js
2025-11-22T16:59:43.7223491Z deploy/node_modules/@prisma/client/runtime/query_compiler_bg.mysql.js
2025-11-22T16:59:43.7225370Z deploy/node_modules/@prisma/client/runtime/query_compiler_bg.mysql.wasm-base64.mjs
2025-11-22T16:59:43.7226460Z deploy/node_modules/@prisma/client/runtime/query_compiler_bg.mysql.mjs
2025-11-22T16:59:43.7227541Z deploy/node_modules/@prisma/client/runtime/query_compiler_bg.mysql.wasm-base64.js
2025-11-22T16:59:43.7248177Z deploy/node_modules/@prisma/client/runtime/query_compiler_bg.sqlite.mjs
2025-11-22T16:59:43.7250276Z deploy/node_modules/@prisma/client/runtime/query_compiler_bg.sqlite.js
2025-11-22T16:59:43.7251384Z deploy/node_modules/@prisma/client/runtime/query_compiler_bg.sqlite.wasm-base64.mjs
2025-11-22T16:59:43.7252610Z deploy/node_modules/@prisma/client/runtime/query_compiler_bg.sqlite.wasm-base64.js
2025-11-22T16:59:43.7273175Z deploy/node_modules/@prisma/client/runtime/query_compiler_bg.sqlserver.wasm-base64.mjs
2025-11-22T16:59:43.7275226Z deploy/node_modules/@prisma/client/runtime/query_compiler_bg.sqlserver.wasm-base64.js
2025-11-22T16:59:43.7276344Z deploy/node_modules/@prisma/client/runtime/query_compiler_bg.sqlserver.mjs
2025-11-22T16:59:43.7277365Z deploy/node_modules/@prisma/client/runtime/query_compiler_bg.sqlserver.js
2025-11-22T16:59:43.7278434Z Removing Prisma schema engines not required at runtime...
2025-11-22T16:59:43.7334819Z deploy/node_modules/@prisma/engines/schema-engine-debian-openssl-3.0.x
2025-11-22T16:59:43.7337381Z Removing unused Prisma client engines...
2025-11-22T16:59:43.7416760Z deploy/node_modules/.prisma/client/libquery_engine-darwin-arm64.dylib.node
2025-11-22T16:59:43.7418624Z deploy/node_modules/.prisma/client/libquery_engine-darwin.dylib.node
2025-11-22T16:59:43.7419856Z Cleaning up optional sharp binaries...
2025-11-22T16:59:43.7466144Z Deleting dependency source maps...
2025-11-22T16:59:44.1349321Z Pruning finished.
2025-11-22T16:59:44.1391181Z ##[group]Run node -v
2025-11-22T16:59:44.1391642Z [36;1mnode -v[0m
2025-11-22T16:59:44.1392022Z [36;1mnpx prisma -v[0m
2025-11-22T16:59:44.1470764Z shell: /usr/bin/bash -e {0}
2025-11-22T16:59:44.1471015Z env:
2025-11-22T16:59:44.1472269Z   DATABASE_URL: ***
2025-11-22T16:59:44.1472734Z   NEXTAUTH_URL: ***
2025-11-22T16:59:44.1473035Z   NEXTAUTH_SECRET: ***
2025-11-22T16:59:44.1473248Z   AUTH_TRUST_HOST: true
2025-11-22T16:59:44.1473486Z ##[endgroup]
2025-11-22T16:59:44.1587484Z v20.19.5
2025-11-22T16:59:45.9296923Z Prisma schema loaded from prisma/schema.prisma
2025-11-22T16:59:45.9333264Z prisma                  : 6.16.2
2025-11-22T16:59:45.9334063Z @prisma/client          : 6.16.2
2025-11-22T16:59:45.9336021Z Computed binaryTarget   : debian-openssl-3.0.x
2025-11-22T16:59:45.9336633Z Operating System        : linux
2025-11-22T16:59:45.9337093Z Architecture            : x64
2025-11-22T16:59:45.9337572Z Node.js                 : v20.19.5
2025-11-22T16:59:45.9338120Z TypeScript              : 5.9.2
2025-11-22T16:59:45.9339806Z Query Engine (Node-API) : libquery-engine 1c57fdcd7e44b29b9313256c76699e91c3ac3c43 (at node_modules/@prisma/engines/libquery_engine-debian-openssl-3.0.x.so.node)
2025-11-22T16:59:45.9341470Z PSL                     : @prisma/prisma-schema-wasm 6.16.0-7.1c57fdcd7e44b29b9313256c76699e91c3ac3c43
2025-11-22T16:59:45.9343143Z Schema Engine           : schema-engine-cli 1c57fdcd7e44b29b9313256c76699e91c3ac3c43 (at node_modules/@prisma/engines/schema-engine-debian-openssl-3.0.x)
2025-11-22T16:59:45.9344594Z Default Engines Hash    : 1c57fdcd7e44b29b9313256c76699e91c3ac3c43
2025-11-22T16:59:45.9345278Z Studio                  : 0.511.0
2025-11-22T16:59:45.9682936Z ##[group]Run Azure/static-web-apps-deploy@v1
2025-11-22T16:59:45.9683243Z with:
2025-11-22T16:59:45.9683893Z   azure_static_web_apps_api_token: ***
2025-11-22T16:59:45.9684260Z   repo_token: ***
2025-11-22T16:59:45.9684460Z   action: upload
2025-11-22T16:59:45.9684652Z   app_location: deploy
2025-11-22T16:59:45.9684856Z   skip_app_build: true
2025-11-22T16:59:45.9685051Z   skip_api_build: true
2025-11-22T16:59:45.9685258Z   is_static_export: false
2025-11-22T16:59:45.9685472Z env:
2025-11-22T16:59:45.9686109Z   DATABASE_URL: ***
2025-11-22T16:59:45.9686425Z   NEXTAUTH_URL: ***
2025-11-22T16:59:45.9686711Z   NEXTAUTH_SECRET: ***
2025-11-22T16:59:45.9686915Z   AUTH_TRUST_HOST: true
2025-11-22T16:59:45.9687116Z ##[endgroup]
2025-11-22T16:59:45.9795839Z ##[command]/usr/bin/docker run --name eb852b3a6ebd0fc45435999ff1dc1ee4d6649_75d283 --label 9eb852 --workdir /github/workspace --rm -e "DATABASE_URL" -e "NEXTAUTH_URL" -e "NEXTAUTH_SECRET" -e "AUTH_TRUST_HOST" -e "INPUT_AZURE_STATIC_WEB_APPS_API_TOKEN" -e "INPUT_REPO_TOKEN" -e "INPUT_ACTION" -e "INPUT_APP_LOCATION" -e "INPUT_API_LOCATION" -e "INPUT_SKIP_APP_BUILD" -e "INPUT_SKIP_API_BUILD" -e "INPUT_OUTPUT_LOCATION" -e "INPUT_IS_STATIC_EXPORT" -e "INPUT_API_BUILD_COMMAND" -e "INPUT_APP_ARTIFACT_LOCATION" -e "INPUT_APP_BUILD_COMMAND" -e "INPUT_ROUTES_LOCATION" -e "INPUT_CONFIG_FILE_LOCATION" -e "INPUT_PRODUCTION_BRANCH" -e "INPUT_DEPLOYMENT_ENVIRONMENT" -e "INPUT_DATA_API_LOCATION" -e "INPUT_GITHUB_ID_TOKEN" -e "HOME" -e "GITHUB_JOB" -e "GITHUB_REF" -e "GITHUB_SHA" -e "GITHUB_REPOSITORY" -e "GITHUB_REPOSITORY_OWNER" -e "GITHUB_REPOSITORY_OWNER_ID" -e "GITHUB_RUN_ID" -e "GITHUB_RUN_NUMBER" -e "GITHUB_RETENTION_DAYS" -e "GITHUB_RUN_ATTEMPT" -e "GITHUB_ACTOR_ID" -e "GITHUB_ACTOR" -e "GITHUB_WORKFLOW" -e "GITHUB_HEAD_REF" -e "GITHUB_BASE_REF" -e "GITHUB_EVENT_NAME" -e "GITHUB_SERVER_URL" -e "GITHUB_API_URL" -e "GITHUB_GRAPHQL_URL" -e "GITHUB_REF_NAME" -e "GITHUB_REF_PROTECTED" -e "GITHUB_REF_TYPE" -e "GITHUB_WORKFLOW_REF" -e "GITHUB_WORKFLOW_SHA" -e "GITHUB_REPOSITORY_ID" -e "GITHUB_TRIGGERING_ACTOR" -e "GITHUB_WORKSPACE" -e "GITHUB_ACTION" -e "GITHUB_EVENT_PATH" -e "GITHUB_ACTION_REPOSITORY" -e "GITHUB_ACTION_REF" -e "GITHUB_PATH" -e "GITHUB_ENV" -e "GITHUB_STEP_SUMMARY" -e "GITHUB_STATE" -e "GITHUB_OUTPUT" -e "RUNNER_OS" -e "RUNNER_ARCH" -e "RUNNER_NAME" -e "RUNNER_ENVIRONMENT" -e "RUNNER_TOOL_CACHE" -e "RUNNER_TEMP" -e "RUNNER_WORKSPACE" -e "ACTIONS_RUNTIME_URL" -e "ACTIONS_RUNTIME_TOKEN" -e "ACTIONS_CACHE_URL" -e "ACTIONS_RESULTS_URL" -e GITHUB_ACTIONS=true -e CI=true -v "/var/run/docker.sock":"/var/run/docker.sock" -v "/home/runner/work/_temp/_github_home":"/github/home" -v "/home/runner/work/_temp/_github_workflow":"/github/workflow" -v "/home/runner/work/_temp/_runner_file_commands":"/github/file_commands" -v "/home/runner/work/vitrine-de-craques-web-site/vitrine-de-craques-web-site":"/github/workspace" 9eb852:b3a6ebd0fc45435999ff1dc1ee4d6649
2025-11-22T16:59:47.0438231Z DeploymentId: 2d35921d-a79e-4af0-b3a9-db40aca03309
2025-11-22T16:59:47.0438762Z 
2025-11-22T16:59:47.1574601Z [37mTry to validate location at: '/github/workspace/deploy'.[0m
2025-11-22T16:59:47.1590645Z [37mApp Directory Location: 'deploy' was found.[0m
2025-11-22T16:59:47.1591733Z [37mTry to validate location at: '/github/workspace/swa-db-connections'.[0m
2025-11-22T16:59:47.1592980Z [37mLooking for event info[0m
2025-11-22T16:59:47.8421647Z [37mSkipping step to build /github/workspace/deploy with Oryx[0m
2025-11-22T16:59:47.9037017Z [37mDetected the following framework: Next.js[0m
2025-11-22T16:59:47.9038085Z [37mTry to validate location at: '/github/workspace/deploy/.next'.[0m
2025-11-22T16:59:47.9713613Z [37mUsing 'staticwebapp.config.json' file for configuration information, 'routes.json' will be ignored.[0m
2025-11-22T16:59:48.1210712Z [33m[WARNING] For Next.js apps, staticwebapp.config.json features are not fully supported yet![0m
2025-11-22T16:59:48.1230684Z [37mPlease note: For Next.js applications if skip_api_build=true, Static Web Apps will not remove dev dependencies or add the sharp package by default. If you want these optimizations, kindly add them to your custom build steps before passing skip_app_build=true[0m
2025-11-22T16:59:48.1264014Z [37mRepackaged Next.js app to deploy on the backend.[0m
2025-11-22T16:59:48.1272785Z [37mSkipping step to build /github/workspace/deploy with Oryx[0m
2025-11-22T16:59:48.1273963Z [33mWeb App Runtime Information. OS: linux, node version: 20[0m
2025-11-22T16:59:51.6032945Z [37mZipping Api Artifacts[0m
2025-11-22T17:00:40.9268682Z [37mDone Zipping Api Artifacts[0m
2025-11-22T17:00:41.9149876Z [37mZipping App Artifacts[0m
2025-11-22T17:00:42.9845394Z [37mDone Zipping App Artifacts[0m
2025-11-22T17:00:42.9846164Z [37mUploading build artifacts.[0m
2025-11-22T17:00:47.5656235Z [32mFinished Upload. Polling on deployment.[0m
2025-11-22T17:00:47.7415909Z [37mStatus: InProgress. Time: 0.1736756(s)[0m
2025-11-22T17:01:02.8841110Z [37mStatus: Failed. Time: 15.31814(s)[0m
2025-11-22T17:01:02.8842674Z [31mDeployment Failed :([0m
2025-11-22T17:01:02.8849800Z [31mDeployment Failure Reason: Failed to deploy the Azure Functions.[0m
2025-11-22T17:01:02.9375571Z [37m[0m
2025-11-22T17:01:02.9377534Z [33mFor further information, please visit the Azure Static Web Apps documentation at https://docs.microsoft.com/en-us/azure/static-web-apps/[0m
2025-11-22T17:01:02.9379700Z [33mIf you believe this behavior is unexpected, please raise a GitHub issue at https://github.com/azure/static-web-apps/issues/[0m
2025-11-22T17:01:02.9380538Z [33mExiting[0m
2025-11-22T17:01:03.2914943Z Post job cleanup.
2025-11-22T17:01:03.3692271Z [command]/usr/bin/git version
2025-11-22T17:01:03.3736179Z git version 2.51.2
2025-11-22T17:01:03.3781865Z Temporarily overriding HOME='/home/runner/work/_temp/e018ab58-7959-4688-ad0f-bb18cc0e352a' before making global git config changes
2025-11-22T17:01:03.3784225Z Adding repository directory to the temporary git global config as a safe directory
2025-11-22T17:01:03.3787171Z [command]/usr/bin/git config --global --add safe.directory /home/runner/work/vitrine-de-craques-web-site/vitrine-de-craques-web-site
2025-11-22T17:01:03.3821207Z [command]/usr/bin/git config --local --name-only --get-regexp core\.sshCommand
2025-11-22T17:01:03.3853638Z [command]/usr/bin/git submodule foreach --recursive sh -c "git config --local --name-only --get-regexp 'core\.sshCommand' && git config --local --unset-all 'core.sshCommand' || :"
2025-11-22T17:01:03.4118738Z fatal: No url found for submodule path 'Vitrine-De-Craques-App-iOS/Vitrine-De-Craques-App-iOS' in .gitmodules
2025-11-22T17:01:03.4172409Z ##[warning]The process '/usr/bin/git' failed with exit code 128
2025-11-22T17:01:03.4251404Z Cleaning up orphan processes
