2025-11-24T02:11:00.7026490Z Current runner version: '2.329.0'
2025-11-24T02:11:00.7061412Z ##[group]Runner Image Provisioner
2025-11-24T02:11:00.7062777Z Hosted Compute Agent
2025-11-24T02:11:00.7063912Z Version: 20251016.436
2025-11-24T02:11:00.7065073Z Commit: 8ab8ac8bfd662a3739dab9fe09456aba92132568
2025-11-24T02:11:00.7066360Z Build Date: 2025-10-15T20:44:12Z
2025-11-24T02:11:00.7067596Z ##[endgroup]
2025-11-24T02:11:00.7068516Z ##[group]Operating System
2025-11-24T02:11:00.7069792Z Ubuntu
2025-11-24T02:11:00.7070700Z 24.04.3
2025-11-24T02:11:00.7071611Z LTS
2025-11-24T02:11:00.7072479Z ##[endgroup]
2025-11-24T02:11:00.7073579Z ##[group]Runner Image
2025-11-24T02:11:00.7074593Z Image: ubuntu-24.04
2025-11-24T02:11:00.7075641Z Version: 20251112.124.1
2025-11-24T02:11:00.7077673Z Included Software: https://github.com/actions/runner-images/blob/ubuntu24/20251112.124/images/ubuntu/Ubuntu2404-Readme.md
2025-11-24T02:11:00.7080872Z Image Release: https://github.com/actions/runner-images/releases/tag/ubuntu24%2F20251112.124
2025-11-24T02:11:00.7082731Z ##[endgroup]
2025-11-24T02:11:00.7084941Z ##[group]GITHUB_TOKEN Permissions
2025-11-24T02:11:00.7087587Z Contents: read
2025-11-24T02:11:00.7088495Z Metadata: read
2025-11-24T02:11:00.7090297Z Packages: read
2025-11-24T02:11:00.7091262Z ##[endgroup]
2025-11-24T02:11:00.7094054Z Secret source: Actions
2025-11-24T02:11:00.7095364Z Prepare workflow directory
2025-11-24T02:11:00.8080059Z Prepare all required actions
2025-11-24T02:11:00.8197179Z Getting action download info
2025-11-24T02:11:01.2914374Z Download action repository 'actions/checkout@v3' (SHA:f43a0e5ff2bd294095638e18286ca9a3d1956744)
2025-11-24T02:11:01.4191129Z Download action repository 'actions/setup-node@v4' (SHA:49933ea5288caeca8642d1e84afbd3f7d6820020)
2025-11-24T02:11:01.5158378Z Download action repository 'Azure/static-web-apps-deploy@v1' (SHA:4d27395796ac319302594769cfe812bd207490b1)
2025-11-24T02:11:01.9803205Z Complete job name: Build and Deploy Job
2025-11-24T02:11:02.0206403Z ##[group]Build container for action use: '/home/runner/work/_actions/Azure/static-web-apps-deploy/v1/Dockerfile'.
2025-11-24T02:11:02.0258471Z ##[command]/usr/bin/docker build -t 4d319b:f4484a5f3b194a8bbfc8ed141f5bb4d5 -f "/home/runner/work/_actions/Azure/static-web-apps-deploy/v1/Dockerfile" "/home/runner/work/_actions/Azure/static-web-apps-deploy/v1"
2025-11-24T02:11:04.0187374Z #0 building with "default" instance using docker driver
2025-11-24T02:11:04.0188842Z 
2025-11-24T02:11:04.0189711Z #1 [internal] load build definition from Dockerfile
2025-11-24T02:11:04.0191139Z #1 transferring dockerfile: 160B done
2025-11-24T02:11:04.0192831Z #1 DONE 0.0s
2025-11-24T02:11:04.0193329Z 
2025-11-24T02:11:04.0194092Z #2 [internal] load metadata for mcr.microsoft.com/appsvc/staticappsclient:stable
2025-11-24T02:11:04.0195901Z #2 DONE 0.1s
2025-11-24T02:11:04.1397794Z 
2025-11-24T02:11:04.1403676Z #3 [internal] load .dockerignore
2025-11-24T02:11:04.1417969Z #3 transferring context: 2B done
2025-11-24T02:11:04.1440322Z #3 DONE 0.0s
2025-11-24T02:11:04.1441068Z 
2025-11-24T02:11:04.1441612Z #4 [internal] load build context
2025-11-24T02:11:04.1442889Z #4 transferring context: 107B done
2025-11-24T02:11:04.1444358Z #4 DONE 0.0s
2025-11-24T02:11:04.1445022Z 
2025-11-24T02:11:04.1447232Z #5 [1/2] FROM mcr.microsoft.com/appsvc/staticappsclient:stable@sha256:3178a283e885dc45a0c7b4c6e9f728f0331ae7fb93de75db4181fa38651170f2
2025-11-24T02:11:04.1453188Z #5 resolve mcr.microsoft.com/appsvc/staticappsclient:stable@sha256:3178a283e885dc45a0c7b4c6e9f728f0331ae7fb93de75db4181fa38651170f2 done
2025-11-24T02:11:04.1458338Z #5 sha256:5d6e107a26c2ffb6e234f04132358dea70a691a64c1152f984d2f2ba0e218c58 10.49MB / 53.74MB 0.1s
2025-11-24T02:11:04.1462825Z #5 sha256:5ee26b7a209f9a26720207792b237af3e19c0efeed8695e1e630fcd0feef9230 0B / 54.75MB 0.1s
2025-11-24T02:11:04.1467157Z #5 sha256:3178a283e885dc45a0c7b4c6e9f728f0331ae7fb93de75db4181fa38651170f2 2.88kB / 2.88kB done
2025-11-24T02:11:04.1471834Z #5 sha256:1df8e0748f30e89b0c0477edfc706fc39242e1d6008433c0494113de267e7ca8 15.34kB / 15.34kB done
2025-11-24T02:11:04.1476784Z #5 sha256:2377065f3b700cf1b5e391d26c572c8b91892dd44acd75deebdab5e403b23175 0B / 15.56MB 0.1s
2025-11-24T02:11:04.3401894Z #5 sha256:5d6e107a26c2ffb6e234f04132358dea70a691a64c1152f984d2f2ba0e218c58 39.85MB / 53.74MB 0.3s
2025-11-24T02:11:04.3418062Z #5 sha256:5ee26b7a209f9a26720207792b237af3e19c0efeed8695e1e630fcd0feef9230 18.09MB / 54.75MB 0.3s
2025-11-24T02:11:04.3420285Z #5 sha256:2377065f3b700cf1b5e391d26c572c8b91892dd44acd75deebdab5e403b23175 15.56MB / 15.56MB 0.3s done
2025-11-24T02:11:04.3421941Z #5 sha256:41c7cd6fb37363fd1ec16dad3463ecc5820eda12c418a82b4849604252d29b88 0B / 197.07MB 0.3s
2025-11-24T02:11:04.4417915Z #5 sha256:5d6e107a26c2ffb6e234f04132358dea70a691a64c1152f984d2f2ba0e218c58 53.74MB / 53.74MB 0.4s done
2025-11-24T02:11:04.4419815Z #5 sha256:5ee26b7a209f9a26720207792b237af3e19c0efeed8695e1e630fcd0feef9230 28.31MB / 54.75MB 0.4s
2025-11-24T02:11:04.4421522Z #5 sha256:41c7cd6fb37363fd1ec16dad3463ecc5820eda12c418a82b4849604252d29b88 16.49MB / 197.07MB 0.4s
2025-11-24T02:11:04.4423014Z #5 sha256:4f4fb700ef54461cfa02571ae0db9a0dc1e0cdb5577484a6d75e68dc38e8acc1 0B / 32B 0.4s
2025-11-24T02:11:04.5711162Z #5 sha256:5ee26b7a209f9a26720207792b237af3e19c0efeed8695e1e630fcd0feef9230 37.75MB / 54.75MB 0.5s
2025-11-24T02:11:04.5713522Z #5 sha256:41c7cd6fb37363fd1ec16dad3463ecc5820eda12c418a82b4849604252d29b88 26.85MB / 197.07MB 0.5s
2025-11-24T02:11:04.5714775Z #5 sha256:4f4fb700ef54461cfa02571ae0db9a0dc1e0cdb5577484a6d75e68dc38e8acc1 32B / 32B 0.4s done
2025-11-24T02:11:04.5716089Z #5 extracting sha256:5d6e107a26c2ffb6e234f04132358dea70a691a64c1152f984d2f2ba0e218c58 0.1s
2025-11-24T02:11:04.5717232Z #5 sha256:aede74d79976f9d1be608a1286cdb2ca61aad25185440263691db6a0880adadd 0B / 24.46MB 0.5s
2025-11-24T02:11:04.7395338Z #5 sha256:5ee26b7a209f9a26720207792b237af3e19c0efeed8695e1e630fcd0feef9230 54.75MB / 54.75MB 0.7s
2025-11-24T02:11:04.7397328Z #5 sha256:41c7cd6fb37363fd1ec16dad3463ecc5820eda12c418a82b4849604252d29b88 58.72MB / 197.07MB 0.7s
2025-11-24T02:11:04.7398814Z #5 sha256:aede74d79976f9d1be608a1286cdb2ca61aad25185440263691db6a0880adadd 24.46MB / 24.46MB 0.7s done
2025-11-24T02:11:04.8401472Z #5 sha256:5ee26b7a209f9a26720207792b237af3e19c0efeed8695e1e630fcd0feef9230 54.75MB / 54.75MB 0.8s done
2025-11-24T02:11:04.8402842Z #5 sha256:41c7cd6fb37363fd1ec16dad3463ecc5820eda12c418a82b4849604252d29b88 78.38MB / 197.07MB 0.8s
2025-11-24T02:11:04.8404238Z #5 sha256:c279a6399750ee20e802fb2c47da034ccee5eb4f3b89087f32618f10e8af074a 0B / 1.56MB 0.8s
2025-11-24T02:11:04.8405414Z #5 sha256:ec0af1da0a0576de654092a28624c0565c6d854216944f18159460338af43293 0B / 72.99MB 0.8s
2025-11-24T02:11:04.9400427Z #5 sha256:41c7cd6fb37363fd1ec16dad3463ecc5820eda12c418a82b4849604252d29b88 103.33MB / 197.07MB 0.9s
2025-11-24T02:11:04.9403751Z #5 sha256:c279a6399750ee20e802fb2c47da034ccee5eb4f3b89087f32618f10e8af074a 1.56MB / 1.56MB 0.8s done
2025-11-24T02:11:04.9410709Z #5 sha256:ec0af1da0a0576de654092a28624c0565c6d854216944f18159460338af43293 8.39MB / 72.99MB 0.9s
2025-11-24T02:11:04.9412568Z #5 sha256:eec8099d3f58ba87e25216a07db18b5a0de40b6921ee61ea8ab9b4c29b53a12f 0B / 1.16MB 0.9s
2025-11-24T02:11:04.9416558Z #5 sha256:351447e6e3829fac25a761f87d07dc5bfc289f38908901d05fa53aaab54dbdcd 115.52kB / 115.52kB 0.8s done
2025-11-24T02:11:05.0403845Z #5 sha256:41c7cd6fb37363fd1ec16dad3463ecc5820eda12c418a82b4849604252d29b88 128.97MB / 197.07MB 1.0s
2025-11-24T02:11:05.0407189Z #5 sha256:ec0af1da0a0576de654092a28624c0565c6d854216944f18159460338af43293 19.92MB / 72.99MB 1.0s
2025-11-24T02:11:05.1455844Z #5 sha256:41c7cd6fb37363fd1ec16dad3463ecc5820eda12c418a82b4849604252d29b88 152.04MB / 197.07MB 1.1s
2025-11-24T02:11:05.1457022Z #5 sha256:ec0af1da0a0576de654092a28624c0565c6d854216944f18159460338af43293 33.55MB / 72.99MB 1.1s
2025-11-24T02:11:05.2723096Z #5 sha256:41c7cd6fb37363fd1ec16dad3463ecc5820eda12c418a82b4849604252d29b88 167.77MB / 197.07MB 1.2s
2025-11-24T02:11:05.2750909Z #5 sha256:ec0af1da0a0576de654092a28624c0565c6d854216944f18159460338af43293 50.32MB / 72.99MB 1.2s
2025-11-24T02:11:05.2754088Z #5 sha256:eec8099d3f58ba87e25216a07db18b5a0de40b6921ee61ea8ab9b4c29b53a12f 1.16MB / 1.16MB 1.1s done
2025-11-24T02:11:05.2756105Z #5 sha256:36312d7930e0666f8cfc7940823ac101235e873b7cbb8b20d9481fd404095767 2.95MB / 35.20MB 1.2s
2025-11-24T02:11:05.2762249Z #5 sha256:cddc70a1cccef26d55fcf9242759c41404c305acea0b4c3a30961c99846a0a55 637.94kB / 637.94kB 1.1s done
2025-11-24T02:11:05.3905287Z #5 sha256:41c7cd6fb37363fd1ec16dad3463ecc5820eda12c418a82b4849604252d29b88 181.13MB / 197.07MB 1.3s
2025-11-24T02:11:05.3908704Z #5 sha256:ec0af1da0a0576de654092a28624c0565c6d854216944f18159460338af43293 60.43MB / 72.99MB 1.3s
2025-11-24T02:11:05.3910020Z #5 sha256:36312d7930e0666f8cfc7940823ac101235e873b7cbb8b20d9481fd404095767 19.92MB / 35.20MB 1.3s
2025-11-24T02:11:05.4946764Z #5 sha256:ec0af1da0a0576de654092a28624c0565c6d854216944f18159460338af43293 66.51MB / 72.99MB 1.4s
2025-11-24T02:11:05.4970123Z #5 sha256:36312d7930e0666f8cfc7940823ac101235e873b7cbb8b20d9481fd404095767 31.46MB / 35.20MB 1.4s
2025-11-24T02:11:05.6393973Z #5 sha256:41c7cd6fb37363fd1ec16dad3463ecc5820eda12c418a82b4849604252d29b88 197.07MB / 197.07MB 1.6s
2025-11-24T02:11:05.6395215Z #5 sha256:ec0af1da0a0576de654092a28624c0565c6d854216944f18159460338af43293 72.99MB / 72.99MB 1.6s
2025-11-24T02:11:05.6396323Z #5 sha256:36312d7930e0666f8cfc7940823ac101235e873b7cbb8b20d9481fd404095767 35.20MB / 35.20MB 1.6s
2025-11-24T02:11:06.9703931Z #5 sha256:36312d7930e0666f8cfc7940823ac101235e873b7cbb8b20d9481fd404095767 35.20MB / 35.20MB 2.4s done
2025-11-24T02:11:07.1419622Z #5 sha256:41c7cd6fb37363fd1ec16dad3463ecc5820eda12c418a82b4849604252d29b88 197.07MB / 197.07MB 3.0s done
2025-11-24T02:11:07.1428175Z #5 sha256:ec0af1da0a0576de654092a28624c0565c6d854216944f18159460338af43293 72.99MB / 72.99MB 3.0s done
2025-11-24T02:11:07.1429524Z #5 sha256:8023cb51985fccd3faa4be6340cdc75b72240277850569aa974767dda5176159 168B / 168B 3.0s done
2025-11-24T02:11:07.1430991Z #5 sha256:4a1fde1690fe113870084a3224c66554fc9cbd2310abb9593b0244ec21f4b76d 168B / 168B 3.0s done
2025-11-24T02:11:07.1431985Z #5 sha256:4836a863d60df9ca0cedad0eb5e729c4a7f755449fbfbd6d4ea6443e64c990e0 17.83MB / 118.65MB 3.1s
2025-11-24T02:11:07.3394861Z #5 sha256:4836a863d60df9ca0cedad0eb5e729c4a7f755449fbfbd6d4ea6443e64c990e0 78.47MB / 118.65MB 3.3s
2025-11-24T02:11:07.4401185Z #5 sha256:4836a863d60df9ca0cedad0eb5e729c4a7f755449fbfbd6d4ea6443e64c990e0 109.05MB / 118.65MB 3.4s
2025-11-24T02:11:07.5630652Z #5 sha256:4836a863d60df9ca0cedad0eb5e729c4a7f755449fbfbd6d4ea6443e64c990e0 118.65MB / 118.65MB 3.5s
2025-11-24T02:11:07.8907028Z #5 sha256:4836a863d60df9ca0cedad0eb5e729c4a7f755449fbfbd6d4ea6443e64c990e0 118.65MB / 118.65MB 3.7s done
2025-11-24T02:11:08.5442900Z #5 extracting sha256:5d6e107a26c2ffb6e234f04132358dea70a691a64c1152f984d2f2ba0e218c58 4.1s done
2025-11-24T02:11:08.6790331Z #5 extracting sha256:2377065f3b700cf1b5e391d26c572c8b91892dd44acd75deebdab5e403b23175 0.1s
2025-11-24T02:11:09.1306871Z #5 extracting sha256:2377065f3b700cf1b5e391d26c572c8b91892dd44acd75deebdab5e403b23175 0.4s done
2025-11-24T02:11:11.0414098Z #5 extracting sha256:5ee26b7a209f9a26720207792b237af3e19c0efeed8695e1e630fcd0feef9230
2025-11-24T02:11:13.2868079Z #5 extracting sha256:5ee26b7a209f9a26720207792b237af3e19c0efeed8695e1e630fcd0feef9230 2.1s done
2025-11-24T02:11:13.8296821Z #5 extracting sha256:41c7cd6fb37363fd1ec16dad3463ecc5820eda12c418a82b4849604252d29b88
2025-11-24T02:11:18.9698036Z #5 extracting sha256:41c7cd6fb37363fd1ec16dad3463ecc5820eda12c418a82b4849604252d29b88 5.1s
2025-11-24T02:11:19.3371065Z #5 extracting sha256:41c7cd6fb37363fd1ec16dad3463ecc5820eda12c418a82b4849604252d29b88 5.5s done
2025-11-24T02:11:21.7081747Z #5 extracting sha256:4f4fb700ef54461cfa02571ae0db9a0dc1e0cdb5577484a6d75e68dc38e8acc1
2025-11-24T02:11:21.8680721Z #5 extracting sha256:4f4fb700ef54461cfa02571ae0db9a0dc1e0cdb5577484a6d75e68dc38e8acc1 done
2025-11-24T02:11:21.8681401Z #5 extracting sha256:aede74d79976f9d1be608a1286cdb2ca61aad25185440263691db6a0880adadd 0.1s
2025-11-24T02:11:22.6674855Z #5 extracting sha256:aede74d79976f9d1be608a1286cdb2ca61aad25185440263691db6a0880adadd 0.8s done
2025-11-24T02:11:22.6676485Z #5 extracting sha256:c279a6399750ee20e802fb2c47da034ccee5eb4f3b89087f32618f10e8af074a
2025-11-24T02:11:22.9224888Z #5 extracting sha256:c279a6399750ee20e802fb2c47da034ccee5eb4f3b89087f32618f10e8af074a 0.1s done
2025-11-24T02:11:22.9226142Z #5 extracting sha256:ec0af1da0a0576de654092a28624c0565c6d854216944f18159460338af43293 0.1s
2025-11-24T02:11:24.1315134Z #5 extracting sha256:ec0af1da0a0576de654092a28624c0565c6d854216944f18159460338af43293 1.2s done
2025-11-24T02:11:24.6591068Z #5 extracting sha256:351447e6e3829fac25a761f87d07dc5bfc289f38908901d05fa53aaab54dbdcd
2025-11-24T02:11:24.7832831Z #5 extracting sha256:351447e6e3829fac25a761f87d07dc5bfc289f38908901d05fa53aaab54dbdcd done
2025-11-24T02:11:24.7834015Z #5 extracting sha256:eec8099d3f58ba87e25216a07db18b5a0de40b6921ee61ea8ab9b4c29b53a12f 0.1s done
2025-11-24T02:11:24.7835158Z #5 extracting sha256:cddc70a1cccef26d55fcf9242759c41404c305acea0b4c3a30961c99846a0a55 0.0s done
2025-11-24T02:11:24.9064621Z #5 extracting sha256:36312d7930e0666f8cfc7940823ac101235e873b7cbb8b20d9481fd404095767 0.1s
2025-11-24T02:11:25.3279708Z #5 extracting sha256:36312d7930e0666f8cfc7940823ac101235e873b7cbb8b20d9481fd404095767 0.5s done
2025-11-24T02:11:25.3282223Z #5 extracting sha256:4a1fde1690fe113870084a3224c66554fc9cbd2310abb9593b0244ec21f4b76d
2025-11-24T02:11:25.4793791Z #5 extracting sha256:4a1fde1690fe113870084a3224c66554fc9cbd2310abb9593b0244ec21f4b76d done
2025-11-24T02:11:25.4822965Z #5 extracting sha256:8023cb51985fccd3faa4be6340cdc75b72240277850569aa974767dda5176159
2025-11-24T02:11:25.6161361Z #5 extracting sha256:8023cb51985fccd3faa4be6340cdc75b72240277850569aa974767dda5176159 done
2025-11-24T02:11:25.6166468Z #5 extracting sha256:4836a863d60df9ca0cedad0eb5e729c4a7f755449fbfbd6d4ea6443e64c990e0 0.1s
2025-11-24T02:11:29.4595701Z #5 extracting sha256:4836a863d60df9ca0cedad0eb5e729c4a7f755449fbfbd6d4ea6443e64c990e0 3.8s done
2025-11-24T02:11:30.7783685Z #5 DONE 26.7s
2025-11-24T02:11:30.9492699Z 
2025-11-24T02:11:30.9494626Z #6 [2/2] COPY entrypoint.sh /entrypoint.sh
2025-11-24T02:11:30.9498412Z #6 DONE 0.0s
2025-11-24T02:11:30.9499220Z 
2025-11-24T02:11:30.9499711Z #7 exporting to image
2025-11-24T02:11:30.9500125Z #7 exporting layers
2025-11-24T02:11:32.1068171Z #7 exporting layers 1.3s done
2025-11-24T02:11:32.1341987Z #7 writing image sha256:4970ec41641613d2633cb071062ac293ef4fcd4edf8f6f2fa1abe582876b6f65 done
2025-11-24T02:11:32.1342956Z #7 naming to docker.io/library/4d319b:f4484a5f3b194a8bbfc8ed141f5bb4d5 done
2025-11-24T02:11:32.1343562Z #7 DONE 1.3s
2025-11-24T02:11:32.1401366Z ##[endgroup]
2025-11-24T02:11:32.1642148Z ##[group]Run actions/checkout@v3
2025-11-24T02:11:32.1642695Z with:
2025-11-24T02:11:32.1642888Z   submodules: false
2025-11-24T02:11:32.1643094Z   lfs: false
2025-11-24T02:11:32.1643437Z   sparse-checkout: *
!Vitrine-De-Craques-App/
!Vitrine-De-Craques-App-iOS/
!docs/

2025-11-24T02:11:32.1643859Z   sparse-checkout-cone-mode: false
2025-11-24T02:11:32.1644350Z   repository: aspepper/vitrine-de-craques-web-site
2025-11-24T02:11:32.1644975Z   token: ***
2025-11-24T02:11:32.1645170Z   ssh-strict: true
2025-11-24T02:11:32.1645381Z   persist-credentials: true
2025-11-24T02:11:32.1645603Z   clean: true
2025-11-24T02:11:32.1645783Z   fetch-depth: 1
2025-11-24T02:11:32.1645967Z   fetch-tags: false
2025-11-24T02:11:32.1646183Z   set-safe-directory: true
2025-11-24T02:11:32.1646608Z env:
2025-11-24T02:11:32.1647327Z   DATABASE_URL: ***
2025-11-24T02:11:32.1647646Z   NEXTAUTH_URL: ***
2025-11-24T02:11:32.1647938Z   NEXTAUTH_SECRET: ***
2025-11-24T02:11:32.1648145Z   AUTH_TRUST_HOST: true
2025-11-24T02:11:32.1648387Z ##[endgroup]
2025-11-24T02:11:32.2576567Z Syncing repository: aspepper/vitrine-de-craques-web-site
2025-11-24T02:11:32.2578338Z ##[group]Getting Git version info
2025-11-24T02:11:32.2579405Z Working directory is '/home/runner/work/vitrine-de-craques-web-site/vitrine-de-craques-web-site'
2025-11-24T02:11:32.2580601Z [command]/usr/bin/git version
2025-11-24T02:11:32.2596369Z git version 2.51.2
2025-11-24T02:11:32.2632423Z ##[endgroup]
2025-11-24T02:11:32.2638926Z Temporarily overriding HOME='/home/runner/work/_temp/a10e364e-cd74-465b-8ce8-4aa11cc988c3' before making global git config changes
2025-11-24T02:11:32.2640656Z Adding repository directory to the temporary git global config as a safe directory
2025-11-24T02:11:32.2646170Z [command]/usr/bin/git config --global --add safe.directory /home/runner/work/vitrine-de-craques-web-site/vitrine-de-craques-web-site
2025-11-24T02:11:32.2683812Z Deleting the contents of '/home/runner/work/vitrine-de-craques-web-site/vitrine-de-craques-web-site'
2025-11-24T02:11:32.2688264Z ##[group]Initializing the repository
2025-11-24T02:11:32.2692972Z [command]/usr/bin/git init /home/runner/work/vitrine-de-craques-web-site/vitrine-de-craques-web-site
2025-11-24T02:11:32.2813286Z hint: Using 'master' as the name for the initial branch. This default branch name
2025-11-24T02:11:32.2819710Z hint: is subject to change. To configure the initial branch name to use in all
2025-11-24T02:11:32.2820679Z hint: of your new repositories, which will suppress this warning, call:
2025-11-24T02:11:32.2821327Z hint:
2025-11-24T02:11:32.2821798Z hint: 	git config --global init.defaultBranch <name>
2025-11-24T02:11:32.2822339Z hint:
2025-11-24T02:11:32.2822857Z hint: Names commonly chosen instead of 'master' are 'main', 'trunk' and
2025-11-24T02:11:32.2823752Z hint: 'development'. The just-created branch can be renamed via this command:
2025-11-24T02:11:32.2824424Z hint:
2025-11-24T02:11:32.2824777Z hint: 	git branch -m <name>
2025-11-24T02:11:32.2825183Z hint:
2025-11-24T02:11:32.2825770Z hint: Disable this message with "git config set advice.defaultBranchName false"
2025-11-24T02:11:32.2829694Z Initialized empty Git repository in /home/runner/work/vitrine-de-craques-web-site/vitrine-de-craques-web-site/.git/
2025-11-24T02:11:32.2835777Z [command]/usr/bin/git remote add origin https://github.com/aspepper/vitrine-de-craques-web-site
2025-11-24T02:11:32.2917195Z ##[endgroup]
2025-11-24T02:11:32.2917874Z ##[group]Disabling automatic garbage collection
2025-11-24T02:11:32.2918915Z [command]/usr/bin/git config --local gc.auto 0
2025-11-24T02:11:32.2948778Z ##[endgroup]
2025-11-24T02:11:32.2950235Z ##[group]Setting up auth
2025-11-24T02:11:32.2956593Z [command]/usr/bin/git config --local --name-only --get-regexp core\.sshCommand
2025-11-24T02:11:32.2986798Z [command]/usr/bin/git submodule foreach --recursive sh -c "git config --local --name-only --get-regexp 'core\.sshCommand' && git config --local --unset-all 'core.sshCommand' || :"
2025-11-24T02:11:32.3356286Z [command]/usr/bin/git config --local --name-only --get-regexp http\.https\:\/\/github\.com\/\.extraheader
2025-11-24T02:11:32.3387071Z [command]/usr/bin/git submodule foreach --recursive sh -c "git config --local --name-only --get-regexp 'http\.https\:\/\/github\.com\/\.extraheader' && git config --local --unset-all 'http.https://github.com/.extraheader' || :"
2025-11-24T02:11:32.3620163Z [command]/usr/bin/git config --local http.https://github.com/.extraheader AUTHORIZATION: basic ***
2025-11-24T02:11:32.3656600Z ##[endgroup]
2025-11-24T02:11:32.3657385Z ##[group]Fetching the repository
2025-11-24T02:11:32.3665663Z [command]/usr/bin/git -c protocol.version=2 fetch --no-tags --prune --progress --no-recurse-submodules --filter=blob:none --depth=1 origin +1c0f494d2798aac803b40989b35cf330c4bf6d5a:refs/remotes/origin/main
2025-11-24T02:11:32.7734372Z remote: Enumerating objects: 200, done.        
2025-11-24T02:11:32.7735013Z remote: Counting objects:   0% (1/200)        
2025-11-24T02:11:32.7735616Z remote: Counting objects:   1% (2/200)        
2025-11-24T02:11:32.7736165Z remote: Counting objects:   2% (4/200)        
2025-11-24T02:11:32.7736689Z remote: Counting objects:   3% (6/200)        
2025-11-24T02:11:32.7737205Z remote: Counting objects:   4% (8/200)        
2025-11-24T02:11:32.7737755Z remote: Counting objects:   5% (10/200)        
2025-11-24T02:11:32.7738301Z remote: Counting objects:   6% (12/200)        
2025-11-24T02:11:32.7738840Z remote: Counting objects:   7% (14/200)        
2025-11-24T02:11:32.7739904Z remote: Counting objects:   8% (16/200)        
2025-11-24T02:11:32.7740469Z remote: Counting objects:   9% (18/200)        
2025-11-24T02:11:32.7741310Z remote: Counting objects:  10% (20/200)        
2025-11-24T02:11:32.7741892Z remote: Counting objects:  11% (22/200)        
2025-11-24T02:11:32.7742529Z remote: Counting objects:  12% (24/200)        
2025-11-24T02:11:32.7743113Z remote: Counting objects:  13% (26/200)        
2025-11-24T02:11:32.7743687Z remote: Counting objects:  14% (28/200)        
2025-11-24T02:11:32.7744256Z remote: Counting objects:  15% (30/200)        
2025-11-24T02:11:32.7744807Z remote: Counting objects:  16% (32/200)        
2025-11-24T02:11:32.7745350Z remote: Counting objects:  17% (34/200)        
2025-11-24T02:11:32.7745869Z remote: Counting objects:  18% (36/200)        
2025-11-24T02:11:32.7746409Z remote: Counting objects:  19% (38/200)        
2025-11-24T02:11:32.7746961Z remote: Counting objects:  20% (40/200)        
2025-11-24T02:11:32.7747505Z remote: Counting objects:  21% (42/200)        
2025-11-24T02:11:32.7748037Z remote: Counting objects:  22% (44/200)        
2025-11-24T02:11:32.7748562Z remote: Counting objects:  23% (46/200)        
2025-11-24T02:11:32.7754781Z remote: Counting objects:  24% (48/200)        
2025-11-24T02:11:32.7755416Z remote: Counting objects:  25% (50/200)        
2025-11-24T02:11:32.7755971Z remote: Counting objects:  26% (52/200)        
2025-11-24T02:11:32.7756511Z remote: Counting objects:  27% (54/200)        
2025-11-24T02:11:32.7757119Z remote: Counting objects:  28% (56/200)        
2025-11-24T02:11:32.7757645Z remote: Counting objects:  29% (58/200)        
2025-11-24T02:11:32.7758169Z remote: Counting objects:  30% (60/200)        
2025-11-24T02:11:32.7758693Z remote: Counting objects:  31% (62/200)        
2025-11-24T02:11:32.7759549Z remote: Counting objects:  32% (64/200)        
2025-11-24T02:11:32.7770244Z remote: Counting objects:  33% (66/200)        
2025-11-24T02:11:32.7770840Z remote: Counting objects:  34% (68/200)        
2025-11-24T02:11:32.7771389Z remote: Counting objects:  35% (70/200)        
2025-11-24T02:11:32.7771920Z remote: Counting objects:  36% (72/200)        
2025-11-24T02:11:32.7772449Z remote: Counting objects:  37% (74/200)        
2025-11-24T02:11:32.7772999Z remote: Counting objects:  38% (76/200)        
2025-11-24T02:11:32.7773546Z remote: Counting objects:  39% (78/200)        
2025-11-24T02:11:32.7774100Z remote: Counting objects:  40% (80/200)        
2025-11-24T02:11:32.7774971Z remote: Counting objects:  41% (82/200)        
2025-11-24T02:11:32.7775565Z remote: Counting objects:  42% (84/200)        
2025-11-24T02:11:32.7776112Z remote: Counting objects:  43% (86/200)        
2025-11-24T02:11:32.7776651Z remote: Counting objects:  44% (88/200)        
2025-11-24T02:11:32.7777157Z remote: Counting objects:  45% (90/200)        
2025-11-24T02:11:32.7777676Z remote: Counting objects:  46% (92/200)        
2025-11-24T02:11:32.7847432Z remote: Counting objects:  47% (94/200)        
2025-11-24T02:11:32.7848002Z remote: Counting objects:  48% (96/200)        
2025-11-24T02:11:32.7848486Z remote: Counting objects:  49% (98/200)        
2025-11-24T02:11:32.7849209Z remote: Counting objects:  50% (100/200)        
2025-11-24T02:11:32.7849853Z remote: Counting objects:  51% (102/200)        
2025-11-24T02:11:32.7850468Z remote: Counting objects:  52% (104/200)        
2025-11-24T02:11:32.7850942Z remote: Counting objects:  53% (106/200)        
2025-11-24T02:11:32.7851411Z remote: Counting objects:  54% (108/200)        
2025-11-24T02:11:32.7851960Z remote: Counting objects:  55% (110/200)        
2025-11-24T02:11:32.7852467Z remote: Counting objects:  56% (112/200)        
2025-11-24T02:11:32.7852994Z remote: Counting objects:  57% (114/200)        
2025-11-24T02:11:32.7853520Z remote: Counting objects:  58% (116/200)        
2025-11-24T02:11:32.7854050Z remote: Counting objects:  59% (118/200)        
2025-11-24T02:11:32.7854579Z remote: Counting objects:  60% (120/200)        
2025-11-24T02:11:32.7855430Z remote: Counting objects:  61% (122/200)        
2025-11-24T02:11:32.7855981Z remote: Counting objects:  62% (124/200)        
2025-11-24T02:11:32.7856539Z remote: Counting objects:  63% (126/200)        
2025-11-24T02:11:32.7857105Z remote: Counting objects:  64% (128/200)        
2025-11-24T02:11:32.7857641Z remote: Counting objects:  65% (130/200)        
2025-11-24T02:11:32.7858167Z remote: Counting objects:  66% (132/200)        
2025-11-24T02:11:32.7858687Z remote: Counting objects:  67% (134/200)        
2025-11-24T02:11:32.7859476Z remote: Counting objects:  68% (136/200)        
2025-11-24T02:11:32.7860017Z remote: Counting objects:  69% (138/200)        
2025-11-24T02:11:32.7860540Z remote: Counting objects:  70% (140/200)        
2025-11-24T02:11:32.7861049Z remote: Counting objects:  71% (142/200)        
2025-11-24T02:11:32.7861556Z remote: Counting objects:  72% (144/200)        
2025-11-24T02:11:32.7862090Z remote: Counting objects:  73% (146/200)        
2025-11-24T02:11:32.7862631Z remote: Counting objects:  74% (148/200)        
2025-11-24T02:11:32.7863160Z remote: Counting objects:  75% (150/200)        
2025-11-24T02:11:32.7863686Z remote: Counting objects:  76% (152/200)        
2025-11-24T02:11:32.7864241Z remote: Counting objects:  77% (154/200)        
2025-11-24T02:11:32.7864796Z remote: Counting objects:  78% (156/200)        
2025-11-24T02:11:32.7865321Z remote: Counting objects:  79% (158/200)        
2025-11-24T02:11:32.7865824Z remote: Counting objects:  80% (160/200)        
2025-11-24T02:11:32.7866393Z remote: Counting objects:  81% (162/200)        
2025-11-24T02:11:32.7866920Z remote: Counting objects:  82% (164/200)        
2025-11-24T02:11:32.7867468Z remote: Counting objects:  83% (166/200)        
2025-11-24T02:11:32.7867959Z remote: Counting objects:  84% (168/200)        
2025-11-24T02:11:32.7868460Z remote: Counting objects:  85% (170/200)        
2025-11-24T02:11:32.7868761Z remote: Counting objects:  86% (172/200)        
2025-11-24T02:11:32.7869763Z remote: Counting objects:  87% (174/200)        
2025-11-24T02:11:32.7870241Z remote: Counting objects:  88% (176/200)        
2025-11-24T02:11:32.7870546Z remote: Counting objects:  89% (178/200)        
2025-11-24T02:11:32.7870839Z remote: Counting objects:  90% (180/200)        
2025-11-24T02:11:32.7871131Z remote: Counting objects:  91% (182/200)        
2025-11-24T02:11:32.7871429Z remote: Counting objects:  92% (184/200)        
2025-11-24T02:11:32.7871726Z remote: Counting objects:  93% (186/200)        
2025-11-24T02:11:32.7872236Z remote: Counting objects:  94% (188/200)        
2025-11-24T02:11:32.7872543Z remote: Counting objects:  95% (190/200)        
2025-11-24T02:11:32.7872860Z remote: Counting objects:  96% (192/200)        
2025-11-24T02:11:32.7873153Z remote: Counting objects:  97% (194/200)        
2025-11-24T02:11:32.7873472Z remote: Counting objects:  98% (196/200)        
2025-11-24T02:11:32.7873776Z remote: Counting objects:  99% (198/200)        
2025-11-24T02:11:32.7874090Z remote: Counting objects: 100% (200/200)        
2025-11-24T02:11:32.7874409Z remote: Counting objects: 100% (200/200), done.        
2025-11-24T02:11:32.7874745Z remote: Compressing objects:   0% (1/111)        
2025-11-24T02:11:32.7875057Z remote: Compressing objects:   1% (2/111)        
2025-11-24T02:11:32.7875378Z remote: Compressing objects:   2% (3/111)        
2025-11-24T02:11:32.7875679Z remote: Compressing objects:   3% (4/111)        
2025-11-24T02:11:32.7875983Z remote: Compressing objects:   4% (5/111)        
2025-11-24T02:11:32.7876289Z remote: Compressing objects:   5% (6/111)        
2025-11-24T02:11:32.7876591Z remote: Compressing objects:   6% (7/111)        
2025-11-24T02:11:32.7876891Z remote: Compressing objects:   7% (8/111)        
2025-11-24T02:11:32.7877194Z remote: Compressing objects:   8% (9/111)        
2025-11-24T02:11:32.7877519Z remote: Compressing objects:   9% (10/111)        
2025-11-24T02:11:32.7877834Z remote: Compressing objects:  10% (12/111)        
2025-11-24T02:11:32.7878282Z remote: Compressing objects:  11% (13/111)        
2025-11-24T02:11:32.7878593Z remote: Compressing objects:  12% (14/111)        
2025-11-24T02:11:32.7878896Z remote: Compressing objects:  13% (15/111)        
2025-11-24T02:11:32.7879581Z remote: Compressing objects:  14% (16/111)        
2025-11-24T02:11:32.7879894Z remote: Compressing objects:  15% (17/111)        
2025-11-24T02:11:32.7880201Z remote: Compressing objects:  16% (18/111)        
2025-11-24T02:11:32.7880511Z remote: Compressing objects:  17% (19/111)        
2025-11-24T02:11:32.7880839Z remote: Compressing objects:  18% (20/111)        
2025-11-24T02:11:32.7881140Z remote: Compressing objects:  19% (22/111)        
2025-11-24T02:11:32.7881449Z remote: Compressing objects:  20% (23/111)        
2025-11-24T02:11:32.7881745Z remote: Compressing objects:  21% (24/111)        
2025-11-24T02:11:32.7882053Z remote: Compressing objects:  22% (25/111)        
2025-11-24T02:11:32.7882361Z remote: Compressing objects:  23% (26/111)        
2025-11-24T02:11:32.7882671Z remote: Compressing objects:  24% (27/111)        
2025-11-24T02:11:32.7882977Z remote: Compressing objects:  25% (28/111)        
2025-11-24T02:11:32.7883283Z remote: Compressing objects:  26% (29/111)        
2025-11-24T02:11:32.7883586Z remote: Compressing objects:  27% (30/111)        
2025-11-24T02:11:32.7883886Z remote: Compressing objects:  28% (32/111)        
2025-11-24T02:11:32.7884190Z remote: Compressing objects:  29% (33/111)        
2025-11-24T02:11:32.7884491Z remote: Compressing objects:  30% (34/111)        
2025-11-24T02:11:32.7884789Z remote: Compressing objects:  31% (35/111)        
2025-11-24T02:11:32.7885096Z remote: Compressing objects:  32% (36/111)        
2025-11-24T02:11:32.7885402Z remote: Compressing objects:  33% (37/111)        
2025-11-24T02:11:32.7885704Z remote: Compressing objects:  34% (38/111)        
2025-11-24T02:11:32.7886005Z remote: Compressing objects:  35% (39/111)        
2025-11-24T02:11:32.7886304Z remote: Compressing objects:  36% (40/111)        
2025-11-24T02:11:32.7886612Z remote: Compressing objects:  37% (42/111)        
2025-11-24T02:11:32.7886910Z remote: Compressing objects:  38% (43/111)        
2025-11-24T02:11:32.7887210Z remote: Compressing objects:  39% (44/111)        
2025-11-24T02:11:32.7887508Z remote: Compressing objects:  40% (45/111)        
2025-11-24T02:11:32.7887811Z remote: Compressing objects:  41% (46/111)        
2025-11-24T02:11:32.7888108Z remote: Compressing objects:  42% (47/111)        
2025-11-24T02:11:32.7888543Z remote: Compressing objects:  43% (48/111)        
2025-11-24T02:11:32.7888848Z remote: Compressing objects:  44% (49/111)        
2025-11-24T02:11:32.7889354Z remote: Compressing objects:  45% (50/111)        
2025-11-24T02:11:32.7889661Z remote: Compressing objects:  46% (52/111)        
2025-11-24T02:11:32.7889961Z remote: Compressing objects:  47% (53/111)        
2025-11-24T02:11:32.7890267Z remote: Compressing objects:  48% (54/111)        
2025-11-24T02:11:32.7890574Z remote: Compressing objects:  49% (55/111)        
2025-11-24T02:11:32.7890875Z remote: Compressing objects:  50% (56/111)        
2025-11-24T02:11:32.7891176Z remote: Compressing objects:  51% (57/111)        
2025-11-24T02:11:32.7891477Z remote: Compressing objects:  52% (58/111)        
2025-11-24T02:11:32.7891773Z remote: Compressing objects:  53% (59/111)        
2025-11-24T02:11:32.7892085Z remote: Compressing objects:  54% (60/111)        
2025-11-24T02:11:32.7892387Z remote: Compressing objects:  55% (62/111)        
2025-11-24T02:11:32.7892695Z remote: Compressing objects:  56% (63/111)        
2025-11-24T02:11:32.7892997Z remote: Compressing objects:  57% (64/111)        
2025-11-24T02:11:32.7893302Z remote: Compressing objects:  58% (65/111)        
2025-11-24T02:11:32.7893606Z remote: Compressing objects:  59% (66/111)        
2025-11-24T02:11:32.7893913Z remote: Compressing objects:  60% (67/111)        
2025-11-24T02:11:32.7894221Z remote: Compressing objects:  61% (68/111)        
2025-11-24T02:11:32.7894693Z remote: Compressing objects:  62% (69/111)        
2025-11-24T02:11:32.7895186Z remote: Compressing objects:  63% (70/111)        
2025-11-24T02:11:32.7895685Z remote: Compressing objects:  64% (72/111)        
2025-11-24T02:11:32.7896213Z remote: Compressing objects:  65% (73/111)        
2025-11-24T02:11:32.7896648Z remote: Compressing objects:  66% (74/111)        
2025-11-24T02:11:32.7897104Z remote: Compressing objects:  67% (75/111)        
2025-11-24T02:11:32.7897664Z remote: Compressing objects:  68% (76/111)        
2025-11-24T02:11:32.7898180Z remote: Compressing objects:  69% (77/111)        
2025-11-24T02:11:32.7898720Z remote: Compressing objects:  70% (78/111)        
2025-11-24T02:11:32.7899407Z remote: Compressing objects:  71% (79/111)        
2025-11-24T02:11:32.7899909Z remote: Compressing objects:  72% (80/111)        
2025-11-24T02:11:32.7900409Z remote: Compressing objects:  73% (82/111)        
2025-11-24T02:11:32.7900930Z remote: Compressing objects:  74% (83/111)        
2025-11-24T02:11:32.7901447Z remote: Compressing objects:  75% (84/111)        
2025-11-24T02:11:32.7901996Z remote: Compressing objects:  76% (85/111)        
2025-11-24T02:11:32.7902532Z remote: Compressing objects:  77% (86/111)        
2025-11-24T02:11:32.7903045Z remote: Compressing objects:  78% (87/111)        
2025-11-24T02:11:32.7903566Z remote: Compressing objects:  79% (88/111)        
2025-11-24T02:11:32.7904088Z remote: Compressing objects:  80% (89/111)        
2025-11-24T02:11:32.7904519Z remote: Compressing objects:  81% (90/111)        
2025-11-24T02:11:32.7904962Z remote: Compressing objects:  82% (92/111)        
2025-11-24T02:11:32.7905475Z remote: Compressing objects:  83% (93/111)        
2025-11-24T02:11:32.7905985Z remote: Compressing objects:  84% (94/111)        
2025-11-24T02:11:32.7906486Z remote: Compressing objects:  85% (95/111)        
2025-11-24T02:11:32.7907061Z remote: Compressing objects:  86% (96/111)        
2025-11-24T02:11:32.7907600Z remote: Compressing objects:  87% (97/111)        
2025-11-24T02:11:32.7908263Z remote: Compressing objects:  88% (98/111)        
2025-11-24T02:11:32.7908783Z remote: Compressing objects:  89% (99/111)        
2025-11-24T02:11:32.7909553Z remote: Compressing objects:  90% (100/111)        
2025-11-24T02:11:32.7910120Z remote: Compressing objects:  91% (102/111)        
2025-11-24T02:11:32.7910677Z remote: Compressing objects:  92% (103/111)        
2025-11-24T02:11:32.7911226Z remote: Compressing objects:  93% (104/111)        
2025-11-24T02:11:32.7911971Z remote: Compressing objects:  94% (105/111)        
2025-11-24T02:11:32.7912508Z remote: Compressing objects:  95% (106/111)        
2025-11-24T02:11:32.7913056Z remote: Compressing objects:  96% (107/111)        
2025-11-24T02:11:32.7913549Z remote: Compressing objects:  97% (108/111)        
2025-11-24T02:11:32.7914048Z remote: Compressing objects:  98% (109/111)        
2025-11-24T02:11:32.7914572Z remote: Compressing objects:  99% (110/111)        
2025-11-24T02:11:32.7915084Z remote: Compressing objects: 100% (111/111)        
2025-11-24T02:11:32.7915672Z remote: Compressing objects: 100% (111/111), done.        
2025-11-24T02:11:32.7959423Z Receiving objects:   0% (1/200)
2025-11-24T02:11:32.7960643Z Receiving objects:   1% (2/200)
2025-11-24T02:11:32.7961094Z Receiving objects:   2% (4/200)
2025-11-24T02:11:32.7961542Z Receiving objects:   3% (6/200)
2025-11-24T02:11:32.7961945Z Receiving objects:   4% (8/200)
2025-11-24T02:11:32.7962347Z Receiving objects:   5% (10/200)
2025-11-24T02:11:32.7962788Z Receiving objects:   6% (12/200)
2025-11-24T02:11:32.7963239Z Receiving objects:   7% (14/200)
2025-11-24T02:11:32.7963669Z Receiving objects:   8% (16/200)
2025-11-24T02:11:32.7964104Z Receiving objects:   9% (18/200)
2025-11-24T02:11:32.7964506Z Receiving objects:  10% (20/200)
2025-11-24T02:11:32.7964926Z Receiving objects:  11% (22/200)
2025-11-24T02:11:32.7965346Z Receiving objects:  12% (24/200)
2025-11-24T02:11:32.7965763Z Receiving objects:  13% (26/200)
2025-11-24T02:11:32.7966421Z Receiving objects:  14% (28/200)
2025-11-24T02:11:32.7966868Z Receiving objects:  15% (30/200)
2025-11-24T02:11:32.7967276Z Receiving objects:  16% (32/200)
2025-11-24T02:11:32.7967674Z Receiving objects:  17% (34/200)
2025-11-24T02:11:32.7967999Z Receiving objects:  18% (36/200)
2025-11-24T02:11:32.7968226Z Receiving objects:  19% (38/200)
2025-11-24T02:11:32.7968463Z Receiving objects:  20% (40/200)
2025-11-24T02:11:32.7968692Z Receiving objects:  21% (42/200)
2025-11-24T02:11:32.7968919Z Receiving objects:  22% (44/200)
2025-11-24T02:11:32.7969449Z Receiving objects:  23% (46/200)
2025-11-24T02:11:32.7969702Z Receiving objects:  24% (48/200)
2025-11-24T02:11:32.7969932Z Receiving objects:  25% (50/200)
2025-11-24T02:11:32.7970157Z Receiving objects:  26% (52/200)
2025-11-24T02:11:32.7970382Z Receiving objects:  27% (54/200)
2025-11-24T02:11:32.7970604Z Receiving objects:  28% (56/200)
2025-11-24T02:11:32.7970871Z Receiving objects:  29% (58/200)
2025-11-24T02:11:32.7971110Z Receiving objects:  30% (60/200)
2025-11-24T02:11:32.7971344Z Receiving objects:  31% (62/200)
2025-11-24T02:11:32.7971572Z Receiving objects:  32% (64/200)
2025-11-24T02:11:32.7971797Z Receiving objects:  33% (66/200)
2025-11-24T02:11:32.7972021Z Receiving objects:  34% (68/200)
2025-11-24T02:11:32.7972248Z Receiving objects:  35% (70/200)
2025-11-24T02:11:32.7972474Z Receiving objects:  36% (72/200)
2025-11-24T02:11:32.7972700Z Receiving objects:  37% (74/200)
2025-11-24T02:11:32.7972923Z Receiving objects:  38% (76/200)
2025-11-24T02:11:32.7973154Z Receiving objects:  39% (78/200)
2025-11-24T02:11:32.7973388Z Receiving objects:  40% (80/200)
2025-11-24T02:11:32.7973621Z Receiving objects:  41% (82/200)
2025-11-24T02:11:32.7973850Z Receiving objects:  42% (84/200)
2025-11-24T02:11:32.7974082Z Receiving objects:  43% (86/200)
2025-11-24T02:11:32.7974311Z Receiving objects:  44% (88/200)
2025-11-24T02:11:32.7974538Z Receiving objects:  45% (90/200)
2025-11-24T02:11:32.7974772Z Receiving objects:  46% (92/200)
2025-11-24T02:11:32.7975006Z Receiving objects:  47% (94/200)
2025-11-24T02:11:32.7975228Z Receiving objects:  48% (96/200)
2025-11-24T02:11:32.7975460Z Receiving objects:  49% (98/200)
2025-11-24T02:11:32.7975695Z Receiving objects:  50% (100/200)
2025-11-24T02:11:32.7975937Z Receiving objects:  51% (102/200)
2025-11-24T02:11:32.7976171Z Receiving objects:  52% (104/200)
2025-11-24T02:11:32.7976402Z Receiving objects:  53% (106/200)
2025-11-24T02:11:32.7976635Z Receiving objects:  54% (108/200)
2025-11-24T02:11:32.7976865Z Receiving objects:  55% (110/200)
2025-11-24T02:11:32.7977262Z Receiving objects:  56% (112/200)
2025-11-24T02:11:32.7977506Z Receiving objects:  57% (114/200)
2025-11-24T02:11:32.7977741Z Receiving objects:  58% (116/200)
2025-11-24T02:11:32.7977975Z Receiving objects:  59% (118/200)
2025-11-24T02:11:32.7978206Z Receiving objects:  60% (120/200)
2025-11-24T02:11:32.7978438Z Receiving objects:  61% (122/200)
2025-11-24T02:11:32.7978667Z Receiving objects:  62% (124/200)
2025-11-24T02:11:32.7978900Z Receiving objects:  63% (126/200)
2025-11-24T02:11:32.7979348Z Receiving objects:  64% (128/200)
2025-11-24T02:11:32.7979587Z Receiving objects:  65% (130/200)
2025-11-24T02:11:32.7979819Z Receiving objects:  66% (132/200)
2025-11-24T02:11:32.7980048Z Receiving objects:  67% (134/200)
2025-11-24T02:11:32.7980278Z Receiving objects:  68% (136/200)
2025-11-24T02:11:32.7980509Z Receiving objects:  69% (138/200)
2025-11-24T02:11:32.7980737Z Receiving objects:  70% (140/200)
2025-11-24T02:11:32.7980968Z Receiving objects:  71% (142/200)
2025-11-24T02:11:32.7981198Z Receiving objects:  72% (144/200)
2025-11-24T02:11:32.7981430Z Receiving objects:  73% (146/200)
2025-11-24T02:11:32.7981661Z Receiving objects:  74% (148/200)
2025-11-24T02:11:32.7981889Z Receiving objects:  75% (150/200)
2025-11-24T02:11:32.7982112Z Receiving objects:  76% (152/200)
2025-11-24T02:11:32.7982345Z Receiving objects:  77% (154/200)
2025-11-24T02:11:32.7982589Z Receiving objects:  78% (156/200)
2025-11-24T02:11:32.7982826Z Receiving objects:  79% (158/200)
2025-11-24T02:11:32.7983202Z Receiving objects:  80% (160/200)
2025-11-24T02:11:32.7983431Z Receiving objects:  81% (162/200)
2025-11-24T02:11:32.7983663Z Receiving objects:  82% (164/200)
2025-11-24T02:11:32.7983892Z Receiving objects:  83% (166/200)
2025-11-24T02:11:32.7984123Z Receiving objects:  84% (168/200)
2025-11-24T02:11:32.8126420Z Receiving objects:  85% (170/200)
2025-11-24T02:11:32.8127101Z remote: Total 200 (delta 0), reused 142 (delta 0), pack-reused 0 (from 0)        
2025-11-24T02:11:32.8133991Z Receiving objects:  86% (172/200)
2025-11-24T02:11:32.8134490Z Receiving objects:  87% (174/200)
2025-11-24T02:11:32.8134934Z Receiving objects:  88% (176/200)
2025-11-24T02:11:32.8135336Z Receiving objects:  89% (178/200)
2025-11-24T02:11:32.8135752Z Receiving objects:  90% (180/200)
2025-11-24T02:11:32.8136185Z Receiving objects:  91% (182/200)
2025-11-24T02:11:32.8136627Z Receiving objects:  92% (184/200)
2025-11-24T02:11:32.8137068Z Receiving objects:  93% (186/200)
2025-11-24T02:11:32.8137533Z Receiving objects:  94% (188/200)
2025-11-24T02:11:32.8137982Z Receiving objects:  95% (190/200)
2025-11-24T02:11:32.8138393Z Receiving objects:  96% (192/200)
2025-11-24T02:11:32.8138784Z Receiving objects:  97% (194/200)
2025-11-24T02:11:32.8139494Z Receiving objects:  98% (196/200)
2025-11-24T02:11:32.8140172Z Receiving objects:  99% (198/200)
2025-11-24T02:11:32.8140598Z Receiving objects: 100% (200/200)
2025-11-24T02:11:32.8141129Z Receiving objects: 100% (200/200), 32.47 KiB | 1.71 MiB/s, done.
2025-11-24T02:11:32.8167190Z From https://github.com/aspepper/vitrine-de-craques-web-site
2025-11-24T02:11:32.8168946Z  * [new ref]         1c0f494d2798aac803b40989b35cf330c4bf6d5a -> origin/main
2025-11-24T02:11:32.8211516Z ##[endgroup]
2025-11-24T02:11:32.8213146Z ##[group]Determining the checkout info
2025-11-24T02:11:32.8213838Z ##[endgroup]
2025-11-24T02:11:32.8214409Z ##[group]Setting up sparse checkout
2025-11-24T02:11:32.8217432Z [command]/usr/bin/git config core.sparseCheckout true
2025-11-24T02:11:32.8251162Z [command]/usr/bin/git rev-parse --git-path info/sparse-checkout
2025-11-24T02:11:32.8272260Z .git/info/sparse-checkout
2025-11-24T02:11:32.8283755Z ##[endgroup]
2025-11-24T02:11:32.8284714Z ##[group]Checking out the ref
2025-11-24T02:11:32.8289709Z [command]/usr/bin/git checkout --progress --force -B main refs/remotes/origin/main
2025-11-24T02:11:40.8764808Z Updating files:   0% (1/667)
2025-11-24T02:11:40.8771081Z Updating files:   1% (7/667)
2025-11-24T02:11:40.8774728Z Updating files:   2% (14/667)
2025-11-24T02:11:40.8780829Z Updating files:   3% (21/667)
2025-11-24T02:11:40.8788208Z Updating files:   4% (27/667)
2025-11-24T02:11:40.8793734Z Updating files:   5% (34/667)
2025-11-24T02:11:40.8801797Z Updating files:   6% (41/667)
2025-11-24T02:11:40.8808573Z Updating files:   7% (47/667)
2025-11-24T02:11:40.8813763Z Updating files:   8% (54/667)
2025-11-24T02:11:40.8817822Z Updating files:   9% (61/667)
2025-11-24T02:11:40.8822115Z Updating files:  10% (67/667)
2025-11-24T02:11:40.8826226Z Updating files:  11% (74/667)
2025-11-24T02:11:40.8829225Z Updating files:  12% (81/667)
2025-11-24T02:11:40.8832714Z Updating files:  13% (87/667)
2025-11-24T02:11:40.8870165Z Updating files:  14% (94/667)
2025-11-24T02:11:40.8874315Z Updating files:  15% (101/667)
2025-11-24T02:11:40.8889730Z Updating files:  16% (107/667)
2025-11-24T02:11:40.8890519Z Updating files:  17% (114/667)
2025-11-24T02:11:40.8897078Z Updating files:  18% (121/667)
2025-11-24T02:11:40.8908643Z Updating files:  19% (127/667)
2025-11-24T02:11:40.8918570Z Updating files:  20% (134/667)
2025-11-24T02:11:40.8939735Z Updating files:  21% (141/667)
2025-11-24T02:11:40.8941776Z Updating files:  22% (147/667)
2025-11-24T02:11:40.8944417Z Updating files:  23% (154/667)
2025-11-24T02:11:40.8951859Z Updating files:  24% (161/667)
2025-11-24T02:11:40.8970173Z Updating files:  25% (167/667)
2025-11-24T02:11:40.8970887Z Updating files:  26% (174/667)
2025-11-24T02:11:40.8979269Z Updating files:  27% (181/667)
2025-11-24T02:11:40.8990338Z Updating files:  28% (187/667)
2025-11-24T02:11:40.8998413Z Updating files:  29% (194/667)
2025-11-24T02:11:40.9006636Z Updating files:  30% (201/667)
2025-11-24T02:11:40.9040349Z Updating files:  31% (207/667)
2025-11-24T02:11:40.9040972Z Updating files:  32% (214/667)
2025-11-24T02:11:40.9041593Z Updating files:  33% (221/667)
2025-11-24T02:11:40.9042475Z Updating files:  34% (227/667)
2025-11-24T02:11:40.9049662Z Updating files:  35% (234/667)
2025-11-24T02:11:40.9056919Z Updating files:  36% (241/667)
2025-11-24T02:11:40.9065982Z Updating files:  37% (247/667)
2025-11-24T02:11:40.9090273Z Updating files:  38% (254/667)
2025-11-24T02:11:40.9221311Z Updating files:  39% (261/667)
2025-11-24T02:11:40.9466752Z Updating files:  40% (267/667)
2025-11-24T02:11:40.9690688Z Updating files:  41% (274/667)
2025-11-24T02:11:41.1024606Z Updating files:  42% (281/667)
2025-11-24T02:11:41.1212020Z Updating files:  43% (287/667)
2025-11-24T02:11:41.1324013Z Updating files:  44% (294/667)
2025-11-24T02:11:41.1694196Z Updating files:  45% (301/667)
2025-11-24T02:11:41.1991611Z Updating files:  46% (307/667)
2025-11-24T02:11:41.2245259Z Updating files:  47% (314/667)
2025-11-24T02:11:41.2310203Z Updating files:  48% (321/667)
2025-11-24T02:11:41.2374297Z Updating files:  49% (327/667)
2025-11-24T02:11:41.2417252Z Updating files:  50% (334/667)
2025-11-24T02:11:41.2524217Z Updating files:  51% (341/667)
2025-11-24T02:11:41.2668683Z Updating files:  52% (347/667)
2025-11-24T02:11:41.2692267Z Updating files:  53% (354/667)
2025-11-24T02:11:41.2703282Z Updating files:  54% (361/667)
2025-11-24T02:11:41.3173559Z Updating files:  55% (367/667)
2025-11-24T02:11:41.3382653Z Updating files:  56% (374/667)
2025-11-24T02:11:41.3462429Z Updating files:  57% (381/667)
2025-11-24T02:11:41.3833912Z Updating files:  58% (387/667)
2025-11-24T02:11:41.4005991Z Updating files:  59% (394/667)
2025-11-24T02:11:41.4010162Z Updating files:  60% (401/667)
2025-11-24T02:11:41.4012988Z Updating files:  61% (407/667)
2025-11-24T02:11:41.4200640Z Updating files:  62% (414/667)
2025-11-24T02:11:41.4255858Z Updating files:  63% (421/667)
2025-11-24T02:11:41.4536336Z Updating files:  64% (427/667)
2025-11-24T02:11:41.4542764Z Updating files:  65% (434/667)
2025-11-24T02:11:41.4544581Z Updating files:  66% (441/667)
2025-11-24T02:11:41.4643747Z Updating files:  67% (447/667)
2025-11-24T02:11:41.4718988Z Updating files:  68% (454/667)
2025-11-24T02:11:41.4722730Z Updating files:  69% (461/667)
2025-11-24T02:11:41.4727036Z Updating files:  70% (467/667)
2025-11-24T02:11:41.4765572Z Updating files:  71% (474/667)
2025-11-24T02:11:41.4817799Z Updating files:  72% (481/667)
2025-11-24T02:11:41.4927682Z Updating files:  73% (487/667)
2025-11-24T02:11:41.5104249Z Updating files:  74% (494/667)
2025-11-24T02:11:41.5162453Z Updating files:  75% (501/667)
2025-11-24T02:11:41.5186548Z Updating files:  76% (507/667)
2025-11-24T02:11:41.5205764Z Updating files:  77% (514/667)
2025-11-24T02:11:41.5221835Z Updating files:  78% (521/667)
2025-11-24T02:11:41.5246671Z Updating files:  79% (527/667)
2025-11-24T02:11:41.5280627Z Updating files:  80% (534/667)
2025-11-24T02:11:41.5284656Z Updating files:  81% (541/667)
2025-11-24T02:11:41.5289780Z Updating files:  82% (547/667)
2025-11-24T02:11:41.5293059Z Updating files:  83% (554/667)
2025-11-24T02:11:41.5297827Z Updating files:  84% (561/667)
2025-11-24T02:11:41.5316229Z Updating files:  85% (567/667)
2025-11-24T02:11:41.5321941Z Updating files:  86% (574/667)
2025-11-24T02:11:41.5328836Z Updating files:  87% (581/667)
2025-11-24T02:11:41.5335352Z Updating files:  88% (587/667)
2025-11-24T02:11:41.5339940Z Updating files:  89% (594/667)
2025-11-24T02:11:41.5342734Z Updating files:  90% (601/667)
2025-11-24T02:11:41.5346451Z Updating files:  91% (607/667)
2025-11-24T02:11:41.5350156Z Updating files:  92% (614/667)
2025-11-24T02:11:41.5354054Z Updating files:  93% (621/667)
2025-11-24T02:11:41.5357225Z Updating files:  94% (627/667)
2025-11-24T02:11:41.5360814Z Updating files:  95% (634/667)
2025-11-24T02:11:41.6080049Z Updating files:  96% (641/667)
2025-11-24T02:11:41.6186241Z Updating files:  97% (647/667)
2025-11-24T02:11:41.6189468Z Updating files:  98% (654/667)
2025-11-24T02:11:41.6192938Z Updating files:  99% (661/667)
2025-11-24T02:11:41.6193623Z Updating files: 100% (667/667)
2025-11-24T02:11:41.6194390Z Updating files: 100% (667/667), done.
2025-11-24T02:11:41.6217493Z Switched to a new branch 'main'
2025-11-24T02:11:41.6222075Z branch 'main' set up to track 'origin/main'.
2025-11-24T02:11:41.6314021Z ##[endgroup]
2025-11-24T02:11:41.6370112Z [command]/usr/bin/git log -1 --format='%H'
2025-11-24T02:11:41.6388157Z '1c0f494d2798aac803b40989b35cf330c4bf6d5a'
2025-11-24T02:11:41.6607119Z ##[group]Run actions/setup-node@v4
2025-11-24T02:11:41.6607410Z with:
2025-11-24T02:11:41.6607600Z   node-version: 20
2025-11-24T02:11:41.6607797Z   cache: npm
2025-11-24T02:11:41.6607974Z   always-auth: false
2025-11-24T02:11:41.6608177Z   check-latest: false
2025-11-24T02:11:41.6608554Z   token: ***
2025-11-24T02:11:41.6608730Z env:
2025-11-24T02:11:41.6609597Z   DATABASE_URL: ***
2025-11-24T02:11:41.6609911Z   NEXTAUTH_URL: ***
2025-11-24T02:11:41.6610203Z   NEXTAUTH_SECRET: ***
2025-11-24T02:11:41.6610405Z   AUTH_TRUST_HOST: true
2025-11-24T02:11:41.6610596Z ##[endgroup]
2025-11-24T02:11:41.8473187Z Found in cache @ /opt/hostedtoolcache/node/20.19.5/x64
2025-11-24T02:11:41.8480089Z ##[group]Environment details
2025-11-24T02:11:42.3526597Z node: v20.19.5
2025-11-24T02:11:42.3530530Z npm: 10.8.2
2025-11-24T02:11:42.3530866Z yarn: 1.22.22
2025-11-24T02:11:42.3532602Z ##[endgroup]
2025-11-24T02:11:42.3553962Z [command]/opt/hostedtoolcache/node/20.19.5/x64/bin/npm config get cache
2025-11-24T02:11:42.4782480Z /home/runner/.npm
2025-11-24T02:11:42.8570439Z Cache hit for: node-cache-Linux-x64-npm-7a37f00dbb49b213ff9469b7d87cb9481db306262f95e4f112cc6aec83ba8a27
2025-11-24T02:11:44.1547074Z Received 4194304 of 256886524 (1.6%), 4.0 MBs/sec
2025-11-24T02:11:45.2509803Z Received 134217728 of 256886524 (52.2%), 61.2 MBs/sec
2025-11-24T02:11:46.2462111Z Received 234881024 of 256886524 (91.4%), 72.5 MBs/sec
2025-11-24T02:11:46.5910996Z Received 256886524 of 256886524 (100.0%), 71.3 MBs/sec
2025-11-24T02:11:46.5914574Z Cache Size: ~245 MB (256886524 B)
2025-11-24T02:11:46.6011532Z [command]/usr/bin/tar -xf /home/runner/work/_temp/80c9e755-2a0b-4676-b1dd-7c708f66898c/cache.tzst -P -C /home/runner/work/vitrine-de-craques-web-site/vitrine-de-craques-web-site --use-compress-program unzstd
2025-11-24T02:11:47.4597565Z Cache restored successfully
2025-11-24T02:11:47.5090417Z Cache restored from key: node-cache-Linux-x64-npm-7a37f00dbb49b213ff9469b7d87cb9481db306262f95e4f112cc6aec83ba8a27
2025-11-24T02:11:47.5259220Z ##[group]Run npm ci
2025-11-24T02:11:47.5259514Z [36;1mnpm ci[0m
2025-11-24T02:11:47.5308291Z shell: /usr/bin/bash -e {0}
2025-11-24T02:11:47.5308547Z env:
2025-11-24T02:11:47.5309562Z   DATABASE_URL: ***
2025-11-24T02:11:47.5309897Z   NEXTAUTH_URL: ***
2025-11-24T02:11:47.5310202Z   NEXTAUTH_SECRET: ***
2025-11-24T02:11:47.5310420Z   AUTH_TRUST_HOST: true
2025-11-24T02:11:47.5310639Z ##[endgroup]
2025-11-24T02:11:55.5689656Z npm warn deprecated inflight@1.0.6: This module is not supported, and leaks memory. Do not use it. Check out lru-cache if you want a good and tested way to coalesce async requests by a key value, which is much more comprehensive and powerful.
2025-11-24T02:11:55.8851096Z npm warn deprecated @humanwhocodes/config-array@0.13.0: Use @eslint/config-array instead
2025-11-24T02:11:55.9081219Z npm warn deprecated rimraf@3.0.2: Rimraf versions prior to v4 are no longer supported
2025-11-24T02:11:56.1268428Z npm warn deprecated @humanwhocodes/object-schema@2.0.3: Use @eslint/object-schema instead
2025-11-24T02:11:56.1366397Z npm warn deprecated glob@7.2.3: Glob versions prior to v9 are no longer supported
2025-11-24T02:12:01.0785342Z npm warn deprecated eslint@8.57.1: This version is no longer supported. Please see https://eslint.org/version-support for other options.
2025-11-24T02:12:01.4586696Z npm warn deprecated fluent-ffmpeg@2.1.3: Package no longer supported. Contact Support at https://www.npmjs.com/support for more info.
2025-11-24T02:12:16.6199825Z 
2025-11-24T02:12:16.6210355Z > vitrine-de-craques-web-site@0.1.0 postinstall
2025-11-24T02:12:16.6211239Z > npx prisma generate
2025-11-24T02:12:16.6211573Z 
2025-11-24T02:12:18.0027444Z Prisma schema loaded from prisma/schema.prisma
2025-11-24T02:12:18.9129939Z ┌─────────────────────────────────────────────────────────┐
2025-11-24T02:12:18.9130647Z 
2025-11-24T02:12:18.9131488Z ✔ Generated Prisma Client (v6.16.2) to ./node_modules/@prisma/client in 394ms
2025-11-24T02:12:18.9132067Z 
2025-11-24T02:12:18.9132732Z Start by importing your Prisma Client (See: https://pris.ly/d/importing-client)
2025-11-24T02:12:18.9134047Z │  Update available 6.16.2 -> 7.0.0                       │
2025-11-24T02:12:18.9134815Z │                                                         │
2025-11-24T02:12:18.9135601Z │  This is a major update - please follow the guide at    │
2025-11-24T02:12:18.9136526Z │  https://pris.ly/d/major-version-upgrade                │
2025-11-24T02:12:18.9137341Z │                                                         │
2025-11-24T02:12:18.9138075Z │  Run the following to update                            │
2025-11-24T02:12:18.9138973Z │    npm i --save-dev prisma@latest                       │
2025-11-24T02:12:18.9140017Z │    npm i @prisma/client@latest                          │
2025-11-24T02:12:18.9140823Z └─────────────────────────────────────────────────────────┘
2025-11-24T02:12:18.9141154Z 
2025-11-24T02:12:18.9141820Z Tip: Want to turn off tips and other hints? https://pris.ly/tip-4-nohints
2025-11-24T02:12:18.9142507Z 
2025-11-24T02:12:18.9477909Z 
2025-11-24T02:12:18.9478642Z > vitrine-de-craques-web-site@0.1.0 prepare
2025-11-24T02:12:18.9479467Z > husky install
2025-11-24T02:12:18.9479694Z 
2025-11-24T02:12:19.0075745Z husky - Git hooks installed
2025-11-24T02:12:19.0260425Z 
2025-11-24T02:12:19.0262920Z added 832 packages, and audited 833 packages in 31s
2025-11-24T02:12:19.0264324Z 
2025-11-24T02:12:19.0264672Z 195 packages are looking for funding
2025-11-24T02:12:19.0265187Z   run `npm fund` for details
2025-11-24T02:12:19.0977731Z 
2025-11-24T02:12:19.0988461Z 8 vulnerabilities (2 low, 3 moderate, 3 high)
2025-11-24T02:12:19.0989797Z 
2025-11-24T02:12:19.0990436Z To address issues that do not require attention, run:
2025-11-24T02:12:19.0991182Z   npm audit fix
2025-11-24T02:12:19.0991566Z 
2025-11-24T02:12:19.0992095Z To address all issues (including breaking changes), run:
2025-11-24T02:12:19.0992851Z   npm audit fix --force
2025-11-24T02:12:19.0993269Z 
2025-11-24T02:12:19.0994800Z Run `npm audit` for details.
2025-11-24T02:12:19.2155601Z ##[group]Run npm run build
2025-11-24T02:12:19.2155894Z [36;1mnpm run build[0m
2025-11-24T02:12:19.2211467Z shell: /usr/bin/bash -e {0}
2025-11-24T02:12:19.2211715Z env:
2025-11-24T02:12:19.2212497Z   DATABASE_URL: ***
2025-11-24T02:12:19.2212839Z   NEXTAUTH_URL: ***
2025-11-24T02:12:19.2213162Z   NEXTAUTH_SECRET: ***
2025-11-24T02:12:19.2213381Z   AUTH_TRUST_HOST: true
2025-11-24T02:12:19.2213609Z ##[endgroup]
2025-11-24T02:12:19.3371397Z 
2025-11-24T02:12:19.3373921Z > vitrine-de-craques-web-site@0.1.0 build
2025-11-24T02:12:19.3376619Z > npx prisma generate && next build
2025-11-24T02:12:19.3376950Z 
2025-11-24T02:12:20.6956270Z Prisma schema loaded from prisma/schema.prisma
2025-11-24T02:12:21.5525374Z 
2025-11-24T02:12:21.5527916Z ✔ Generated Prisma Client (v6.16.2) to ./node_modules/@prisma/client in 386ms
2025-11-24T02:12:21.5529687Z 
2025-11-24T02:12:21.5531146Z Start by importing your Prisma Client (See: https://pris.ly/d/importing-client)
2025-11-24T02:12:21.5532576Z 
2025-11-24T02:12:21.5534319Z Tip: Interested in query caching in just a few lines of code? Try Accelerate today! https://pris.ly/tip-3-accelerate
2025-11-24T02:12:21.5535940Z 
2025-11-24T02:12:22.0882665Z ⚠ No build cache found. Please configure build caching for faster rebuilds. Read more: https://nextjs.org/docs/messages/no-cache
2025-11-24T02:12:22.0957210Z Attention: Next.js now collects completely anonymous telemetry regarding usage.
2025-11-24T02:12:22.0966989Z This information is used to shape Next.js' roadmap and prioritize features.
2025-11-24T02:12:22.0968562Z You can learn more, including how to opt-out if you'd not like to participate in this anonymous program, by visiting the following URL:
2025-11-24T02:12:22.0969819Z https://nextjs.org/telemetry
2025-11-24T02:12:22.0970279Z 
2025-11-24T02:12:22.1557679Z   ▲ Next.js 14.2.33
2025-11-24T02:12:22.1560188Z 
2025-11-24T02:12:22.2166295Z    Creating an optimized production build ...
2025-11-24T02:13:02.1340919Z  ⚠ Compiled with warnings
2025-11-24T02:13:02.1344746Z 
2025-11-24T02:13:02.1348518Z ./node_modules/@ffmpeg-installer/ffmpeg/index.js
2025-11-24T02:13:02.1351714Z Critical dependency: the request of a dependency is an expression
2025-11-24T02:13:02.1354203Z 
2025-11-24T02:13:02.1356499Z Import trace for requested module:
2025-11-24T02:13:02.1358554Z ./node_modules/@ffmpeg-installer/ffmpeg/index.js
2025-11-24T02:13:02.1360599Z ./app/api/videos/route.ts
2025-11-24T02:13:02.1383722Z 
2025-11-24T02:13:02.1384651Z ./node_modules/fluent-ffmpeg/lib/options/misc.js
2025-11-24T02:13:02.1385729Z Critical dependency: the request of a dependency is an expression
2025-11-24T02:13:02.1386443Z 
2025-11-24T02:13:02.1389833Z Import trace for requested module:
2025-11-24T02:13:02.1390551Z ./node_modules/fluent-ffmpeg/lib/options/misc.js
2025-11-24T02:13:02.1391380Z ./node_modules/fluent-ffmpeg/lib/fluent-ffmpeg.js
2025-11-24T02:13:02.1396999Z ./node_modules/fluent-ffmpeg/index.js
2025-11-24T02:13:02.1397945Z ./app/api/videos/route.ts
2025-11-24T02:13:02.1398401Z 
2025-11-24T02:13:16.8448671Z  ✓ Compiled successfully
2025-11-24T02:13:16.8455617Z    Linting and checking validity of types ...
2025-11-24T02:13:35.5161445Z Failed to compile.
2025-11-24T02:13:35.5163846Z 
2025-11-24T02:13:35.5164279Z ./components/media/SafeMedia.tsx:68:45
2025-11-24T02:13:35.5165231Z Type error: Type 'HTMLVideoElement | null' is not assignable to type 'HTMLVideoElement'.
2025-11-24T02:13:35.5166102Z   Type 'null' is not assignable to type 'HTMLVideoElement'.
2025-11-24T02:13:35.5166454Z 
2025-11-24T02:13:35.5166958Z [0m [90m 66 |[39m     )[33m;[39m[0m
2025-11-24T02:13:35.5167437Z [0m [90m 67 |[39m[0m
2025-11-24T02:13:35.5168642Z [0m[31m[1m>[22m[39m[90m 68 |[39m     useImperativeHandle(forwardedRef[33m,[39m () [33m=>[39m videoRef[33m.[39mcurrent)[33m;[39m[0m
2025-11-24T02:13:35.5170000Z [0m [90m    |[39m                                             [31m[1m^[22m[39m[0m
2025-11-24T02:13:35.5170526Z [0m [90m 69 |[39m[0m
2025-11-24T02:13:35.5174868Z [0m [90m 70 |[39m     useEffect(() [33m=>[39m {[0m
2025-11-24T02:13:35.5175746Z [0m [90m 71 |[39m       setHasError([36mfalse[39m)[33m;[39m[0m
2025-11-24T02:13:35.5807955Z Next.js build worker exited with code: 1 and signal: null
2025-11-24T02:13:35.5963878Z ##[error]Process completed with exit code 1.
2025-11-24T02:13:35.6050839Z Post job cleanup.
2025-11-24T02:13:35.6803770Z [command]/usr/bin/git version
2025-11-24T02:13:35.6843187Z git version 2.51.2
2025-11-24T02:13:35.6889699Z Temporarily overriding HOME='/home/runner/work/_temp/2a112ab4-7302-4653-a266-e8b8d79f4b4b' before making global git config changes
2025-11-24T02:13:35.6891725Z Adding repository directory to the temporary git global config as a safe directory
2025-11-24T02:13:35.6895046Z [command]/usr/bin/git config --global --add safe.directory /home/runner/work/vitrine-de-craques-web-site/vitrine-de-craques-web-site
2025-11-24T02:13:35.6930178Z [command]/usr/bin/git config --local --name-only --get-regexp core\.sshCommand
2025-11-24T02:13:35.6962304Z [command]/usr/bin/git submodule foreach --recursive sh -c "git config --local --name-only --get-regexp 'core\.sshCommand' && git config --local --unset-all 'core.sshCommand' || :"
2025-11-24T02:13:35.7214456Z fatal: No url found for submodule path 'Vitrine-De-Craques-App-iOS/Vitrine-De-Craques-App-iOS' in .gitmodules
2025-11-24T02:13:35.7271962Z ##[warning]The process '/usr/bin/git' failed with exit code 128
2025-11-24T02:13:35.7367147Z Cleaning up orphan processes
