2025-09-20T13:47:10.9506024Z Current runner version: '2.328.0'
2025-09-20T13:47:10.9540113Z ##[group]Runner Image Provisioner
2025-09-20T13:47:10.9541630Z Hosted Compute Agent
2025-09-20T13:47:10.9542582Z Version: 20250829.383
2025-09-20T13:47:10.9543606Z Commit: 27cb235aab5b0e52e153a26cd86b4742e89dac5d
2025-09-20T13:47:10.9544752Z Build Date: 2025-08-29T13:48:48Z
2025-09-20T13:47:10.9545866Z ##[endgroup]
2025-09-20T13:47:10.9547070Z ##[group]Operating System
2025-09-20T13:47:10.9548002Z Ubuntu
2025-09-20T13:47:10.9548941Z 24.04.3
2025-09-20T13:47:10.9549736Z LTS
2025-09-20T13:47:10.9550728Z ##[endgroup]
2025-09-20T13:47:10.9551700Z ##[group]Runner Image
2025-09-20T13:47:10.9552706Z Image: ubuntu-24.04
2025-09-20T13:47:10.9553668Z Version: 20250907.24.1
2025-09-20T13:47:10.9555528Z Included Software: https://github.com/actions/runner-images/blob/ubuntu24/20250907.24/images/ubuntu/Ubuntu2404-Readme.md
2025-09-20T13:47:10.9558786Z Image Release: https://github.com/actions/runner-images/releases/tag/ubuntu24%2F20250907.24
2025-09-20T13:47:10.9560668Z ##[endgroup]
2025-09-20T13:47:10.9563064Z ##[group]GITHUB_TOKEN Permissions
2025-09-20T13:47:10.9565945Z Contents: read
2025-09-20T13:47:10.9567125Z Metadata: read
2025-09-20T13:47:10.9568231Z Packages: read
2025-09-20T13:47:10.9569133Z ##[endgroup]
2025-09-20T13:47:10.9572203Z Secret source: Actions
2025-09-20T13:47:10.9573488Z Prepare workflow directory
2025-09-20T13:47:11.0234637Z Prepare all required actions
2025-09-20T13:47:11.0294022Z Getting action download info
2025-09-20T13:47:11.5702949Z Download action repository 'actions/checkout@v3' (SHA:f43a0e5ff2bd294095638e18286ca9a3d1956744)
2025-09-20T13:47:11.7647573Z Download action repository 'actions/setup-node@v4' (SHA:49933ea5288caeca8642d1e84afbd3f7d6820020)
2025-09-20T13:47:11.8639703Z Download action repository 'Azure/static-web-apps-deploy@v1' (SHA:4d27395796ac319302594769cfe812bd207490b1)
2025-09-20T13:47:12.3042939Z Complete job name: Build and Deploy Job
2025-09-20T13:47:12.3493681Z ##[group]Build container for action use: '/home/runner/work/_actions/Azure/static-web-apps-deploy/v1/Dockerfile'.
2025-09-20T13:47:12.3546991Z ##[command]/usr/bin/docker build -t 9d894a:b76a9105b8c74aae9e7a51fda7afe1a8 -f "/home/runner/work/_actions/Azure/static-web-apps-deploy/v1/Dockerfile" "/home/runner/work/_actions/Azure/static-web-apps-deploy/v1"
2025-09-20T13:47:13.1426355Z #0 building with "default" instance using docker driver
2025-09-20T13:47:13.1441996Z 
2025-09-20T13:47:13.1442748Z #1 [internal] load build definition from Dockerfile
2025-09-20T13:47:13.1444254Z #1 transferring dockerfile: 160B done
2025-09-20T13:47:13.1445691Z #1 DONE 0.0s
2025-09-20T13:47:13.1447851Z 
2025-09-20T13:47:13.1448698Z #2 [internal] load metadata for mcr.microsoft.com/appsvc/staticappsclient:stable
2025-09-20T13:47:13.1450390Z #2 DONE 0.1s
2025-09-20T13:47:13.4345993Z 
2025-09-20T13:47:13.4390107Z #3 [internal] load .dockerignore
2025-09-20T13:47:13.4419719Z #3 transferring context: 2B done
2025-09-20T13:47:13.4422457Z #3 DONE 0.0s
2025-09-20T13:47:13.4423076Z 
2025-09-20T13:47:13.4425798Z #4 [internal] load build context
2025-09-20T13:47:13.4427454Z #4 transferring context: 107B done
2025-09-20T13:47:13.4428868Z #4 DONE 0.0s
2025-09-20T13:47:13.4429458Z 
2025-09-20T13:47:13.4432056Z #5 [1/2] FROM mcr.microsoft.com/appsvc/staticappsclient:stable@sha256:3178a283e885dc45a0c7b4c6e9f728f0331ae7fb93de75db4181fa38651170f2
2025-09-20T13:47:13.4438735Z #5 resolve mcr.microsoft.com/appsvc/staticappsclient:stable@sha256:3178a283e885dc45a0c7b4c6e9f728f0331ae7fb93de75db4181fa38651170f2 done
2025-09-20T13:47:13.4444409Z #5 sha256:3178a283e885dc45a0c7b4c6e9f728f0331ae7fb93de75db4181fa38651170f2 2.88kB / 2.88kB done
2025-09-20T13:47:13.4449581Z #5 sha256:1df8e0748f30e89b0c0477edfc706fc39242e1d6008433c0494113de267e7ca8 15.34kB / 15.34kB done
2025-09-20T13:47:13.4455169Z #5 sha256:2377065f3b700cf1b5e391d26c572c8b91892dd44acd75deebdab5e403b23175 9.61MB / 15.56MB 0.1s
2025-09-20T13:47:13.4461568Z #5 sha256:5ee26b7a209f9a26720207792b237af3e19c0efeed8695e1e630fcd0feef9230 14.68MB / 54.75MB 0.1s
2025-09-20T13:47:13.4468799Z #5 sha256:5d6e107a26c2ffb6e234f04132358dea70a691a64c1152f984d2f2ba0e218c58 12.58MB / 53.74MB 0.1s
2025-09-20T13:47:13.4571992Z #5 sha256:2377065f3b700cf1b5e391d26c572c8b91892dd44acd75deebdab5e403b23175 15.56MB / 15.56MB 0.2s done
2025-09-20T13:47:13.4583367Z #5 sha256:5ee26b7a209f9a26720207792b237af3e19c0efeed8695e1e630fcd0feef9230 44.09MB / 54.75MB 0.3s
2025-09-20T13:47:13.4598349Z #5 sha256:5d6e107a26c2ffb6e234f04132358dea70a691a64c1152f984d2f2ba0e218c58 40.99MB / 53.74MB 0.3s
2025-09-20T13:47:13.4605772Z #5 sha256:41c7cd6fb37363fd1ec16dad3463ecc5820eda12c418a82b4849604252d29b88 18.87MB / 197.07MB 0.3s
2025-09-20T13:47:13.6578810Z #5 sha256:5ee26b7a209f9a26720207792b237af3e19c0efeed8695e1e630fcd0feef9230 54.75MB / 54.75MB 0.5s
2025-09-20T13:47:13.6583795Z #5 sha256:5d6e107a26c2ffb6e234f04132358dea70a691a64c1152f984d2f2ba0e218c58 53.74MB / 53.74MB 0.5s
2025-09-20T13:47:13.6594448Z #5 sha256:41c7cd6fb37363fd1ec16dad3463ecc5820eda12c418a82b4849604252d29b88 76.55MB / 197.07MB 0.5s
2025-09-20T13:47:13.8101612Z #5 extracting sha256:5d6e107a26c2ffb6e234f04132358dea70a691a64c1152f984d2f2ba0e218c58
2025-09-20T13:47:13.9188104Z #5 sha256:5ee26b7a209f9a26720207792b237af3e19c0efeed8695e1e630fcd0feef9230 54.75MB / 54.75MB 0.6s done
2025-09-20T13:47:13.9193174Z #5 sha256:5d6e107a26c2ffb6e234f04132358dea70a691a64c1152f984d2f2ba0e218c58 53.74MB / 53.74MB 0.6s done
2025-09-20T13:47:13.9207037Z #5 sha256:41c7cd6fb37363fd1ec16dad3463ecc5820eda12c418a82b4849604252d29b88 92.33MB / 197.07MB 0.7s
2025-09-20T13:47:13.9212488Z #5 sha256:aede74d79976f9d1be608a1286cdb2ca61aad25185440263691db6a0880adadd 6.29MB / 24.46MB 0.7s
2025-09-20T13:47:13.9217069Z #5 sha256:4f4fb700ef54461cfa02571ae0db9a0dc1e0cdb5577484a6d75e68dc38e8acc1 0B / 32B 0.7s
2025-09-20T13:47:14.0520932Z #5 sha256:41c7cd6fb37363fd1ec16dad3463ecc5820eda12c418a82b4849604252d29b88 133.60MB / 197.07MB 0.9s
2025-09-20T13:47:14.0532255Z #5 sha256:aede74d79976f9d1be608a1286cdb2ca61aad25185440263691db6a0880adadd 24.46MB / 24.46MB 0.8s done
2025-09-20T13:47:14.0540513Z #5 sha256:4f4fb700ef54461cfa02571ae0db9a0dc1e0cdb5577484a6d75e68dc38e8acc1 32B / 32B 0.7s done
2025-09-20T13:47:14.0545189Z #5 sha256:c279a6399750ee20e802fb2c47da034ccee5eb4f3b89087f32618f10e8af074a 1.56MB / 1.56MB 0.8s done
2025-09-20T13:47:14.0549821Z #5 sha256:ec0af1da0a0576de654092a28624c0565c6d854216944f18159460338af43293 7.34MB / 72.99MB 0.9s
2025-09-20T13:47:14.0554287Z #5 sha256:351447e6e3829fac25a761f87d07dc5bfc289f38908901d05fa53aaab54dbdcd 115.52kB / 115.52kB 0.9s done
2025-09-20T13:47:14.0558861Z #5 sha256:eec8099d3f58ba87e25216a07db18b5a0de40b6921ee61ea8ab9b4c29b53a12f 0B / 1.16MB 0.9s
2025-09-20T13:47:14.1544365Z #5 sha256:41c7cd6fb37363fd1ec16dad3463ecc5820eda12c418a82b4849604252d29b88 154.14MB / 197.07MB 1.0s
2025-09-20T13:47:14.1570116Z #5 sha256:ec0af1da0a0576de654092a28624c0565c6d854216944f18159460338af43293 26.32MB / 72.99MB 1.0s
2025-09-20T13:47:14.1575101Z #5 sha256:eec8099d3f58ba87e25216a07db18b5a0de40b6921ee61ea8ab9b4c29b53a12f 1.16MB / 1.16MB 1.0s done
2025-09-20T13:47:14.1580073Z #5 sha256:cddc70a1cccef26d55fcf9242759c41404c305acea0b4c3a30961c99846a0a55 0B / 637.94kB 1.0s
2025-09-20T13:47:14.3573478Z #5 sha256:41c7cd6fb37363fd1ec16dad3463ecc5820eda12c418a82b4849604252d29b88 187.99MB / 197.07MB 1.2s
2025-09-20T13:47:14.3574772Z #5 sha256:ec0af1da0a0576de654092a28624c0565c6d854216944f18159460338af43293 54.53MB / 72.99MB 1.2s
2025-09-20T13:47:14.3576083Z #5 sha256:cddc70a1cccef26d55fcf9242759c41404c305acea0b4c3a30961c99846a0a55 637.94kB / 637.94kB 1.0s done
2025-09-20T13:47:14.3577502Z #5 sha256:36312d7930e0666f8cfc7940823ac101235e873b7cbb8b20d9481fd404095767 6.53MB / 35.20MB 1.2s
2025-09-20T13:47:14.4568117Z #5 sha256:ec0af1da0a0576de654092a28624c0565c6d854216944f18159460338af43293 62.91MB / 72.99MB 1.3s
2025-09-20T13:47:14.4569946Z #5 sha256:36312d7930e0666f8cfc7940823ac101235e873b7cbb8b20d9481fd404095767 15.73MB / 35.20MB 1.3s
2025-09-20T13:47:14.5618195Z #5 sha256:ec0af1da0a0576de654092a28624c0565c6d854216944f18159460338af43293 71.30MB / 72.99MB 1.4s
2025-09-20T13:47:14.5619805Z #5 sha256:36312d7930e0666f8cfc7940823ac101235e873b7cbb8b20d9481fd404095767 23.33MB / 35.20MB 1.4s
2025-09-20T13:47:14.7489872Z #5 sha256:36312d7930e0666f8cfc7940823ac101235e873b7cbb8b20d9481fd404095767 31.46MB / 35.20MB 1.5s
2025-09-20T13:47:14.8528654Z #5 sha256:36312d7930e0666f8cfc7940823ac101235e873b7cbb8b20d9481fd404095767 35.20MB / 35.20MB 1.7s
2025-09-20T13:47:15.8181369Z #5 sha256:41c7cd6fb37363fd1ec16dad3463ecc5820eda12c418a82b4849604252d29b88 197.07MB / 197.07MB 2.5s done
2025-09-20T13:47:15.8184420Z #5 sha256:ec0af1da0a0576de654092a28624c0565c6d854216944f18159460338af43293 72.99MB / 72.99MB 2.5s done
2025-09-20T13:47:15.8185666Z #5 sha256:36312d7930e0666f8cfc7940823ac101235e873b7cbb8b20d9481fd404095767 35.20MB / 35.20MB 2.5s done
2025-09-20T13:47:15.8189372Z #5 sha256:8023cb51985fccd3faa4be6340cdc75b72240277850569aa974767dda5176159 168B / 168B 2.5s done
2025-09-20T13:47:15.8190582Z #5 sha256:4a1fde1690fe113870084a3224c66554fc9cbd2310abb9593b0244ec21f4b76d 168B / 168B 2.6s done
2025-09-20T13:47:15.8191707Z #5 sha256:4836a863d60df9ca0cedad0eb5e729c4a7f755449fbfbd6d4ea6443e64c990e0 19.92MB / 118.65MB 2.6s
2025-09-20T13:47:15.9227498Z #5 sha256:4836a863d60df9ca0cedad0eb5e729c4a7f755449fbfbd6d4ea6443e64c990e0 50.33MB / 118.65MB 2.7s
2025-09-20T13:47:16.0353919Z #5 sha256:4836a863d60df9ca0cedad0eb5e729c4a7f755449fbfbd6d4ea6443e64c990e0 81.90MB / 118.65MB 2.8s
2025-09-20T13:47:16.1418915Z #5 sha256:4836a863d60df9ca0cedad0eb5e729c4a7f755449fbfbd6d4ea6443e64c990e0 112.23MB / 118.65MB 2.9s
2025-09-20T13:47:16.2523402Z #5 sha256:4836a863d60df9ca0cedad0eb5e729c4a7f755449fbfbd6d4ea6443e64c990e0 118.65MB / 118.65MB 3.1s
2025-09-20T13:47:16.5384897Z #5 sha256:4836a863d60df9ca0cedad0eb5e729c4a7f755449fbfbd6d4ea6443e64c990e0 118.65MB / 118.65MB 3.2s done
2025-09-20T13:47:16.9740648Z #5 extracting sha256:5d6e107a26c2ffb6e234f04132358dea70a691a64c1152f984d2f2ba0e218c58 3.2s done
2025-09-20T13:47:17.1113879Z #5 extracting sha256:2377065f3b700cf1b5e391d26c572c8b91892dd44acd75deebdab5e403b23175 0.1s
2025-09-20T13:47:17.5828503Z #5 extracting sha256:2377065f3b700cf1b5e391d26c572c8b91892dd44acd75deebdab5e403b23175 0.4s done
2025-09-20T13:47:18.0981337Z #5 extracting sha256:5ee26b7a209f9a26720207792b237af3e19c0efeed8695e1e630fcd0feef9230
2025-09-20T13:47:20.2997425Z #5 extracting sha256:5ee26b7a209f9a26720207792b237af3e19c0efeed8695e1e630fcd0feef9230 2.1s done
2025-09-20T13:47:20.7924395Z #5 extracting sha256:41c7cd6fb37363fd1ec16dad3463ecc5820eda12c418a82b4849604252d29b88
2025-09-20T13:47:25.8401285Z #5 extracting sha256:41c7cd6fb37363fd1ec16dad3463ecc5820eda12c418a82b4849604252d29b88 5.0s
2025-09-20T13:47:26.0134511Z #5 extracting sha256:41c7cd6fb37363fd1ec16dad3463ecc5820eda12c418a82b4849604252d29b88 5.2s done
2025-09-20T13:47:28.5115191Z #5 extracting sha256:4f4fb700ef54461cfa02571ae0db9a0dc1e0cdb5577484a6d75e68dc38e8acc1
2025-09-20T13:47:28.6691941Z #5 extracting sha256:4f4fb700ef54461cfa02571ae0db9a0dc1e0cdb5577484a6d75e68dc38e8acc1 done
2025-09-20T13:47:28.6693107Z #5 extracting sha256:aede74d79976f9d1be608a1286cdb2ca61aad25185440263691db6a0880adadd 0.1s
2025-09-20T13:47:29.4714011Z #5 extracting sha256:aede74d79976f9d1be608a1286cdb2ca61aad25185440263691db6a0880adadd 0.8s done
2025-09-20T13:47:29.4723173Z #5 extracting sha256:c279a6399750ee20e802fb2c47da034ccee5eb4f3b89087f32618f10e8af074a
2025-09-20T13:47:29.7268712Z #5 extracting sha256:c279a6399750ee20e802fb2c47da034ccee5eb4f3b89087f32618f10e8af074a 0.1s done
2025-09-20T13:47:29.7269896Z #5 extracting sha256:ec0af1da0a0576de654092a28624c0565c6d854216944f18159460338af43293 0.1s
2025-09-20T13:47:30.8886291Z #5 extracting sha256:ec0af1da0a0576de654092a28624c0565c6d854216944f18159460338af43293 1.1s done
2025-09-20T13:47:31.4148965Z #5 extracting sha256:351447e6e3829fac25a761f87d07dc5bfc289f38908901d05fa53aaab54dbdcd
2025-09-20T13:47:31.5478934Z #5 extracting sha256:351447e6e3829fac25a761f87d07dc5bfc289f38908901d05fa53aaab54dbdcd done
2025-09-20T13:47:31.5483363Z #5 extracting sha256:eec8099d3f58ba87e25216a07db18b5a0de40b6921ee61ea8ab9b4c29b53a12f 0.1s done
2025-09-20T13:47:31.5484756Z #5 extracting sha256:cddc70a1cccef26d55fcf9242759c41404c305acea0b4c3a30961c99846a0a55 0.0s done
2025-09-20T13:47:31.6746175Z #5 extracting sha256:36312d7930e0666f8cfc7940823ac101235e873b7cbb8b20d9481fd404095767 0.1s
2025-09-20T13:47:32.1559990Z #5 extracting sha256:36312d7930e0666f8cfc7940823ac101235e873b7cbb8b20d9481fd404095767 0.5s done
2025-09-20T13:47:32.1580073Z #5 extracting sha256:4a1fde1690fe113870084a3224c66554fc9cbd2310abb9593b0244ec21f4b76d
2025-09-20T13:47:32.3221501Z #5 extracting sha256:4a1fde1690fe113870084a3224c66554fc9cbd2310abb9593b0244ec21f4b76d done
2025-09-20T13:47:32.3228279Z #5 extracting sha256:8023cb51985fccd3faa4be6340cdc75b72240277850569aa974767dda5176159 done
2025-09-20T13:47:32.3229942Z #5 extracting sha256:4836a863d60df9ca0cedad0eb5e729c4a7f755449fbfbd6d4ea6443e64c990e0 0.1s
2025-09-20T13:47:36.0671426Z #5 extracting sha256:4836a863d60df9ca0cedad0eb5e729c4a7f755449fbfbd6d4ea6443e64c990e0 3.7s done
2025-09-20T13:47:37.3881294Z #5 DONE 24.2s
2025-09-20T13:47:37.5676480Z 
2025-09-20T13:47:37.5686140Z #6 [2/2] COPY entrypoint.sh /entrypoint.sh
2025-09-20T13:47:37.5686795Z #6 DONE 0.0s
2025-09-20T13:47:37.5686987Z 
2025-09-20T13:47:37.5687126Z #7 exporting to image
2025-09-20T13:47:37.5687457Z #7 exporting layers
2025-09-20T13:47:38.6996591Z #7 exporting layers 1.3s done
2025-09-20T13:47:38.7006581Z #7 writing image sha256:5a35c5ea49e66bf30ee84a1f353057232edff834ba2129eeadb2941b5282b1c1
2025-09-20T13:47:38.7285724Z #7 writing image sha256:5a35c5ea49e66bf30ee84a1f353057232edff834ba2129eeadb2941b5282b1c1 done
2025-09-20T13:47:38.7289141Z #7 naming to docker.io/library/9d894a:b76a9105b8c74aae9e7a51fda7afe1a8 done
2025-09-20T13:47:38.7289760Z #7 DONE 1.3s
2025-09-20T13:47:38.7341216Z ##[endgroup]
2025-09-20T13:47:38.7601323Z ##[group]Run actions/checkout@v3
2025-09-20T13:47:38.7601872Z with:
2025-09-20T13:47:38.7602058Z   submodules: true
2025-09-20T13:47:38.7602251Z   lfs: false
2025-09-20T13:47:38.7602476Z   repository: aspepper/vitrine-de-craques-web-site
2025-09-20T13:47:38.7602933Z   token: ***
2025-09-20T13:47:38.7603118Z   ssh-strict: true
2025-09-20T13:47:38.7603317Z   persist-credentials: true
2025-09-20T13:47:38.7603526Z   clean: true
2025-09-20T13:47:38.7603719Z   sparse-checkout-cone-mode: true
2025-09-20T13:47:38.7603959Z   fetch-depth: 1
2025-09-20T13:47:38.7604333Z   fetch-tags: false
2025-09-20T13:47:38.7604711Z   set-safe-directory: true
2025-09-20T13:47:38.7605380Z ##[endgroup]
2025-09-20T13:47:38.8507622Z Syncing repository: aspepper/vitrine-de-craques-web-site
2025-09-20T13:47:38.8509620Z ##[group]Getting Git version info
2025-09-20T13:47:38.8510519Z Working directory is '/home/runner/work/vitrine-de-craques-web-site/vitrine-de-craques-web-site'
2025-09-20T13:47:38.8511802Z [command]/usr/bin/git version
2025-09-20T13:47:38.8523824Z git version 2.51.0
2025-09-20T13:47:38.8552248Z ##[endgroup]
2025-09-20T13:47:38.8567101Z Temporarily overriding HOME='/home/runner/work/_temp/6aa75334-89dc-4acf-81c0-017ae8c1bddc' before making global git config changes
2025-09-20T13:47:38.8569397Z Adding repository directory to the temporary git global config as a safe directory
2025-09-20T13:47:38.8573145Z [command]/usr/bin/git config --global --add safe.directory /home/runner/work/vitrine-de-craques-web-site/vitrine-de-craques-web-site
2025-09-20T13:47:38.8611983Z Deleting the contents of '/home/runner/work/vitrine-de-craques-web-site/vitrine-de-craques-web-site'
2025-09-20T13:47:38.8616239Z ##[group]Initializing the repository
2025-09-20T13:47:38.8620823Z [command]/usr/bin/git init /home/runner/work/vitrine-de-craques-web-site/vitrine-de-craques-web-site
2025-09-20T13:47:38.8758482Z hint: Using 'master' as the name for the initial branch. This default branch name
2025-09-20T13:47:38.8759951Z hint: is subject to change. To configure the initial branch name to use in all
2025-09-20T13:47:38.8760837Z hint: of your new repositories, which will suppress this warning, call:
2025-09-20T13:47:38.8761440Z hint:
2025-09-20T13:47:38.8761907Z hint: 	git config --global init.defaultBranch <name>
2025-09-20T13:47:38.8762939Z hint:
2025-09-20T13:47:38.8763449Z hint: Names commonly chosen instead of 'master' are 'main', 'trunk' and
2025-09-20T13:47:38.8764288Z hint: 'development'. The just-created branch can be renamed via this command:
2025-09-20T13:47:38.8764936Z hint:
2025-09-20T13:47:38.8765268Z hint: 	git branch -m <name>
2025-09-20T13:47:38.8765639Z hint:
2025-09-20T13:47:38.8766183Z hint: Disable this message with "git config set advice.defaultBranchName false"
2025-09-20T13:47:38.8774276Z Initialized empty Git repository in /home/runner/work/vitrine-de-craques-web-site/vitrine-de-craques-web-site/.git/
2025-09-20T13:47:38.8777793Z [command]/usr/bin/git remote add origin https://github.com/aspepper/vitrine-de-craques-web-site
2025-09-20T13:47:38.8815111Z ##[endgroup]
2025-09-20T13:47:38.8815992Z ##[group]Disabling automatic garbage collection
2025-09-20T13:47:38.8819234Z [command]/usr/bin/git config --local gc.auto 0
2025-09-20T13:47:38.8848999Z ##[endgroup]
2025-09-20T13:47:38.8849654Z ##[group]Setting up auth
2025-09-20T13:47:38.8855143Z [command]/usr/bin/git config --local --name-only --get-regexp core\.sshCommand
2025-09-20T13:47:38.8884344Z [command]/usr/bin/git submodule foreach --recursive sh -c "git config --local --name-only --get-regexp 'core\.sshCommand' && git config --local --unset-all 'core.sshCommand' || :"
2025-09-20T13:47:38.9265396Z [command]/usr/bin/git config --local --name-only --get-regexp http\.https\:\/\/github\.com\/\.extraheader
2025-09-20T13:47:38.9294728Z [command]/usr/bin/git submodule foreach --recursive sh -c "git config --local --name-only --get-regexp 'http\.https\:\/\/github\.com\/\.extraheader' && git config --local --unset-all 'http.https://github.com/.extraheader' || :"
2025-09-20T13:47:38.9523242Z [command]/usr/bin/git config --local http.https://github.com/.extraheader AUTHORIZATION: basic ***
2025-09-20T13:47:38.9555042Z ##[endgroup]
2025-09-20T13:47:38.9556079Z ##[group]Fetching the repository
2025-09-20T13:47:38.9565182Z [command]/usr/bin/git -c protocol.version=2 fetch --no-tags --prune --progress --no-recurse-submodules --depth=1 origin +e31cf229f38271b0e9851248715b59b35c7ec979:refs/remotes/origin/main
2025-09-20T13:47:39.3868439Z remote: Enumerating objects: 296, done.        
2025-09-20T13:47:39.3873548Z remote: Counting objects:   0% (1/296)        
2025-09-20T13:47:39.3875466Z remote: Counting objects:   1% (3/296)        
2025-09-20T13:47:39.3876310Z remote: Counting objects:   2% (6/296)        
2025-09-20T13:47:39.3881963Z remote: Counting objects:   3% (9/296)        
2025-09-20T13:47:39.3884379Z remote: Counting objects:   4% (12/296)        
2025-09-20T13:47:39.3885250Z remote: Counting objects:   5% (15/296)        
2025-09-20T13:47:39.3888795Z remote: Counting objects:   6% (18/296)        
2025-09-20T13:47:39.3889642Z remote: Counting objects:   7% (21/296)        
2025-09-20T13:47:39.3892798Z remote: Counting objects:   8% (24/296)        
2025-09-20T13:47:39.3893373Z remote: Counting objects:   9% (27/296)        
2025-09-20T13:47:39.3893931Z remote: Counting objects:  10% (30/296)        
2025-09-20T13:47:39.3894492Z remote: Counting objects:  11% (33/296)        
2025-09-20T13:47:39.3895031Z remote: Counting objects:  12% (36/296)        
2025-09-20T13:47:39.3895552Z remote: Counting objects:  13% (39/296)        
2025-09-20T13:47:39.3896082Z remote: Counting objects:  14% (42/296)        
2025-09-20T13:47:39.3896845Z remote: Counting objects:  15% (45/296)        
2025-09-20T13:47:39.3897399Z remote: Counting objects:  16% (48/296)        
2025-09-20T13:47:39.3897938Z remote: Counting objects:  17% (51/296)        
2025-09-20T13:47:39.3898472Z remote: Counting objects:  18% (54/296)        
2025-09-20T13:47:39.3899026Z remote: Counting objects:  19% (57/296)        
2025-09-20T13:47:39.3899560Z remote: Counting objects:  20% (60/296)        
2025-09-20T13:47:39.3900084Z remote: Counting objects:  21% (63/296)        
2025-09-20T13:47:39.3900610Z remote: Counting objects:  22% (66/296)        
2025-09-20T13:47:39.3901140Z remote: Counting objects:  23% (69/296)        
2025-09-20T13:47:39.3901993Z remote: Counting objects:  24% (72/296)        
2025-09-20T13:47:39.3902522Z remote: Counting objects:  25% (74/296)        
2025-09-20T13:47:39.3903028Z remote: Counting objects:  26% (77/296)        
2025-09-20T13:47:39.3903523Z remote: Counting objects:  27% (80/296)        
2025-09-20T13:47:39.3904135Z remote: Counting objects:  28% (83/296)        
2025-09-20T13:47:39.3904638Z remote: Counting objects:  29% (86/296)        
2025-09-20T13:47:39.3905146Z remote: Counting objects:  30% (89/296)        
2025-09-20T13:47:39.3905653Z remote: Counting objects:  31% (92/296)        
2025-09-20T13:47:39.3906150Z remote: Counting objects:  32% (95/296)        
2025-09-20T13:47:39.3906847Z remote: Counting objects:  33% (98/296)        
2025-09-20T13:47:39.3907361Z remote: Counting objects:  34% (101/296)        
2025-09-20T13:47:39.3907913Z remote: Counting objects:  35% (104/296)        
2025-09-20T13:47:39.3908440Z remote: Counting objects:  36% (107/296)        
2025-09-20T13:47:39.3908959Z remote: Counting objects:  37% (110/296)        
2025-09-20T13:47:39.3909495Z remote: Counting objects:  38% (113/296)        
2025-09-20T13:47:39.3910026Z remote: Counting objects:  39% (116/296)        
2025-09-20T13:47:39.3910552Z remote: Counting objects:  40% (119/296)        
2025-09-20T13:47:39.3911079Z remote: Counting objects:  41% (122/296)        
2025-09-20T13:47:39.3911600Z remote: Counting objects:  42% (125/296)        
2025-09-20T13:47:39.3912101Z remote: Counting objects:  43% (128/296)        
2025-09-20T13:47:39.3912625Z remote: Counting objects:  44% (131/296)        
2025-09-20T13:47:39.3913168Z remote: Counting objects:  45% (134/296)        
2025-09-20T13:47:39.3913963Z remote: Counting objects:  46% (137/296)        
2025-09-20T13:47:39.3914524Z remote: Counting objects:  47% (140/296)        
2025-09-20T13:47:39.3915053Z remote: Counting objects:  48% (143/296)        
2025-09-20T13:47:39.3915593Z remote: Counting objects:  49% (146/296)        
2025-09-20T13:47:39.3916136Z remote: Counting objects:  50% (148/296)        
2025-09-20T13:47:39.3920447Z remote: Counting objects:  51% (151/296)        
2025-09-20T13:47:39.3921094Z remote: Counting objects:  52% (154/296)        
2025-09-20T13:47:39.3921633Z remote: Counting objects:  53% (157/296)        
2025-09-20T13:47:39.3922176Z remote: Counting objects:  54% (160/296)        
2025-09-20T13:47:39.3985601Z remote: Counting objects:  55% (163/296)        
2025-09-20T13:47:39.3986107Z remote: Counting objects:  56% (166/296)        
2025-09-20T13:47:39.3986585Z remote: Counting objects:  57% (169/296)        
2025-09-20T13:47:39.3987257Z remote: Counting objects:  58% (172/296)        
2025-09-20T13:47:39.3987884Z remote: Counting objects:  59% (175/296)        
2025-09-20T13:47:39.3988506Z remote: Counting objects:  60% (178/296)        
2025-09-20T13:47:39.3988989Z remote: Counting objects:  61% (181/296)        
2025-09-20T13:47:39.3989445Z remote: Counting objects:  62% (184/296)        
2025-09-20T13:47:39.3989957Z remote: Counting objects:  63% (187/296)        
2025-09-20T13:47:39.3990495Z remote: Counting objects:  64% (190/296)        
2025-09-20T13:47:39.3990996Z remote: Counting objects:  65% (193/296)        
2025-09-20T13:47:39.3991559Z remote: Counting objects:  66% (196/296)        
2025-09-20T13:47:39.3992076Z remote: Counting objects:  67% (199/296)        
2025-09-20T13:47:39.3992595Z remote: Counting objects:  68% (202/296)        
2025-09-20T13:47:39.3993117Z remote: Counting objects:  69% (205/296)        
2025-09-20T13:47:39.3993640Z remote: Counting objects:  70% (208/296)        
2025-09-20T13:47:39.3994168Z remote: Counting objects:  71% (211/296)        
2025-09-20T13:47:39.3994682Z remote: Counting objects:  72% (214/296)        
2025-09-20T13:47:39.3995192Z remote: Counting objects:  73% (217/296)        
2025-09-20T13:47:39.3995703Z remote: Counting objects:  74% (220/296)        
2025-09-20T13:47:39.3996206Z remote: Counting objects:  75% (222/296)        
2025-09-20T13:47:39.4000180Z remote: Counting objects:  76% (225/296)        
2025-09-20T13:47:39.4000706Z remote: Counting objects:  77% (228/296)        
2025-09-20T13:47:39.4001206Z remote: Counting objects:  78% (231/296)        
2025-09-20T13:47:39.4001760Z remote: Counting objects:  79% (234/296)        
2025-09-20T13:47:39.4002277Z remote: Counting objects:  80% (237/296)        
2025-09-20T13:47:39.4002777Z remote: Counting objects:  81% (240/296)        
2025-09-20T13:47:39.4003245Z remote: Counting objects:  82% (243/296)        
2025-09-20T13:47:39.4003754Z remote: Counting objects:  83% (246/296)        
2025-09-20T13:47:39.4004055Z remote: Counting objects:  84% (249/296)        
2025-09-20T13:47:39.4004344Z remote: Counting objects:  85% (252/296)        
2025-09-20T13:47:39.4004688Z remote: Counting objects:  86% (255/296)        
2025-09-20T13:47:39.4004969Z remote: Counting objects:  87% (258/296)        
2025-09-20T13:47:39.4005248Z remote: Counting objects:  88% (261/296)        
2025-09-20T13:47:39.4005537Z remote: Counting objects:  89% (264/296)        
2025-09-20T13:47:39.4005824Z remote: Counting objects:  90% (267/296)        
2025-09-20T13:47:39.4006098Z remote: Counting objects:  91% (270/296)        
2025-09-20T13:47:39.4006372Z remote: Counting objects:  92% (273/296)        
2025-09-20T13:47:39.4006867Z remote: Counting objects:  93% (276/296)        
2025-09-20T13:47:39.4007171Z remote: Counting objects:  94% (279/296)        
2025-09-20T13:47:39.4007455Z remote: Counting objects:  95% (282/296)        
2025-09-20T13:47:39.4007728Z remote: Counting objects:  96% (285/296)        
2025-09-20T13:47:39.4007994Z remote: Counting objects:  97% (288/296)        
2025-09-20T13:47:39.4008456Z remote: Counting objects:  98% (291/296)        
2025-09-20T13:47:39.4008737Z remote: Counting objects:  99% (294/296)        
2025-09-20T13:47:39.4009012Z remote: Counting objects: 100% (296/296)        
2025-09-20T13:47:39.4009311Z remote: Counting objects: 100% (296/296), done.        
2025-09-20T13:47:39.4009626Z remote: Compressing objects:   0% (1/230)        
2025-09-20T13:47:39.4009923Z remote: Compressing objects:   1% (3/230)        
2025-09-20T13:47:39.4010209Z remote: Compressing objects:   2% (5/230)        
2025-09-20T13:47:39.4010543Z remote: Compressing objects:   3% (7/230)        
2025-09-20T13:47:39.4010842Z remote: Compressing objects:   4% (10/230)        
2025-09-20T13:47:39.4011135Z remote: Compressing objects:   5% (12/230)        
2025-09-20T13:47:39.4011423Z remote: Compressing objects:   6% (14/230)        
2025-09-20T13:47:39.4011705Z remote: Compressing objects:   7% (17/230)        
2025-09-20T13:47:39.4011988Z remote: Compressing objects:   8% (19/230)        
2025-09-20T13:47:39.4012281Z remote: Compressing objects:   9% (21/230)        
2025-09-20T13:47:39.4012567Z remote: Compressing objects:  10% (23/230)        
2025-09-20T13:47:39.4012850Z remote: Compressing objects:  11% (26/230)        
2025-09-20T13:47:39.4013132Z remote: Compressing objects:  12% (28/230)        
2025-09-20T13:47:39.4013422Z remote: Compressing objects:  13% (30/230)        
2025-09-20T13:47:39.4013706Z remote: Compressing objects:  14% (33/230)        
2025-09-20T13:47:39.4013990Z remote: Compressing objects:  15% (35/230)        
2025-09-20T13:47:39.4014273Z remote: Compressing objects:  16% (37/230)        
2025-09-20T13:47:39.4014557Z remote: Compressing objects:  17% (40/230)        
2025-09-20T13:47:39.4014834Z remote: Compressing objects:  18% (42/230)        
2025-09-20T13:47:39.4015120Z remote: Compressing objects:  19% (44/230)        
2025-09-20T13:47:39.4015426Z remote: Compressing objects:  20% (46/230)        
2025-09-20T13:47:39.4015713Z remote: Compressing objects:  21% (49/230)        
2025-09-20T13:47:39.4016000Z remote: Compressing objects:  22% (51/230)        
2025-09-20T13:47:39.4016283Z remote: Compressing objects:  23% (53/230)        
2025-09-20T13:47:39.4016570Z remote: Compressing objects:  24% (56/230)        
2025-09-20T13:47:39.4304213Z remote: Compressing objects:  25% (58/230)        
2025-09-20T13:47:39.4305881Z remote: Compressing objects:  26% (60/230)        
2025-09-20T13:47:39.4307618Z remote: Compressing objects:  27% (63/230)        
2025-09-20T13:47:39.4308051Z remote: Compressing objects:  28% (65/230)        
2025-09-20T13:47:39.4308408Z remote: Compressing objects:  29% (67/230)        
2025-09-20T13:47:39.4308761Z remote: Compressing objects:  30% (69/230)        
2025-09-20T13:47:39.4309117Z remote: Compressing objects:  31% (72/230)        
2025-09-20T13:47:39.4309476Z remote: Compressing objects:  32% (74/230)        
2025-09-20T13:47:39.4309835Z remote: Compressing objects:  33% (76/230)        
2025-09-20T13:47:39.4310196Z remote: Compressing objects:  34% (79/230)        
2025-09-20T13:47:39.4310564Z remote: Compressing objects:  35% (81/230)        
2025-09-20T13:47:39.4310930Z remote: Compressing objects:  36% (83/230)        
2025-09-20T13:47:39.4311281Z remote: Compressing objects:  37% (86/230)        
2025-09-20T13:47:39.4311632Z remote: Compressing objects:  38% (88/230)        
2025-09-20T13:47:39.4311989Z remote: Compressing objects:  39% (90/230)        
2025-09-20T13:47:39.4312339Z remote: Compressing objects:  40% (92/230)        
2025-09-20T13:47:39.4312689Z remote: Compressing objects:  41% (95/230)        
2025-09-20T13:47:39.4313037Z remote: Compressing objects:  42% (97/230)        
2025-09-20T13:47:39.4313388Z remote: Compressing objects:  43% (99/230)        
2025-09-20T13:47:39.4313737Z remote: Compressing objects:  44% (102/230)        
2025-09-20T13:47:39.4314097Z remote: Compressing objects:  45% (104/230)        
2025-09-20T13:47:39.4547186Z remote: Compressing objects:  46% (106/230)        
2025-09-20T13:47:39.4548415Z remote: Compressing objects:  47% (109/230)        
2025-09-20T13:47:39.4549546Z remote: Compressing objects:  48% (111/230)        
2025-09-20T13:47:39.4550116Z remote: Compressing objects:  49% (113/230)        
2025-09-20T13:47:39.4983364Z remote: Compressing objects:  50% (115/230)        
2025-09-20T13:47:39.4984289Z remote: Compressing objects:  51% (118/230)        
2025-09-20T13:47:39.4985231Z remote: Compressing objects:  52% (120/230)        
2025-09-20T13:47:39.5663530Z remote: Compressing objects:  53% (122/230)        
2025-09-20T13:47:39.5664480Z remote: Compressing objects:  54% (125/230)        
2025-09-20T13:47:39.5665618Z remote: Compressing objects:  55% (127/230)        
2025-09-20T13:47:39.5666388Z remote: Compressing objects:  56% (129/230)        
2025-09-20T13:47:39.5667435Z remote: Compressing objects:  57% (132/230)        
2025-09-20T13:47:39.5668213Z remote: Compressing objects:  58% (134/230)        
2025-09-20T13:47:39.7085892Z remote: Compressing objects:  59% (136/230)        
2025-09-20T13:47:39.7087473Z remote: Compressing objects:  60% (138/230)        
2025-09-20T13:47:39.7088283Z remote: Compressing objects:  61% (141/230)        
2025-09-20T13:47:39.7089151Z remote: Compressing objects:  62% (143/230)        
2025-09-20T13:47:39.7090017Z remote: Compressing objects:  63% (145/230)        
2025-09-20T13:47:39.7090951Z remote: Compressing objects:  64% (148/230)        
2025-09-20T13:47:39.7091883Z remote: Compressing objects:  65% (150/230)        
2025-09-20T13:47:39.7092848Z remote: Compressing objects:  66% (152/230)        
2025-09-20T13:47:39.7093735Z remote: Compressing objects:  67% (155/230)        
2025-09-20T13:47:39.7094447Z remote: Compressing objects:  68% (157/230)        
2025-09-20T13:47:39.7095115Z remote: Compressing objects:  69% (159/230)        
2025-09-20T13:47:39.7095730Z remote: Compressing objects:  70% (161/230)        
2025-09-20T13:47:39.7097093Z remote: Compressing objects:  71% (164/230)        
2025-09-20T13:47:39.7097651Z remote: Compressing objects:  72% (166/230)        
2025-09-20T13:47:39.7711002Z remote: Compressing objects:  73% (168/230)        
2025-09-20T13:47:39.7712460Z remote: Compressing objects:  74% (171/230)        
2025-09-20T13:47:39.7723815Z remote: Compressing objects:  75% (173/230)        
2025-09-20T13:47:39.7724531Z remote: Compressing objects:  76% (175/230)        
2025-09-20T13:47:39.7725509Z remote: Compressing objects:  77% (178/230)        
2025-09-20T13:47:39.7726051Z remote: Compressing objects:  78% (180/230)        
2025-09-20T13:47:39.7726570Z remote: Compressing objects:  79% (182/230)        
2025-09-20T13:47:39.7727390Z remote: Compressing objects:  80% (184/230)        
2025-09-20T13:47:39.7727902Z remote: Compressing objects:  81% (187/230)        
2025-09-20T13:47:39.7728399Z remote: Compressing objects:  82% (189/230)        
2025-09-20T13:47:39.7728899Z remote: Compressing objects:  83% (191/230)        
2025-09-20T13:47:39.7729421Z remote: Compressing objects:  84% (194/230)        
2025-09-20T13:47:39.7729911Z remote: Compressing objects:  85% (196/230)        
2025-09-20T13:47:39.7730426Z remote: Compressing objects:  86% (198/230)        
2025-09-20T13:47:39.7730906Z remote: Compressing objects:  87% (201/230)        
2025-09-20T13:47:39.7733581Z remote: Compressing objects:  88% (203/230)        
2025-09-20T13:47:39.7734136Z remote: Compressing objects:  89% (205/230)        
2025-09-20T13:47:39.7734868Z remote: Compressing objects:  90% (207/230)        
2025-09-20T13:47:39.7735385Z remote: Compressing objects:  91% (210/230)        
2025-09-20T13:47:39.7735894Z remote: Compressing objects:  92% (212/230)        
2025-09-20T13:47:39.7736392Z remote: Compressing objects:  93% (214/230)        
2025-09-20T13:47:39.7737077Z remote: Compressing objects:  94% (217/230)        
2025-09-20T13:47:39.7737584Z remote: Compressing objects:  95% (219/230)        
2025-09-20T13:47:39.7738079Z remote: Compressing objects:  96% (221/230)        
2025-09-20T13:47:39.7738598Z remote: Compressing objects:  97% (224/230)        
2025-09-20T13:47:39.7739356Z remote: Compressing objects:  98% (226/230)        
2025-09-20T13:47:39.7739845Z remote: Compressing objects:  99% (228/230)        
2025-09-20T13:47:39.7744764Z remote: Compressing objects: 100% (230/230)        
2025-09-20T13:47:39.7745407Z remote: Compressing objects: 100% (230/230), done.        
2025-09-20T13:47:39.7901952Z Receiving objects:   0% (1/296)
2025-09-20T13:47:39.7906225Z Receiving objects:   1% (3/296)
2025-09-20T13:47:39.7909772Z Receiving objects:   2% (6/296)
2025-09-20T13:47:39.7910212Z Receiving objects:   3% (9/296)
2025-09-20T13:47:39.7910640Z Receiving objects:   4% (12/296)
2025-09-20T13:47:39.7911026Z Receiving objects:   5% (15/296)
2025-09-20T13:47:39.7911415Z Receiving objects:   6% (18/296)
2025-09-20T13:47:39.7911797Z Receiving objects:   7% (21/296)
2025-09-20T13:47:39.8073993Z Receiving objects:   8% (24/296)
2025-09-20T13:47:39.8078171Z Receiving objects:   9% (27/296)
2025-09-20T13:47:39.8078690Z Receiving objects:  10% (30/296)
2025-09-20T13:47:39.8079241Z Receiving objects:  11% (33/296)
2025-09-20T13:47:39.8079873Z Receiving objects:  12% (36/296)
2025-09-20T13:47:39.8080369Z Receiving objects:  13% (39/296)
2025-09-20T13:47:39.8080880Z Receiving objects:  14% (42/296)
2025-09-20T13:47:39.8081348Z Receiving objects:  15% (45/296)
2025-09-20T13:47:39.8081882Z Receiving objects:  16% (48/296)
2025-09-20T13:47:39.8082402Z Receiving objects:  17% (51/296)
2025-09-20T13:47:39.8082894Z Receiving objects:  18% (54/296)
2025-09-20T13:47:39.8083376Z Receiving objects:  19% (57/296)
2025-09-20T13:47:39.8083851Z Receiving objects:  20% (60/296)
2025-09-20T13:47:39.8084344Z Receiving objects:  21% (63/296)
2025-09-20T13:47:39.8084821Z Receiving objects:  22% (66/296)
2025-09-20T13:47:39.8085288Z Receiving objects:  23% (69/296)
2025-09-20T13:47:39.8088347Z Receiving objects:  24% (72/296)
2025-09-20T13:47:39.8090434Z Receiving objects:  25% (74/296)
2025-09-20T13:47:39.8090848Z Receiving objects:  26% (77/296)
2025-09-20T13:47:39.8091242Z Receiving objects:  27% (80/296)
2025-09-20T13:47:39.8093752Z Receiving objects:  28% (83/296)
2025-09-20T13:47:39.8096826Z Receiving objects:  29% (86/296)
2025-09-20T13:47:39.8098927Z Receiving objects:  30% (89/296)
2025-09-20T13:47:39.8099709Z Receiving objects:  31% (92/296)
2025-09-20T13:47:39.8101654Z Receiving objects:  32% (95/296)
2025-09-20T13:47:39.8102315Z Receiving objects:  33% (98/296)
2025-09-20T13:47:39.8102723Z Receiving objects:  34% (101/296)
2025-09-20T13:47:39.8103140Z Receiving objects:  35% (104/296)
2025-09-20T13:47:39.8103540Z Receiving objects:  36% (107/296)
2025-09-20T13:47:39.8103939Z Receiving objects:  37% (110/296)
2025-09-20T13:47:39.8107945Z Receiving objects:  38% (113/296)
2025-09-20T13:47:39.8108389Z Receiving objects:  39% (116/296)
2025-09-20T13:47:39.8108827Z Receiving objects:  40% (119/296)
2025-09-20T13:47:39.8109456Z Receiving objects:  41% (122/296)
2025-09-20T13:47:39.8109874Z Receiving objects:  42% (125/296)
2025-09-20T13:47:39.8110402Z Receiving objects:  43% (128/296)
2025-09-20T13:47:39.8110911Z Receiving objects:  44% (131/296)
2025-09-20T13:47:39.8111415Z Receiving objects:  45% (134/296)
2025-09-20T13:47:39.8112452Z Receiving objects:  46% (137/296)
2025-09-20T13:47:39.8114625Z Receiving objects:  47% (140/296)
2025-09-20T13:47:39.8116366Z Receiving objects:  48% (143/296)
2025-09-20T13:47:39.8123291Z Receiving objects:  49% (146/296)
2025-09-20T13:47:39.8123922Z Receiving objects:  50% (148/296)
2025-09-20T13:47:39.8125154Z Receiving objects:  51% (151/296)
2025-09-20T13:47:39.8125574Z Receiving objects:  52% (154/296)
2025-09-20T13:47:39.8125978Z Receiving objects:  53% (157/296)
2025-09-20T13:47:39.8126373Z Receiving objects:  54% (160/296)
2025-09-20T13:47:39.8132685Z Receiving objects:  55% (163/296)
2025-09-20T13:47:39.8538889Z Receiving objects:  56% (166/296)
2025-09-20T13:47:39.8889978Z Receiving objects:  57% (169/296)
2025-09-20T13:47:39.8981096Z Receiving objects:  58% (172/296)
2025-09-20T13:47:39.9263422Z Receiving objects:  59% (175/296)
2025-09-20T13:47:39.9570505Z Receiving objects:  60% (178/296)
2025-09-20T13:47:39.9662951Z Receiving objects:  61% (181/296)
2025-09-20T13:47:39.9666046Z Receiving objects:  62% (184/296)
2025-09-20T13:47:39.9671630Z Receiving objects:  63% (187/296)
2025-09-20T13:47:39.9673201Z Receiving objects:  64% (190/296)
2025-09-20T13:47:39.9683448Z Receiving objects:  65% (193/296)
2025-09-20T13:47:39.9687290Z Receiving objects:  66% (196/296)
2025-09-20T13:47:39.9691363Z Receiving objects:  67% (199/296)
2025-09-20T13:47:39.9694169Z Receiving objects:  68% (202/296)
2025-09-20T13:47:39.9697876Z Receiving objects:  69% (205/296)
2025-09-20T13:47:39.9701777Z Receiving objects:  70% (208/296)
2025-09-20T13:47:39.9706412Z Receiving objects:  71% (211/296)
2025-09-20T13:47:39.9708752Z Receiving objects:  72% (214/296)
2025-09-20T13:47:39.9710609Z Receiving objects:  73% (217/296)
2025-09-20T13:47:39.9711223Z Receiving objects:  74% (220/296)
2025-09-20T13:47:40.0372758Z Receiving objects:  75% (222/296)
2025-09-20T13:47:40.0374645Z Receiving objects:  76% (225/296)
2025-09-20T13:47:40.0375825Z Receiving objects:  77% (228/296)
2025-09-20T13:47:40.0376477Z Receiving objects:  78% (231/296)
2025-09-20T13:47:40.0379084Z Receiving objects:  79% (234/296)
2025-09-20T13:47:40.0379528Z Receiving objects:  80% (237/296)
2025-09-20T13:47:40.0380815Z Receiving objects:  81% (240/296)
2025-09-20T13:47:40.0381474Z Receiving objects:  82% (243/296)
2025-09-20T13:47:40.0437155Z Receiving objects:  83% (246/296)
2025-09-20T13:47:40.0437879Z Receiving objects:  84% (249/296)
2025-09-20T13:47:40.0438532Z Receiving objects:  85% (252/296)
2025-09-20T13:47:40.0439154Z Receiving objects:  86% (255/296)
2025-09-20T13:47:40.0439818Z Receiving objects:  87% (258/296)
2025-09-20T13:47:40.0440377Z Receiving objects:  88% (261/296)
2025-09-20T13:47:40.0440807Z Receiving objects:  89% (264/296)
2025-09-20T13:47:40.0441197Z Receiving objects:  90% (267/296)
2025-09-20T13:47:40.0441578Z Receiving objects:  91% (270/296)
2025-09-20T13:47:40.0441962Z Receiving objects:  92% (273/296)
2025-09-20T13:47:40.0442384Z Receiving objects:  93% (276/296)
2025-09-20T13:47:40.0778211Z Receiving objects:  94% (279/296)
2025-09-20T13:47:40.0779719Z remote: Total 296 (delta 64), reused 163 (delta 14), pack-reused 0 (from 0)        
2025-09-20T13:47:40.0797605Z Receiving objects:  95% (282/296)
2025-09-20T13:47:40.0798267Z Receiving objects:  96% (285/296)
2025-09-20T13:47:40.0799181Z Receiving objects:  97% (288/296)
2025-09-20T13:47:40.0799719Z Receiving objects:  98% (291/296)
2025-09-20T13:47:40.0800235Z Receiving objects:  99% (294/296)
2025-09-20T13:47:40.0800736Z Receiving objects: 100% (296/296)
2025-09-20T13:47:40.0801362Z Receiving objects: 100% (296/296), 8.52 MiB | 28.13 MiB/s, done.
2025-09-20T13:47:40.0812698Z Resolving deltas:   0% (0/64)
2025-09-20T13:47:40.0813284Z Resolving deltas:   1% (1/64)
2025-09-20T13:47:40.0813696Z Resolving deltas:   3% (2/64)
2025-09-20T13:47:40.0814081Z Resolving deltas:   4% (3/64)
2025-09-20T13:47:40.0814451Z Resolving deltas:   6% (4/64)
2025-09-20T13:47:40.0814824Z Resolving deltas:   7% (5/64)
2025-09-20T13:47:40.0815212Z Resolving deltas:   9% (6/64)
2025-09-20T13:47:40.0815587Z Resolving deltas:  10% (7/64)
2025-09-20T13:47:40.0815961Z Resolving deltas:  12% (8/64)
2025-09-20T13:47:40.0816350Z Resolving deltas:  14% (9/64)
2025-09-20T13:47:40.0816940Z Resolving deltas:  15% (10/64)
2025-09-20T13:47:40.0817347Z Resolving deltas:  17% (11/64)
2025-09-20T13:47:40.0817732Z Resolving deltas:  18% (12/64)
2025-09-20T13:47:40.0818108Z Resolving deltas:  20% (13/64)
2025-09-20T13:47:40.0818507Z Resolving deltas:  21% (14/64)
2025-09-20T13:47:40.0818890Z Resolving deltas:  23% (15/64)
2025-09-20T13:47:40.0819273Z Resolving deltas:  25% (16/64)
2025-09-20T13:47:40.0819652Z Resolving deltas:  26% (17/64)
2025-09-20T13:47:40.0820029Z Resolving deltas:  28% (18/64)
2025-09-20T13:47:40.0820407Z Resolving deltas:  29% (19/64)
2025-09-20T13:47:40.0827194Z Resolving deltas:  31% (20/64)
2025-09-20T13:47:40.0828391Z Resolving deltas:  32% (21/64)
2025-09-20T13:47:40.0828790Z Resolving deltas:  34% (22/64)
2025-09-20T13:47:40.0829381Z Resolving deltas:  35% (23/64)
2025-09-20T13:47:40.0829754Z Resolving deltas:  37% (24/64)
2025-09-20T13:47:40.0830114Z Resolving deltas:  39% (25/64)
2025-09-20T13:47:40.0830493Z Resolving deltas:  40% (26/64)
2025-09-20T13:47:40.0830875Z Resolving deltas:  42% (27/64)
2025-09-20T13:47:40.0831258Z Resolving deltas:  43% (28/64)
2025-09-20T13:47:40.0831636Z Resolving deltas:  45% (29/64)
2025-09-20T13:47:40.0832031Z Resolving deltas:  46% (30/64)
2025-09-20T13:47:40.0832419Z Resolving deltas:  48% (31/64)
2025-09-20T13:47:40.0832800Z Resolving deltas:  50% (32/64)
2025-09-20T13:47:40.0846157Z Resolving deltas:  51% (33/64)
2025-09-20T13:47:40.0850081Z Resolving deltas:  53% (34/64)
2025-09-20T13:47:40.0873917Z Resolving deltas:  54% (35/64)
2025-09-20T13:47:40.0883659Z Resolving deltas:  56% (36/64)
2025-09-20T13:47:40.0891806Z Resolving deltas:  57% (37/64)
2025-09-20T13:47:40.0899361Z Resolving deltas:  59% (38/64)
2025-09-20T13:47:40.0905515Z Resolving deltas:  60% (39/64)
2025-09-20T13:47:40.0914668Z Resolving deltas:  62% (40/64)
2025-09-20T13:47:40.0930745Z Resolving deltas:  64% (41/64)
2025-09-20T13:47:40.0941854Z Resolving deltas:  65% (42/64)
2025-09-20T13:47:40.0953181Z Resolving deltas:  67% (43/64)
2025-09-20T13:47:40.0962228Z Resolving deltas:  68% (44/64)
2025-09-20T13:47:40.0976805Z Resolving deltas:  70% (45/64)
2025-09-20T13:47:40.0997001Z Resolving deltas:  71% (46/64)
2025-09-20T13:47:40.1005404Z Resolving deltas:  73% (47/64)
2025-09-20T13:47:40.1012187Z Resolving deltas:  75% (48/64)
2025-09-20T13:47:40.1019453Z Resolving deltas:  76% (49/64)
2025-09-20T13:47:40.1028608Z Resolving deltas:  78% (50/64)
2025-09-20T13:47:40.1037066Z Resolving deltas:  79% (51/64)
2025-09-20T13:47:40.1044910Z Resolving deltas:  81% (52/64)
2025-09-20T13:47:40.1054375Z Resolving deltas:  82% (53/64)
2025-09-20T13:47:40.1076981Z Resolving deltas:  84% (54/64)
2025-09-20T13:47:40.1080624Z Resolving deltas:  85% (55/64)
2025-09-20T13:47:40.1089136Z Resolving deltas:  87% (56/64)
2025-09-20T13:47:40.1097448Z Resolving deltas:  89% (57/64)
2025-09-20T13:47:40.1106948Z Resolving deltas:  90% (58/64)
2025-09-20T13:47:40.1114835Z Resolving deltas:  92% (59/64)
2025-09-20T13:47:40.1125661Z Resolving deltas:  93% (60/64)
2025-09-20T13:47:40.1136442Z Resolving deltas:  95% (61/64)
2025-09-20T13:47:40.1145822Z Resolving deltas:  96% (62/64)
2025-09-20T13:47:40.1153689Z Resolving deltas:  98% (63/64)
2025-09-20T13:47:40.1157290Z Resolving deltas: 100% (64/64)
2025-09-20T13:47:40.1157817Z Resolving deltas: 100% (64/64), done.
2025-09-20T13:47:40.1271066Z From https://github.com/aspepper/vitrine-de-craques-web-site
2025-09-20T13:47:40.1274138Z  * [new ref]         e31cf229f38271b0e9851248715b59b35c7ec979 -> origin/main
2025-09-20T13:47:40.1311539Z ##[endgroup]
2025-09-20T13:47:40.1313136Z ##[group]Determining the checkout info
2025-09-20T13:47:40.1314298Z ##[endgroup]
2025-09-20T13:47:40.1314974Z ##[group]Checking out the ref
2025-09-20T13:47:40.1320791Z [command]/usr/bin/git checkout --progress --force -B main refs/remotes/origin/main
2025-09-20T13:47:40.2448275Z Switched to a new branch 'main'
2025-09-20T13:47:40.2450803Z branch 'main' set up to track 'origin/main'.
2025-09-20T13:47:40.2467002Z ##[endgroup]
2025-09-20T13:47:40.2467634Z ##[group]Setting up auth for fetching submodules
2025-09-20T13:47:40.2472412Z [command]/usr/bin/git config --global http.https://github.com/.extraheader AUTHORIZATION: basic ***
2025-09-20T13:47:40.2514140Z [command]/usr/bin/git config --global --unset-all url.https://github.com/.insteadOf
2025-09-20T13:47:40.2544709Z [command]/usr/bin/git config --global --add url.https://github.com/.insteadOf git@github.com:
2025-09-20T13:47:40.2576115Z [command]/usr/bin/git config --global --add url.https://github.com/.insteadOf org-202530@github.com:
2025-09-20T13:47:40.2600987Z ##[endgroup]
2025-09-20T13:47:40.2601573Z ##[group]Fetching submodules
2025-09-20T13:47:40.2606183Z [command]/usr/bin/git submodule sync
2025-09-20T13:47:40.2839018Z [command]/usr/bin/git -c protocol.version=2 submodule update --init --force --depth=1
2025-09-20T13:47:40.3068557Z [command]/usr/bin/git submodule foreach git config --local gc.auto 0
2025-09-20T13:47:40.3290050Z ##[endgroup]
2025-09-20T13:47:40.3291040Z ##[group]Persisting credentials for submodules
2025-09-20T13:47:40.3295321Z [command]/usr/bin/git submodule foreach --recursive sh -c "git config --local --name-only --get-regexp 'url\.https\:\/\/github\.com\/\.insteadOf' && git config --local --unset-all 'url.https://github.com/.insteadOf' || :"
2025-09-20T13:47:40.3527657Z [command]/usr/bin/git submodule foreach sh -c "git config --local 'http.https://github.com/.extraheader' 'AUTHORIZATION: basic ***' && git config --local --show-origin --name-only --get-regexp remote.origin.url"
2025-09-20T13:47:40.3781168Z [command]/usr/bin/git submodule foreach git config --local --add 'url.https://github.com/.insteadOf' 'git@github.com:'
2025-09-20T13:47:40.4005351Z [command]/usr/bin/git submodule foreach git config --local --add 'url.https://github.com/.insteadOf' 'org-202530@github.com:'
2025-09-20T13:47:40.4227237Z ##[endgroup]
2025-09-20T13:47:40.4271023Z [command]/usr/bin/git log -1 --format='%H'
2025-09-20T13:47:40.4292793Z 'e31cf229f38271b0e9851248715b59b35c7ec979'
2025-09-20T13:47:40.4493117Z ##[group]Run actions/setup-node@v4
2025-09-20T13:47:40.4493392Z with:
2025-09-20T13:47:40.4493571Z   node-version: 20
2025-09-20T13:47:40.4493762Z   cache: npm
2025-09-20T13:47:40.4493941Z   always-auth: false
2025-09-20T13:47:40.4494147Z   check-latest: false
2025-09-20T13:47:40.4494462Z   token: ***
2025-09-20T13:47:40.4494645Z ##[endgroup]
2025-09-20T13:47:40.6296956Z Found in cache @ /opt/hostedtoolcache/node/20.19.5/x64
2025-09-20T13:47:40.6298316Z ##[group]Environment details
2025-09-20T13:47:41.1152158Z node: v20.19.5
2025-09-20T13:47:41.1152678Z npm: 10.8.2
2025-09-20T13:47:41.1152969Z yarn: 1.22.22
2025-09-20T13:47:41.1155929Z ##[endgroup]
2025-09-20T13:47:41.1179942Z [command]/opt/hostedtoolcache/node/20.19.5/x64/bin/npm config get cache
2025-09-20T13:47:41.2523203Z /home/runner/.npm
2025-09-20T13:47:41.5780337Z Cache hit for: node-cache-Linux-x64-npm-7947575f85f5e37c22a199e9b26ca482d1c74535f92fb1728f40d7341d8e1471
2025-09-20T13:47:42.8945652Z Received 0 of 225723082 (0.0%), 0.0 MBs/sec
2025-09-20T13:47:43.9007704Z Received 109051904 of 225723082 (48.3%), 52.0 MBs/sec
2025-09-20T13:47:44.8942343Z Received 130023424 of 225723082 (57.6%), 41.3 MBs/sec
2025-09-20T13:47:45.8943279Z Received 150994944 of 225723082 (66.9%), 36.0 MBs/sec
2025-09-20T13:47:46.8952379Z Received 221528778 of 225723082 (98.1%), 42.2 MBs/sec
2025-09-20T13:47:47.8957902Z Received 221528778 of 225723082 (98.1%), 35.2 MBs/sec
2025-09-20T13:47:48.7318962Z Received 225723082 of 225723082 (100.0%), 31.5 MBs/sec
2025-09-20T13:47:48.7322112Z Cache Size: ~215 MB (225723082 B)
2025-09-20T13:47:48.7378305Z [command]/usr/bin/tar -xf /home/runner/work/_temp/2439b6a5-67ef-4b2f-9def-6c474f090fb0/cache.tzst -P -C /home/runner/work/vitrine-de-craques-web-site/vitrine-de-craques-web-site --use-compress-program unzstd
2025-09-20T13:47:49.2423297Z Cache restored successfully
2025-09-20T13:47:49.2843402Z Cache restored from key: node-cache-Linux-x64-npm-7947575f85f5e37c22a199e9b26ca482d1c74535f92fb1728f40d7341d8e1471
2025-09-20T13:47:49.3005173Z ##[group]Run npm ci
2025-09-20T13:47:49.3005444Z [36;1mnpm ci[0m
2025-09-20T13:47:49.3073742Z shell: /usr/bin/bash -e {0}
2025-09-20T13:47:49.3074009Z ##[endgroup]
2025-09-20T13:47:56.4783847Z npm warn deprecated inflight@1.0.6: This module is not supported, and leaks memory. Do not use it. Check out lru-cache if you want a good and tested way to coalesce async requests by a key value, which is much more comprehensive and powerful.
2025-09-20T13:47:56.6987190Z npm warn deprecated @humanwhocodes/config-array@0.13.0: Use @eslint/config-array instead
2025-09-20T13:47:56.7170609Z npm warn deprecated rimraf@3.0.2: Rimraf versions prior to v4 are no longer supported
2025-09-20T13:47:56.8751956Z npm warn deprecated @humanwhocodes/object-schema@2.0.3: Use @eslint/object-schema instead
2025-09-20T13:47:56.8804237Z npm warn deprecated glob@7.2.3: Glob versions prior to v9 are no longer supported
2025-09-20T13:48:00.7866988Z npm warn deprecated eslint@8.57.1: This version is no longer supported. Please see https://eslint.org/version-support for other options.
2025-09-20T13:48:11.5585596Z 
2025-09-20T13:48:11.5587395Z > vitrine-de-craques-web-site@0.1.0 postinstall
2025-09-20T13:48:11.5588905Z > npx prisma generate
2025-09-20T13:48:11.5589166Z 
2025-09-20T13:48:13.0698199Z Prisma schema loaded from prisma/schema.prisma
2025-09-20T13:48:13.7598315Z 
2025-09-20T13:48:13.7600774Z  Generated Prisma Client (v6.16.2) to ./node_modules/@prisma/client in 259ms
2025-09-20T13:48:13.7602337Z 
2025-09-20T13:48:13.7603973Z Start by importing your Prisma Client (See: https://pris.ly/d/importing-client)
2025-09-20T13:48:13.7605414Z 
2025-09-20T13:48:13.7607232Z Tip: Interested in query caching in just a few lines of code? Try Accelerate today! https://pris.ly/tip-3-accelerate
2025-09-20T13:48:13.7608908Z 
2025-09-20T13:48:13.7871691Z 
2025-09-20T13:48:13.7873161Z > vitrine-de-craques-web-site@0.1.0 prepare
2025-09-20T13:48:13.7874795Z > husky install
2025-09-20T13:48:13.7876085Z 
2025-09-20T13:48:13.8419408Z husky - Git hooks installed
2025-09-20T13:48:13.8610872Z 
2025-09-20T13:48:13.8611720Z added 715 packages, and audited 716 packages in 24s
2025-09-20T13:48:13.8613156Z 
2025-09-20T13:48:13.8613496Z 190 packages are looking for funding
2025-09-20T13:48:13.8614037Z   run `npm fund` for details
2025-09-20T13:48:13.8625099Z 
2025-09-20T13:48:13.8625557Z found 0 vulnerabilities
2025-09-20T13:48:13.9529301Z ##[group]Run npx prisma migrate deploy
2025-09-20T13:48:13.9529643Z [36;1mnpx prisma migrate deploy[0m
2025-09-20T13:48:13.9559710Z shell: /usr/bin/bash -e {0}
2025-09-20T13:48:13.9559945Z env:
2025-09-20T13:48:13.9560921Z   DATABASE_URL: ***
2025-09-20T13:48:13.9561141Z ##[endgroup]
2025-09-20T13:48:15.5159341Z Prisma schema loaded from prisma/schema.prisma
2025-09-20T13:48:15.5217502Z Datasource "db": PostgreSQL database "neondb", schema "public" at "ep-dry-bar-a8fyzj2o-pooler.eastus2.azure.neon.tech"
2025-09-20T13:48:16.8430575Z 
2025-09-20T13:48:16.8431541Z 1 migration found in prisma/migrations
2025-09-20T13:48:16.8431921Z 
2025-09-20T13:48:17.9664782Z Error: P3005
2025-09-20T13:48:17.9665530Z 
2025-09-20T13:48:17.9669570Z The database schema is not empty. Read more about how to baseline an existing production database: https://pris.ly/d/migrate-baseline
2025-09-20T13:48:17.9670346Z 
2025-09-20T13:48:17.9910774Z ##[error]Process completed with exit code 1.
2025-09-20T13:48:18.0000987Z Post job cleanup.
2025-09-20T13:48:18.0739143Z [command]/usr/bin/git version
2025-09-20T13:48:18.0777306Z git version 2.51.0
2025-09-20T13:48:18.0821695Z Temporarily overriding HOME='/home/runner/work/_temp/f43a7c7f-1815-404d-afca-65f68b97a99c' before making global git config changes
2025-09-20T13:48:18.0823488Z Adding repository directory to the temporary git global config as a safe directory
2025-09-20T13:48:18.0827308Z [command]/usr/bin/git config --global --add safe.directory /home/runner/work/vitrine-de-craques-web-site/vitrine-de-craques-web-site
2025-09-20T13:48:18.0860102Z [command]/usr/bin/git config --local --name-only --get-regexp core\.sshCommand
2025-09-20T13:48:18.0891828Z [command]/usr/bin/git submodule foreach --recursive sh -c "git config --local --name-only --get-regexp 'core\.sshCommand' && git config --local --unset-all 'core.sshCommand' || :"
2025-09-20T13:48:18.1121197Z [command]/usr/bin/git config --local --name-only --get-regexp http\.https\:\/\/github\.com\/\.extraheader
2025-09-20T13:48:18.1143601Z http.https://github.com/.extraheader
2025-09-20T13:48:18.1156467Z [command]/usr/bin/git config --local --unset-all http.https://github.com/.extraheader
2025-09-20T13:48:18.1188566Z [command]/usr/bin/git submodule foreach --recursive sh -c "git config --local --name-only --get-regexp 'http\.https\:\/\/github\.com\/\.extraheader' && git config --local --unset-all 'http.https://github.com/.extraheader' || :"
2025-09-20T13:48:18.1518596Z Cleaning up orphan processes