2025-09-17T00:34:28.5370880Z Current runner version: '2.328.0'
2025-09-17T00:34:28.5437874Z ##[group]Runner Image Provisioner
2025-09-17T00:34:28.5439234Z Hosted Compute Agent
2025-09-17T00:34:28.5440625Z Version: 20250912.392
2025-09-17T00:34:28.5441674Z Commit: d921fda672a98b64f4f82364647e2f10b2267d0b
2025-09-17T00:34:28.5442859Z Build Date: 2025-09-12T15:23:14Z
2025-09-17T00:34:28.5444092Z ##[endgroup]
2025-09-17T00:34:28.5445097Z ##[group]Operating System
2025-09-17T00:34:28.5446162Z Ubuntu
2025-09-17T00:34:28.5447218Z 24.04.3
2025-09-17T00:34:28.5448154Z LTS
2025-09-17T00:34:28.5449065Z ##[endgroup]
2025-09-17T00:34:28.5449865Z ##[group]Runner Image
2025-09-17T00:34:28.5451033Z Image: ubuntu-24.04
2025-09-17T00:34:28.5452057Z Version: 20250915.37.1
2025-09-17T00:34:28.5453845Z Included Software: https://github.com/actions/runner-images/blob/ubuntu24/20250915.37/images/ubuntu/Ubuntu2404-Readme.md
2025-09-17T00:34:28.5456699Z Image Release: https://github.com/actions/runner-images/releases/tag/ubuntu24%2F20250915.37
2025-09-17T00:34:28.5458375Z ##[endgroup]
2025-09-17T00:34:28.5460672Z ##[group]GITHUB_TOKEN Permissions
2025-09-17T00:34:28.5463576Z Contents: read
2025-09-17T00:34:28.5465057Z Metadata: read
2025-09-17T00:34:28.5466049Z Packages: read
2025-09-17T00:34:28.5466927Z ##[endgroup]
2025-09-17T00:34:28.5470640Z Secret source: Actions
2025-09-17T00:34:28.5472152Z Prepare workflow directory
2025-09-17T00:34:28.5935550Z Prepare all required actions
2025-09-17T00:34:28.5991857Z Getting action download info
2025-09-17T00:34:28.9434600Z Download action repository 'actions/checkout@v3' (SHA:f43a0e5ff2bd294095638e18286ca9a3d1956744)
2025-09-17T00:34:29.0555508Z Download action repository 'actions/setup-node@v4' (SHA:49933ea5288caeca8642d1e84afbd3f7d6820020)
2025-09-17T00:34:29.1517161Z Download action repository 'Azure/static-web-apps-deploy@v1' (SHA:4d27395796ac319302594769cfe812bd207490b1)
2025-09-17T00:34:29.3996665Z Complete job name: Build and Deploy Job
2025-09-17T00:34:29.4444866Z ##[group]Build container for action use: '/home/runner/work/_actions/Azure/static-web-apps-deploy/v1/Dockerfile'.
2025-09-17T00:34:29.4497659Z ##[command]/usr/bin/docker build -t 7b3b07:4d709653ad994582a04ce11e85151031 -f "/home/runner/work/_actions/Azure/static-web-apps-deploy/v1/Dockerfile" "/home/runner/work/_actions/Azure/static-web-apps-deploy/v1"
2025-09-17T00:34:30.1436578Z #0 building with "default" instance using docker driver
2025-09-17T00:34:30.1498999Z 
2025-09-17T00:34:30.1499979Z #1 [internal] load build definition from Dockerfile
2025-09-17T00:34:30.1501407Z #1 transferring dockerfile: 160B done
2025-09-17T00:34:30.1504078Z #1 DONE 0.0s
2025-09-17T00:34:30.1504546Z 
2025-09-17T00:34:30.1505326Z #2 [internal] load metadata for mcr.microsoft.com/appsvc/staticappsclient:stable
2025-09-17T00:34:30.1508522Z #2 DONE 0.1s
2025-09-17T00:34:30.1810662Z 
2025-09-17T00:34:30.1815046Z #3 [internal] load .dockerignore
2025-09-17T00:34:30.1818939Z #3 transferring context: 2B done
2025-09-17T00:34:30.1822302Z #3 DONE 0.0s
2025-09-17T00:34:30.1822829Z 
2025-09-17T00:34:30.1823261Z #4 [internal] load build context
2025-09-17T00:34:30.1824952Z #4 transferring context: 107B done
2025-09-17T00:34:30.1825940Z #4 DONE 0.0s
2025-09-17T00:34:30.1826381Z 
2025-09-17T00:34:30.1827861Z #5 [1/2] FROM mcr.microsoft.com/appsvc/staticappsclient:stable@sha256:41473a2ebc45daa6e63c82a7f32a5680b0fe34dac49ab85dd6369c764b191308
2025-09-17T00:34:30.1832848Z #5 resolve mcr.microsoft.com/appsvc/staticappsclient:stable@sha256:41473a2ebc45daa6e63c82a7f32a5680b0fe34dac49ab85dd6369c764b191308 done
2025-09-17T00:34:30.1835733Z #5 sha256:c4961ea170d16177c6dec81c5b9e721a02636907f90fc43917ad54d55ab89087 13.35kB / 13.35kB done
2025-09-17T00:34:30.1845617Z #5 sha256:ac323bdaa10f869bd9e7adecd8f5326e44acc4c59168868108b1cdf3891089cc 16.78MB / 55.09MB 0.1s
2025-09-17T00:34:30.1848053Z #5 sha256:84811b2a563b9003abbd1c06f6e45a857315b931855030bdd0443d13d950a996 5.24MB / 15.76MB 0.1s
2025-09-17T00:34:30.1850622Z #5 sha256:41473a2ebc45daa6e63c82a7f32a5680b0fe34dac49ab85dd6369c764b191308 2.71kB / 2.71kB done
2025-09-17T00:34:30.1853237Z #5 sha256:b3ff24b88ad3798f817849ad391d809ece121dc9b7f82f24bb68eed84561f048 0B / 54.59MB 0.1s
2025-09-17T00:34:30.4037223Z #5 sha256:ac323bdaa10f869bd9e7adecd8f5326e44acc4c59168868108b1cdf3891089cc 55.09MB / 55.09MB 0.3s
2025-09-17T00:34:30.4040284Z #5 sha256:84811b2a563b9003abbd1c06f6e45a857315b931855030bdd0443d13d950a996 15.76MB / 15.76MB 0.1s done
2025-09-17T00:34:30.4043873Z #5 sha256:b3ff24b88ad3798f817849ad391d809ece121dc9b7f82f24bb68eed84561f048 20.97MB / 54.59MB 0.3s
2025-09-17T00:34:30.4046516Z #5 sha256:c6f58f24df78e3aabf785017c3197c2a09fd606e7f19a830a1cfde41f681f39e 21.38MB / 196.99MB 0.3s
2025-09-17T00:34:30.4827314Z #5 sha256:ac323bdaa10f869bd9e7adecd8f5326e44acc4c59168868108b1cdf3891089cc 55.09MB / 55.09MB 0.3s done
2025-09-17T00:34:30.4862472Z #5 sha256:b3ff24b88ad3798f817849ad391d809ece121dc9b7f82f24bb68eed84561f048 38.01MB / 54.59MB 0.4s
2025-09-17T00:34:30.4866099Z #5 sha256:c6f58f24df78e3aabf785017c3197c2a09fd606e7f19a830a1cfde41f681f39e 42.29MB / 196.99MB 0.4s
2025-09-17T00:34:30.4869508Z #5 extracting sha256:ac323bdaa10f869bd9e7adecd8f5326e44acc4c59168868108b1cdf3891089cc
2025-09-17T00:34:30.4876479Z #5 sha256:4f4fb700ef54461cfa02571ae0db9a0dc1e0cdb5577484a6d75e68dc38e8acc1 32B / 32B 0.4s done
2025-09-17T00:34:30.4921629Z #5 sha256:9f9b29a4bb02782e9ef637948482cf6186b2cfea4bfecee192ad953107a7b130 0B / 80.86MB 0.4s
2025-09-17T00:34:30.6778483Z #5 sha256:b3ff24b88ad3798f817849ad391d809ece121dc9b7f82f24bb68eed84561f048 54.59MB / 54.59MB 0.6s done
2025-09-17T00:34:30.6782795Z #5 sha256:c6f58f24df78e3aabf785017c3197c2a09fd606e7f19a830a1cfde41f681f39e 70.25MB / 196.99MB 0.6s
2025-09-17T00:34:30.6787991Z #5 sha256:9f9b29a4bb02782e9ef637948482cf6186b2cfea4bfecee192ad953107a7b130 31.46MB / 80.86MB 0.6s
2025-09-17T00:34:30.6793228Z #5 sha256:7c32381cbc15887afa5092d985e48bd3ce82af22ca1c343be2fcb39d4caa2143 0B / 1.56MB 0.6s
2025-09-17T00:34:30.8479495Z #5 sha256:c6f58f24df78e3aabf785017c3197c2a09fd606e7f19a830a1cfde41f681f39e 91.23MB / 196.99MB 0.7s
2025-09-17T00:34:30.8507006Z #5 sha256:9f9b29a4bb02782e9ef637948482cf6186b2cfea4bfecee192ad953107a7b130 53.48MB / 80.86MB 0.7s
2025-09-17T00:34:30.8511669Z #5 sha256:7c32381cbc15887afa5092d985e48bd3ce82af22ca1c343be2fcb39d4caa2143 1.56MB / 1.56MB 0.6s done
2025-09-17T00:34:30.8515872Z #5 sha256:5715d6ba5c0ffccc0bcdf9d1d2dd8ce68b580cd2f45d982886db8fe278df83b9 0B / 72.28MB 0.7s
2025-09-17T00:34:30.9782074Z #5 sha256:c6f58f24df78e3aabf785017c3197c2a09fd606e7f19a830a1cfde41f681f39e 119.54MB / 196.99MB 0.9s
2025-09-17T00:34:30.9789317Z #5 sha256:9f9b29a4bb02782e9ef637948482cf6186b2cfea4bfecee192ad953107a7b130 74.53MB / 80.86MB 0.9s
2025-09-17T00:34:30.9807957Z #5 sha256:5715d6ba5c0ffccc0bcdf9d1d2dd8ce68b580cd2f45d982886db8fe278df83b9 26.21MB / 72.28MB 0.9s
2025-09-17T00:34:31.0824671Z #5 sha256:9f9b29a4bb02782e9ef637948482cf6186b2cfea4bfecee192ad953107a7b130 80.86MB / 80.86MB 1.0s
2025-09-17T00:34:31.0830291Z #5 sha256:5715d6ba5c0ffccc0bcdf9d1d2dd8ce68b580cd2f45d982886db8fe278df83b9 34.60MB / 72.28MB 1.0s
2025-09-17T00:34:31.2793250Z #5 sha256:c6f58f24df78e3aabf785017c3197c2a09fd606e7f19a830a1cfde41f681f39e 155.53MB / 196.99MB 1.2s
2025-09-17T00:34:31.2801424Z #5 sha256:9f9b29a4bb02782e9ef637948482cf6186b2cfea4bfecee192ad953107a7b130 80.86MB / 80.86MB 1.1s done
2025-09-17T00:34:31.2808831Z #5 sha256:5715d6ba5c0ffccc0bcdf9d1d2dd8ce68b580cd2f45d982886db8fe278df83b9 72.28MB / 72.28MB 1.2s
2025-09-17T00:34:31.2823560Z #5 sha256:095fb23ecbf649df312cb6981dd528233a1af3d4a040165bcc0c37590c9e62a4 115.53kB / 115.53kB 1.1s done
2025-09-17T00:34:31.3801976Z #5 sha256:c6f58f24df78e3aabf785017c3197c2a09fd606e7f19a830a1cfde41f681f39e 173.02MB / 196.99MB 1.3s
2025-09-17T00:34:31.3823439Z #5 sha256:218a528d080a1bebdabe150b46ac3853b986c047c42f1f5b42c3544b7fdfe841 1.16MB / 1.16MB 1.2s done
2025-09-17T00:34:31.4910905Z #5 sha256:c6f58f24df78e3aabf785017c3197c2a09fd606e7f19a830a1cfde41f681f39e 189.79MB / 196.99MB 1.4s
2025-09-17T00:34:32.6727001Z #5 sha256:c6f58f24df78e3aabf785017c3197c2a09fd606e7f19a830a1cfde41f681f39e 196.99MB / 196.99MB 2.4s done
2025-09-17T00:34:32.6734322Z #5 sha256:5715d6ba5c0ffccc0bcdf9d1d2dd8ce68b580cd2f45d982886db8fe278df83b9 72.28MB / 72.28MB 2.4s done
2025-09-17T00:34:32.6741956Z #5 sha256:4c6a44587e13e5c37d3f6d6f61aad47cb49baa4e5b6b11aa02e8c83a6b5b4d3d 168B / 168B 2.5s done
2025-09-17T00:34:32.6743240Z #5 sha256:e8e496d4f914a3099ff9504db622ffe27eddc493f797c4705b0bddc6683bb9f8 643.40kB / 643.40kB 2.4s done
2025-09-17T00:34:32.6744568Z #5 sha256:2b22defda84c5a2fffe4ed153f8a3323fc7215a67b9bd62a7d66a7c56f5e8b9a 12.58MB / 34.82MB 2.5s
2025-09-17T00:34:32.6745793Z #5 sha256:fc089199951098f589969385263430a7644c55e648f3691c2522efbcd5ff36d9 169B / 169B 2.5s done
2025-09-17T00:34:32.7759836Z #5 sha256:2b22defda84c5a2fffe4ed153f8a3323fc7215a67b9bd62a7d66a7c56f5e8b9a 34.82MB / 34.82MB 2.6s done
2025-09-17T00:34:34.1184399Z #5 extracting sha256:ac323bdaa10f869bd9e7adecd8f5326e44acc4c59168868108b1cdf3891089cc 3.7s done
2025-09-17T00:34:34.2565043Z #5 extracting sha256:84811b2a563b9003abbd1c06f6e45a857315b931855030bdd0443d13d950a996 0.1s
2025-09-17T00:34:34.7452188Z #5 extracting sha256:84811b2a563b9003abbd1c06f6e45a857315b931855030bdd0443d13d950a996 0.4s done
2025-09-17T00:34:35.2987797Z #5 extracting sha256:b3ff24b88ad3798f817849ad391d809ece121dc9b7f82f24bb68eed84561f048
2025-09-17T00:34:37.4955953Z #5 extracting sha256:b3ff24b88ad3798f817849ad391d809ece121dc9b7f82f24bb68eed84561f048 2.0s done
2025-09-17T00:34:38.0035943Z #5 extracting sha256:c6f58f24df78e3aabf785017c3197c2a09fd606e7f19a830a1cfde41f681f39e
2025-09-17T00:34:43.1472412Z #5 extracting sha256:c6f58f24df78e3aabf785017c3197c2a09fd606e7f19a830a1cfde41f681f39e 5.1s
2025-09-17T00:34:43.2787385Z #5 extracting sha256:c6f58f24df78e3aabf785017c3197c2a09fd606e7f19a830a1cfde41f681f39e 5.3s done
2025-09-17T00:34:43.4583830Z #5 extracting sha256:4f4fb700ef54461cfa02571ae0db9a0dc1e0cdb5577484a6d75e68dc38e8acc1 done
2025-09-17T00:34:45.8407537Z #5 extracting sha256:9f9b29a4bb02782e9ef637948482cf6186b2cfea4bfecee192ad953107a7b130
2025-09-17T00:34:48.7370842Z #5 extracting sha256:9f9b29a4bb02782e9ef637948482cf6186b2cfea4bfecee192ad953107a7b130 2.7s done
2025-09-17T00:34:49.4712228Z #5 extracting sha256:7c32381cbc15887afa5092d985e48bd3ce82af22ca1c343be2fcb39d4caa2143
2025-09-17T00:34:49.7358507Z #5 extracting sha256:7c32381cbc15887afa5092d985e48bd3ce82af22ca1c343be2fcb39d4caa2143 0.1s done
2025-09-17T00:34:49.7359651Z #5 extracting sha256:5715d6ba5c0ffccc0bcdf9d1d2dd8ce68b580cd2f45d982886db8fe278df83b9 0.1s
2025-09-17T00:34:50.8690759Z #5 extracting sha256:5715d6ba5c0ffccc0bcdf9d1d2dd8ce68b580cd2f45d982886db8fe278df83b9 1.1s done
2025-09-17T00:34:51.4414583Z #5 extracting sha256:095fb23ecbf649df312cb6981dd528233a1af3d4a040165bcc0c37590c9e62a4
2025-09-17T00:34:51.5742854Z #5 extracting sha256:095fb23ecbf649df312cb6981dd528233a1af3d4a040165bcc0c37590c9e62a4 done
2025-09-17T00:34:51.5744373Z #5 extracting sha256:218a528d080a1bebdabe150b46ac3853b986c047c42f1f5b42c3544b7fdfe841 0.1s done
2025-09-17T00:34:51.5745642Z #5 extracting sha256:e8e496d4f914a3099ff9504db622ffe27eddc493f797c4705b0bddc6683bb9f8 0.0s done
2025-09-17T00:34:51.7038051Z #5 extracting sha256:2b22defda84c5a2fffe4ed153f8a3323fc7215a67b9bd62a7d66a7c56f5e8b9a 0.1s
2025-09-17T00:34:52.1646168Z #5 extracting sha256:2b22defda84c5a2fffe4ed153f8a3323fc7215a67b9bd62a7d66a7c56f5e8b9a 0.5s done
2025-09-17T00:34:52.1652112Z #5 extracting sha256:4c6a44587e13e5c37d3f6d6f61aad47cb49baa4e5b6b11aa02e8c83a6b5b4d3d
2025-09-17T00:34:52.2921533Z #5 extracting sha256:4c6a44587e13e5c37d3f6d6f61aad47cb49baa4e5b6b11aa02e8c83a6b5b4d3d done
2025-09-17T00:34:52.2923861Z #5 extracting sha256:fc089199951098f589969385263430a7644c55e648f3691c2522efbcd5ff36d9 done
2025-09-17T00:34:52.2924711Z #5 DONE 22.2s
2025-09-17T00:34:52.4592983Z 
2025-09-17T00:34:52.4598739Z #6 [2/2] COPY entrypoint.sh /entrypoint.sh
2025-09-17T00:34:52.4603811Z #6 DONE 0.0s
2025-09-17T00:34:52.4612892Z 
2025-09-17T00:34:52.4617470Z #7 exporting to image
2025-09-17T00:34:52.4619891Z #7 exporting layers
2025-09-17T00:34:53.5658339Z #7 exporting layers 1.3s done
2025-09-17T00:34:53.5944212Z #7 writing image sha256:7714a4f67b6e65f0f28e9b61770472cd9c090b57873ecb0b8a85b302e696a77a done
2025-09-17T00:34:53.5945570Z #7 naming to docker.io/library/7b3b07:4d709653ad994582a04ce11e85151031 done
2025-09-17T00:34:53.5946366Z #7 DONE 1.3s
2025-09-17T00:34:53.6013770Z ##[endgroup]
2025-09-17T00:34:53.6293708Z ##[group]Run actions/checkout@v3
2025-09-17T00:34:53.6294268Z with:
2025-09-17T00:34:53.6294463Z   submodules: true
2025-09-17T00:34:53.6294666Z   lfs: false
2025-09-17T00:34:53.6294904Z   repository: aspepper/vitrine-de-craques-web-site
2025-09-17T00:34:53.6295341Z   token: ***
2025-09-17T00:34:53.6295530Z   ssh-strict: true
2025-09-17T00:34:53.6295741Z   persist-credentials: true
2025-09-17T00:34:53.6295962Z   clean: true
2025-09-17T00:34:53.6296164Z   sparse-checkout-cone-mode: true
2025-09-17T00:34:53.6296403Z   fetch-depth: 1
2025-09-17T00:34:53.6296587Z   fetch-tags: false
2025-09-17T00:34:53.6296777Z   set-safe-directory: true
2025-09-17T00:34:53.6297176Z ##[endgroup]
2025-09-17T00:34:53.7227151Z Syncing repository: aspepper/vitrine-de-craques-web-site
2025-09-17T00:34:53.7229965Z ##[group]Getting Git version info
2025-09-17T00:34:53.7231075Z Working directory is '/home/runner/work/vitrine-de-craques-web-site/vitrine-de-craques-web-site'
2025-09-17T00:34:53.7232365Z [command]/usr/bin/git version
2025-09-17T00:34:53.7238902Z git version 2.51.0
2025-09-17T00:34:53.7273773Z ##[endgroup]
2025-09-17T00:34:53.7287106Z Temporarily overriding HOME='/home/runner/work/_temp/a4406d72-d577-4d58-9042-6a355012c197' before making global git config changes
2025-09-17T00:34:53.7293623Z Adding repository directory to the temporary git global config as a safe directory
2025-09-17T00:34:53.7294903Z [command]/usr/bin/git config --global --add safe.directory /home/runner/work/vitrine-de-craques-web-site/vitrine-de-craques-web-site
2025-09-17T00:34:53.7331656Z Deleting the contents of '/home/runner/work/vitrine-de-craques-web-site/vitrine-de-craques-web-site'
2025-09-17T00:34:53.7336472Z ##[group]Initializing the repository
2025-09-17T00:34:53.7339659Z [command]/usr/bin/git init /home/runner/work/vitrine-de-craques-web-site/vitrine-de-craques-web-site
2025-09-17T00:34:53.7445301Z hint: Using 'master' as the name for the initial branch. This default branch name
2025-09-17T00:34:53.7446367Z hint: is subject to change. To configure the initial branch name to use in all
2025-09-17T00:34:53.7447958Z hint: of your new repositories, which will suppress this warning, call:
2025-09-17T00:34:53.7448615Z hint:
2025-09-17T00:34:53.7449080Z hint: 	git config --global init.defaultBranch <name>
2025-09-17T00:34:53.7449612Z hint:
2025-09-17T00:34:53.7450347Z hint: Names commonly chosen instead of 'master' are 'main', 'trunk' and
2025-09-17T00:34:53.7451280Z hint: 'development'. The just-created branch can be renamed via this command:
2025-09-17T00:34:53.7451920Z hint:
2025-09-17T00:34:53.7452242Z hint: 	git branch -m <name>
2025-09-17T00:34:53.7452608Z hint:
2025-09-17T00:34:53.7453129Z hint: Disable this message with "git config set advice.defaultBranchName false"
2025-09-17T00:34:53.7456694Z Initialized empty Git repository in /home/runner/work/vitrine-de-craques-web-site/vitrine-de-craques-web-site/.git/
2025-09-17T00:34:53.7464530Z [command]/usr/bin/git remote add origin https://github.com/aspepper/vitrine-de-craques-web-site
2025-09-17T00:34:53.7501545Z ##[endgroup]
2025-09-17T00:34:53.7502440Z ##[group]Disabling automatic garbage collection
2025-09-17T00:34:53.7504241Z [command]/usr/bin/git config --local gc.auto 0
2025-09-17T00:34:53.7535137Z ##[endgroup]
2025-09-17T00:34:53.7535991Z ##[group]Setting up auth
2025-09-17T00:34:53.7541000Z [command]/usr/bin/git config --local --name-only --get-regexp core\.sshCommand
2025-09-17T00:34:53.7571985Z [command]/usr/bin/git submodule foreach --recursive sh -c "git config --local --name-only --get-regexp 'core\.sshCommand' && git config --local --unset-all 'core.sshCommand' || :"
2025-09-17T00:34:53.7921817Z [command]/usr/bin/git config --local --name-only --get-regexp http\.https\:\/\/github\.com\/\.extraheader
2025-09-17T00:34:53.7950590Z [command]/usr/bin/git submodule foreach --recursive sh -c "git config --local --name-only --get-regexp 'http\.https\:\/\/github\.com\/\.extraheader' && git config --local --unset-all 'http.https://github.com/.extraheader' || :"
2025-09-17T00:34:53.8180319Z [command]/usr/bin/git config --local http.https://github.com/.extraheader AUTHORIZATION: basic ***
2025-09-17T00:34:53.8214700Z ##[endgroup]
2025-09-17T00:34:53.8216438Z ##[group]Fetching the repository
2025-09-17T00:34:53.8225306Z [command]/usr/bin/git -c protocol.version=2 fetch --no-tags --prune --progress --no-recurse-submodules --depth=1 origin +054e4fefb98c1542ad634610524d66894e43d8e1:refs/remotes/origin/main
2025-09-17T00:34:54.1314045Z remote: Enumerating objects: 253, done.        
2025-09-17T00:34:54.1319970Z remote: Counting objects:   0% (1/253)        
2025-09-17T00:34:54.1321939Z remote: Counting objects:   1% (3/253)        
2025-09-17T00:34:54.1322491Z remote: Counting objects:   2% (6/253)        
2025-09-17T00:34:54.1323006Z remote: Counting objects:   3% (8/253)        
2025-09-17T00:34:54.1323564Z remote: Counting objects:   4% (11/253)        
2025-09-17T00:34:54.1324074Z remote: Counting objects:   5% (13/253)        
2025-09-17T00:34:54.1324596Z remote: Counting objects:   6% (16/253)        
2025-09-17T00:34:54.1325104Z remote: Counting objects:   7% (18/253)        
2025-09-17T00:34:54.1325626Z remote: Counting objects:   8% (21/253)        
2025-09-17T00:34:54.1326160Z remote: Counting objects:   9% (23/253)        
2025-09-17T00:34:54.1326693Z remote: Counting objects:  10% (26/253)        
2025-09-17T00:34:54.1327233Z remote: Counting objects:  11% (28/253)        
2025-09-17T00:34:54.1327768Z remote: Counting objects:  12% (31/253)        
2025-09-17T00:34:54.1328376Z remote: Counting objects:  13% (33/253)        
2025-09-17T00:34:54.1328905Z remote: Counting objects:  14% (36/253)        
2025-09-17T00:34:54.1329434Z remote: Counting objects:  15% (38/253)        
2025-09-17T00:34:54.1329943Z remote: Counting objects:  16% (41/253)        
2025-09-17T00:34:54.1330659Z remote: Counting objects:  17% (44/253)        
2025-09-17T00:34:54.1331177Z remote: Counting objects:  18% (46/253)        
2025-09-17T00:34:54.1331690Z remote: Counting objects:  19% (49/253)        
2025-09-17T00:34:54.1332216Z remote: Counting objects:  20% (51/253)        
2025-09-17T00:34:54.1332726Z remote: Counting objects:  21% (54/253)        
2025-09-17T00:34:54.1333229Z remote: Counting objects:  22% (56/253)        
2025-09-17T00:34:54.1333720Z remote: Counting objects:  23% (59/253)        
2025-09-17T00:34:54.1334217Z remote: Counting objects:  24% (61/253)        
2025-09-17T00:34:54.1334711Z remote: Counting objects:  25% (64/253)        
2025-09-17T00:34:54.1335208Z remote: Counting objects:  26% (66/253)        
2025-09-17T00:34:54.1335716Z remote: Counting objects:  27% (69/253)        
2025-09-17T00:34:54.1336367Z remote: Counting objects:  28% (71/253)        
2025-09-17T00:34:54.1336920Z remote: Counting objects:  29% (74/253)        
2025-09-17T00:34:54.1337542Z remote: Counting objects:  30% (76/253)        
2025-09-17T00:34:54.1338111Z remote: Counting objects:  31% (79/253)        
2025-09-17T00:34:54.1338671Z remote: Counting objects:  32% (81/253)        
2025-09-17T00:34:54.1339231Z remote: Counting objects:  33% (84/253)        
2025-09-17T00:34:54.1339736Z remote: Counting objects:  34% (87/253)        
2025-09-17T00:34:54.1340601Z remote: Counting objects:  35% (89/253)        
2025-09-17T00:34:54.1341147Z remote: Counting objects:  36% (92/253)        
2025-09-17T00:34:54.1341692Z remote: Counting objects:  37% (94/253)        
2025-09-17T00:34:54.1342242Z remote: Counting objects:  38% (97/253)        
2025-09-17T00:34:54.1342771Z remote: Counting objects:  39% (99/253)        
2025-09-17T00:34:54.1343305Z remote: Counting objects:  40% (102/253)        
2025-09-17T00:34:54.1343848Z remote: Counting objects:  41% (104/253)        
2025-09-17T00:34:54.1344383Z remote: Counting objects:  42% (107/253)        
2025-09-17T00:34:54.1345250Z remote: Counting objects:  43% (109/253)        
2025-09-17T00:34:54.1345779Z remote: Counting objects:  44% (112/253)        
2025-09-17T00:34:54.1346318Z remote: Counting objects:  45% (114/253)        
2025-09-17T00:34:54.1347084Z remote: Counting objects:  46% (117/253)        
2025-09-17T00:34:54.1347653Z remote: Counting objects:  47% (119/253)        
2025-09-17T00:34:54.1348199Z remote: Counting objects:  48% (122/253)        
2025-09-17T00:34:54.1348745Z remote: Counting objects:  49% (124/253)        
2025-09-17T00:34:54.1349294Z remote: Counting objects:  50% (127/253)        
2025-09-17T00:34:54.1349859Z remote: Counting objects:  51% (130/253)        
2025-09-17T00:34:54.1350809Z remote: Counting objects:  52% (132/253)        
2025-09-17T00:34:54.1351364Z remote: Counting objects:  53% (135/253)        
2025-09-17T00:34:54.1351889Z remote: Counting objects:  54% (137/253)        
2025-09-17T00:34:54.1352425Z remote: Counting objects:  55% (140/253)        
2025-09-17T00:34:54.1352954Z remote: Counting objects:  56% (142/253)        
2025-09-17T00:34:54.1353493Z remote: Counting objects:  57% (145/253)        
2025-09-17T00:34:54.1354020Z remote: Counting objects:  58% (147/253)        
2025-09-17T00:34:54.1354557Z remote: Counting objects:  59% (150/253)        
2025-09-17T00:34:54.1355093Z remote: Counting objects:  60% (152/253)        
2025-09-17T00:34:54.1355623Z remote: Counting objects:  61% (155/253)        
2025-09-17T00:34:54.1356159Z remote: Counting objects:  62% (157/253)        
2025-09-17T00:34:54.1356738Z remote: Counting objects:  63% (160/253)        
2025-09-17T00:34:54.1357317Z remote: Counting objects:  64% (162/253)        
2025-09-17T00:34:54.1357881Z remote: Counting objects:  65% (165/253)        
2025-09-17T00:34:54.1358434Z remote: Counting objects:  66% (167/253)        
2025-09-17T00:34:54.1358999Z remote: Counting objects:  67% (170/253)        
2025-09-17T00:34:54.1359554Z remote: Counting objects:  68% (173/253)        
2025-09-17T00:34:54.1360415Z remote: Counting objects:  69% (175/253)        
2025-09-17T00:34:54.1360986Z remote: Counting objects:  70% (178/253)        
2025-09-17T00:34:54.1361541Z remote: Counting objects:  71% (180/253)        
2025-09-17T00:34:54.1362210Z remote: Counting objects:  72% (183/253)        
2025-09-17T00:34:54.1362789Z remote: Counting objects:  73% (185/253)        
2025-09-17T00:34:54.1363328Z remote: Counting objects:  74% (188/253)        
2025-09-17T00:34:54.1363968Z remote: Counting objects:  75% (190/253)        
2025-09-17T00:34:54.1364517Z remote: Counting objects:  76% (193/253)        
2025-09-17T00:34:54.1365057Z remote: Counting objects:  77% (195/253)        
2025-09-17T00:34:54.1365597Z remote: Counting objects:  78% (198/253)        
2025-09-17T00:34:54.1366135Z remote: Counting objects:  79% (200/253)        
2025-09-17T00:34:54.1366677Z remote: Counting objects:  80% (203/253)        
2025-09-17T00:34:54.1367227Z remote: Counting objects:  81% (205/253)        
2025-09-17T00:34:54.1367781Z remote: Counting objects:  82% (208/253)        
2025-09-17T00:34:54.1368346Z remote: Counting objects:  83% (210/253)        
2025-09-17T00:34:54.1368890Z remote: Counting objects:  84% (213/253)        
2025-09-17T00:34:54.1369441Z remote: Counting objects:  85% (216/253)        
2025-09-17T00:34:54.1369977Z remote: Counting objects:  86% (218/253)        
2025-09-17T00:34:54.1443491Z remote: Counting objects:  87% (221/253)        
2025-09-17T00:34:54.1444110Z remote: Counting objects:  88% (223/253)        
2025-09-17T00:34:54.1444762Z remote: Counting objects:  89% (226/253)        
2025-09-17T00:34:54.1445393Z remote: Counting objects:  90% (228/253)        
2025-09-17T00:34:54.1445889Z remote: Counting objects:  91% (231/253)        
2025-09-17T00:34:54.1446433Z remote: Counting objects:  92% (233/253)        
2025-09-17T00:34:54.1446992Z remote: Counting objects:  93% (236/253)        
2025-09-17T00:34:54.1447562Z remote: Counting objects:  94% (238/253)        
2025-09-17T00:34:54.1448167Z remote: Counting objects:  95% (241/253)        
2025-09-17T00:34:54.1449054Z remote: Counting objects:  96% (243/253)        
2025-09-17T00:34:54.1449623Z remote: Counting objects:  97% (246/253)        
2025-09-17T00:34:54.1450393Z remote: Counting objects:  98% (248/253)        
2025-09-17T00:34:54.1451170Z remote: Counting objects:  99% (251/253)        
2025-09-17T00:34:54.1451743Z remote: Counting objects: 100% (253/253)        
2025-09-17T00:34:54.1452336Z remote: Counting objects: 100% (253/253), done.        
2025-09-17T00:34:54.1452927Z remote: Compressing objects:   0% (1/176)        
2025-09-17T00:34:54.1453914Z remote: Compressing objects:   1% (2/176)        
2025-09-17T00:34:54.1454523Z remote: Compressing objects:   2% (4/176)        
2025-09-17T00:34:54.1456258Z remote: Compressing objects:   3% (6/176)        
2025-09-17T00:34:54.1457756Z remote: Compressing objects:   4% (8/176)        
2025-09-17T00:34:54.1458383Z remote: Compressing objects:   5% (9/176)        
2025-09-17T00:34:54.1458964Z remote: Compressing objects:   6% (11/176)        
2025-09-17T00:34:54.1459539Z remote: Compressing objects:   7% (13/176)        
2025-09-17T00:34:54.1460801Z remote: Compressing objects:   8% (15/176)        
2025-09-17T00:34:54.1461216Z remote: Compressing objects:   9% (16/176)        
2025-09-17T00:34:54.1461545Z remote: Compressing objects:  10% (18/176)        
2025-09-17T00:34:54.1461905Z remote: Compressing objects:  11% (20/176)        
2025-09-17T00:34:54.1462230Z remote: Compressing objects:  12% (22/176)        
2025-09-17T00:34:54.1462541Z remote: Compressing objects:  13% (23/176)        
2025-09-17T00:34:54.1462850Z remote: Compressing objects:  14% (25/176)        
2025-09-17T00:34:54.1463168Z remote: Compressing objects:  15% (27/176)        
2025-09-17T00:34:54.1463480Z remote: Compressing objects:  16% (29/176)        
2025-09-17T00:34:54.1463792Z remote: Compressing objects:  17% (30/176)        
2025-09-17T00:34:54.1464108Z remote: Compressing objects:  18% (32/176)        
2025-09-17T00:34:54.1464422Z remote: Compressing objects:  19% (34/176)        
2025-09-17T00:34:54.1464740Z remote: Compressing objects:  20% (36/176)        
2025-09-17T00:34:54.1465055Z remote: Compressing objects:  21% (37/176)        
2025-09-17T00:34:54.1465368Z remote: Compressing objects:  22% (39/176)        
2025-09-17T00:34:54.1465676Z remote: Compressing objects:  23% (41/176)        
2025-09-17T00:34:54.1465985Z remote: Compressing objects:  24% (43/176)        
2025-09-17T00:34:54.1466295Z remote: Compressing objects:  25% (44/176)        
2025-09-17T00:34:54.1466606Z remote: Compressing objects:  26% (46/176)        
2025-09-17T00:34:54.1466919Z remote: Compressing objects:  27% (48/176)        
2025-09-17T00:34:54.1467230Z remote: Compressing objects:  28% (50/176)        
2025-09-17T00:34:54.1467542Z remote: Compressing objects:  29% (52/176)        
2025-09-17T00:34:54.1467852Z remote: Compressing objects:  30% (53/176)        
2025-09-17T00:34:54.1468164Z remote: Compressing objects:  31% (55/176)        
2025-09-17T00:34:54.1468479Z remote: Compressing objects:  32% (57/176)        
2025-09-17T00:34:54.1468785Z remote: Compressing objects:  33% (59/176)        
2025-09-17T00:34:54.1469094Z remote: Compressing objects:  34% (60/176)        
2025-09-17T00:34:54.1469409Z remote: Compressing objects:  35% (62/176)        
2025-09-17T00:34:54.1469713Z remote: Compressing objects:  36% (64/176)        
2025-09-17T00:34:54.1470192Z remote: Compressing objects:  37% (66/176)        
2025-09-17T00:34:54.1470568Z remote: Compressing objects:  38% (67/176)        
2025-09-17T00:34:54.1470880Z remote: Compressing objects:  39% (69/176)        
2025-09-17T00:34:54.1471190Z remote: Compressing objects:  40% (71/176)        
2025-09-17T00:34:54.1471500Z remote: Compressing objects:  41% (73/176)        
2025-09-17T00:34:54.1471810Z remote: Compressing objects:  42% (74/176)        
2025-09-17T00:34:54.1472122Z remote: Compressing objects:  43% (76/176)        
2025-09-17T00:34:54.1687333Z remote: Compressing objects:  44% (78/176)        
2025-09-17T00:34:54.1688382Z remote: Compressing objects:  45% (80/176)        
2025-09-17T00:34:54.1719771Z remote: Compressing objects:  46% (81/176)        
2025-09-17T00:34:54.1809754Z remote: Compressing objects:  47% (83/176)        
2025-09-17T00:34:54.1906722Z remote: Compressing objects:  48% (85/176)        
2025-09-17T00:34:54.1962120Z remote: Compressing objects:  49% (87/176)        
2025-09-17T00:34:54.2079112Z remote: Compressing objects:  50% (88/176)        
2025-09-17T00:34:54.2165423Z remote: Compressing objects:  51% (90/176)        
2025-09-17T00:34:54.2360520Z remote: Compressing objects:  52% (92/176)        
2025-09-17T00:34:54.2446295Z remote: Compressing objects:  53% (94/176)        
2025-09-17T00:34:54.2492676Z remote: Compressing objects:  54% (96/176)        
2025-09-17T00:34:54.2567838Z remote: Compressing objects:  55% (97/176)        
2025-09-17T00:34:54.2638107Z remote: Compressing objects:  56% (99/176)        
2025-09-17T00:34:54.2677885Z remote: Compressing objects:  57% (101/176)        
2025-09-17T00:34:54.2678361Z remote: Compressing objects:  58% (103/176)        
2025-09-17T00:34:54.4495687Z remote: Compressing objects:  59% (104/176)        
2025-09-17T00:34:54.4496366Z remote: Compressing objects:  60% (106/176)        
2025-09-17T00:34:54.4496990Z remote: Compressing objects:  61% (108/176)        
2025-09-17T00:34:54.4497579Z remote: Compressing objects:  62% (110/176)        
2025-09-17T00:34:54.4498183Z remote: Compressing objects:  63% (111/176)        
2025-09-17T00:34:54.4511847Z remote: Compressing objects:  64% (113/176)        
2025-09-17T00:34:54.4515223Z remote: Compressing objects:  65% (115/176)        
2025-09-17T00:34:54.4515942Z remote: Compressing objects:  66% (117/176)        
2025-09-17T00:34:54.4516570Z remote: Compressing objects:  67% (118/176)        
2025-09-17T00:34:54.4517181Z remote: Compressing objects:  68% (120/176)        
2025-09-17T00:34:54.4517783Z remote: Compressing objects:  69% (122/176)        
2025-09-17T00:34:54.4518382Z remote: Compressing objects:  70% (124/176)        
2025-09-17T00:34:54.4519001Z remote: Compressing objects:  71% (125/176)        
2025-09-17T00:34:54.4519570Z remote: Compressing objects:  72% (127/176)        
2025-09-17T00:34:54.4520422Z remote: Compressing objects:  73% (129/176)        
2025-09-17T00:34:54.4521060Z remote: Compressing objects:  74% (131/176)        
2025-09-17T00:34:54.4525725Z remote: Compressing objects:  75% (132/176)        
2025-09-17T00:34:54.4527178Z remote: Compressing objects:  76% (134/176)        
2025-09-17T00:34:54.4527772Z remote: Compressing objects:  77% (136/176)        
2025-09-17T00:34:54.4528360Z remote: Compressing objects:  78% (138/176)        
2025-09-17T00:34:54.4528943Z remote: Compressing objects:  79% (140/176)        
2025-09-17T00:34:54.4529528Z remote: Compressing objects:  80% (141/176)        
2025-09-17T00:34:54.4530425Z remote: Compressing objects:  81% (143/176)        
2025-09-17T00:34:54.4541262Z remote: Compressing objects:  82% (145/176)        
2025-09-17T00:34:54.4541922Z remote: Compressing objects:  83% (147/176)        
2025-09-17T00:34:54.4542530Z remote: Compressing objects:  84% (148/176)        
2025-09-17T00:34:54.4543121Z remote: Compressing objects:  85% (150/176)        
2025-09-17T00:34:54.4543727Z remote: Compressing objects:  86% (152/176)        
2025-09-17T00:34:54.4544346Z remote: Compressing objects:  87% (154/176)        
2025-09-17T00:34:54.4544937Z remote: Compressing objects:  88% (155/176)        
2025-09-17T00:34:54.4545686Z remote: Compressing objects:  89% (157/176)        
2025-09-17T00:34:54.4546291Z remote: Compressing objects:  90% (159/176)        
2025-09-17T00:34:54.4546883Z remote: Compressing objects:  91% (161/176)        
2025-09-17T00:34:54.4547480Z remote: Compressing objects:  92% (162/176)        
2025-09-17T00:34:54.4548076Z remote: Compressing objects:  93% (164/176)        
2025-09-17T00:34:54.4548675Z remote: Compressing objects:  94% (166/176)        
2025-09-17T00:34:54.4549274Z remote: Compressing objects:  95% (168/176)        
2025-09-17T00:34:54.4550431Z remote: Compressing objects:  96% (169/176)        
2025-09-17T00:34:54.4551022Z remote: Compressing objects:  97% (171/176)        
2025-09-17T00:34:54.4551807Z remote: Compressing objects:  98% (173/176)        
2025-09-17T00:34:54.4552377Z remote: Compressing objects:  99% (175/176)        
2025-09-17T00:34:54.4552941Z remote: Compressing objects: 100% (176/176)        
2025-09-17T00:34:54.4553577Z remote: Compressing objects: 100% (176/176), done.        
2025-09-17T00:34:54.4602777Z Receiving objects:   0% (1/253)
2025-09-17T00:34:54.4604333Z Receiving objects:   1% (3/253)
2025-09-17T00:34:54.4604824Z Receiving objects:   2% (6/253)
2025-09-17T00:34:54.4605289Z Receiving objects:   3% (8/253)
2025-09-17T00:34:54.4605744Z Receiving objects:   4% (11/253)
2025-09-17T00:34:54.4606207Z Receiving objects:   5% (13/253)
2025-09-17T00:34:54.4606665Z Receiving objects:   6% (16/253)
2025-09-17T00:34:54.4607163Z Receiving objects:   7% (18/253)
2025-09-17T00:34:54.4607620Z Receiving objects:   8% (21/253)
2025-09-17T00:34:54.4608072Z Receiving objects:   9% (23/253)
2025-09-17T00:34:54.4608526Z Receiving objects:  10% (26/253)
2025-09-17T00:34:54.4608980Z Receiving objects:  11% (28/253)
2025-09-17T00:34:54.4609434Z Receiving objects:  12% (31/253)
2025-09-17T00:34:54.4609874Z Receiving objects:  13% (33/253)
2025-09-17T00:34:54.4610551Z Receiving objects:  14% (36/253)
2025-09-17T00:34:54.4611000Z Receiving objects:  15% (38/253)
2025-09-17T00:34:54.4611452Z Receiving objects:  16% (41/253)
2025-09-17T00:34:54.4627786Z Receiving objects:  17% (44/253)
2025-09-17T00:34:54.4628271Z Receiving objects:  18% (46/253)
2025-09-17T00:34:54.4628739Z Receiving objects:  19% (49/253)
2025-09-17T00:34:54.4629200Z Receiving objects:  20% (51/253)
2025-09-17T00:34:54.4629653Z Receiving objects:  21% (54/253)
2025-09-17T00:34:54.4630300Z Receiving objects:  22% (56/253)
2025-09-17T00:34:54.4630764Z Receiving objects:  23% (59/253)
2025-09-17T00:34:54.4631263Z Receiving objects:  24% (61/253)
2025-09-17T00:34:54.4631752Z Receiving objects:  25% (64/253)
2025-09-17T00:34:54.4632189Z Receiving objects:  26% (66/253)
2025-09-17T00:34:54.4642480Z Receiving objects:  27% (69/253)
2025-09-17T00:34:54.4642985Z Receiving objects:  28% (71/253)
2025-09-17T00:34:54.4643473Z Receiving objects:  29% (74/253)
2025-09-17T00:34:54.4643936Z Receiving objects:  30% (76/253)
2025-09-17T00:34:54.4644394Z Receiving objects:  31% (79/253)
2025-09-17T00:34:54.4644847Z Receiving objects:  32% (81/253)
2025-09-17T00:34:54.4645286Z Receiving objects:  33% (84/253)
2025-09-17T00:34:54.4645724Z Receiving objects:  34% (87/253)
2025-09-17T00:34:54.4646154Z Receiving objects:  35% (89/253)
2025-09-17T00:34:54.4646598Z Receiving objects:  36% (92/253)
2025-09-17T00:34:54.4647021Z Receiving objects:  37% (94/253)
2025-09-17T00:34:54.4647455Z Receiving objects:  38% (97/253)
2025-09-17T00:34:54.4647890Z Receiving objects:  39% (99/253)
2025-09-17T00:34:54.4648325Z Receiving objects:  40% (102/253)
2025-09-17T00:34:54.4662280Z Receiving objects:  41% (104/253)
2025-09-17T00:34:54.4662789Z Receiving objects:  42% (107/253)
2025-09-17T00:34:54.4663271Z Receiving objects:  43% (109/253)
2025-09-17T00:34:54.4663741Z Receiving objects:  44% (112/253)
2025-09-17T00:34:54.4664213Z Receiving objects:  45% (114/253)
2025-09-17T00:34:54.4664658Z Receiving objects:  46% (117/253)
2025-09-17T00:34:54.4665098Z Receiving objects:  47% (119/253)
2025-09-17T00:34:54.4665540Z Receiving objects:  48% (122/253)
2025-09-17T00:34:54.4665997Z Receiving objects:  49% (124/253)
2025-09-17T00:34:54.4666438Z Receiving objects:  50% (127/253)
2025-09-17T00:34:54.4666869Z Receiving objects:  51% (130/253)
2025-09-17T00:34:54.4667310Z Receiving objects:  52% (132/253)
2025-09-17T00:34:54.4667755Z Receiving objects:  53% (135/253)
2025-09-17T00:34:54.4668209Z Receiving objects:  54% (137/253)
2025-09-17T00:34:54.4668648Z Receiving objects:  55% (140/253)
2025-09-17T00:34:54.4952642Z Receiving objects:  56% (142/253)
2025-09-17T00:34:54.4972418Z Receiving objects:  57% (145/253)
2025-09-17T00:34:54.5303921Z Receiving objects:  58% (147/253)
2025-09-17T00:34:54.5308009Z Receiving objects:  59% (150/253)
2025-09-17T00:34:54.5311590Z Receiving objects:  60% (152/253)
2025-09-17T00:34:54.5314805Z Receiving objects:  61% (155/253)
2025-09-17T00:34:54.5318288Z Receiving objects:  62% (157/253)
2025-09-17T00:34:54.5338375Z Receiving objects:  63% (160/253)
2025-09-17T00:34:54.5374988Z Receiving objects:  64% (162/253)
2025-09-17T00:34:54.5387351Z Receiving objects:  65% (165/253)
2025-09-17T00:34:54.5432590Z Receiving objects:  66% (167/253)
2025-09-17T00:34:54.5483125Z Receiving objects:  67% (170/253)
2025-09-17T00:34:54.5485664Z Receiving objects:  68% (173/253)
2025-09-17T00:34:54.5517946Z Receiving objects:  69% (175/253)
2025-09-17T00:34:54.5520326Z Receiving objects:  70% (178/253)
2025-09-17T00:34:54.5522090Z Receiving objects:  71% (180/253)
2025-09-17T00:34:54.5522553Z Receiving objects:  72% (183/253)
2025-09-17T00:34:54.5523005Z Receiving objects:  73% (185/253)
2025-09-17T00:34:54.6210958Z Receiving objects:  74% (188/253)
2025-09-17T00:34:54.6211626Z Receiving objects:  75% (190/253)
2025-09-17T00:34:54.6212171Z Receiving objects:  76% (193/253)
2025-09-17T00:34:54.6215505Z Receiving objects:  77% (195/253)
2025-09-17T00:34:54.6216727Z Receiving objects:  78% (198/253)
2025-09-17T00:34:54.6217153Z Receiving objects:  79% (200/253)
2025-09-17T00:34:54.6217561Z Receiving objects:  80% (203/253)
2025-09-17T00:34:54.6217961Z Receiving objects:  81% (205/253)
2025-09-17T00:34:54.6246859Z Receiving objects:  82% (208/253)
2025-09-17T00:34:54.6248134Z Receiving objects:  83% (210/253)
2025-09-17T00:34:54.6248575Z Receiving objects:  84% (213/253)
2025-09-17T00:34:54.6251468Z Receiving objects:  85% (216/253)
2025-09-17T00:34:54.6259106Z Receiving objects:  86% (218/253)
2025-09-17T00:34:54.6260284Z Receiving objects:  87% (221/253)
2025-09-17T00:34:54.6261206Z Receiving objects:  88% (223/253)
2025-09-17T00:34:54.6262368Z Receiving objects:  89% (226/253)
2025-09-17T00:34:54.6263272Z Receiving objects:  90% (228/253)
2025-09-17T00:34:54.6284097Z Receiving objects:  91% (231/253)
2025-09-17T00:34:54.6284980Z Receiving objects:  92% (233/253)
2025-09-17T00:34:54.6286099Z Receiving objects:  93% (236/253)
2025-09-17T00:34:54.7043862Z Receiving objects:  94% (238/253)
2025-09-17T00:34:54.7044718Z remote: Total 253 (delta 60), reused 187 (delta 32), pack-reused 0 (from 0)        
2025-09-17T00:34:54.7045519Z Receiving objects:  95% (241/253)
2025-09-17T00:34:54.7046093Z Receiving objects:  96% (243/253)
2025-09-17T00:34:54.7046522Z Receiving objects:  97% (246/253)
2025-09-17T00:34:54.7047093Z Receiving objects:  98% (248/253)
2025-09-17T00:34:54.7047608Z Receiving objects:  99% (251/253)
2025-09-17T00:34:54.7048109Z Receiving objects: 100% (253/253)
2025-09-17T00:34:54.7048754Z Receiving objects: 100% (253/253), 3.48 MiB | 14.16 MiB/s, done.
2025-09-17T00:34:54.7060699Z Resolving deltas:   0% (0/60)
2025-09-17T00:34:54.7080676Z Resolving deltas:   1% (1/60)
2025-09-17T00:34:54.7102256Z Resolving deltas:   3% (2/60)
2025-09-17T00:34:54.7102683Z Resolving deltas:   5% (3/60)
2025-09-17T00:34:54.7103075Z Resolving deltas:   6% (4/60)
2025-09-17T00:34:54.7103452Z Resolving deltas:   8% (5/60)
2025-09-17T00:34:54.7103839Z Resolving deltas:  10% (6/60)
2025-09-17T00:34:54.7104203Z Resolving deltas:  11% (7/60)
2025-09-17T00:34:54.7104577Z Resolving deltas:  13% (8/60)
2025-09-17T00:34:54.7104947Z Resolving deltas:  15% (9/60)
2025-09-17T00:34:54.7105320Z Resolving deltas:  16% (10/60)
2025-09-17T00:34:54.7105698Z Resolving deltas:  18% (11/60)
2025-09-17T00:34:54.7106075Z Resolving deltas:  20% (12/60)
2025-09-17T00:34:54.7106447Z Resolving deltas:  21% (13/60)
2025-09-17T00:34:54.7106817Z Resolving deltas:  23% (14/60)
2025-09-17T00:34:54.7107186Z Resolving deltas:  25% (15/60)
2025-09-17T00:34:54.7107550Z Resolving deltas:  26% (16/60)
2025-09-17T00:34:54.7107921Z Resolving deltas:  28% (17/60)
2025-09-17T00:34:54.7108293Z Resolving deltas:  30% (18/60)
2025-09-17T00:34:54.7108664Z Resolving deltas:  31% (19/60)
2025-09-17T00:34:54.7109269Z Resolving deltas:  33% (20/60)
2025-09-17T00:34:54.7109639Z Resolving deltas:  35% (21/60)
2025-09-17T00:34:54.7110012Z Resolving deltas:  36% (22/60)
2025-09-17T00:34:54.7110987Z Resolving deltas:  38% (23/60)
2025-09-17T00:34:54.7111369Z Resolving deltas:  40% (24/60)
2025-09-17T00:34:54.7111733Z Resolving deltas:  41% (25/60)
2025-09-17T00:34:54.7112105Z Resolving deltas:  43% (26/60)
2025-09-17T00:34:54.7112481Z Resolving deltas:  45% (27/60)
2025-09-17T00:34:54.7112854Z Resolving deltas:  46% (28/60)
2025-09-17T00:34:54.7113232Z Resolving deltas:  48% (29/60)
2025-09-17T00:34:54.7113603Z Resolving deltas:  50% (30/60)
2025-09-17T00:34:54.7113977Z Resolving deltas:  51% (31/60)
2025-09-17T00:34:54.7114346Z Resolving deltas:  53% (32/60)
2025-09-17T00:34:54.7119355Z Resolving deltas:  55% (33/60)
2025-09-17T00:34:54.7129525Z Resolving deltas:  56% (34/60)
2025-09-17T00:34:54.7137612Z Resolving deltas:  58% (35/60)
2025-09-17T00:34:54.7148044Z Resolving deltas:  60% (36/60)
2025-09-17T00:34:54.7158960Z Resolving deltas:  61% (37/60)
2025-09-17T00:34:54.7175292Z Resolving deltas:  63% (38/60)
2025-09-17T00:34:54.7186227Z Resolving deltas:  65% (39/60)
2025-09-17T00:34:54.7204555Z Resolving deltas:  66% (40/60)
2025-09-17T00:34:54.7212884Z Resolving deltas:  68% (41/60)
2025-09-17T00:34:54.7222199Z Resolving deltas:  70% (42/60)
2025-09-17T00:34:54.7231918Z Resolving deltas:  71% (43/60)
2025-09-17T00:34:54.7238800Z Resolving deltas:  73% (44/60)
2025-09-17T00:34:54.7247210Z Resolving deltas:  75% (45/60)
2025-09-17T00:34:54.7253764Z Resolving deltas:  76% (46/60)
2025-09-17T00:34:54.7260354Z Resolving deltas:  78% (47/60)
2025-09-17T00:34:54.7269833Z Resolving deltas:  80% (48/60)
2025-09-17T00:34:54.7279001Z Resolving deltas:  81% (49/60)
2025-09-17T00:34:54.7287345Z Resolving deltas:  83% (50/60)
2025-09-17T00:34:54.7295366Z Resolving deltas:  85% (51/60)
2025-09-17T00:34:54.7302769Z Resolving deltas:  86% (52/60)
2025-09-17T00:34:54.7310230Z Resolving deltas:  88% (53/60)
2025-09-17T00:34:54.7318129Z Resolving deltas:  90% (54/60)
2025-09-17T00:34:54.7325863Z Resolving deltas:  91% (55/60)
2025-09-17T00:34:54.7335314Z Resolving deltas:  93% (56/60)
2025-09-17T00:34:54.7342779Z Resolving deltas:  95% (57/60)
2025-09-17T00:34:54.7351308Z Resolving deltas:  96% (58/60)
2025-09-17T00:34:54.7358793Z Resolving deltas:  98% (59/60)
2025-09-17T00:34:54.7359931Z Resolving deltas: 100% (60/60)
2025-09-17T00:34:54.7361385Z Resolving deltas: 100% (60/60), done.
2025-09-17T00:34:54.7468716Z From https://github.com/aspepper/vitrine-de-craques-web-site
2025-09-17T00:34:54.7470566Z  * [new ref]         054e4fefb98c1542ad634610524d66894e43d8e1 -> origin/main
2025-09-17T00:34:54.7506774Z ##[endgroup]
2025-09-17T00:34:54.7507378Z ##[group]Determining the checkout info
2025-09-17T00:34:54.7509416Z ##[endgroup]
2025-09-17T00:34:54.7511140Z ##[group]Checking out the ref
2025-09-17T00:34:54.7514148Z [command]/usr/bin/git checkout --progress --force -B main refs/remotes/origin/main
2025-09-17T00:34:54.8250935Z Switched to a new branch 'main'
2025-09-17T00:34:54.8254108Z branch 'main' set up to track 'origin/main'.
2025-09-17T00:34:54.8268268Z ##[endgroup]
2025-09-17T00:34:54.8269060Z ##[group]Setting up auth for fetching submodules
2025-09-17T00:34:54.8274076Z [command]/usr/bin/git config --global http.https://github.com/.extraheader AUTHORIZATION: basic ***
2025-09-17T00:34:54.8317681Z [command]/usr/bin/git config --global --unset-all url.https://github.com/.insteadOf
2025-09-17T00:34:54.8347813Z [command]/usr/bin/git config --global --add url.https://github.com/.insteadOf git@github.com:
2025-09-17T00:34:54.8377460Z [command]/usr/bin/git config --global --add url.https://github.com/.insteadOf org-202530@github.com:
2025-09-17T00:34:54.8417982Z ##[endgroup]
2025-09-17T00:34:54.8418581Z ##[group]Fetching submodules
2025-09-17T00:34:54.8419035Z [command]/usr/bin/git submodule sync
2025-09-17T00:34:54.8640506Z [command]/usr/bin/git -c protocol.version=2 submodule update --init --force --depth=1
2025-09-17T00:34:54.8869122Z [command]/usr/bin/git submodule foreach git config --local gc.auto 0
2025-09-17T00:34:54.9091362Z ##[endgroup]
2025-09-17T00:34:54.9092037Z ##[group]Persisting credentials for submodules
2025-09-17T00:34:54.9111913Z [command]/usr/bin/git submodule foreach --recursive sh -c "git config --local --name-only --get-regexp 'url\.https\:\/\/github\.com\/\.insteadOf' && git config --local --unset-all 'url.https://github.com/.insteadOf' || :"
2025-09-17T00:34:54.9371243Z [command]/usr/bin/git submodule foreach sh -c "git config --local 'http.https://github.com/.extraheader' 'AUTHORIZATION: basic ***' && git config --local --show-origin --name-only --get-regexp remote.origin.url"
2025-09-17T00:34:54.9614240Z [command]/usr/bin/git submodule foreach git config --local --add 'url.https://github.com/.insteadOf' 'git@github.com:'
2025-09-17T00:34:54.9839497Z [command]/usr/bin/git submodule foreach git config --local --add 'url.https://github.com/.insteadOf' 'org-202530@github.com:'
2025-09-17T00:34:55.0060770Z ##[endgroup]
2025-09-17T00:34:55.0096014Z [command]/usr/bin/git log -1 --format='%H'
2025-09-17T00:34:55.0124186Z '054e4fefb98c1542ad634610524d66894e43d8e1'
2025-09-17T00:34:55.0329978Z ##[group]Run actions/setup-node@v4
2025-09-17T00:34:55.0330414Z with:
2025-09-17T00:34:55.0330607Z   node-version: 20
2025-09-17T00:34:55.0330801Z   cache: npm
2025-09-17T00:34:55.0330984Z   always-auth: false
2025-09-17T00:34:55.0331189Z   check-latest: false
2025-09-17T00:34:55.0331501Z   token: ***
2025-09-17T00:34:55.0331688Z ##[endgroup]
2025-09-17T00:34:55.2100558Z Found in cache @ /opt/hostedtoolcache/node/20.19.5/x64
2025-09-17T00:34:55.2107312Z ##[group]Environment details
2025-09-17T00:34:57.3059220Z node: v20.19.5
2025-09-17T00:34:57.3060281Z npm: 10.8.2
2025-09-17T00:34:57.3062829Z yarn: 1.22.22
2025-09-17T00:34:57.3063599Z ##[endgroup]
2025-09-17T00:34:57.3087407Z [command]/opt/hostedtoolcache/node/20.19.5/x64/bin/npm config get cache
2025-09-17T00:34:57.5991355Z /home/runner/.npm
2025-09-17T00:34:57.7253234Z Cache hit for: node-cache-Linux-x64-npm-a480f018b95e26accb5c034d99ae11f49bcfb5d030eeee9e1f94f59f2f59415f
2025-09-17T00:34:58.7678855Z Received 184549376 of 226285692 (81.6%), 175.5 MBs/sec
2025-09-17T00:34:58.9382418Z Received 226285692 of 226285692 (100.0%), 183.8 MBs/sec
2025-09-17T00:34:58.9385967Z Cache Size: ~216 MB (226285692 B)
2025-09-17T00:34:58.9465943Z [command]/usr/bin/tar -xf /home/runner/work/_temp/d0acc495-723e-44f0-9da3-b9bc7711fa35/cache.tzst -P -C /home/runner/work/vitrine-de-craques-web-site/vitrine-de-craques-web-site --use-compress-program unzstd
2025-09-17T00:34:59.4300434Z Cache restored successfully
2025-09-17T00:34:59.4715465Z Cache restored from key: node-cache-Linux-x64-npm-a480f018b95e26accb5c034d99ae11f49bcfb5d030eeee9e1f94f59f2f59415f
2025-09-17T00:34:59.4929782Z ##[group]Run npm ci
2025-09-17T00:34:59.4930673Z [36;1mnpm ci[0m
2025-09-17T00:34:59.4988494Z shell: /usr/bin/bash -e {0}
2025-09-17T00:34:59.4988758Z ##[endgroup]
2025-09-17T00:35:07.5183459Z npm warn deprecated inflight@1.0.6: This module is not supported, and leaks memory. Do not use it. Check out lru-cache if you want a good and tested way to coalesce async requests by a key value, which is much more comprehensive and powerful.
2025-09-17T00:35:07.7575270Z npm warn deprecated @humanwhocodes/config-array@0.13.0: Use @eslint/config-array instead
2025-09-17T00:35:07.7778739Z npm warn deprecated rimraf@3.0.2: Rimraf versions prior to v4 are no longer supported
2025-09-17T00:35:07.9433118Z npm warn deprecated @humanwhocodes/object-schema@2.0.3: Use @eslint/object-schema instead
2025-09-17T00:35:07.9501642Z npm warn deprecated glob@7.2.3: Glob versions prior to v9 are no longer supported
2025-09-17T00:35:10.9553052Z npm warn deprecated eslint@8.57.1: This version is no longer supported. Please see https://eslint.org/version-support for other options.
2025-09-17T00:35:21.5709732Z 
2025-09-17T00:35:21.5711186Z > vitrine-de-craques-web-site@0.1.0 postinstall
2025-09-17T00:35:21.5711925Z > npx prisma generate
2025-09-17T00:35:21.5712634Z 
2025-09-17T00:35:23.1346111Z Prisma schema loaded from prisma/schema.prisma
2025-09-17T00:35:23.7807038Z 
2025-09-17T00:35:23.7808757Z âœ” Generated Prisma Client (v6.16.2) to ./node_modules/@prisma/client in 255ms
2025-09-17T00:35:23.7809604Z 
2025-09-17T00:35:23.7810756Z Start by importing your Prisma Client (See: https://pris.ly/d/importing-client)
2025-09-17T00:35:23.7812213Z 
2025-09-17T00:35:23.7813105Z Tip: Interested in query caching in just a few lines of code? Try Accelerate today! https://pris.ly/tip-3-accelerate
2025-09-17T00:35:23.7813749Z 
2025-09-17T00:35:23.8074471Z 
2025-09-17T00:35:23.8075182Z > vitrine-de-craques-web-site@0.1.0 prepare
2025-09-17T00:35:23.8076065Z > husky install
2025-09-17T00:35:23.8076389Z 
2025-09-17T00:35:23.8625719Z husky - Git hooks installed
2025-09-17T00:35:23.8829688Z 
2025-09-17T00:35:23.8832385Z added 717 packages, and audited 718 packages in 24s
2025-09-17T00:35:23.8832830Z 
2025-09-17T00:35:23.8833127Z 190 packages are looking for funding
2025-09-17T00:35:23.8833720Z   run `npm fund` for details
2025-09-17T00:35:23.8834018Z 
2025-09-17T00:35:23.8834331Z found 0 vulnerabilities
2025-09-17T00:35:23.9702939Z ##[group]Run npx prisma migrate deploy
2025-09-17T00:35:23.9703300Z [36;1mnpx prisma migrate deploy[0m
2025-09-17T00:35:23.9733928Z shell: /usr/bin/bash -e {0}
2025-09-17T00:35:23.9734168Z env:
2025-09-17T00:35:23.9734993Z   DATABASE_URL: ***
2025-09-17T00:35:23.9735212Z ##[endgroup]
2025-09-17T00:35:25.5402067Z Prisma schema loaded from prisma/schema.prisma
2025-09-17T00:35:25.5461112Z Datasource "db": PostgreSQL database "neondb", schema "public" at "ep-dry-bar-a8fyzj2o-pooler.eastus2.azure.neon.tech"
2025-09-17T00:35:26.1304450Z 
2025-09-17T00:35:26.1305733Z No migration found in prisma/migrations
2025-09-17T00:35:26.1310470Z 
2025-09-17T00:35:26.2682520Z 
2025-09-17T00:35:26.2683360Z No pending migrations to apply.
2025-09-17T00:35:26.2975814Z ##[group]Run npm run build
2025-09-17T00:35:26.2976108Z [36;1mnpm run build[0m
2025-09-17T00:35:26.3007085Z shell: /usr/bin/bash -e {0}
2025-09-17T00:35:26.3007332Z env:
2025-09-17T00:35:26.3008202Z   DATABASE_URL: ***
2025-09-17T00:35:26.3008596Z   NEXTAUTH_URL: ***
2025-09-17T00:35:26.3008912Z   NEXTAUTH_SECRET: ***
2025-09-17T00:35:26.3009127Z   AUTH_TRUST_HOST: true
2025-09-17T00:35:26.3009335Z ##[endgroup]
2025-09-17T00:35:26.4339053Z 
2025-09-17T00:35:26.4339903Z > vitrine-de-craques-web-site@0.1.0 build
2025-09-17T00:35:26.4340857Z > npx prisma generate && next build
2025-09-17T00:35:26.4341169Z 
2025-09-17T00:35:27.9797269Z Prisma schema loaded from prisma/schema.prisma
2025-09-17T00:35:28.6265054Z 
2025-09-17T00:35:28.6266917Z âœ” Generated Prisma Client (v6.16.2) to ./node_modules/@prisma/client in 237ms
2025-09-17T00:35:28.6268314Z 
2025-09-17T00:35:28.6268906Z Start by importing your Prisma Client (See: https://pris.ly/d/importing-client)
2025-09-17T00:35:28.6269420Z 
2025-09-17T00:35:28.6270561Z Tip: Need your database queries to be 1000x faster? Accelerate offers you that and more: https://pris.ly/tip-2-accelerate
2025-09-17T00:35:28.6271208Z 
2025-09-17T00:35:29.1669795Z âš  No build cache found. Please configure build caching for faster rebuilds. Read more: https://nextjs.org/docs/messages/no-cache
2025-09-17T00:35:29.1809086Z Attention: Next.js now collects completely anonymous telemetry regarding usage.
2025-09-17T00:35:29.1811762Z This information is used to shape Next.js' roadmap and prioritize features.
2025-09-17T00:35:29.1813323Z You can learn more, including how to opt-out if you'd not like to participate in this anonymous program, by visiting the following URL:
2025-09-17T00:35:29.1814402Z https://nextjs.org/telemetry
2025-09-17T00:35:29.1814724Z 
2025-09-17T00:35:29.2409545Z   â–² Next.js 14.2.32
2025-09-17T00:35:29.2410494Z 
2025-09-17T00:35:29.3000632Z    Creating an optimized production build ...
2025-09-17T00:35:51.4581349Z  âœ“ Compiled successfully
2025-09-17T00:35:51.4589139Z    Linting and checking validity of types ...
2025-09-17T00:36:02.0340506Z    Collecting page data ...
2025-09-17T00:36:04.1101615Z    Generating static pages (0/35) ...
2025-09-17T00:36:04.6913156Z    Generating static pages (8/35) 
2025-09-17T00:36:04.9963007Z    Generating static pages (17/35) 
2025-09-17T00:36:05.5225357Z    Generating static pages (26/35) 
2025-09-17T00:36:05.7978616Z  âœ“ Generating static pages (35/35)
2025-09-17T00:36:06.0256557Z    Finalizing page optimization ...
2025-09-17T00:36:06.0260343Z    Collecting build traces ...
2025-09-17T00:36:11.7475842Z 
2025-09-17T00:36:11.7563168Z Route (app)                                 Size     First Load JS
2025-09-17T00:36:11.7566030Z â”Œ Æ’ /                                       1.33 kB         102 kB
2025-09-17T00:36:11.7571033Z â”œ Æ’ /_not-found                             873 B          88.1 kB
2025-09-17T00:36:11.7572016Z â”œ Æ’ /agentes                                190 B           101 kB
2025-09-17T00:36:11.7573023Z â”œ Æ’ /agentes/[id]                           189 B          92.5 kB
2025-09-17T00:36:11.7573939Z â”œ Æ’ /api/agentes                            0 B                0 B
2025-09-17T00:36:11.7574816Z â”œ Æ’ /api/agentes/[id]                       0 B                0 B
2025-09-17T00:36:11.7575652Z â”œ Æ’ /api/atletas                            0 B                0 B
2025-09-17T00:36:11.7576457Z â”œ Æ’ /api/atletas/[id]                       0 B                0 B
2025-09-17T00:36:11.7577269Z â”œ Æ’ /api/auth/[...nextauth]                 0 B                0 B
2025-09-17T00:36:11.7578123Z â”œ Æ’ /api/clubes                             0 B                0 B
2025-09-17T00:36:11.7578973Z â”œ Æ’ /api/clubes/[slug]                      0 B                0 B
2025-09-17T00:36:11.7579762Z â”œ Æ’ /api/confederacoes                      0 B                0 B
2025-09-17T00:36:11.7580835Z â”œ Æ’ /api/confederacoes/[slug]               0 B                0 B
2025-09-17T00:36:11.7581665Z â”œ Æ’ /api/db-check                           0 B                0 B
2025-09-17T00:36:11.7582802Z â”œ Æ’ /api/env                                0 B                0 B
2025-09-17T00:36:11.7583644Z â”œ Æ’ /api/games                              0 B                0 B
2025-09-17T00:36:11.7584422Z â”œ Æ’ /api/games/[slug]                       0 B                0 B
2025-09-17T00:36:11.7585385Z â”œ Æ’ /api/health                             0 B                0 B
2025-09-17T00:36:11.7586312Z â”œ Æ’ /api/noticias                           0 B                0 B
2025-09-17T00:36:11.7587247Z â”œ Æ’ /api/noticias/[slug]                    0 B                0 B
2025-09-17T00:36:11.7588167Z â”œ Æ’ /api/pg-check                           0 B                0 B
2025-09-17T00:36:11.7589100Z â”œ Æ’ /api/profile                            0 B                0 B
2025-09-17T00:36:11.7590004Z â”œ Æ’ /api/register                           0 B                0 B
2025-09-17T00:36:11.7591713Z â”œ Æ’ /api/videos                             0 B                0 B
2025-09-17T00:36:11.7592606Z â”œ Æ’ /atletas                                190 B           101 kB
2025-09-17T00:36:11.7593450Z â”œ Æ’ /atletas/[id]                           189 B          92.5 kB
2025-09-17T00:36:11.7594525Z â”œ Æ’ /cadastro                               2.17 kB         128 kB
2025-09-17T00:36:11.7595384Z â”œ Æ’ /cadastro/[slug]                        2.2 kB          119 kB
2025-09-17T00:36:11.7596292Z â”œ Æ’ /cadastro/atleta-18                     2.82 kB         135 kB
2025-09-17T00:36:11.7597215Z â”œ Æ’ /cadastro/clube                         2.78 kB         135 kB
2025-09-17T00:36:11.7598160Z â”œ Æ’ /cadastro/de-agentes-licenciados        2.74 kB         135 kB
2025-09-17T00:36:11.7599166Z â”œ Æ’ /cadastro/imprensa-jornalistablogueiro  2.94 kB         135 kB
2025-09-17T00:36:11.7600371Z â”œ Æ’ /cadastro/responsavel                   3 kB            135 kB
2025-09-17T00:36:11.7601346Z â”œ Æ’ /cadastro/responsavel/uploads           2.54 kB         134 kB
2025-09-17T00:36:11.7603080Z â”œ Æ’ /cadastro/torcedor                      3.33 kB         144 kB
2025-09-17T00:36:11.7603976Z â”œ Æ’ /clubes                                 303 B          96.2 kB
2025-09-17T00:36:11.7604760Z â”œ Æ’ /clubes/[slug]                          189 B          92.5 kB
2025-09-17T00:36:11.7605901Z â”œ Æ’ /confederacoes                          190 B           101 kB
2025-09-17T00:36:11.7606767Z â”œ Æ’ /confederacoes/[slug]                   189 B          92.5 kB
2025-09-17T00:36:11.7607545Z â”œ Æ’ /feed                                   3.03 kB         103 kB
2025-09-17T00:36:11.7608233Z â”œ Æ’ /games                                  303 B          96.2 kB
2025-09-17T00:36:11.7608939Z â”œ Æ’ /games/[slug]                           189 B          92.5 kB
2025-09-17T00:36:11.7609674Z â”œ Æ’ /login                                  2.45 kB         143 kB
2025-09-17T00:36:11.7610724Z â”œ Æ’ /noticias                               303 B          96.2 kB
2025-09-17T00:36:11.7611515Z â”œ Æ’ /noticias/[slug]                        189 B          92.5 kB
2025-09-17T00:36:11.7612232Z â”œ Æ’ /perfil                                 155 B          87.3 kB
2025-09-17T00:36:11.7612992Z â”œ Æ’ /player/[id]                            155 B          87.3 kB
2025-09-17T00:36:11.7613725Z â”œ Æ’ /privacidade                            155 B          87.3 kB
2025-09-17T00:36:11.7614510Z â”œ Æ’ /registrar-escolha-perfil               303 B          96.2 kB
2025-09-17T00:36:11.7615318Z â”œ Æ’ /sobre                                  155 B          87.3 kB
2025-09-17T00:36:11.7616089Z â”œ Æ’ /torcida                                155 B          87.3 kB
2025-09-17T00:36:11.7616850Z â”” Æ’ /upload                                 2.39 kB        97.3 kB
2025-09-17T00:36:11.7617492Z + First Load JS shared by all               87.2 kB
2025-09-17T00:36:11.7618172Z   â”œ chunks/117-9e44d76a5ba26865.js          31.6 kB
2025-09-17T00:36:11.7618821Z   â”œ chunks/fd9d1056-8855781134d79d70.js     53.6 kB
2025-09-17T00:36:11.7619374Z   â”” other shared chunks (total)             1.95 kB
2025-09-17T00:36:11.7619655Z 
2025-09-17T00:36:11.7619663Z 
2025-09-17T00:36:11.7620372Z Æ’ Middleware                                48.1 kB
2025-09-17T00:36:11.7620854Z 
2025-09-17T00:36:11.7621232Z Æ’  (Dynamic)  server-rendered on demand
2025-09-17T00:36:11.7621564Z 
2025-09-17T00:36:11.7976729Z ##[group]Run node -v
2025-09-17T00:36:11.7977009Z [36;1mnode -v[0m
2025-09-17T00:36:11.7977222Z [36;1mnpx prisma -v[0m
2025-09-17T00:36:11.8008074Z shell: /usr/bin/bash -e {0}
2025-09-17T00:36:11.8008322Z ##[endgroup]
2025-09-17T00:36:11.8085661Z v20.19.5
2025-09-17T00:36:13.7342735Z Prisma schema loaded from prisma/schema.prisma
2025-09-17T00:36:13.7380967Z prisma                  : 6.16.2
2025-09-17T00:36:13.7381805Z @prisma/client          : 6.16.2
2025-09-17T00:36:13.7382399Z Computed binaryTarget   : debian-openssl-3.0.x
2025-09-17T00:36:13.7383004Z Operating System        : linux
2025-09-17T00:36:13.7383473Z Architecture            : x64
2025-09-17T00:36:13.7383968Z Node.js                 : v20.19.5
2025-09-17T00:36:13.7384476Z TypeScript              : 5.9.2
2025-09-17T00:36:13.7385981Z Query Engine (Node-API) : libquery-engine 1c57fdcd7e44b29b9313256c76699e91c3ac3c43 (at node_modules/@prisma/engines/libquery_engine-debian-openssl-3.0.x.so.node)
2025-09-17T00:36:13.7387718Z PSL                     : @prisma/prisma-schema-wasm 6.16.0-7.1c57fdcd7e44b29b9313256c76699e91c3ac3c43
2025-09-17T00:36:13.7389400Z Schema Engine           : schema-engine-cli 1c57fdcd7e44b29b9313256c76699e91c3ac3c43 (at node_modules/@prisma/engines/schema-engine-debian-openssl-3.0.x)
2025-09-17T00:36:13.7390986Z Default Engines Hash    : 1c57fdcd7e44b29b9313256c76699e91c3ac3c43
2025-09-17T00:36:13.7391654Z Studio                  : 0.511.0
2025-09-17T00:36:13.7767919Z ##[warning]Unexpected input(s) 'PRE_BUILD_COMMAND', valid inputs are ['entryPoint', 'args', 'action', 'app_location', 'azure_static_web_apps_api_token', 'api_build_command', 'api_location', 'app_artifact_location', 'output_location', 'app_build_command', 'repo_token', 'routes_location', 'skip_app_build', 'config_file_location', 'skip_api_build', 'production_branch', 'deployment_environment', 'is_static_export', 'data_api_location', 'github_id_token']
2025-09-17T00:36:13.7783964Z ##[group]Run Azure/static-web-apps-deploy@v1
2025-09-17T00:36:13.7784456Z with:
2025-09-17T00:36:13.7785158Z   azure_static_web_apps_api_token: ***
2025-09-17T00:36:13.7785544Z   repo_token: ***
2025-09-17T00:36:13.7785752Z   action: upload
2025-09-17T00:36:13.7785955Z   app_location: /
2025-09-17T00:36:13.7786155Z   skip_app_build: true
2025-09-17T00:36:13.7786370Z   output_location: .next
2025-09-17T00:36:13.7786595Z   is_static_export: false
2025-09-17T00:36:13.7786877Z   PRE_BUILD_COMMAND: npx prisma generate
2025-09-17T00:36:13.7787148Z ##[endgroup]
2025-09-17T00:36:13.7878743Z ##[command]/usr/bin/docker run --name b3b074d709653ad994582a04ce11e85151031_b8c484 --label 7b3b07 --workdir /github/workspace --rm -e "INPUT_AZURE_STATIC_WEB_APPS_API_TOKEN" -e "INPUT_REPO_TOKEN" -e "INPUT_ACTION" -e "INPUT_APP_LOCATION" -e "INPUT_API_LOCATION" -e "INPUT_SKIP_APP_BUILD" -e "INPUT_OUTPUT_LOCATION" -e "INPUT_IS_STATIC_EXPORT" -e "INPUT_PRE_BUILD_COMMAND" -e "INPUT_API_BUILD_COMMAND" -e "INPUT_APP_ARTIFACT_LOCATION" -e "INPUT_APP_BUILD_COMMAND" -e "INPUT_ROUTES_LOCATION" -e "INPUT_CONFIG_FILE_LOCATION" -e "INPUT_SKIP_API_BUILD" -e "INPUT_PRODUCTION_BRANCH" -e "INPUT_DEPLOYMENT_ENVIRONMENT" -e "INPUT_DATA_API_LOCATION" -e "INPUT_GITHUB_ID_TOKEN" -e "HOME" -e "GITHUB_JOB" -e "GITHUB_REF" -e "GITHUB_SHA" -e "GITHUB_REPOSITORY" -e "GITHUB_REPOSITORY_OWNER" -e "GITHUB_REPOSITORY_OWNER_ID" -e "GITHUB_RUN_ID" -e "GITHUB_RUN_NUMBER" -e "GITHUB_RETENTION_DAYS" -e "GITHUB_RUN_ATTEMPT" -e "GITHUB_ACTOR_ID" -e "GITHUB_ACTOR" -e "GITHUB_WORKFLOW" -e "GITHUB_HEAD_REF" -e "GITHUB_BASE_REF" -e "GITHUB_EVENT_NAME" -e "GITHUB_SERVER_URL" -e "GITHUB_API_URL" -e "GITHUB_GRAPHQL_URL" -e "GITHUB_REF_NAME" -e "GITHUB_REF_PROTECTED" -e "GITHUB_REF_TYPE" -e "GITHUB_WORKFLOW_REF" -e "GITHUB_WORKFLOW_SHA" -e "GITHUB_REPOSITORY_ID" -e "GITHUB_TRIGGERING_ACTOR" -e "GITHUB_WORKSPACE" -e "GITHUB_ACTION" -e "GITHUB_EVENT_PATH" -e "GITHUB_ACTION_REPOSITORY" -e "GITHUB_ACTION_REF" -e "GITHUB_PATH" -e "GITHUB_ENV" -e "GITHUB_STEP_SUMMARY" -e "GITHUB_STATE" -e "GITHUB_OUTPUT" -e "RUNNER_OS" -e "RUNNER_ARCH" -e "RUNNER_NAME" -e "RUNNER_ENVIRONMENT" -e "RUNNER_TOOL_CACHE" -e "RUNNER_TEMP" -e "RUNNER_WORKSPACE" -e "ACTIONS_RUNTIME_URL" -e "ACTIONS_RUNTIME_TOKEN" -e "ACTIONS_CACHE_URL" -e "ACTIONS_RESULTS_URL" -e GITHUB_ACTIONS=true -e CI=true -v "/var/run/docker.sock":"/var/run/docker.sock" -v "/home/runner/work/_temp/_github_home":"/github/home" -v "/home/runner/work/_temp/_github_workflow":"/github/workflow" -v "/home/runner/work/_temp/_runner_file_commands":"/github/file_commands" -v "/home/runner/work/vitrine-de-craques-web-site/vitrine-de-craques-web-site":"/github/workspace" 7b3b07:4d709653ad994582a04ce11e85151031
2025-09-17T00:36:14.1274710Z DeploymentId: bdcfb8ab-06ae-477e-a6f8-b99a11004d75
2025-09-17T00:36:14.1279454Z 
2025-09-17T00:36:14.2454162Z [37mTry to validate location at: '/github/workspace'.[0m
2025-09-17T00:36:14.2466195Z [37mApp Directory Location: '/' was found.[0m
2025-09-17T00:36:14.2467600Z [37mTry to validate location at: '/github/workspace/swa-db-connections'.[0m
2025-09-17T00:36:14.2472134Z [37mLooking for event info[0m
2025-09-17T00:36:14.7971270Z [37mSkipping step to build /github/workspace with Oryx[0m
2025-09-17T00:36:14.8899917Z [37mDetected the following framework: Next.js[0m
2025-09-17T00:36:14.8904371Z [37mTry to validate location at: '/github/workspace/.next'.[0m
2025-09-17T00:36:14.9553965Z [33m[WARNING] Nodejs runtime version info is not provided for the Next.js app. Defaulting to version: 18. To change it, please use the apiRuntime property to set the custom node version as detailed at https://aka.ms/swa-nextjs-apiruntime. Supported Nodejs versions are 12, 14, 16, 18, 20.[0m
2025-09-17T00:36:16.5166244Z [37mRepackaged Next.js app to deploy on the backend.[0m
2025-09-17T00:36:16.5193878Z [37mStarting to build function app with Oryx[0m
2025-09-17T00:36:16.5197828Z [37m---Oryx build logs---[0m
2025-09-17T00:36:16.5199715Z [37m[0m
2025-09-17T00:36:16.5200328Z [37m[0m
2025-09-17T00:36:16.9028226Z [37mOperation performed by Microsoft Oryx, https://github.com/Microsoft/Oryx[0m
2025-09-17T00:36:16.9036173Z [37mYou can report issues at https://github.com/Microsoft/Oryx/issues[0m
2025-09-17T00:36:16.9036937Z [37m[0m
2025-09-17T00:36:16.9038132Z [37mOryx Version: 0.2.20241003.1, Commit: d5352431d933306ccee1be9b5d822c73bf723e9e, ReleaseTagName: 20241003.1[0m
2025-09-17T00:36:16.9039107Z [37m[0m
2025-09-17T00:36:16.9039708Z [37mBuild Operation ID: 57346a5d665300d4[0m
2025-09-17T00:36:16.9040730Z [37mOS Type           : bullseye[0m
2025-09-17T00:36:16.9041440Z [37mImage Type        : githubactions[0m
2025-09-17T00:36:16.9042013Z [37m[0m
2025-09-17T00:36:16.9187677Z [37mDetecting platforms...[0m
2025-09-17T00:36:18.1603715Z [37mDetected following platforms:[0m
2025-09-17T00:36:18.1604411Z [37m  nodejs: 18.20.8[0m
2025-09-17T00:36:18.1604930Z [37m  python: 3.8.20[0m
2025-09-17T00:36:18.1631477Z [37mVersion '18.20.8' of platform 'nodejs' is not installed. Generating script to install it...[0m
2025-09-17T00:36:18.1641866Z [37mVersion '3.8.20' of platform 'python' is not installed. Generating script to install it...[0m
2025-09-17T00:36:18.2134565Z [37mDetected the following frameworks: Next.js[0m
2025-09-17T00:36:18.3127826Z [37m[0m
2025-09-17T00:36:18.3208552Z [37m[0m
2025-09-17T00:36:18.3216867Z [37mSource directory     : /github/workspace[0m
2025-09-17T00:36:18.3224822Z [37mDestination directory: /bin/staticsites/bdcfb8ab-06ae-477e-a6f8-b99a11004d75-swa-oryx/api[0m
2025-09-17T00:36:18.3250586Z [37m[0m
2025-09-17T00:36:18.3251809Z [37m[0m
2025-09-17T00:36:18.3252876Z [37mDownloading and extracting 'nodejs' version '18.20.8' to '/tmp/oryx/platforms/nodejs/18.20.8'...[0m
2025-09-17T00:36:18.3276750Z [37mDetected image debian flavor: bullseye.[0m
2025-09-17T00:36:18.8284946Z [37mDownloaded in 0 sec(s).[0m
2025-09-17T00:36:18.8285814Z [37mVerifying checksum...[0m
2025-09-17T00:36:18.8343832Z [37mExtracting contents...[0m
2025-09-17T00:36:20.2859340Z [37mperforming sha512 checksum for: nodejs...[0m
2025-09-17T00:36:20.4213574Z [37mDone in 2 sec(s).[0m
2025-09-17T00:36:20.4220642Z [37m[0m
2025-09-17T00:36:20.4260927Z [37m[0m
2025-09-17T00:36:20.4262085Z [37mDownloading and extracting 'python' version '3.8.20' to '/tmp/oryx/platforms/python/3.8.20'...[0m
2025-09-17T00:36:20.4288393Z [37mDetected image debian flavor: bullseye.[0m
2025-09-17T00:36:21.3515826Z [37mDownloaded in 1 sec(s).[0m
2025-09-17T00:36:21.3517081Z [37mVerifying checksum...[0m
2025-09-17T00:36:21.3603738Z [37mExtracting contents...[0m
2025-09-17T00:36:23.1291187Z [37mperforming sha512 checksum for: python...[0m
2025-09-17T00:36:23.3584415Z [37mDone in 3 sec(s).[0m
2025-09-17T00:36:23.3585072Z [37m[0m
2025-09-17T00:36:23.3614498Z [37mimage detector file exists, platform is python..[0m
2025-09-17T00:36:23.3655919Z [37mOS detector file exists, OS is bullseye..[0m
2025-09-17T00:36:23.4247264Z [37mRemoving existing manifest file[0m
2025-09-17T00:36:23.4264705Z [37mCreating directory for command manifest file if it does not exist[0m
2025-09-17T00:36:23.4306976Z [37mCreating a manifest file...[0m
2025-09-17T00:36:23.4307762Z [37mNode Build Command Manifest file created.[0m
2025-09-17T00:36:23.4308340Z [37m[0m
2025-09-17T00:36:23.4308806Z [37mUsing Node version:[0m
2025-09-17T00:36:23.4358076Z [37mv18.20.8[0m
2025-09-17T00:36:23.4368701Z [37m[0m
2025-09-17T00:36:23.4369819Z [37mUsing Npm version:[0m
2025-09-17T00:36:23.5556903Z [37m10.8.2[0m
2025-09-17T00:36:23.5660318Z [37m[0m
2025-09-17T00:36:23.5672069Z [37mInstalling production dependencies in '/github/workspace/.oryx_prod_node_modules'...[0m
2025-09-17T00:36:23.5672970Z [37m[0m
2025-09-17T00:36:23.5673542Z [37mRunning 'npm install --production'...[0m
2025-09-17T00:36:23.5674043Z [37m[0m
2025-09-17T00:36:23.6813693Z [31mnpm warn config production Use `--omit=dev` instead.[0m
2025-09-17T00:36:24.3431346Z [31mnpm warn EBADENGINE Unsupported engine {[0m
2025-09-17T00:36:24.3444371Z [31mnpm warn EBADENGINE   package: '@azure/core-auth@1.10.1',[0m
2025-09-17T00:36:24.3446561Z [31mnpm warn EBADENGINE   required: { node: '>=20.0.0' },[0m
2025-09-17T00:36:24.3448400Z [31mnpm warn EBADENGINE   current: { node: 'v18.20.8', npm: '10.8.2' }[0m
2025-09-17T00:36:24.3451301Z [31mnpm warn EBADENGINE }[0m
2025-09-17T00:36:24.3453321Z [31mnpm warn EBADENGINE Unsupported engine {[0m
2025-09-17T00:36:24.3456151Z [31mnpm warn EBADENGINE   package: '@azure/core-util@1.13.1',[0m
2025-09-17T00:36:24.3483159Z [31mnpm warn EBADENGINE   required: { node: '>=20.0.0' },[0m
2025-09-17T00:36:24.3484269Z [31mnpm warn EBADENGINE   current: { node: 'v18.20.8', npm: '10.8.2' }[0m
2025-09-17T00:36:24.3485072Z [31mnpm warn EBADENGINE }[0m
2025-09-17T00:36:24.3485759Z [31mnpm warn EBADENGINE Unsupported engine {[0m
2025-09-17T00:36:24.3486711Z [31mnpm warn EBADENGINE   package: '@azure/core-tracing@1.3.1',[0m
2025-09-17T00:36:24.3487714Z [31mnpm warn EBADENGINE   required: { node: '>=20.0.0' },[0m
2025-09-17T00:36:24.3488775Z [31mnpm warn EBADENGINE   current: { node: 'v18.20.8', npm: '10.8.2' }[0m
2025-09-17T00:36:24.3489602Z [31mnpm warn EBADENGINE }[0m
2025-09-17T00:36:24.3503382Z [31mnpm warn EBADENGINE Unsupported engine {[0m
2025-09-17T00:36:24.3504402Z [31mnpm warn EBADENGINE   package: '@azure/logger@1.3.0',[0m
2025-09-17T00:36:24.3505410Z [31mnpm warn EBADENGINE   required: { node: '>=20.0.0' },[0m
2025-09-17T00:36:24.3506495Z [31mnpm warn EBADENGINE   current: { node: 'v18.20.8', npm: '10.8.2' }[0m
2025-09-17T00:36:24.3507322Z [31mnpm warn EBADENGINE }[0m
2025-09-17T00:36:24.3508080Z [31mnpm warn EBADENGINE Unsupported engine {[0m
2025-09-17T00:36:24.3509120Z [31mnpm warn EBADENGINE   package: '@typespec/ts-http-runtime@0.3.1',[0m
2025-09-17T00:36:24.3510392Z [31mnpm warn EBADENGINE   required: { node: '>=20.0.0' },[0m
2025-09-17T00:36:24.3511491Z [31mnpm warn EBADENGINE   current: { node: 'v18.20.8', npm: '10.8.2' }[0m
2025-09-17T00:36:24.3512320Z [31mnpm warn EBADENGINE }[0m
2025-09-17T00:36:42.2174216Z [37m[0m
2025-09-17T00:36:42.2175174Z [37madded 367 packages, and audited 368 packages in 19s[0m
2025-09-17T00:36:42.2175874Z [37m[0m
2025-09-17T00:36:42.2176512Z [37m55 packages are looking for funding[0m
2025-09-17T00:36:42.2177249Z [37m  run `npm fund` for details[0m
2025-09-17T00:36:42.2184269Z [37m[0m
2025-09-17T00:36:42.2186342Z [37mfound 0 vulnerabilities[0m
2025-09-17T00:36:42.2569390Z [37m[0m
2025-09-17T00:36:42.2571108Z [37mCopying production dependencies from '/github/workspace/.oryx_prod_node_modules' to '/github/workspace/node_modules'...[0m
2025-09-17T00:36:46.9086225Z [37mDone in 4 sec(s).[0m
2025-09-17T00:36:47.3978321Z [37m[0m
2025-09-17T00:36:47.3983732Z [37mRunning 'npm install'...[0m
2025-09-17T00:36:47.3984232Z [37m[0m
2025-09-17T00:36:48.1084414Z [31mnpm warn EBADENGINE Unsupported engine {[0m
2025-09-17T00:36:48.1085397Z [31mnpm warn EBADENGINE   package: '@azure/core-auth@1.10.1',[0m
2025-09-17T00:36:48.1086370Z [31mnpm warn EBADENGINE   required: { node: '>=20.0.0' },[0m
2025-09-17T00:36:48.1087469Z [31mnpm warn EBADENGINE   current: { node: 'v18.20.8', npm: '10.8.2' }[0m
2025-09-17T00:36:48.1088243Z [31mnpm warn EBADENGINE }[0m
2025-09-17T00:36:48.1088945Z [31mnpm warn EBADENGINE Unsupported engine {[0m
2025-09-17T00:36:48.1089808Z [31mnpm warn EBADENGINE   package: '@azure/core-util@1.13.1',[0m
2025-09-17T00:36:48.1090956Z [31mnpm warn EBADENGINE   required: { node: '>=20.0.0' },[0m
2025-09-17T00:36:48.1092302Z [31mnpm warn EBADENGINE   current: { node: 'v18.20.8', npm: '10.8.2' }[0m
2025-09-17T00:36:48.1093081Z [31mnpm warn EBADENGINE }[0m
2025-09-17T00:36:48.1114616Z [31mnpm warn EBADENGINE Unsupported engine {[0m
2025-09-17T00:36:48.1116120Z [31mnpm warn EBADENGINE   package: '@azure/core-tracing@1.3.1',[0m
2025-09-17T00:36:48.1120485Z [31mnpm warn EBADENGINE   required: { node: '>=20.0.0' },[0m
2025-09-17T00:36:48.1121613Z [31mnpm warn EBADENGINE   current: { node: 'v18.20.8', npm: '10.8.2' }[0m
2025-09-17T00:36:48.1122448Z [31mnpm warn EBADENGINE }[0m
2025-09-17T00:36:48.1145711Z [31mnpm warn EBADENGINE Unsupported engine {[0m
2025-09-17T00:36:48.1147333Z [31mnpm warn EBADENGINE   package: '@azure/logger@1.3.0',[0m
2025-09-17T00:36:48.1152004Z [31mnpm warn EBADENGINE   required: { node: '>=20.0.0' },[0m
2025-09-17T00:36:48.1153175Z [31mnpm warn EBADENGINE   current: { node: 'v18.20.8', npm: '10.8.2' }[0m
2025-09-17T00:36:48.1154006Z [31mnpm warn EBADENGINE }[0m
2025-09-17T00:36:48.1179183Z [31mnpm warn EBADENGINE Unsupported engine {[0m
2025-09-17T00:36:48.1183891Z [31mnpm warn EBADENGINE   package: '@typespec/ts-http-runtime@0.3.1',[0m
2025-09-17T00:36:48.1185288Z [31mnpm warn EBADENGINE   required: { node: '>=20.0.0' },[0m
2025-09-17T00:36:48.1187284Z [31mnpm warn EBADENGINE   current: { node: 'v18.20.8', npm: '10.8.2' }[0m
2025-09-17T00:36:48.1188145Z [31mnpm warn EBADENGINE }[0m
2025-09-17T00:36:48.6221433Z [37m[0m
2025-09-17T00:36:48.6230816Z [37mup to date, audited 368 packages in 1s[0m
2025-09-17T00:36:48.6235137Z [37m[0m
2025-09-17T00:36:48.6238414Z [37m55 packages are looking for funding[0m
2025-09-17T00:36:48.6241309Z [37m  run `npm fund` for details[0m
2025-09-17T00:36:48.6246044Z [37m[0m
2025-09-17T00:36:48.6247180Z [37mfound 0 vulnerabilities[0m
2025-09-17T00:36:48.6349044Z [37m[0m
2025-09-17T00:36:48.6349897Z [37mRunning 'npm run build'...[0m
2025-09-17T00:36:48.6351864Z [37m[0m
2025-09-17T00:36:48.7644262Z [37m[0m
2025-09-17T00:36:48.7650552Z [37m> function-handler-build@0.1.0 build[0m
2025-09-17T00:36:48.7655709Z [37m> echo 'restoring the framework'[0m
2025-09-17T00:36:48.7656247Z [37m[0m
2025-09-17T00:36:48.7708537Z [37mrestoring the framework[0m
2025-09-17T00:36:48.7805880Z [37mPreparing output...[0m
2025-09-17T00:36:48.7812632Z [37m[0m
2025-09-17T00:36:48.7815935Z [37mCopying files to destination directory '/bin/staticsites/bdcfb8ab-06ae-477e-a6f8-b99a11004d75-swa-oryx/api'...[0m
2025-09-17T00:36:54.5772862Z [37mDone in 6 sec(s).[0m
2025-09-17T00:36:54.5792756Z [37m[0m
2025-09-17T00:36:54.5793638Z [37mRemoving existing manifest file[0m
2025-09-17T00:36:54.5812337Z [37mCreating a manifest file...[0m
2025-09-17T00:36:54.5812992Z [37mManifest file created.[0m
2025-09-17T00:36:54.5813692Z [37mCopying .ostype to manifest output directory.[0m
2025-09-17T00:36:54.5837064Z [37m[0m
2025-09-17T00:36:54.5840390Z [37mDone in 36 sec(s).[0m
2025-09-17T00:36:54.7292863Z [37m[0m
2025-09-17T00:36:54.7293297Z [37m[0m
2025-09-17T00:36:54.7295219Z [37m---End of Oryx build logs---[0m
2025-09-17T00:36:54.7328260Z [33mWeb App Runtime Information. OS: linux, node version: 18[0m
2025-09-17T00:36:54.7334585Z [37mFinished building function app with Oryx[0m
2025-09-17T00:36:57.8354156Z [37mZipping Api Artifacts[0m
2025-09-17T00:37:30.1476531Z [37mDone Zipping Api Artifacts[0m
2025-09-17T00:37:32.8311456Z [37mZipping App Artifacts[0m
2025-09-17T00:37:32.9896520Z [37mDone Zipping App Artifacts[0m
2025-09-17T00:37:32.9898605Z [37mUploading build artifacts.[0m
2025-09-17T00:37:36.6832190Z [32mFinished Upload. Polling on deployment.[0m
2025-09-17T00:37:36.8001912Z [37mStatus: InProgress. Time: 0.1165702(s)[0m
2025-09-17T00:37:51.9178629Z [37mStatus: InProgress. Time: 15.2347794(s)[0m
2025-09-17T00:38:07.0444245Z [37mStatus: InProgress. Time: 30.3610904(s)[0m
2025-09-17T00:38:22.2024194Z [37mStatus: InProgress. Time: 45.5166752(s)[0m
2025-09-17T00:38:37.3280421Z [37mStatus: InProgress. Time: 60.6446761(s)[0m
2025-09-17T00:38:52.4365568Z [37mStatus: InProgress. Time: 75.753201(s)[0m
2025-09-17T00:39:07.5401444Z [37mStatus: InProgress. Time: 90.8563899(s)[0m
2025-09-17T00:39:22.6514551Z [37mStatus: InProgress. Time: 105.9680258(s)[0m
2025-09-17T00:39:37.7563603Z [37mStatus: Succeeded. Time: 121.071795(s)[0m
2025-09-17T00:39:37.7565467Z [32mDeployment Complete :)[0m
2025-09-17T00:39:37.7567406Z [32mVisit your site at: ***[0m
2025-09-17T00:39:37.8032690Z [37mThanks for using Azure Static Web Apps![0m
2025-09-17T00:39:37.8034732Z [37mExiting[0m
2025-09-17T00:39:39.6144933Z Post job cleanup.
2025-09-17T00:39:39.8428822Z Cache hit occurred on the primary key node-cache-Linux-x64-npm-a480f018b95e26accb5c034d99ae11f49bcfb5d030eeee9e1f94f59f2f59415f, not saving cache.
2025-09-17T00:39:39.8508900Z Post job cleanup.
2025-09-17T00:39:39.9591599Z Cleaning up orphan processes