2025-11-22T16:36:05.2262662Z Current runner version: '2.329.0'
2025-11-22T16:36:05.2317271Z ##[group]Runner Image Provisioner
2025-11-22T16:36:05.2318543Z Hosted Compute Agent
2025-11-22T16:36:05.2319424Z Version: 20251016.436
2025-11-22T16:36:05.2320639Z Commit: 8ab8ac8bfd662a3739dab9fe09456aba92132568
2025-11-22T16:36:05.2342391Z Build Date: 2025-10-15T20:44:12Z
2025-11-22T16:36:05.2343564Z ##[endgroup]
2025-11-22T16:36:05.2344514Z ##[group]Operating System
2025-11-22T16:36:05.2345522Z Ubuntu
2025-11-22T16:36:05.2346454Z 24.04.3
2025-11-22T16:36:05.2347260Z LTS
2025-11-22T16:36:05.2348083Z ##[endgroup]
2025-11-22T16:36:05.2349176Z ##[group]Runner Image
2025-11-22T16:36:05.2350178Z Image: ubuntu-24.04
2025-11-22T16:36:05.2351470Z Version: 20251112.124.1
2025-11-22T16:36:05.2353637Z Included Software: https://github.com/actions/runner-images/blob/ubuntu24/20251112.124/images/ubuntu/Ubuntu2404-Readme.md
2025-11-22T16:36:05.2356904Z Image Release: https://github.com/actions/runner-images/releases/tag/ubuntu24%2F20251112.124
2025-11-22T16:36:05.2358897Z ##[endgroup]
2025-11-22T16:36:05.2360911Z ##[group]GITHUB_TOKEN Permissions
2025-11-22T16:36:05.2384224Z Contents: read
2025-11-22T16:36:05.2385261Z Metadata: read
2025-11-22T16:36:05.2386123Z Packages: read
2025-11-22T16:36:05.2387100Z ##[endgroup]
2025-11-22T16:36:05.2390650Z Secret source: Actions
2025-11-22T16:36:05.2392512Z Prepare workflow directory
2025-11-22T16:36:05.3497673Z Prepare all required actions
2025-11-22T16:36:05.3616915Z Getting action download info
2025-11-22T16:36:05.7421005Z Download action repository 'actions/checkout@v4' (SHA:34e114876b0b11c390a56381ad16ebd13914f8d5)
2025-11-22T16:36:06.1717753Z Download action repository 'actions/setup-node@v4' (SHA:49933ea5288caeca8642d1e84afbd3f7d6820020)
2025-11-22T16:36:06.3622366Z Download action repository 'Azure/static-web-apps-deploy@v1' (SHA:4d27395796ac319302594769cfe812bd207490b1)
2025-11-22T16:36:06.6795562Z Complete job name: Build and Deploy Job
2025-11-22T16:36:06.7216479Z ##[group]Build container for action use: '/home/runner/work/_actions/Azure/static-web-apps-deploy/v1/Dockerfile'.
2025-11-22T16:36:06.7268575Z ##[command]/usr/bin/docker build -t dd3b0c:754a1c741cbc48c99fc5170f482fde02 -f "/home/runner/work/_actions/Azure/static-web-apps-deploy/v1/Dockerfile" "/home/runner/work/_actions/Azure/static-web-apps-deploy/v1"
2025-11-22T16:36:09.9484137Z #0 building with "default" instance using docker driver
2025-11-22T16:36:09.9484835Z 
2025-11-22T16:36:09.9485145Z #1 [internal] load build definition from Dockerfile
2025-11-22T16:36:09.9485808Z #1 transferring dockerfile: 160B done
2025-11-22T16:36:09.9486366Z #1 DONE 0.0s
2025-11-22T16:36:09.9486636Z 
2025-11-22T16:36:09.9487076Z #2 [internal] load metadata for mcr.microsoft.com/appsvc/staticappsclient:stable
2025-11-22T16:36:09.9487820Z #2 DONE 0.1s
2025-11-22T16:36:10.0759936Z 
2025-11-22T16:36:10.0779152Z #3 [internal] load .dockerignore
2025-11-22T16:36:10.0780010Z #3 transferring context: 2B done
2025-11-22T16:36:10.0780662Z #3 DONE 0.0s
2025-11-22T16:36:10.0780905Z 
2025-11-22T16:36:10.0781449Z #4 [internal] load build context
2025-11-22T16:36:10.0781921Z #4 transferring context: 107B done
2025-11-22T16:36:10.0782532Z #4 DONE 0.0s
2025-11-22T16:36:10.0782754Z 
2025-11-22T16:36:10.0783594Z #5 [1/2] FROM mcr.microsoft.com/appsvc/staticappsclient:stable@sha256:3178a283e885dc45a0c7b4c6e9f728f0331ae7fb93de75db4181fa38651170f2
2025-11-22T16:36:10.0785606Z #5 resolve mcr.microsoft.com/appsvc/staticappsclient:stable@sha256:3178a283e885dc45a0c7b4c6e9f728f0331ae7fb93de75db4181fa38651170f2 done
2025-11-22T16:36:10.0787536Z #5 sha256:3178a283e885dc45a0c7b4c6e9f728f0331ae7fb93de75db4181fa38651170f2 2.88kB / 2.88kB done
2025-11-22T16:36:10.0789035Z #5 sha256:2377065f3b700cf1b5e391d26c572c8b91892dd44acd75deebdab5e403b23175 2.10MB / 15.56MB 0.1s
2025-11-22T16:36:10.0790572Z #5 sha256:5d6e107a26c2ffb6e234f04132358dea70a691a64c1152f984d2f2ba0e218c58 18.87MB / 53.74MB 0.1s
2025-11-22T16:36:10.0792309Z #5 sha256:1df8e0748f30e89b0c0477edfc706fc39242e1d6008433c0494113de267e7ca8 15.34kB / 15.34kB done
2025-11-22T16:36:10.0794530Z #5 sha256:5ee26b7a209f9a26720207792b237af3e19c0efeed8695e1e630fcd0feef9230 5.06MB / 54.75MB 0.1s
2025-11-22T16:36:10.2748575Z #5 sha256:2377065f3b700cf1b5e391d26c572c8b91892dd44acd75deebdab5e403b23175 15.56MB / 15.56MB 0.2s done
2025-11-22T16:36:10.2749871Z #5 sha256:5d6e107a26c2ffb6e234f04132358dea70a691a64c1152f984d2f2ba0e218c58 53.74MB / 53.74MB 0.3s done
2025-11-22T16:36:10.2751027Z #5 sha256:5ee26b7a209f9a26720207792b237af3e19c0efeed8695e1e630fcd0feef9230 39.80MB / 54.75MB 0.3s
2025-11-22T16:36:10.2752284Z #5 sha256:4f4fb700ef54461cfa02571ae0db9a0dc1e0cdb5577484a6d75e68dc38e8acc1 0B / 32B 0.3s
2025-11-22T16:36:10.2753314Z #5 sha256:41c7cd6fb37363fd1ec16dad3463ecc5820eda12c418a82b4849604252d29b88 12.15MB / 197.07MB 0.3s
2025-11-22T16:36:10.4158949Z #5 sha256:5ee26b7a209f9a26720207792b237af3e19c0efeed8695e1e630fcd0feef9230 52.55MB / 54.75MB 0.4s
2025-11-22T16:36:10.4166695Z #5 sha256:4f4fb700ef54461cfa02571ae0db9a0dc1e0cdb5577484a6d75e68dc38e8acc1 32B / 32B 0.3s done
2025-11-22T16:36:10.4168131Z #5 sha256:41c7cd6fb37363fd1ec16dad3463ecc5820eda12c418a82b4849604252d29b88 29.15MB / 197.07MB 0.4s
2025-11-22T16:36:10.4169737Z #5 extracting sha256:5d6e107a26c2ffb6e234f04132358dea70a691a64c1152f984d2f2ba0e218c58 0.1s
2025-11-22T16:36:10.4171281Z #5 sha256:aede74d79976f9d1be608a1286cdb2ca61aad25185440263691db6a0880adadd 8.39MB / 24.46MB 0.4s
2025-11-22T16:36:10.5739641Z #5 sha256:41c7cd6fb37363fd1ec16dad3463ecc5820eda12c418a82b4849604252d29b88 62.91MB / 197.07MB 0.6s
2025-11-22T16:36:10.5741045Z #5 sha256:aede74d79976f9d1be608a1286cdb2ca61aad25185440263691db6a0880adadd 24.46MB / 24.46MB 0.6s
2025-11-22T16:36:10.6908483Z #5 sha256:5ee26b7a209f9a26720207792b237af3e19c0efeed8695e1e630fcd0feef9230 54.75MB / 54.75MB 0.6s done
2025-11-22T16:36:10.6947674Z #5 sha256:41c7cd6fb37363fd1ec16dad3463ecc5820eda12c418a82b4849604252d29b88 81.79MB / 197.07MB 0.7s
2025-11-22T16:36:10.6949668Z #5 sha256:aede74d79976f9d1be608a1286cdb2ca61aad25185440263691db6a0880adadd 24.46MB / 24.46MB 0.6s done
2025-11-22T16:36:10.6951819Z #5 sha256:ec0af1da0a0576de654092a28624c0565c6d854216944f18159460338af43293 3.15MB / 72.99MB 0.7s
2025-11-22T16:36:10.6953362Z #5 sha256:c279a6399750ee20e802fb2c47da034ccee5eb4f3b89087f32618f10e8af074a 1.56MB / 1.56MB 0.7s done
2025-11-22T16:36:10.6956547Z #5 sha256:351447e6e3829fac25a761f87d07dc5bfc289f38908901d05fa53aaab54dbdcd 0B / 115.52kB 0.7s
2025-11-22T16:36:10.8253906Z #5 sha256:41c7cd6fb37363fd1ec16dad3463ecc5820eda12c418a82b4849604252d29b88 95.51MB / 197.07MB 0.8s
2025-11-22T16:36:10.8260678Z #5 sha256:ec0af1da0a0576de654092a28624c0565c6d854216944f18159460338af43293 28.31MB / 72.99MB 0.8s
2025-11-22T16:36:10.8267368Z #5 sha256:351447e6e3829fac25a761f87d07dc5bfc289f38908901d05fa53aaab54dbdcd 115.52kB / 115.52kB 0.7s done
2025-11-22T16:36:10.8282995Z #5 sha256:eec8099d3f58ba87e25216a07db18b5a0de40b6921ee61ea8ab9b4c29b53a12f 1.16MB / 1.16MB 0.8s done
2025-11-22T16:36:10.8293765Z #5 sha256:cddc70a1cccef26d55fcf9242759c41404c305acea0b4c3a30961c99846a0a55 0B / 637.94kB 0.8s
2025-11-22T16:36:10.9281746Z #5 sha256:41c7cd6fb37363fd1ec16dad3463ecc5820eda12c418a82b4849604252d29b88 113.17MB / 197.07MB 0.9s
2025-11-22T16:36:10.9294869Z #5 sha256:ec0af1da0a0576de654092a28624c0565c6d854216944f18159460338af43293 42.99MB / 72.99MB 0.9s
2025-11-22T16:36:10.9297323Z #5 sha256:cddc70a1cccef26d55fcf9242759c41404c305acea0b4c3a30961c99846a0a55 637.94kB / 637.94kB 0.8s done
2025-11-22T16:36:10.9298513Z #5 sha256:36312d7930e0666f8cfc7940823ac101235e873b7cbb8b20d9481fd404095767 8.55MB / 35.20MB 0.9s
2025-11-22T16:36:11.0555254Z #5 sha256:41c7cd6fb37363fd1ec16dad3463ecc5820eda12c418a82b4849604252d29b88 124.78MB / 197.07MB 1.0s
2025-11-22T16:36:11.0562808Z #5 sha256:ec0af1da0a0576de654092a28624c0565c6d854216944f18159460338af43293 57.67MB / 72.99MB 1.0s
2025-11-22T16:36:11.0568492Z #5 sha256:36312d7930e0666f8cfc7940823ac101235e873b7cbb8b20d9481fd404095767 23.07MB / 35.20MB 1.0s
2025-11-22T16:36:11.1603474Z #5 sha256:41c7cd6fb37363fd1ec16dad3463ecc5820eda12c418a82b4849604252d29b88 140.51MB / 197.07MB 1.1s
2025-11-22T16:36:11.1606799Z #5 sha256:ec0af1da0a0576de654092a28624c0565c6d854216944f18159460338af43293 72.99MB / 72.99MB 1.1s
2025-11-22T16:36:11.1610161Z #5 sha256:36312d7930e0666f8cfc7940823ac101235e873b7cbb8b20d9481fd404095767 35.20MB / 35.20MB 1.1s
2025-11-22T16:36:11.2738793Z #5 sha256:41c7cd6fb37363fd1ec16dad3463ecc5820eda12c418a82b4849604252d29b88 197.07MB / 197.07MB 1.3s
2025-11-22T16:36:11.3738924Z #5 sha256:36312d7930e0666f8cfc7940823ac101235e873b7cbb8b20d9481fd404095767 35.20MB / 35.20MB 1.2s done
2025-11-22T16:36:12.3746448Z #5 sha256:41c7cd6fb37363fd1ec16dad3463ecc5820eda12c418a82b4849604252d29b88 197.07MB / 197.07MB 2.3s done
2025-11-22T16:36:12.3749041Z #5 sha256:ec0af1da0a0576de654092a28624c0565c6d854216944f18159460338af43293 72.99MB / 72.99MB 2.3s done
2025-11-22T16:36:12.3753625Z #5 sha256:4836a863d60df9ca0cedad0eb5e729c4a7f755449fbfbd6d4ea6443e64c990e0 20.19MB / 118.65MB 2.4s
2025-11-22T16:36:12.3755713Z #5 sha256:4a1fde1690fe113870084a3224c66554fc9cbd2310abb9593b0244ec21f4b76d 168B / 168B 2.3s done
2025-11-22T16:36:12.3782894Z #5 sha256:8023cb51985fccd3faa4be6340cdc75b72240277850569aa974767dda5176159 168B / 168B 2.3s done
2025-11-22T16:36:12.4752222Z #5 sha256:4836a863d60df9ca0cedad0eb5e729c4a7f755449fbfbd6d4ea6443e64c990e0 50.33MB / 118.65MB 2.5s
2025-11-22T16:36:12.6019542Z #5 sha256:4836a863d60df9ca0cedad0eb5e729c4a7f755449fbfbd6d4ea6443e64c990e0 77.86MB / 118.65MB 2.6s
2025-11-22T16:36:12.7155085Z #5 sha256:4836a863d60df9ca0cedad0eb5e729c4a7f755449fbfbd6d4ea6443e64c990e0 110.10MB / 118.65MB 2.7s
2025-11-22T16:36:12.8737428Z #5 sha256:4836a863d60df9ca0cedad0eb5e729c4a7f755449fbfbd6d4ea6443e64c990e0 118.65MB / 118.65MB 2.9s
2025-11-22T16:36:13.1539437Z #5 sha256:4836a863d60df9ca0cedad0eb5e729c4a7f755449fbfbd6d4ea6443e64c990e0 118.65MB / 118.65MB 3.0s done
2025-11-22T16:36:14.4317975Z #5 extracting sha256:5d6e107a26c2ffb6e234f04132358dea70a691a64c1152f984d2f2ba0e218c58 4.1s done
2025-11-22T16:36:14.5715095Z #5 extracting sha256:2377065f3b700cf1b5e391d26c572c8b91892dd44acd75deebdab5e403b23175 0.1s
2025-11-22T16:36:15.0372241Z #5 extracting sha256:2377065f3b700cf1b5e391d26c572c8b91892dd44acd75deebdab5e403b23175 0.4s done
2025-11-22T16:36:17.3274705Z #5 extracting sha256:5ee26b7a209f9a26720207792b237af3e19c0efeed8695e1e630fcd0feef9230
2025-11-22T16:36:19.6573183Z #5 extracting sha256:5ee26b7a209f9a26720207792b237af3e19c0efeed8695e1e630fcd0feef9230 2.2s done
2025-11-22T16:36:20.2116308Z #5 extracting sha256:41c7cd6fb37363fd1ec16dad3463ecc5820eda12c418a82b4849604252d29b88
2025-11-22T16:36:25.3442073Z #5 extracting sha256:41c7cd6fb37363fd1ec16dad3463ecc5820eda12c418a82b4849604252d29b88 5.1s
2025-11-22T16:36:25.6807102Z #5 extracting sha256:41c7cd6fb37363fd1ec16dad3463ecc5820eda12c418a82b4849604252d29b88 5.5s done
2025-11-22T16:36:27.8086638Z #5 extracting sha256:4f4fb700ef54461cfa02571ae0db9a0dc1e0cdb5577484a6d75e68dc38e8acc1
2025-11-22T16:36:27.9706266Z #5 extracting sha256:4f4fb700ef54461cfa02571ae0db9a0dc1e0cdb5577484a6d75e68dc38e8acc1 done
2025-11-22T16:36:27.9709020Z #5 extracting sha256:aede74d79976f9d1be608a1286cdb2ca61aad25185440263691db6a0880adadd 0.1s
2025-11-22T16:36:28.7626376Z #5 extracting sha256:aede74d79976f9d1be608a1286cdb2ca61aad25185440263691db6a0880adadd 0.8s done
2025-11-22T16:36:28.7627656Z #5 extracting sha256:c279a6399750ee20e802fb2c47da034ccee5eb4f3b89087f32618f10e8af074a
2025-11-22T16:36:29.0143739Z #5 extracting sha256:c279a6399750ee20e802fb2c47da034ccee5eb4f3b89087f32618f10e8af074a 0.1s done
2025-11-22T16:36:30.2088157Z #5 extracting sha256:ec0af1da0a0576de654092a28624c0565c6d854216944f18159460338af43293 0.1s
2025-11-22T16:36:30.2089170Z #5 extracting sha256:ec0af1da0a0576de654092a28624c0565c6d854216944f18159460338af43293 1.1s done
2025-11-22T16:36:30.7628708Z #5 extracting sha256:351447e6e3829fac25a761f87d07dc5bfc289f38908901d05fa53aaab54dbdcd
2025-11-22T16:36:30.8892400Z #5 extracting sha256:351447e6e3829fac25a761f87d07dc5bfc289f38908901d05fa53aaab54dbdcd done
2025-11-22T16:36:30.8893742Z #5 extracting sha256:eec8099d3f58ba87e25216a07db18b5a0de40b6921ee61ea8ab9b4c29b53a12f 0.1s done
2025-11-22T16:36:30.8895454Z #5 extracting sha256:cddc70a1cccef26d55fcf9242759c41404c305acea0b4c3a30961c99846a0a55 0.0s done
2025-11-22T16:36:31.0111943Z #5 extracting sha256:36312d7930e0666f8cfc7940823ac101235e873b7cbb8b20d9481fd404095767 0.1s
2025-11-22T16:36:31.5040340Z #5 extracting sha256:36312d7930e0666f8cfc7940823ac101235e873b7cbb8b20d9481fd404095767 0.5s done
2025-11-22T16:36:31.5042203Z #5 extracting sha256:4a1fde1690fe113870084a3224c66554fc9cbd2310abb9593b0244ec21f4b76d
2025-11-22T16:36:31.6935267Z #5 extracting sha256:4a1fde1690fe113870084a3224c66554fc9cbd2310abb9593b0244ec21f4b76d done
2025-11-22T16:36:31.6936332Z #5 extracting sha256:8023cb51985fccd3faa4be6340cdc75b72240277850569aa974767dda5176159 done
2025-11-22T16:36:31.6937390Z #5 extracting sha256:4836a863d60df9ca0cedad0eb5e729c4a7f755449fbfbd6d4ea6443e64c990e0 0.1s
2025-11-22T16:36:35.4166358Z #5 extracting sha256:4836a863d60df9ca0cedad0eb5e729c4a7f755449fbfbd6d4ea6443e64c990e0 3.7s done
2025-11-22T16:36:36.7357684Z #5 DONE 26.8s
2025-11-22T16:36:36.9153627Z 
2025-11-22T16:36:36.9176398Z #6 [2/2] COPY entrypoint.sh /entrypoint.sh
2025-11-22T16:36:36.9177218Z #6 DONE 0.0s
2025-11-22T16:36:36.9178084Z 
2025-11-22T16:36:36.9178465Z #7 exporting to image
2025-11-22T16:36:36.9179950Z #7 exporting layers
2025-11-22T16:36:38.1008694Z #7 exporting layers 1.3s done
2025-11-22T16:36:38.1193960Z #7 writing image sha256:c5cbba3b72a7e4ba5280673bca026f5a35e20d566ab9a076ad7cdcf57c55a13a done
2025-11-22T16:36:38.1196596Z #7 naming to docker.io/library/dd3b0c:754a1c741cbc48c99fc5170f482fde02 done
2025-11-22T16:36:38.1207587Z #7 DONE 1.3s
2025-11-22T16:36:38.1262990Z ##[endgroup]
2025-11-22T16:36:38.1517543Z ##[group]Run actions/checkout@v4
2025-11-22T16:36:38.1518091Z with:
2025-11-22T16:36:38.1518291Z   submodules: false
2025-11-22T16:36:38.1518492Z   lfs: false
2025-11-22T16:36:38.1518734Z   repository: aspepper/vitrine-de-craques-web-site
2025-11-22T16:36:38.1519217Z   token: ***
2025-11-22T16:36:38.1519414Z   ssh-strict: true
2025-11-22T16:36:38.1519612Z   ssh-user: git
2025-11-22T16:36:38.1519836Z   persist-credentials: true
2025-11-22T16:36:38.1520074Z   clean: true
2025-11-22T16:36:38.1520276Z   sparse-checkout-cone-mode: true
2025-11-22T16:36:38.1520515Z   fetch-depth: 1
2025-11-22T16:36:38.1520712Z   fetch-tags: false
2025-11-22T16:36:38.1520906Z   show-progress: true
2025-11-22T16:36:38.1521351Z   set-safe-directory: true
2025-11-22T16:36:38.1522015Z env:
2025-11-22T16:36:38.1522794Z   DATABASE_URL: ***
2025-11-22T16:36:38.1523119Z   NEXTAUTH_URL: ***
2025-11-22T16:36:38.1523419Z   NEXTAUTH_SECRET: ***
2025-11-22T16:36:38.1523628Z   AUTH_TRUST_HOST: true
2025-11-22T16:36:38.1523873Z ##[endgroup]
2025-11-22T16:36:38.2672369Z Syncing repository: aspepper/vitrine-de-craques-web-site
2025-11-22T16:36:38.2674181Z ##[group]Getting Git version info
2025-11-22T16:36:38.2675021Z Working directory is '/home/runner/work/vitrine-de-craques-web-site/vitrine-de-craques-web-site'
2025-11-22T16:36:38.2676245Z [command]/usr/bin/git version
2025-11-22T16:36:38.2695731Z git version 2.51.2
2025-11-22T16:36:38.2726805Z ##[endgroup]
2025-11-22T16:36:38.2740224Z Temporarily overriding HOME='/home/runner/work/_temp/e9bcb19c-7c69-435e-8ccf-11b14d078a80' before making global git config changes
2025-11-22T16:36:38.2743781Z Adding repository directory to the temporary git global config as a safe directory
2025-11-22T16:36:38.2759029Z [command]/usr/bin/git config --global --add safe.directory /home/runner/work/vitrine-de-craques-web-site/vitrine-de-craques-web-site
2025-11-22T16:36:38.2797015Z Deleting the contents of '/home/runner/work/vitrine-de-craques-web-site/vitrine-de-craques-web-site'
2025-11-22T16:36:38.2801685Z ##[group]Initializing the repository
2025-11-22T16:36:38.2807253Z [command]/usr/bin/git init /home/runner/work/vitrine-de-craques-web-site/vitrine-de-craques-web-site
2025-11-22T16:36:38.2902942Z hint: Using 'master' as the name for the initial branch. This default branch name
2025-11-22T16:36:38.2904646Z hint: is subject to change. To configure the initial branch name to use in all
2025-11-22T16:36:38.2909570Z hint: of your new repositories, which will suppress this warning, call:
2025-11-22T16:36:38.2910208Z hint:
2025-11-22T16:36:38.2910718Z hint: 	git config --global init.defaultBranch <name>
2025-11-22T16:36:38.2914088Z hint:
2025-11-22T16:36:38.2914690Z hint: Names commonly chosen instead of 'master' are 'main', 'trunk' and
2025-11-22T16:36:38.2915604Z hint: 'development'. The just-created branch can be renamed via this command:
2025-11-22T16:36:38.2916280Z hint:
2025-11-22T16:36:38.2916610Z hint: 	git branch -m <name>
2025-11-22T16:36:38.2916988Z hint:
2025-11-22T16:36:38.2917559Z hint: Disable this message with "git config set advice.defaultBranchName false"
2025-11-22T16:36:38.2918758Z Initialized empty Git repository in /home/runner/work/vitrine-de-craques-web-site/vitrine-de-craques-web-site/.git/
2025-11-22T16:36:38.2925868Z [command]/usr/bin/git remote add origin https://github.com/aspepper/vitrine-de-craques-web-site
2025-11-22T16:36:38.3068428Z ##[endgroup]
2025-11-22T16:36:38.3069244Z ##[group]Disabling automatic garbage collection
2025-11-22T16:36:38.3076006Z [command]/usr/bin/git config --local gc.auto 0
2025-11-22T16:36:38.3107616Z ##[endgroup]
2025-11-22T16:36:38.3108600Z ##[group]Setting up auth
2025-11-22T16:36:38.3115587Z [command]/usr/bin/git config --local --name-only --get-regexp core\.sshCommand
2025-11-22T16:36:38.3148205Z [command]/usr/bin/git submodule foreach --recursive sh -c "git config --local --name-only --get-regexp 'core\.sshCommand' && git config --local --unset-all 'core.sshCommand' || :"
2025-11-22T16:36:38.3482835Z [command]/usr/bin/git config --local --name-only --get-regexp http\.https\:\/\/github\.com\/\.extraheader
2025-11-22T16:36:38.3515543Z [command]/usr/bin/git submodule foreach --recursive sh -c "git config --local --name-only --get-regexp 'http\.https\:\/\/github\.com\/\.extraheader' && git config --local --unset-all 'http.https://github.com/.extraheader' || :"
2025-11-22T16:36:38.3752254Z [command]/usr/bin/git config --local --name-only --get-regexp ^includeIf\.gitdir:
2025-11-22T16:36:38.3793670Z [command]/usr/bin/git submodule foreach --recursive git config --local --show-origin --name-only --get-regexp remote.origin.url
2025-11-22T16:36:38.4042502Z [command]/usr/bin/git config --local http.https://github.com/.extraheader AUTHORIZATION: basic ***
2025-11-22T16:36:38.4083333Z ##[endgroup]
2025-11-22T16:36:38.4084385Z ##[group]Fetching the repository
2025-11-22T16:36:38.4094531Z [command]/usr/bin/git -c protocol.version=2 fetch --no-tags --prune --no-recurse-submodules --depth=1 origin +28201ddbc590615edf16612b14b1ee4dd9a5678d:refs/remotes/origin/main
2025-11-22T16:36:43.8587927Z From https://github.com/aspepper/vitrine-de-craques-web-site
2025-11-22T16:36:43.8589377Z  * [new ref]         28201ddbc590615edf16612b14b1ee4dd9a5678d -> origin/main
2025-11-22T16:36:43.8624025Z ##[endgroup]
2025-11-22T16:36:43.8626817Z ##[group]Determining the checkout info
2025-11-22T16:36:43.8627599Z ##[endgroup]
2025-11-22T16:36:43.8633283Z [command]/usr/bin/git sparse-checkout disable
2025-11-22T16:36:43.8674938Z [command]/usr/bin/git config --local --unset-all extensions.worktreeConfig
2025-11-22T16:36:43.8703512Z ##[group]Checking out the ref
2025-11-22T16:36:43.8709803Z [command]/usr/bin/git checkout --progress --force -B main refs/remotes/origin/main
2025-11-22T16:36:44.7447880Z Switched to a new branch 'main'
2025-11-22T16:36:44.7451623Z branch 'main' set up to track 'origin/main'.
2025-11-22T16:36:44.7548803Z ##[endgroup]
2025-11-22T16:36:44.7593779Z [command]/usr/bin/git log -1 --format=%H
2025-11-22T16:36:44.7617681Z 28201ddbc590615edf16612b14b1ee4dd9a5678d
2025-11-22T16:36:44.7902363Z ##[group]Run actions/setup-node@v4
2025-11-22T16:36:44.7902643Z with:
2025-11-22T16:36:44.7902830Z   node-version: 20
2025-11-22T16:36:44.7903031Z   cache: npm
2025-11-22T16:36:44.7903219Z   always-auth: false
2025-11-22T16:36:44.7903424Z   check-latest: false
2025-11-22T16:36:44.7903733Z   token: ***
2025-11-22T16:36:44.7903908Z env:
2025-11-22T16:36:44.7904571Z   DATABASE_URL: ***
2025-11-22T16:36:44.7905073Z   NEXTAUTH_URL: ***
2025-11-22T16:36:44.7905374Z   NEXTAUTH_SECRET: ***
2025-11-22T16:36:44.7905578Z   AUTH_TRUST_HOST: true
2025-11-22T16:36:44.7905771Z ##[endgroup]
2025-11-22T16:36:45.0299521Z Found in cache @ /opt/hostedtoolcache/node/20.19.5/x64
2025-11-22T16:36:45.0314668Z ##[group]Environment details
2025-11-22T16:36:47.4762709Z node: v20.19.5
2025-11-22T16:36:47.4763621Z npm: 10.8.2
2025-11-22T16:36:47.4765070Z yarn: 1.22.22
2025-11-22T16:36:47.4766433Z ##[endgroup]
2025-11-22T16:36:47.4790519Z [command]/opt/hostedtoolcache/node/20.19.5/x64/bin/npm config get cache
2025-11-22T16:36:47.8148527Z /home/runner/.npm
2025-11-22T16:36:48.0389237Z Cache hit for: node-cache-Linux-x64-npm-7a37f00dbb49b213ff9469b7d87cb9481db306262f95e4f112cc6aec83ba8a27
2025-11-22T16:36:49.1457626Z Received 125829120 of 256886524 (49.0%), 120.0 MBs/sec
2025-11-22T16:36:50.0322808Z Received 256886524 of 256886524 (100.0%), 129.7 MBs/sec
2025-11-22T16:36:50.0326383Z Cache Size: ~245 MB (256886524 B)
2025-11-22T16:36:50.0367515Z [command]/usr/bin/tar -xf /home/runner/work/_temp/804227ab-13d0-4976-a653-0bc41f34c96b/cache.tzst -P -C /home/runner/work/vitrine-de-craques-web-site/vitrine-de-craques-web-site --use-compress-program unzstd
2025-11-22T16:36:51.1513935Z Cache restored successfully
2025-11-22T16:36:51.2016542Z Cache restored from key: node-cache-Linux-x64-npm-7a37f00dbb49b213ff9469b7d87cb9481db306262f95e4f112cc6aec83ba8a27
2025-11-22T16:36:51.2229381Z ##[group]Run npm ci
2025-11-22T16:36:51.2229668Z [36;1mnpm ci[0m
2025-11-22T16:36:51.2273330Z shell: /usr/bin/bash -e {0}
2025-11-22T16:36:51.2273592Z env:
2025-11-22T16:36:51.2274400Z   DATABASE_URL: ***
2025-11-22T16:36:51.2274738Z   NEXTAUTH_URL: ***
2025-11-22T16:36:51.2275049Z   NEXTAUTH_SECRET: ***
2025-11-22T16:36:51.2275273Z   AUTH_TRUST_HOST: true
2025-11-22T16:36:51.2275483Z ##[endgroup]
2025-11-22T16:36:59.5956184Z npm warn deprecated inflight@1.0.6: This module is not supported, and leaks memory. Do not use it. Check out lru-cache if you want a good and tested way to coalesce async requests by a key value, which is much more comprehensive and powerful.
2025-11-22T16:36:59.8227730Z npm warn deprecated @humanwhocodes/config-array@0.13.0: Use @eslint/config-array instead
2025-11-22T16:36:59.8384967Z npm warn deprecated rimraf@3.0.2: Rimraf versions prior to v4 are no longer supported
2025-11-22T16:36:59.9843487Z npm warn deprecated @humanwhocodes/object-schema@2.0.3: Use @eslint/object-schema instead
2025-11-22T16:36:59.9912463Z npm warn deprecated glob@7.2.3: Glob versions prior to v9 are no longer supported
2025-11-22T16:37:04.9042962Z npm warn deprecated eslint@8.57.1: This version is no longer supported. Please see https://eslint.org/version-support for other options.
2025-11-22T16:37:05.7141441Z npm warn deprecated fluent-ffmpeg@2.1.3: Package no longer supported. Contact Support at https://www.npmjs.com/support for more info.
2025-11-22T16:37:22.8544669Z 
2025-11-22T16:37:22.8549351Z > vitrine-de-craques-web-site@0.1.0 postinstall
2025-11-22T16:37:22.8552544Z > npx prisma generate
2025-11-22T16:37:22.8554807Z 
2025-11-22T16:37:24.2727829Z Prisma schema loaded from prisma/schema.prisma
2025-11-22T16:37:25.2544897Z ┌─────────────────────────────────────────────────────────┐
2025-11-22T16:37:25.2545859Z │  Update available 6.16.2 -> 7.0.0                       │
2025-11-22T16:37:25.2546653Z │                                                         │
2025-11-22T16:37:25.2547465Z │  This is a major update - please follow the guide at    │
2025-11-22T16:37:25.2548403Z │  https://pris.ly/d/major-version-upgrade                │
2025-11-22T16:37:25.2549211Z │                                                         │
2025-11-22T16:37:25.2549956Z │  Run the following to update                            │
2025-11-22T16:37:25.2550806Z │    npm i --save-dev prisma@latest                       │
2025-11-22T16:37:25.2551788Z │    npm i @prisma/client@latest                          │
2025-11-22T16:37:25.2552623Z └─────────────────────────────────────────────────────────┘
2025-11-22T16:37:25.2555035Z 
2025-11-22T16:37:25.2555833Z ✔ Generated Prisma Client (v6.16.2) to ./node_modules/@prisma/client in 426ms
2025-11-22T16:37:25.2556345Z 
2025-11-22T16:37:25.2556871Z Start by importing your Prisma Client (See: https://pris.ly/d/importing-client)
2025-11-22T16:37:25.2557351Z 
2025-11-22T16:37:25.2558180Z Tip: Need your database queries to be 1000x faster? Accelerate offers you that and more: https://pris.ly/tip-2-accelerate
2025-11-22T16:37:25.2558889Z 
2025-11-22T16:37:25.2862848Z 
2025-11-22T16:37:25.2864909Z > vitrine-de-craques-web-site@0.1.0 prepare
2025-11-22T16:37:25.2866596Z > husky install
2025-11-22T16:37:25.2867938Z 
2025-11-22T16:37:25.3513479Z husky - Git hooks installed
2025-11-22T16:37:25.3714600Z 
2025-11-22T16:37:25.3715459Z added 832 packages, and audited 833 packages in 34s
2025-11-22T16:37:25.3717222Z 
2025-11-22T16:37:25.3717784Z 195 packages are looking for funding
2025-11-22T16:37:25.3719261Z   run `npm fund` for details
2025-11-22T16:37:25.4310012Z 
2025-11-22T16:37:25.4333717Z 8 vulnerabilities (2 low, 3 moderate, 3 high)
2025-11-22T16:37:25.4334414Z 
2025-11-22T16:37:25.4335046Z To address issues that do not require attention, run:
2025-11-22T16:37:25.4335693Z   npm audit fix
2025-11-22T16:37:25.4336009Z 
2025-11-22T16:37:25.4339304Z To address all issues (including breaking changes), run:
2025-11-22T16:37:25.4340028Z   npm audit fix --force
2025-11-22T16:37:25.4340842Z 
2025-11-22T16:37:25.4341384Z Run `npm audit` for details.
2025-11-22T16:37:25.5525832Z ##[group]Run npm run build
2025-11-22T16:37:25.5526277Z [36;1mnpm run build[0m
2025-11-22T16:37:25.5588656Z shell: /usr/bin/bash -e {0}
2025-11-22T16:37:25.5588965Z env:
2025-11-22T16:37:25.5590558Z   DATABASE_URL: ***
2025-11-22T16:37:25.5591464Z   NEXTAUTH_URL: ***
2025-11-22T16:37:25.5592008Z   NEXTAUTH_SECRET: ***
2025-11-22T16:37:25.5592375Z   AUTH_TRUST_HOST: true
2025-11-22T16:37:25.5592843Z ##[endgroup]
2025-11-22T16:37:25.6863718Z 
2025-11-22T16:37:25.6865196Z > vitrine-de-craques-web-site@0.1.0 build
2025-11-22T16:37:25.6866891Z > npx prisma generate && next build
2025-11-22T16:37:25.6867239Z 
2025-11-22T16:37:27.0842641Z Prisma schema loaded from prisma/schema.prisma
2025-11-22T16:37:28.0232430Z 
2025-11-22T16:37:28.0235832Z ✔ Generated Prisma Client (v6.16.2) to ./node_modules/@prisma/client in 407ms
2025-11-22T16:37:28.0238116Z 
2025-11-22T16:37:28.0240418Z Start by importing your Prisma Client (See: https://pris.ly/d/importing-client)
2025-11-22T16:37:28.0243088Z 
2025-11-22T16:37:28.0245991Z Tip: Interested in query caching in just a few lines of code? Try Accelerate today! https://pris.ly/tip-3-accelerate
2025-11-22T16:37:28.0248569Z 
2025-11-22T16:37:28.5884351Z ⚠ No build cache found. Please configure build caching for faster rebuilds. Read more: https://nextjs.org/docs/messages/no-cache
2025-11-22T16:37:28.5951462Z Attention: Next.js now collects completely anonymous telemetry regarding usage.
2025-11-22T16:37:28.5970582Z This information is used to shape Next.js' roadmap and prioritize features.
2025-11-22T16:37:28.5972463Z You can learn more, including how to opt-out if you'd not like to participate in this anonymous program, by visiting the following URL:
2025-11-22T16:37:28.5973555Z https://nextjs.org/telemetry
2025-11-22T16:37:28.5973875Z 
2025-11-22T16:37:28.6564399Z   ▲ Next.js 14.2.33
2025-11-22T16:37:28.6564721Z 
2025-11-22T16:37:28.7400044Z    Creating an optimized production build ...
2025-11-22T16:38:11.3835884Z  ⚠ Compiled with warnings
2025-11-22T16:38:11.3836301Z 
2025-11-22T16:38:11.3838915Z ./node_modules/@ffmpeg-installer/ffmpeg/index.js
2025-11-22T16:38:11.3839839Z Critical dependency: the request of a dependency is an expression
2025-11-22T16:38:11.3840334Z 
2025-11-22T16:38:11.3840611Z Import trace for requested module:
2025-11-22T16:38:11.3847387Z ./node_modules/@ffmpeg-installer/ffmpeg/index.js
2025-11-22T16:38:11.3847951Z ./app/api/videos/route.ts
2025-11-22T16:38:11.3848206Z 
2025-11-22T16:38:11.3848508Z ./node_modules/fluent-ffmpeg/lib/options/misc.js
2025-11-22T16:38:11.3849593Z Critical dependency: the request of a dependency is an expression
2025-11-22T16:38:11.3850023Z 
2025-11-22T16:38:11.3850243Z Import trace for requested module:
2025-11-22T16:38:11.3850793Z ./node_modules/fluent-ffmpeg/lib/options/misc.js
2025-11-22T16:38:11.3851639Z ./node_modules/fluent-ffmpeg/lib/fluent-ffmpeg.js
2025-11-22T16:38:11.3852217Z ./node_modules/fluent-ffmpeg/index.js
2025-11-22T16:38:11.3852667Z ./app/api/videos/route.ts
2025-11-22T16:38:11.3852904Z 
2025-11-22T16:38:26.6744769Z  ✓ Compiled successfully
2025-11-22T16:38:26.6753402Z    Linting and checking validity of types ...
2025-11-22T16:38:45.4213566Z    Collecting page data ...
2025-11-22T16:38:46.3760278Z FFmpeg installer package not available. Falling back to system ffmpeg binary. O pacote opcional @ffmpeg-installer/ffmpeg não foi instalado para esta plataforma. Certifique-se de ter o FFmpeg disponível no sistema ou defina a variável FFMPEG_PATH.
2025-11-22T16:38:48.5337198Z    Generating static pages (0/57) ...
2025-11-22T16:38:49.6952470Z    Generating static pages (14/57) 
2025-11-22T16:38:52.6561487Z    Generating static pages (28/57) 
2025-11-22T16:38:53.3042830Z    Generating static pages (42/57) 
2025-11-22T16:38:54.3246984Z  ✓ Generating static pages (57/57)
2025-11-22T16:38:55.2529712Z    Finalizing page optimization ...
2025-11-22T16:38:55.2532921Z    Collecting build traces ...
2025-11-22T16:39:15.1202496Z 
2025-11-22T16:39:15.1298064Z Route (app)                                      Size     First Load JS
2025-11-22T16:39:15.1299658Z ┌ ƒ /                                            1.33 kB         103 kB
2025-11-22T16:39:15.1302350Z ├ ƒ /_not-found                                  876 B          88.2 kB
2025-11-22T16:39:15.1303301Z ├ ƒ /administrator                               155 B          87.5 kB
2025-11-22T16:39:15.1304337Z ├ ƒ /administrator/clubes                        6.28 kB         117 kB
2025-11-22T16:39:15.1305400Z ├ ƒ /administrator/users                         5.58 kB         111 kB
2025-11-22T16:39:15.1306462Z ├ ƒ /administrator/videos                        5.33 kB         110 kB
2025-11-22T16:39:15.1307464Z ├ ƒ /agentes                                     2.7 kB         98.7 kB
2025-11-22T16:39:15.1308467Z ├ ƒ /agentes/[id]                                1.73 kB         117 kB
2025-11-22T16:39:15.1309409Z ├ ƒ /api/admin/clubes                            0 B                0 B
2025-11-22T16:39:15.1310330Z ├ ƒ /api/admin/clubes/[id]                       0 B                0 B
2025-11-22T16:39:15.1311422Z ├ ƒ /api/admin/summary                           0 B                0 B
2025-11-22T16:39:15.1312307Z ├ ƒ /api/admin/users                             0 B                0 B
2025-11-22T16:39:15.1313190Z ├ ƒ /api/admin/users/[userId]/block              0 B                0 B
2025-11-22T16:39:15.1314072Z ├ ƒ /api/admin/videos                            0 B                0 B
2025-11-22T16:39:15.1314988Z ├ ƒ /api/admin/videos/[videoId]/appeal-response  0 B                0 B
2025-11-22T16:39:15.1315977Z ├ ƒ /api/admin/videos/[videoId]/block            0 B                0 B
2025-11-22T16:39:15.1316866Z ├ ƒ /api/agentes                                 0 B                0 B
2025-11-22T16:39:15.1319269Z ├ ƒ /api/agentes/[id]                            0 B                0 B
2025-11-22T16:39:15.1320129Z ├ ƒ /api/atletas                                 0 B                0 B
2025-11-22T16:39:15.1320936Z ├ ƒ /api/atletas/[id]                            0 B                0 B
2025-11-22T16:39:15.1322008Z ├ ƒ /api/auth/[...nextauth]                      0 B                0 B
2025-11-22T16:39:15.1322845Z ├ ƒ /api/blocks/[targetUserId]                   0 B                0 B
2025-11-22T16:39:15.1323705Z ├ ƒ /api/clubes                                  0 B                0 B
2025-11-22T16:39:15.1324486Z ├ ƒ /api/clubes/[slug]                           0 B                0 B
2025-11-22T16:39:15.1325361Z ├ ƒ /api/confederacoes                           0 B                0 B
2025-11-22T16:39:15.1326490Z ├ ƒ /api/confederacoes/[slug]                    0 B                0 B
2025-11-22T16:39:15.1327335Z ├ ƒ /api/db-check                                0 B                0 B
2025-11-22T16:39:15.1328044Z ├ ƒ /api/env                                     0 B                0 B
2025-11-22T16:39:15.1328839Z ├ ƒ /api/follows/[targetUserId]                  0 B                0 B
2025-11-22T16:39:15.1329620Z ├ ƒ /api/games                                   0 B                0 B
2025-11-22T16:39:15.1330429Z ├ ƒ /api/games/[slug]                            0 B                0 B
2025-11-22T16:39:15.1331451Z ├ ƒ /api/games/[slug]/comments                   0 B                0 B
2025-11-22T16:39:15.1332343Z ├ ƒ /api/games/[slug]/engagement                 0 B                0 B
2025-11-22T16:39:15.1333118Z ├ ƒ /api/health                                  0 B                0 B
2025-11-22T16:39:15.1333871Z ├ ƒ /api/messages                                0 B                0 B
2025-11-22T16:39:15.1335155Z ├ ƒ /api/messages/unread-count                   0 B                0 B
2025-11-22T16:39:15.1335886Z ├ ƒ /api/news                                    0 B                0 B
2025-11-22T16:39:15.1336609Z ├ ƒ /api/news/[id]                               0 B                0 B
2025-11-22T16:39:15.1337400Z ├ ƒ /api/news/cover                              0 B                0 B
2025-11-22T16:39:15.1338237Z ├ ƒ /api/noticias                                0 B                0 B
2025-11-22T16:39:15.1339255Z ├ ƒ /api/noticias/[slug]                         0 B                0 B
2025-11-22T16:39:15.1340128Z ├ ƒ /api/noticias/[slug]/comments                0 B                0 B
2025-11-22T16:39:15.1341021Z ├ ƒ /api/noticias/[slug]/engagement              0 B                0 B
2025-11-22T16:39:15.1342083Z ├ ƒ /api/pg-check                                0 B                0 B
2025-11-22T16:39:15.1342890Z ├ ƒ /api/profile                                 0 B                0 B
2025-11-22T16:39:15.1343700Z ├ ƒ /api/profile/avatar                          0 B                0 B
2025-11-22T16:39:15.1344576Z ├ ƒ /api/profile/personal-info                   0 B                0 B
2025-11-22T16:39:15.1345429Z ├ ƒ /api/register                                0 B                0 B
2025-11-22T16:39:15.1346291Z ├ ƒ /api/register/atleta-18                      0 B                0 B
2025-11-22T16:39:15.1347165Z ├ ƒ /api/register/clube                          0 B                0 B
2025-11-22T16:39:15.1348060Z ├ ƒ /api/register/de-agentes-licenciados         0 B                0 B
2025-11-22T16:39:15.1349069Z ├ ƒ /api/register/imprensa-jornalistablogueiro   0 B                0 B
2025-11-22T16:39:15.1350069Z ├ ƒ /api/register/responsavel                    0 B                0 B
2025-11-22T16:39:15.1350977Z ├ ƒ /api/register/responsavel/documents          0 B                0 B
2025-11-22T16:39:15.1352105Z ├ ƒ /api/register/torcedor                       0 B                0 B
2025-11-22T16:39:15.1352909Z ├ ○ /api/times                                   0 B                0 B
2025-11-22T16:39:15.1353677Z ├ ƒ /api/videos                                  0 B                0 B
2025-11-22T16:39:15.1354429Z ├ ƒ /api/videos/[id]                             0 B                0 B
2025-11-22T16:39:15.1355215Z ├ ƒ /api/videos/[id]/appeal                      0 B                0 B
2025-11-22T16:39:15.1356037Z ├ ƒ /api/videos/[id]/comments                    0 B                0 B
2025-11-22T16:39:15.1356854Z ├ ƒ /api/videos/proxy                            0 B                0 B
2025-11-22T16:39:15.1357664Z ├ ƒ /arquibancada                                4.47 kB        98.6 kB
2025-11-22T16:39:15.1358416Z ├ ƒ /atletas                                     4.48 kB         107 kB
2025-11-22T16:39:15.1359150Z ├ ƒ /atletas/[id]                                6.98 kB         136 kB
2025-11-22T16:39:15.1359992Z ├ ƒ /cadastro                                    2.21 kB         129 kB
2025-11-22T16:39:15.1360773Z ├ ƒ /cadastro/[slug]                             2.92 kB         121 kB
2025-11-22T16:39:15.1362078Z ├ ƒ /cadastro/atleta-18                          3.78 kB         136 kB
2025-11-22T16:39:15.1362936Z ├ ƒ /cadastro/clube                              3.91 kB         137 kB
2025-11-22T16:39:15.1363775Z ├ ƒ /cadastro/de-agentes-licenciados             3.91 kB         137 kB
2025-11-22T16:39:15.1364714Z ├ ƒ /cadastro/imprensa-jornalistablogueiro       4.07 kB         137 kB
2025-11-22T16:39:15.1365676Z ├ ƒ /cadastro/responsavel                        4.1 kB          137 kB
2025-11-22T16:39:15.1366549Z ├ ƒ /cadastro/responsavel/uploads                3.58 kB         136 kB
2025-11-22T16:39:15.1367417Z ├ ƒ /cadastro/sucesso                            155 B          87.5 kB
2025-11-22T16:39:15.1368255Z ├ ƒ /cadastro/torcedor                           5.05 kB         146 kB
2025-11-22T16:39:15.1369101Z ├ ƒ /clubes                                      2.8 kB          111 kB
2025-11-22T16:39:15.1369893Z ├ ƒ /clubes/[slug]                               194 B           101 kB
2025-11-22T16:39:15.1370742Z ├ ƒ /confederacoes                               194 B           101 kB
2025-11-22T16:39:15.1371835Z ├ ƒ /confederacoes/[slug]                        194 B           101 kB
2025-11-22T16:39:15.1372672Z ├ ƒ /feed                                        14.6 kB         143 kB
2025-11-22T16:39:15.1373422Z ├ ƒ /games                                       582 B           121 kB
2025-11-22T16:39:15.1374376Z ├ ƒ /games/[slug]                                210 B           128 kB
2025-11-22T16:39:15.1375167Z ├ ○ /icon                                        0 B                0 B
2025-11-22T16:39:15.1375945Z ├ ƒ /login                                       3.64 kB         145 kB
2025-11-22T16:39:15.1376739Z ├ ƒ /noticias                                    587 B           121 kB
2025-11-22T16:39:15.1377561Z ├ ƒ /noticias/[slug]                             616 B           128 kB
2025-11-22T16:39:15.1378379Z ├ ƒ /perfil                                      26.9 kB         170 kB
2025-11-22T16:39:15.1379179Z ├ ƒ /perfis/[id]                                 1.73 kB         117 kB
2025-11-22T16:39:15.1379969Z ├ ƒ /player/[id]                                 9.1 kB          127 kB
2025-11-22T16:39:15.1380785Z ├ ƒ /privacidade                                 188 B          96.2 kB
2025-11-22T16:39:15.1381828Z ├ ƒ /registrar-escolha-perfil                    188 B          96.2 kB
2025-11-22T16:39:15.1382625Z ├ ƒ /sobre                                       188 B          96.2 kB
2025-11-22T16:39:15.1383420Z ├ ƒ /torcida                                     155 B          87.5 kB
2025-11-22T16:39:15.1384207Z └ ƒ /upload                                      9.94 kB         113 kB
2025-11-22T16:39:15.1384897Z + First Load JS shared by all                    87.3 kB
2025-11-22T16:39:15.1385636Z   ├ chunks/2117-14ae4ae7e705def5.js              31.7 kB
2025-11-22T16:39:15.1386343Z   ├ chunks/fd9d1056-34631afcb5c7f147.js          53.6 kB
2025-11-22T16:39:15.1387035Z   └ other shared chunks (total)                  1.97 kB
2025-11-22T16:39:15.1387400Z 
2025-11-22T16:39:15.1387416Z 
2025-11-22T16:39:15.1387801Z ƒ Middleware                                     48.3 kB
2025-11-22T16:39:15.1388132Z 
2025-11-22T16:39:15.1388438Z ○  (Static)   prerendered as static content
2025-11-22T16:39:15.1389026Z ƒ  (Dynamic)  server-rendered on demand
2025-11-22T16:39:15.1389311Z 
2025-11-22T16:39:15.1699320Z 
2025-11-22T16:39:15.1699904Z > vitrine-de-craques-web-site@0.1.0 postbuild
2025-11-22T16:39:15.1701940Z > node scripts/copy-prisma-artifacts.js
2025-11-22T16:39:15.1703436Z 
2025-11-22T16:39:15.2924247Z [copy-prisma-artifacts] Copied Prisma artifacts to /home/runner/work/vitrine-de-craques-web-site/vitrine-de-craques-web-site/.next/standalone/node_modules/.prisma/client
2025-11-22T16:39:15.3672887Z [copy-prisma-artifacts] Copied Prisma artifacts to /home/runner/work/vitrine-de-craques-web-site/vitrine-de-craques-web-site/.next/server/.prisma/client
2025-11-22T16:39:15.7527054Z [copy-prisma-artifacts] Copied Prisma artifacts to /home/runner/work/vitrine-de-craques-web-site/vitrine-de-craques-web-site/.next/server/chunks/.prisma/client
2025-11-22T16:39:16.2474433Z [copy-prisma-artifacts] Copied Prisma artifacts to /home/runner/work/vitrine-de-craques-web-site/vitrine-de-craques-web-site/.next/standalone/node_modules/@prisma/client
2025-11-22T16:39:16.6296518Z [copy-prisma-artifacts] Copied Prisma artifacts to /home/runner/work/vitrine-de-craques-web-site/vitrine-de-craques-web-site/.next/server/@prisma/client
2025-11-22T16:39:16.9300863Z [copy-prisma-artifacts] Copied Prisma artifacts to /home/runner/work/vitrine-de-craques-web-site/vitrine-de-craques-web-site/.next/server/chunks/@prisma/client
2025-11-22T16:39:16.9429215Z ##[group]Run rm -rf deploy
2025-11-22T16:39:16.9429543Z [36;1mrm -rf deploy[0m
2025-11-22T16:39:16.9429768Z [36;1mmkdir -p deploy[0m
2025-11-22T16:39:16.9430020Z [36;1mcp -R .next/standalone/. deploy/[0m
2025-11-22T16:39:16.9430311Z [36;1mmkdir -p deploy/.next/static[0m
2025-11-22T16:39:16.9430630Z [36;1mcp -R .next/static/. deploy/.next/static[0m
2025-11-22T16:39:16.9430961Z [36;1mcp package.json deploy/package.json[0m
2025-11-22T16:39:16.9432360Z [36;1mcp next.config.mjs deploy/next.config.mjs[0m
2025-11-22T16:39:16.9432791Z [36;1mcp -R prisma deploy/prisma[0m
2025-11-22T16:39:16.9433063Z [36;1mif [ -d public ]; then[0m
2025-11-22T16:39:16.9433336Z [36;1m  cp -R public deploy/public[0m
2025-11-22T16:39:16.9433595Z [36;1mfi[0m
2025-11-22T16:39:16.9433829Z [36;1mnpm prune --omit=dev --prefix deploy[0m
2025-11-22T16:39:16.9434186Z [36;1m./scripts/prune-deploy-artifact.sh deploy[0m
2025-11-22T16:39:16.9467261Z shell: /usr/bin/bash -e {0}
2025-11-22T16:39:16.9467536Z env:
2025-11-22T16:39:16.9468325Z   DATABASE_URL: ***
2025-11-22T16:39:16.9468674Z   NEXTAUTH_URL: ***
2025-11-22T16:39:16.9468970Z   NEXTAUTH_SECRET: ***
2025-11-22T16:39:16.9469185Z   AUTH_TRUST_HOST: true
2025-11-22T16:39:16.9469388Z ##[endgroup]
2025-11-22T16:39:26.3115036Z npm warn deprecated fluent-ffmpeg@2.1.3: Package no longer supported. Contact Support at https://www.npmjs.com/support for more info.
2025-11-22T16:39:31.3328849Z 
2025-11-22T16:39:31.3330846Z added 341 packages, changed 4 packages, and audited 465 packages in 13s
2025-11-22T16:39:31.3332239Z 
2025-11-22T16:39:31.3332861Z 56 packages are looking for funding
2025-11-22T16:39:31.3337726Z   run `npm fund` for details
2025-11-22T16:39:31.3495106Z 
2025-11-22T16:39:31.3497472Z 4 vulnerabilities (2 low, 1 moderate, 1 high)
2025-11-22T16:39:31.3497914Z 
2025-11-22T16:39:31.3498811Z To address all issues, run:
2025-11-22T16:39:31.3499383Z   npm audit fix
2025-11-22T16:39:31.3499694Z 
2025-11-22T16:39:31.3500047Z Run `npm audit` for details.
2025-11-22T16:39:31.4248065Z Pruning unused Prisma runtime binaries...
2025-11-22T16:39:31.4277486Z deploy/node_modules/@prisma/client/runtime/query_engine_bg.cockroachdb.js
2025-11-22T16:39:31.4278758Z deploy/node_modules/@prisma/client/runtime/query_engine_bg.cockroachdb.mjs
2025-11-22T16:39:31.4282174Z deploy/node_modules/@prisma/client/runtime/query_engine_bg.cockroachdb.wasm-base64.js
2025-11-22T16:39:31.4283419Z deploy/node_modules/@prisma/client/runtime/query_engine_bg.cockroachdb.wasm-base64.mjs
2025-11-22T16:39:31.4305978Z deploy/node_modules/@prisma/client/runtime/query_engine_bg.mysql.wasm-base64.mjs
2025-11-22T16:39:31.4308413Z deploy/node_modules/@prisma/client/runtime/query_engine_bg.mysql.mjs
2025-11-22T16:39:31.4309364Z deploy/node_modules/@prisma/client/runtime/query_engine_bg.mysql.js
2025-11-22T16:39:31.4310371Z deploy/node_modules/@prisma/client/runtime/query_engine_bg.mysql.wasm-base64.js
2025-11-22T16:39:31.4332398Z deploy/node_modules/@prisma/client/runtime/query_engine_bg.sqlite.wasm-base64.js
2025-11-22T16:39:31.4333816Z deploy/node_modules/@prisma/client/runtime/query_engine_bg.sqlite.mjs
2025-11-22T16:39:31.4336626Z deploy/node_modules/@prisma/client/runtime/query_engine_bg.sqlite.js
2025-11-22T16:39:31.4337672Z deploy/node_modules/@prisma/client/runtime/query_engine_bg.sqlite.wasm-base64.mjs
2025-11-22T16:39:31.4360021Z deploy/node_modules/@prisma/client/runtime/query_engine_bg.sqlserver.wasm-base64.js
2025-11-22T16:39:31.4363122Z deploy/node_modules/@prisma/client/runtime/query_engine_bg.sqlserver.wasm-base64.mjs
2025-11-22T16:39:31.4364202Z deploy/node_modules/@prisma/client/runtime/query_engine_bg.sqlserver.mjs
2025-11-22T16:39:31.4365214Z deploy/node_modules/@prisma/client/runtime/query_engine_bg.sqlserver.js
2025-11-22T16:39:31.4386259Z deploy/node_modules/@prisma/client/runtime/query_compiler_bg.cockroachdb.js
2025-11-22T16:39:31.4387850Z deploy/node_modules/@prisma/client/runtime/query_compiler_bg.cockroachdb.mjs
2025-11-22T16:39:31.4393590Z deploy/node_modules/@prisma/client/runtime/query_compiler_bg.cockroachdb.wasm-base64.mjs
2025-11-22T16:39:31.4394953Z deploy/node_modules/@prisma/client/runtime/query_compiler_bg.cockroachdb.wasm-base64.js
2025-11-22T16:39:31.4413241Z deploy/node_modules/@prisma/client/runtime/query_compiler_bg.mysql.js
2025-11-22T16:39:31.4418534Z deploy/node_modules/@prisma/client/runtime/query_compiler_bg.mysql.wasm-base64.mjs
2025-11-22T16:39:31.4419744Z deploy/node_modules/@prisma/client/runtime/query_compiler_bg.mysql.mjs
2025-11-22T16:39:31.4420832Z deploy/node_modules/@prisma/client/runtime/query_compiler_bg.mysql.wasm-base64.js
2025-11-22T16:39:31.4438438Z deploy/node_modules/@prisma/client/runtime/query_compiler_bg.sqlite.mjs
2025-11-22T16:39:31.4442592Z deploy/node_modules/@prisma/client/runtime/query_compiler_bg.sqlite.js
2025-11-22T16:39:31.4443706Z deploy/node_modules/@prisma/client/runtime/query_compiler_bg.sqlite.wasm-base64.mjs
2025-11-22T16:39:31.4444993Z deploy/node_modules/@prisma/client/runtime/query_compiler_bg.sqlite.wasm-base64.js
2025-11-22T16:39:31.4464894Z deploy/node_modules/@prisma/client/runtime/query_compiler_bg.sqlserver.wasm-base64.mjs
2025-11-22T16:39:31.4470648Z deploy/node_modules/@prisma/client/runtime/query_compiler_bg.sqlserver.wasm-base64.js
2025-11-22T16:39:31.4472143Z deploy/node_modules/@prisma/client/runtime/query_compiler_bg.sqlserver.mjs
2025-11-22T16:39:31.4473214Z deploy/node_modules/@prisma/client/runtime/query_compiler_bg.sqlserver.js
2025-11-22T16:39:31.4474140Z Removing Prisma schema engines not required at runtime...
2025-11-22T16:39:31.4527685Z deploy/node_modules/@prisma/engines/schema-engine-debian-openssl-3.0.x
2025-11-22T16:39:31.4532340Z Removing unused Prisma client engines...
2025-11-22T16:39:31.4614358Z deploy/node_modules/.prisma/client/libquery_engine-darwin-arm64.dylib.node
2025-11-22T16:39:31.4618379Z deploy/node_modules/.prisma/client/libquery_engine-darwin.dylib.node
2025-11-22T16:39:31.4619163Z Cleaning up optional sharp binaries...
2025-11-22T16:39:31.4661440Z Deleting dependency source maps...
2025-11-22T16:39:31.8520247Z Pruning finished.
2025-11-22T16:39:31.8564528Z ##[group]Run node -v
2025-11-22T16:39:31.8564991Z [36;1mnode -v[0m
2025-11-22T16:39:31.8565345Z [36;1mnpx prisma -v[0m
2025-11-22T16:39:31.8637966Z shell: /usr/bin/bash -e {0}
2025-11-22T16:39:31.8638221Z env:
2025-11-22T16:39:31.8639492Z   DATABASE_URL: ***
2025-11-22T16:39:31.8639970Z   NEXTAUTH_URL: ***
2025-11-22T16:39:31.8640305Z   NEXTAUTH_SECRET: ***
2025-11-22T16:39:31.8640523Z   AUTH_TRUST_HOST: true
2025-11-22T16:39:31.8640733Z ##[endgroup]
2025-11-22T16:39:31.8742556Z v20.19.5
2025-11-22T16:39:33.8508218Z Prisma schema loaded from prisma/schema.prisma
2025-11-22T16:39:33.8546121Z prisma                  : 6.16.2
2025-11-22T16:39:33.8546818Z @prisma/client          : 6.16.2
2025-11-22T16:39:33.8547405Z Computed binaryTarget   : debian-openssl-3.0.x
2025-11-22T16:39:33.8547984Z Operating System        : linux
2025-11-22T16:39:33.8548427Z Architecture            : x64
2025-11-22T16:39:33.8548888Z Node.js                 : v20.19.5
2025-11-22T16:39:33.8549433Z TypeScript              : 5.9.2
2025-11-22T16:39:33.8550868Z Query Engine (Node-API) : libquery-engine 1c57fdcd7e44b29b9313256c76699e91c3ac3c43 (at node_modules/@prisma/engines/libquery_engine-debian-openssl-3.0.x.so.node)
2025-11-22T16:39:33.8552771Z PSL                     : @prisma/prisma-schema-wasm 6.16.0-7.1c57fdcd7e44b29b9313256c76699e91c3ac3c43
2025-11-22T16:39:33.8554817Z Schema Engine           : schema-engine-cli 1c57fdcd7e44b29b9313256c76699e91c3ac3c43 (at node_modules/@prisma/engines/schema-engine-debian-openssl-3.0.x)
2025-11-22T16:39:33.8556451Z Default Engines Hash    : 1c57fdcd7e44b29b9313256c76699e91c3ac3c43
2025-11-22T16:39:33.8557190Z Studio                  : 0.511.0
2025-11-22T16:39:33.8882676Z ##[group]Run Azure/static-web-apps-deploy@v1
2025-11-22T16:39:33.8882995Z with:
2025-11-22T16:39:33.8883654Z   azure_static_web_apps_api_token: ***
2025-11-22T16:39:33.8884038Z   repo_token: ***
2025-11-22T16:39:33.8884242Z   action: upload
2025-11-22T16:39:33.8884443Z   app_location: deploy
2025-11-22T16:39:33.8884657Z   skip_app_build: true
2025-11-22T16:39:33.8884861Z   skip_api_build: true
2025-11-22T16:39:33.8885065Z   is_static_export: false
2025-11-22T16:39:33.8885278Z env:
2025-11-22T16:39:33.8885940Z   DATABASE_URL: ***
2025-11-22T16:39:33.8886245Z   NEXTAUTH_URL: ***
2025-11-22T16:39:33.8886554Z   NEXTAUTH_SECRET: ***
2025-11-22T16:39:33.8886759Z   AUTH_TRUST_HOST: true
2025-11-22T16:39:33.8886960Z ##[endgroup]
2025-11-22T16:39:33.8980723Z ##[command]/usr/bin/docker run --name dd3b0c754a1c741cbc48c99fc5170f482fde02_35db78 --label dd3b0c --workdir /github/workspace --rm -e "DATABASE_URL" -e "NEXTAUTH_URL" -e "NEXTAUTH_SECRET" -e "AUTH_TRUST_HOST" -e "INPUT_AZURE_STATIC_WEB_APPS_API_TOKEN" -e "INPUT_REPO_TOKEN" -e "INPUT_ACTION" -e "INPUT_APP_LOCATION" -e "INPUT_API_LOCATION" -e "INPUT_SKIP_APP_BUILD" -e "INPUT_SKIP_API_BUILD" -e "INPUT_OUTPUT_LOCATION" -e "INPUT_IS_STATIC_EXPORT" -e "INPUT_API_BUILD_COMMAND" -e "INPUT_APP_ARTIFACT_LOCATION" -e "INPUT_APP_BUILD_COMMAND" -e "INPUT_ROUTES_LOCATION" -e "INPUT_CONFIG_FILE_LOCATION" -e "INPUT_PRODUCTION_BRANCH" -e "INPUT_DEPLOYMENT_ENVIRONMENT" -e "INPUT_DATA_API_LOCATION" -e "INPUT_GITHUB_ID_TOKEN" -e "HOME" -e "GITHUB_JOB" -e "GITHUB_REF" -e "GITHUB_SHA" -e "GITHUB_REPOSITORY" -e "GITHUB_REPOSITORY_OWNER" -e "GITHUB_REPOSITORY_OWNER_ID" -e "GITHUB_RUN_ID" -e "GITHUB_RUN_NUMBER" -e "GITHUB_RETENTION_DAYS" -e "GITHUB_RUN_ATTEMPT" -e "GITHUB_ACTOR_ID" -e "GITHUB_ACTOR" -e "GITHUB_WORKFLOW" -e "GITHUB_HEAD_REF" -e "GITHUB_BASE_REF" -e "GITHUB_EVENT_NAME" -e "GITHUB_SERVER_URL" -e "GITHUB_API_URL" -e "GITHUB_GRAPHQL_URL" -e "GITHUB_REF_NAME" -e "GITHUB_REF_PROTECTED" -e "GITHUB_REF_TYPE" -e "GITHUB_WORKFLOW_REF" -e "GITHUB_WORKFLOW_SHA" -e "GITHUB_REPOSITORY_ID" -e "GITHUB_TRIGGERING_ACTOR" -e "GITHUB_WORKSPACE" -e "GITHUB_ACTION" -e "GITHUB_EVENT_PATH" -e "GITHUB_ACTION_REPOSITORY" -e "GITHUB_ACTION_REF" -e "GITHUB_PATH" -e "GITHUB_ENV" -e "GITHUB_STEP_SUMMARY" -e "GITHUB_STATE" -e "GITHUB_OUTPUT" -e "RUNNER_OS" -e "RUNNER_ARCH" -e "RUNNER_NAME" -e "RUNNER_ENVIRONMENT" -e "RUNNER_TOOL_CACHE" -e "RUNNER_TEMP" -e "RUNNER_WORKSPACE" -e "ACTIONS_RUNTIME_URL" -e "ACTIONS_RUNTIME_TOKEN" -e "ACTIONS_CACHE_URL" -e "ACTIONS_RESULTS_URL" -e GITHUB_ACTIONS=true -e CI=true -v "/var/run/docker.sock":"/var/run/docker.sock" -v "/home/runner/work/_temp/_github_home":"/github/home" -v "/home/runner/work/_temp/_github_workflow":"/github/workflow" -v "/home/runner/work/_temp/_runner_file_commands":"/github/file_commands" -v "/home/runner/work/vitrine-de-craques-web-site/vitrine-de-craques-web-site":"/github/workspace" dd3b0c:754a1c741cbc48c99fc5170f482fde02
2025-11-22T16:39:35.4965492Z DeploymentId: 893d8599-db9c-40dd-a7e9-cd95ee7be1fa
2025-11-22T16:39:35.4967538Z 
2025-11-22T16:39:35.6085419Z [37mTry to validate location at: '/github/workspace/deploy'.[0m
2025-11-22T16:39:35.6103324Z [37mApp Directory Location: 'deploy' was found.[0m
2025-11-22T16:39:35.6104465Z [37mTry to validate location at: '/github/workspace/swa-db-connections'.[0m
2025-11-22T16:39:35.6105283Z [37mLooking for event info[0m
2025-11-22T16:39:36.0836498Z [37mSkipping step to build /github/workspace/deploy with Oryx[0m
2025-11-22T16:39:36.1443323Z [37mDetected the following framework: Next.js[0m
2025-11-22T16:39:36.1444309Z [37mTry to validate location at: '/github/workspace/deploy/.next'.[0m
2025-11-22T16:39:36.3178023Z [33m[WARNING] Nodejs runtime version info is not provided for the Next.js app. Defaulting to version: 18. To change it, please use the apiRuntime property to set the custom node version as detailed at https://aka.ms/swa-nextjs-apiruntime. Supported Nodejs versions are 18, 20.[0m
2025-11-22T16:39:36.3190838Z [37mPlease note: For Next.js applications if skip_api_build=true, Static Web Apps will not remove dev dependencies or add the sharp package by default. If you want these optimizations, kindly add them to your custom build steps before passing skip_app_build=true[0m
2025-11-22T16:39:36.3223042Z [37mRepackaged Next.js app to deploy on the backend.[0m
2025-11-22T16:39:36.3234536Z [37mSkipping step to build /github/workspace/deploy with Oryx[0m
2025-11-22T16:39:36.3241474Z [33mWeb App Runtime Information. OS: linux, node version: 18[0m
2025-11-22T16:39:39.7463225Z [37mZipping Api Artifacts[0m
2025-11-22T16:40:29.0141449Z [37mDone Zipping Api Artifacts[0m
2025-11-22T16:40:29.8004023Z [37mZipping App Artifacts[0m
2025-11-22T16:40:30.9066464Z [37mDone Zipping App Artifacts[0m
2025-11-22T16:40:30.9067719Z [37mUploading build artifacts.[0m
2025-11-22T16:40:34.6491412Z [32mFinished Upload. Polling on deployment.[0m
2025-11-22T16:40:34.8021885Z [37mStatus: InProgress. Time: 0.1508264(s)[0m
2025-11-22T16:40:49.9357183Z [37mStatus: Failed. Time: 15.2866055(s)[0m
2025-11-22T16:40:49.9364850Z [31mDeployment Failed :([0m
2025-11-22T16:40:49.9365894Z [31mDeployment Failure Reason: Failed to deploy the Azure Functions.[0m
2025-11-22T16:40:49.9617063Z [37m[0m
2025-11-22T16:40:49.9619782Z [33mFor further information, please visit the Azure Static Web Apps documentation at https://docs.microsoft.com/en-us/azure/static-web-apps/[0m
2025-11-22T16:40:49.9622028Z [33mIf you believe this behavior is unexpected, please raise a GitHub issue at https://github.com/azure/static-web-apps/issues/[0m
2025-11-22T16:40:49.9623006Z [33mExiting[0m
2025-11-22T16:40:50.3129790Z Post job cleanup.
2025-11-22T16:40:50.4130016Z [command]/usr/bin/git version
2025-11-22T16:40:50.4176366Z git version 2.51.2
2025-11-22T16:40:50.4223119Z Temporarily overriding HOME='/home/runner/work/_temp/aed01c8e-91ff-4bd3-824f-b09f12954ac7' before making global git config changes
2025-11-22T16:40:50.4224975Z Adding repository directory to the temporary git global config as a safe directory
2025-11-22T16:40:50.4230305Z [command]/usr/bin/git config --global --add safe.directory /home/runner/work/vitrine-de-craques-web-site/vitrine-de-craques-web-site
2025-11-22T16:40:50.4276516Z [command]/usr/bin/git config --local --name-only --get-regexp core\.sshCommand
2025-11-22T16:40:50.4314585Z [command]/usr/bin/git submodule foreach --recursive sh -c "git config --local --name-only --get-regexp 'core\.sshCommand' && git config --local --unset-all 'core.sshCommand' || :"
2025-11-22T16:40:50.4584369Z fatal: No url found for submodule path 'Vitrine-De-Craques-App-iOS/Vitrine-De-Craques-App-iOS' in .gitmodules
2025-11-22T16:40:50.4638303Z ##[warning]The process '/usr/bin/git' failed with exit code 128
2025-11-22T16:40:50.4726626Z Cleaning up orphan processes
